Neither WRF_EM_CORE nor WRF_PLUS_CORE
        are explicitly specified in shell environment.... 
copying Registry/Registry.EM to Registry/Registry
 
============================================================================================== 
 
V4.4
git commit 1fb1cad569c0297fa77713d70b657e18d5d0b828 29 files changed, 2693 insertions(+), 84 deletions(-)
 
Compiling: WRF_EM_CORE  
WRFIO_NCD_LARGE_FILE_SUPPORT=1
 
Linux ln002.brc 3.10.0-1160.31.1.el7.x86_64 #1 SMP Tue Jun 15 10:20:52 CDT 2021 x86_64 x86_64 x86_64 GNU/Linux
 
Intel(R) Fortran Intel(R) 64 Compiler for applications running on Intel(R) 64, Version 16.0.4.258 Build 20160811
Copyright (C) 1985-2016 Intel Corporation.  All rights reserved.

 
============================================================================================== 
 
setting parallel make -j 2
 
============================================================================================== 
 
The following indicate the compilers selected to build the WRF system
 
Serial Fortran compiler (mostly for tool generation):
which SFC
/global/software/sl-7.x86_64/modules/langs/intel/2016.4.072/bin/ifort
 
Serial C compiler (mostly for tool generation):
which SCC
/global/software/sl-7.x86_64/modules/langs/intel/2016.4.072/bin/icc
 
Fortran compiler for the model source code:
which FC
/global/software/sl-7.x86_64/modules/intel/2016.4.072/openmpi/2.0.2-intel/bin/mpif90
Will use 'time' to report timing information
 
C compiler for the model source code:
which CC
/global/software/sl-7.x86_64/modules/intel/2016.4.072/openmpi/2.0.2-intel/bin/mpicc
 
============================================================================================== 
 
make -i -r MODULE_DIRS="-I../dyn_em  -I/global/scratch/users/adamwise/compiling/WRFv4.4-DRM_real_GAD_slices_CPM/external/esmf_time_f90  -I/global/scratch/users/adamwise/compiling/WRFv4.4-DRM_real_GAD_slices_CPM/main -I/global/scratch/users/adamwise/compiling/WRFv4.4-DRM_real_GAD_slices_CPM/external/io_netcdf -I/global/scratch/users/adamwise/compiling/WRFv4.4-DRM_real_GAD_slices_CPM/external/io_int -I/global/scratch/users/adamwise/compiling/WRFv4.4-DRM_real_GAD_slices_CPM/frame -I/global/scratch/users/adamwise/compiling/WRFv4.4-DRM_real_GAD_slices_CPM/share -I/global/scratch/users/adamwise/compiling/WRFv4.4-DRM_real_GAD_slices_CPM/phys -I/global/scratch/users/adamwise/compiling/WRFv4.4-DRM_real_GAD_slices_CPM/wrftladj -I/global/scratch/users/adamwise/compiling/WRFv4.4-DRM_real_GAD_slices_CPM/chem -I/global/scratch/users/adamwise/compiling/WRFv4.4-DRM_real_GAD_slices_CPM/inc -I/global/software/sl-7.x86_64/modules/intel/2016.4.072/netcdf/4.4.1.1-intel-s/include " ext
make[1]: Entering directory `/global/scratch/users/adamwise/compiling/WRFv4.4-DRM_real_GAD_slices_CPM'
--------------------------------------
if [ 0 -eq 0 ] ; then \
  ( cd frame ; make -i -r externals ) ; \
else \
  ( cd frame ; make -i -r PLUSFLAG="-DWRFPLUS=1" externals ) ; \
fi
make[2]: Entering directory `/global/scratch/users/adamwise/compiling/WRFv4.4-DRM_real_GAD_slices_CPM/frame'
( cd /global/scratch/users/adamwise/compiling/WRFv4.4-DRM_real_GAD_slices_CPM/external/esmf_time_f90 ; \
          make -j 2 FC="ifort -real-size `expr 8 \* 4` -i4  -ip -fp-model precise -w -ftz -align all -fno-alias -FR -convert big_endian  " RANLIB="ranlib" \
          CPP="/lib/cpp -P -nostdinc -I/global/scratch/users/adamwise/compiling/WRFv4.4-DRM_real_GAD_slices_CPM/inc -I. -DEM_CORE=1 -DNMM_CORE=0 -DNMM_MAX_DIM=2600 -DDA_CORE=0 -DWRFPLUS=0 -DIWORDSIZE=4 -DDWORDSIZE=8 -DRWORDSIZE=4 -DLWORDSIZE=4 -DNONSTANDARD_SYSTEM_FUNC  -DWRF_USE_CLM -DUSE_NETCDF4_FEATURES -DWRFIO_NCD_LARGE_FILE_SUPPORT  -DDM_PARALLEL -DNETCDF -DLANDREAD_STUB=1 -DUSE_ALLOCATABLES -Dwrfmodel -DGRIB1 -DINTIO -DKEEP_INT_AROUND -DLIMIT_ARGS -DBUILD_RRTMG_FAST=0 -DBUILD_RRTMK=0 -DBUILD_SBM_FAST=1 -DSHOW_ALL_VARS_USED=0 -DCONFIG_BUF_LEN=65536 -DMAX_DOMAINS_F=21 -DMAX_HISTORY=25 -DNMM_NEST=0 -traditional-cpp -DUSE_NETCDF4_FEATURES -DWRFIO_NCD_LARGE_FILE_SUPPORT" AR="ar" ARFLAGS="ru" )
make[3]: Entering directory `/global/scratch/users/adamwise/compiling/WRFv4.4-DRM_real_GAD_slices_CPM/external/esmf_time_f90'
/bin/rm -f ESMF_Base.o
sed -e "/\!.*'/s/'//g" ESMF_Base.F90 > ESMF_Base.b
/bin/rm -f ESMF_Fraction.o
sed -e "/\!.*'/s/'//g" ESMF_Fraction.F90 > ESMF_Fraction.b
/lib/cpp -P -nostdinc -I/global/scratch/users/adamwise/compiling/WRFv4.4-DRM_real_GAD_slices_CPM/inc -I. -DEM_CORE=1 -DNMM_CORE=0 -DNMM_MAX_DIM=2600 -DDA_CORE=0 -DWRFPLUS=0 -DIWORDSIZE=4 -DDWORDSIZE=8 -DRWORDSIZE=4 -DLWORDSIZE=4 -DNONSTANDARD_SYSTEM_FUNC  -DWRF_USE_CLM -DUSE_NETCDF4_FEATURES -DWRFIO_NCD_LARGE_FILE_SUPPORT  -DDM_PARALLEL -DNETCDF -DLANDREAD_STUB=1 -DUSE_ALLOCATABLES -Dwrfmodel -DGRIB1 -DINTIO -DKEEP_INT_AROUND -DLIMIT_ARGS -DBUILD_RRTMG_FAST=0 -DBUILD_RRTMK=0 -DBUILD_SBM_FAST=1 -DSHOW_ALL_VARS_USED=0 -DCONFIG_BUF_LEN=65536 -DMAX_DOMAINS_F=21 -DMAX_HISTORY=25 -DNMM_NEST=0 -traditional-cpp -DUSE_NETCDF4_FEATURES -DWRFIO_NCD_LARGE_FILE_SUPPORT -I. ESMF_Base.b > ESMF_Base.f
/lib/cpp -P -nostdinc -I/global/scratch/users/adamwise/compiling/WRFv4.4-DRM_real_GAD_slices_CPM/inc -I. -DEM_CORE=1 -DNMM_CORE=0 -DNMM_MAX_DIM=2600 -DDA_CORE=0 -DWRFPLUS=0 -DIWORDSIZE=4 -DDWORDSIZE=8 -DRWORDSIZE=4 -DLWORDSIZE=4 -DNONSTANDARD_SYSTEM_FUNC  -DWRF_USE_CLM -DUSE_NETCDF4_FEATURES -DWRFIO_NCD_LARGE_FILE_SUPPORT  -DDM_PARALLEL -DNETCDF -DLANDREAD_STUB=1 -DUSE_ALLOCATABLES -Dwrfmodel -DGRIB1 -DINTIO -DKEEP_INT_AROUND -DLIMIT_ARGS -DBUILD_RRTMG_FAST=0 -DBUILD_RRTMK=0 -DBUILD_SBM_FAST=1 -DSHOW_ALL_VARS_USED=0 -DCONFIG_BUF_LEN=65536 -DMAX_DOMAINS_F=21 -DMAX_HISTORY=25 -DNMM_NEST=0 -traditional-cpp -DUSE_NETCDF4_FEATURES -DWRFIO_NCD_LARGE_FILE_SUPPORT -I. ESMF_Fraction.b > ESMF_Fraction.f
/bin/rm -f ESMF_Fraction.b
/bin/rm -f ESMF_Base.b
ifort -real-size 32 -i4  -ip -fp-model precise -w -ftz -align all -fno-alias -FR -convert big_endian   -o ESMF_Fraction.o -c ESMF_Fraction.f
ifort -real-size 32 -i4  -ip -fp-model precise -w -ftz -align all -fno-alias -FR -convert big_endian   -o ESMF_Base.o -c ESMF_Base.f
/bin/rm -f ESMF_BaseTime.o
sed -e "/\!.*'/s/'//g" ESMF_BaseTime.F90 > ESMF_BaseTime.b
/lib/cpp -P -nostdinc -I/global/scratch/users/adamwise/compiling/WRFv4.4-DRM_real_GAD_slices_CPM/inc -I. -DEM_CORE=1 -DNMM_CORE=0 -DNMM_MAX_DIM=2600 -DDA_CORE=0 -DWRFPLUS=0 -DIWORDSIZE=4 -DDWORDSIZE=8 -DRWORDSIZE=4 -DLWORDSIZE=4 -DNONSTANDARD_SYSTEM_FUNC  -DWRF_USE_CLM -DUSE_NETCDF4_FEATURES -DWRFIO_NCD_LARGE_FILE_SUPPORT  -DDM_PARALLEL -DNETCDF -DLANDREAD_STUB=1 -DUSE_ALLOCATABLES -Dwrfmodel -DGRIB1 -DINTIO -DKEEP_INT_AROUND -DLIMIT_ARGS -DBUILD_RRTMG_FAST=0 -DBUILD_RRTMK=0 -DBUILD_SBM_FAST=1 -DSHOW_ALL_VARS_USED=0 -DCONFIG_BUF_LEN=65536 -DMAX_DOMAINS_F=21 -DMAX_HISTORY=25 -DNMM_NEST=0 -traditional-cpp -DUSE_NETCDF4_FEATURES -DWRFIO_NCD_LARGE_FILE_SUPPORT -I. ESMF_BaseTime.b > ESMF_BaseTime.f
/bin/rm -f ESMF_BaseTime.b
ifort -real-size 32 -i4  -ip -fp-model precise -w -ftz -align all -fno-alias -FR -convert big_endian   -o ESMF_BaseTime.o -c ESMF_BaseTime.f
/bin/rm -f ESMF_Calendar.o
sed -e "/\!.*'/s/'//g" ESMF_Calendar.F90 > ESMF_Calendar.b
/lib/cpp -P -nostdinc -I/global/scratch/users/adamwise/compiling/WRFv4.4-DRM_real_GAD_slices_CPM/inc -I. -DEM_CORE=1 -DNMM_CORE=0 -DNMM_MAX_DIM=2600 -DDA_CORE=0 -DWRFPLUS=0 -DIWORDSIZE=4 -DDWORDSIZE=8 -DRWORDSIZE=4 -DLWORDSIZE=4 -DNONSTANDARD_SYSTEM_FUNC  -DWRF_USE_CLM -DUSE_NETCDF4_FEATURES -DWRFIO_NCD_LARGE_FILE_SUPPORT  -DDM_PARALLEL -DNETCDF -DLANDREAD_STUB=1 -DUSE_ALLOCATABLES -Dwrfmodel -DGRIB1 -DINTIO -DKEEP_INT_AROUND -DLIMIT_ARGS -DBUILD_RRTMG_FAST=0 -DBUILD_RRTMK=0 -DBUILD_SBM_FAST=1 -DSHOW_ALL_VARS_USED=0 -DCONFIG_BUF_LEN=65536 -DMAX_DOMAINS_F=21 -DMAX_HISTORY=25 -DNMM_NEST=0 -traditional-cpp -DUSE_NETCDF4_FEATURES -DWRFIO_NCD_LARGE_FILE_SUPPORT -I. ESMF_Calendar.b > ESMF_Calendar.f
/bin/rm -f ESMF_Calendar.b
ifort -real-size 32 -i4  -ip -fp-model precise -w -ftz -align all -fno-alias -FR -convert big_endian   -o ESMF_Calendar.o -c ESMF_Calendar.f
/bin/rm -f ESMF_TimeInterval.o
/bin/rm -f ESMF_Stubs.o
sed -e "/\!.*'/s/'//g" ESMF_TimeInterval.F90 > ESMF_TimeInterval.b
sed -e "/\!.*'/s/'//g" ESMF_Stubs.F90 > ESMF_Stubs.b
/lib/cpp -P -nostdinc -I/global/scratch/users/adamwise/compiling/WRFv4.4-DRM_real_GAD_slices_CPM/inc -I. -DEM_CORE=1 -DNMM_CORE=0 -DNMM_MAX_DIM=2600 -DDA_CORE=0 -DWRFPLUS=0 -DIWORDSIZE=4 -DDWORDSIZE=8 -DRWORDSIZE=4 -DLWORDSIZE=4 -DNONSTANDARD_SYSTEM_FUNC  -DWRF_USE_CLM -DUSE_NETCDF4_FEATURES -DWRFIO_NCD_LARGE_FILE_SUPPORT  -DDM_PARALLEL -DNETCDF -DLANDREAD_STUB=1 -DUSE_ALLOCATABLES -Dwrfmodel -DGRIB1 -DINTIO -DKEEP_INT_AROUND -DLIMIT_ARGS -DBUILD_RRTMG_FAST=0 -DBUILD_RRTMK=0 -DBUILD_SBM_FAST=1 -DSHOW_ALL_VARS_USED=0 -DCONFIG_BUF_LEN=65536 -DMAX_DOMAINS_F=21 -DMAX_HISTORY=25 -DNMM_NEST=0 -traditional-cpp -DUSE_NETCDF4_FEATURES -DWRFIO_NCD_LARGE_FILE_SUPPORT -I. ESMF_Stubs.b > ESMF_Stubs.f
/lib/cpp -P -nostdinc -I/global/scratch/users/adamwise/compiling/WRFv4.4-DRM_real_GAD_slices_CPM/inc -I. -DEM_CORE=1 -DNMM_CORE=0 -DNMM_MAX_DIM=2600 -DDA_CORE=0 -DWRFPLUS=0 -DIWORDSIZE=4 -DDWORDSIZE=8 -DRWORDSIZE=4 -DLWORDSIZE=4 -DNONSTANDARD_SYSTEM_FUNC  -DWRF_USE_CLM -DUSE_NETCDF4_FEATURES -DWRFIO_NCD_LARGE_FILE_SUPPORT  -DDM_PARALLEL -DNETCDF -DLANDREAD_STUB=1 -DUSE_ALLOCATABLES -Dwrfmodel -DGRIB1 -DINTIO -DKEEP_INT_AROUND -DLIMIT_ARGS -DBUILD_RRTMG_FAST=0 -DBUILD_RRTMK=0 -DBUILD_SBM_FAST=1 -DSHOW_ALL_VARS_USED=0 -DCONFIG_BUF_LEN=65536 -DMAX_DOMAINS_F=21 -DMAX_HISTORY=25 -DNMM_NEST=0 -traditional-cpp -DUSE_NETCDF4_FEATURES -DWRFIO_NCD_LARGE_FILE_SUPPORT -I. ESMF_TimeInterval.b > ESMF_TimeInterval.f
/bin/rm -f ESMF_Stubs.b
/bin/rm -f ESMF_TimeInterval.b
ifort -real-size 32 -i4  -ip -fp-model precise -w -ftz -align all -fno-alias -FR -convert big_endian   -o ESMF_Stubs.o -c ESMF_Stubs.f
ifort -real-size 32 -i4  -ip -fp-model precise -w -ftz -align all -fno-alias -FR -convert big_endian   -o ESMF_TimeInterval.o -c ESMF_TimeInterval.f
/bin/rm -f ESMF_Time.o
sed -e "/\!.*'/s/'//g" ESMF_Time.F90 > ESMF_Time.b
/lib/cpp -P -nostdinc -I/global/scratch/users/adamwise/compiling/WRFv4.4-DRM_real_GAD_slices_CPM/inc -I. -DEM_CORE=1 -DNMM_CORE=0 -DNMM_MAX_DIM=2600 -DDA_CORE=0 -DWRFPLUS=0 -DIWORDSIZE=4 -DDWORDSIZE=8 -DRWORDSIZE=4 -DLWORDSIZE=4 -DNONSTANDARD_SYSTEM_FUNC  -DWRF_USE_CLM -DUSE_NETCDF4_FEATURES -DWRFIO_NCD_LARGE_FILE_SUPPORT  -DDM_PARALLEL -DNETCDF -DLANDREAD_STUB=1 -DUSE_ALLOCATABLES -Dwrfmodel -DGRIB1 -DINTIO -DKEEP_INT_AROUND -DLIMIT_ARGS -DBUILD_RRTMG_FAST=0 -DBUILD_RRTMK=0 -DBUILD_SBM_FAST=1 -DSHOW_ALL_VARS_USED=0 -DCONFIG_BUF_LEN=65536 -DMAX_DOMAINS_F=21 -DMAX_HISTORY=25 -DNMM_NEST=0 -traditional-cpp -DUSE_NETCDF4_FEATURES -DWRFIO_NCD_LARGE_FILE_SUPPORT -I. ESMF_Time.b > ESMF_Time.f
/bin/rm -f ESMF_Time.b
ifort -real-size 32 -i4  -ip -fp-model precise -w -ftz -align all -fno-alias -FR -convert big_endian   -o ESMF_Time.o -c ESMF_Time.f
/bin/rm -f ESMF_Alarm.o
sed -e "/\!.*'/s/'//g" ESMF_Alarm.F90 > ESMF_Alarm.b
/lib/cpp -P -nostdinc -I/global/scratch/users/adamwise/compiling/WRFv4.4-DRM_real_GAD_slices_CPM/inc -I. -DEM_CORE=1 -DNMM_CORE=0 -DNMM_MAX_DIM=2600 -DDA_CORE=0 -DWRFPLUS=0 -DIWORDSIZE=4 -DDWORDSIZE=8 -DRWORDSIZE=4 -DLWORDSIZE=4 -DNONSTANDARD_SYSTEM_FUNC  -DWRF_USE_CLM -DUSE_NETCDF4_FEATURES -DWRFIO_NCD_LARGE_FILE_SUPPORT  -DDM_PARALLEL -DNETCDF -DLANDREAD_STUB=1 -DUSE_ALLOCATABLES -Dwrfmodel -DGRIB1 -DINTIO -DKEEP_INT_AROUND -DLIMIT_ARGS -DBUILD_RRTMG_FAST=0 -DBUILD_RRTMK=0 -DBUILD_SBM_FAST=1 -DSHOW_ALL_VARS_USED=0 -DCONFIG_BUF_LEN=65536 -DMAX_DOMAINS_F=21 -DMAX_HISTORY=25 -DNMM_NEST=0 -traditional-cpp -DUSE_NETCDF4_FEATURES -DWRFIO_NCD_LARGE_FILE_SUPPORT -I. ESMF_Alarm.b > ESMF_Alarm.f
/bin/rm -f ESMF_Alarm.b
ifort -real-size 32 -i4  -ip -fp-model precise -w -ftz -align all -fno-alias -FR -convert big_endian   -o ESMF_Alarm.o -c ESMF_Alarm.f
/bin/rm -f ESMF_Clock.o
sed -e "/\!.*'/s/'//g" ESMF_Clock.F90 > ESMF_Clock.b
/lib/cpp -P -nostdinc -I/global/scratch/users/adamwise/compiling/WRFv4.4-DRM_real_GAD_slices_CPM/inc -I. -DEM_CORE=1 -DNMM_CORE=0 -DNMM_MAX_DIM=2600 -DDA_CORE=0 -DWRFPLUS=0 -DIWORDSIZE=4 -DDWORDSIZE=8 -DRWORDSIZE=4 -DLWORDSIZE=4 -DNONSTANDARD_SYSTEM_FUNC  -DWRF_USE_CLM -DUSE_NETCDF4_FEATURES -DWRFIO_NCD_LARGE_FILE_SUPPORT  -DDM_PARALLEL -DNETCDF -DLANDREAD_STUB=1 -DUSE_ALLOCATABLES -Dwrfmodel -DGRIB1 -DINTIO -DKEEP_INT_AROUND -DLIMIT_ARGS -DBUILD_RRTMG_FAST=0 -DBUILD_RRTMK=0 -DBUILD_SBM_FAST=1 -DSHOW_ALL_VARS_USED=0 -DCONFIG_BUF_LEN=65536 -DMAX_DOMAINS_F=21 -DMAX_HISTORY=25 -DNMM_NEST=0 -traditional-cpp -DUSE_NETCDF4_FEATURES -DWRFIO_NCD_LARGE_FILE_SUPPORT -I. ESMF_Clock.b > ESMF_Clock.f
/bin/rm -f ESMF_Clock.b
ifort -real-size 32 -i4  -ip -fp-model precise -w -ftz -align all -fno-alias -FR -convert big_endian   -o ESMF_Clock.o -c ESMF_Clock.f
/bin/rm -f Meat.o
/bin/rm -f ESMF_AlarmClock.o
sed -e "/\!.*'/s/'//g" Meat.F90 > Meat.b
sed -e "/\!.*'/s/'//g" ESMF_AlarmClock.F90 > ESMF_AlarmClock.b
/lib/cpp -P -nostdinc -I/global/scratch/users/adamwise/compiling/WRFv4.4-DRM_real_GAD_slices_CPM/inc -I. -DEM_CORE=1 -DNMM_CORE=0 -DNMM_MAX_DIM=2600 -DDA_CORE=0 -DWRFPLUS=0 -DIWORDSIZE=4 -DDWORDSIZE=8 -DRWORDSIZE=4 -DLWORDSIZE=4 -DNONSTANDARD_SYSTEM_FUNC  -DWRF_USE_CLM -DUSE_NETCDF4_FEATURES -DWRFIO_NCD_LARGE_FILE_SUPPORT  -DDM_PARALLEL -DNETCDF -DLANDREAD_STUB=1 -DUSE_ALLOCATABLES -Dwrfmodel -DGRIB1 -DINTIO -DKEEP_INT_AROUND -DLIMIT_ARGS -DBUILD_RRTMG_FAST=0 -DBUILD_RRTMK=0 -DBUILD_SBM_FAST=1 -DSHOW_ALL_VARS_USED=0 -DCONFIG_BUF_LEN=65536 -DMAX_DOMAINS_F=21 -DMAX_HISTORY=25 -DNMM_NEST=0 -traditional-cpp -DUSE_NETCDF4_FEATURES -DWRFIO_NCD_LARGE_FILE_SUPPORT -I. ESMF_AlarmClock.b > ESMF_AlarmClock.f
/lib/cpp -P -nostdinc -I/global/scratch/users/adamwise/compiling/WRFv4.4-DRM_real_GAD_slices_CPM/inc -I. -DEM_CORE=1 -DNMM_CORE=0 -DNMM_MAX_DIM=2600 -DDA_CORE=0 -DWRFPLUS=0 -DIWORDSIZE=4 -DDWORDSIZE=8 -DRWORDSIZE=4 -DLWORDSIZE=4 -DNONSTANDARD_SYSTEM_FUNC  -DWRF_USE_CLM -DUSE_NETCDF4_FEATURES -DWRFIO_NCD_LARGE_FILE_SUPPORT  -DDM_PARALLEL -DNETCDF -DLANDREAD_STUB=1 -DUSE_ALLOCATABLES -Dwrfmodel -DGRIB1 -DINTIO -DKEEP_INT_AROUND -DLIMIT_ARGS -DBUILD_RRTMG_FAST=0 -DBUILD_RRTMK=0 -DBUILD_SBM_FAST=1 -DSHOW_ALL_VARS_USED=0 -DCONFIG_BUF_LEN=65536 -DMAX_DOMAINS_F=21 -DMAX_HISTORY=25 -DNMM_NEST=0 -traditional-cpp -DUSE_NETCDF4_FEATURES -DWRFIO_NCD_LARGE_FILE_SUPPORT -I. Meat.b > Meat.f
/bin/rm -f ESMF_AlarmClock.b
/bin/rm -f Meat.b
ifort -real-size 32 -i4  -ip -fp-model precise -w -ftz -align all -fno-alias -FR -convert big_endian   -o Meat.o -c Meat.f
ifort -real-size 32 -i4  -ip -fp-model precise -w -ftz -align all -fno-alias -FR -convert big_endian   -o ESMF_AlarmClock.o -c ESMF_AlarmClock.f
/bin/rm -f ESMF_Mod.o
sed -e "/\!.*'/s/'//g" ESMF_Mod.F90 > ESMF_Mod.b
/lib/cpp -P -nostdinc -I/global/scratch/users/adamwise/compiling/WRFv4.4-DRM_real_GAD_slices_CPM/inc -I. -DEM_CORE=1 -DNMM_CORE=0 -DNMM_MAX_DIM=2600 -DDA_CORE=0 -DWRFPLUS=0 -DIWORDSIZE=4 -DDWORDSIZE=8 -DRWORDSIZE=4 -DLWORDSIZE=4 -DNONSTANDARD_SYSTEM_FUNC  -DWRF_USE_CLM -DUSE_NETCDF4_FEATURES -DWRFIO_NCD_LARGE_FILE_SUPPORT  -DDM_PARALLEL -DNETCDF -DLANDREAD_STUB=1 -DUSE_ALLOCATABLES -Dwrfmodel -DGRIB1 -DINTIO -DKEEP_INT_AROUND -DLIMIT_ARGS -DBUILD_RRTMG_FAST=0 -DBUILD_RRTMK=0 -DBUILD_SBM_FAST=1 -DSHOW_ALL_VARS_USED=0 -DCONFIG_BUF_LEN=65536 -DMAX_DOMAINS_F=21 -DMAX_HISTORY=25 -DNMM_NEST=0 -traditional-cpp -DUSE_NETCDF4_FEATURES -DWRFIO_NCD_LARGE_FILE_SUPPORT -I. ESMF_Mod.b > ESMF_Mod.f
/bin/rm -f ESMF_Mod.b
ifort -real-size 32 -i4  -ip -fp-model precise -w -ftz -align all -fno-alias -FR -convert big_endian   -o ESMF_Mod.o -c ESMF_Mod.f
/bin/rm -f module_symbols_util.o
sed -e "/\!.*'/s/'//g" module_symbols_util.F90 > module_symbols_util.b
/lib/cpp -P -nostdinc -I/global/scratch/users/adamwise/compiling/WRFv4.4-DRM_real_GAD_slices_CPM/inc -I. -DEM_CORE=1 -DNMM_CORE=0 -DNMM_MAX_DIM=2600 -DDA_CORE=0 -DWRFPLUS=0 -DIWORDSIZE=4 -DDWORDSIZE=8 -DRWORDSIZE=4 -DLWORDSIZE=4 -DNONSTANDARD_SYSTEM_FUNC  -DWRF_USE_CLM -DUSE_NETCDF4_FEATURES -DWRFIO_NCD_LARGE_FILE_SUPPORT  -DDM_PARALLEL -DNETCDF -DLANDREAD_STUB=1 -DUSE_ALLOCATABLES -Dwrfmodel -DGRIB1 -DINTIO -DKEEP_INT_AROUND -DLIMIT_ARGS -DBUILD_RRTMG_FAST=0 -DBUILD_RRTMK=0 -DBUILD_SBM_FAST=1 -DSHOW_ALL_VARS_USED=0 -DCONFIG_BUF_LEN=65536 -DMAX_DOMAINS_F=21 -DMAX_HISTORY=25 -DNMM_NEST=0 -traditional-cpp -DUSE_NETCDF4_FEATURES -DWRFIO_NCD_LARGE_FILE_SUPPORT -I. module_symbols_util.b > module_symbols_util.f
/bin/rm -f module_symbols_util.b
ifort -real-size 32 -i4  -ip -fp-model precise -w -ftz -align all -fno-alias -FR -convert big_endian   -o module_symbols_util.o -c module_symbols_util.f
/bin/rm -f module_utility.o
sed -e "/\!.*'/s/'//g" module_utility.F90 > module_utility.b
/lib/cpp -P -nostdinc -I/global/scratch/users/adamwise/compiling/WRFv4.4-DRM_real_GAD_slices_CPM/inc -I. -DEM_CORE=1 -DNMM_CORE=0 -DNMM_MAX_DIM=2600 -DDA_CORE=0 -DWRFPLUS=0 -DIWORDSIZE=4 -DDWORDSIZE=8 -DRWORDSIZE=4 -DLWORDSIZE=4 -DNONSTANDARD_SYSTEM_FUNC  -DWRF_USE_CLM -DUSE_NETCDF4_FEATURES -DWRFIO_NCD_LARGE_FILE_SUPPORT  -DDM_PARALLEL -DNETCDF -DLANDREAD_STUB=1 -DUSE_ALLOCATABLES -Dwrfmodel -DGRIB1 -DINTIO -DKEEP_INT_AROUND -DLIMIT_ARGS -DBUILD_RRTMG_FAST=0 -DBUILD_RRTMK=0 -DBUILD_SBM_FAST=1 -DSHOW_ALL_VARS_USED=0 -DCONFIG_BUF_LEN=65536 -DMAX_DOMAINS_F=21 -DMAX_HISTORY=25 -DNMM_NEST=0 -traditional-cpp -DUSE_NETCDF4_FEATURES -DWRFIO_NCD_LARGE_FILE_SUPPORT -I. module_utility.b > module_utility.f
/bin/rm -f module_utility.b
ifort -real-size 32 -i4  -ip -fp-model precise -w -ftz -align all -fno-alias -FR -convert big_endian   -o module_utility.o -c module_utility.f
/bin/rm -f libesmf_time.a
if [ "ar" != "lib.exe" ] ; then \
          ar ru libesmf_time.a ESMF_Alarm.o ESMF_BaseTime.o ESMF_Clock.o ESMF_Time.o Meat.o ESMF_Base.o ESMF_Calendar.o ESMF_Fraction.o ESMF_TimeInterval.o ESMF_Stubs.o ESMF_Mod.o module_symbols_util.o module_utility.o ESMF_AlarmClock.o ; \
        else \
          ar /out:libesmf_time.a ESMF_Alarm.o ESMF_BaseTime.o ESMF_Clock.o ESMF_Time.o Meat.o ESMF_Base.o ESMF_Calendar.o ESMF_Fraction.o ESMF_TimeInterval.o ESMF_Stubs.o ESMF_Mod.o module_symbols_util.o module_utility.o ESMF_AlarmClock.o ; \
        fi
ar: creating libesmf_time.a
ranlib libesmf_time.a
make[3]: Leaving directory `/global/scratch/users/adamwise/compiling/WRFv4.4-DRM_real_GAD_slices_CPM/external/esmf_time_f90'
( cd /global/scratch/users/adamwise/compiling/WRFv4.4-DRM_real_GAD_slices_CPM/external/io_netcdf ; \
          make -j 2 NETCDFPATH="/global/software/sl-7.x86_64/modules/intel/2016.4.072/netcdf/4.4.1.1-intel-s" RANLIB="ranlib" CPP="/lib/cpp -P -nostdinc" \
          CC="icc" CFLAGS="-w -O3 -ip -DRPC_TYPES=1  -DDM_PARALLEL -DLANDREAD_STUB=1 -DMAX_HISTORY=25 -DNMM_CORE=0" \
          FC="ifort -real-size `expr 8 \* 4` -i4  -O3 -ip -fp-model precise -w -ftz -align all -fno-alias -FR -convert big_endian  " TRADFLAG="-traditional-cpp -DUSE_NETCDF4_FEATURES -DWRFIO_NCD_LARGE_FILE_SUPPORT" AR="ar" ARFLAGS="ru" )
make[3]: Entering directory `/global/scratch/users/adamwise/compiling/WRFv4.4-DRM_real_GAD_slices_CPM/external/io_netcdf'
grep nf_format_64bit /global/software/sl-7.x86_64/modules/intel/2016.4.072/netcdf/4.4.1.1-intel-s/include/netcdf.inc ;\
                        a=$? ; export a ; \
		if [ $a -a "$WRFIO_NCD_LARGE_FILE_SUPPORT" = "1" ] ; then \
                          /lib/cpp -P -nostdinc -P -traditional-cpp -DUSE_NETCDF4_FEATURES -DWRFIO_NCD_LARGE_FILE_SUPPORT -DWRFIO_NCD_LARGE_FILE_SUPPORT -I../ioapi_share wrf_io.F90 | m4 -Uinclude -Uindex -Ulen - > wrf_io.f ; \
                        else \
                          /lib/cpp -P -nostdinc -P -traditional-cpp -DUSE_NETCDF4_FEATURES -DWRFIO_NCD_LARGE_FILE_SUPPORT -I../ioapi_share wrf_io.F90 | m4 -Uinclude -Uindex -Ulen - > wrf_io.f ; \
                        fi
/lib/cpp -P -nostdinc -P -traditional-cpp -DUSE_NETCDF4_FEATURES -DWRFIO_NCD_LARGE_FILE_SUPPORT -I../ioapi_share module_wrfsi_static.F90 > module_wrfsi_static.f
      integer nf_format_64bit
      parameter (nf_format_64bit = 2)
ifort -real-size 32 -i4  -O3 -ip -fp-model precise -w -ftz -align all -fno-alias -FR -convert big_endian   -o module_wrfsi_static.o  -I/global/software/sl-7.x86_64/modules/intel/2016.4.072/netcdf/4.4.1.1-intel-s/include -I../ioapi_share -c module_wrfsi_static.f
ifort -real-size 32 -i4  -O3 -ip -fp-model precise -w -ftz -align all -fno-alias -FR -convert big_endian   -o wrf_io.o  -I/global/software/sl-7.x86_64/modules/intel/2016.4.072/netcdf/4.4.1.1-intel-s/include -I../ioapi_share -c wrf_io.f
/lib/cpp -P -nostdinc -P -traditional-cpp -DUSE_NETCDF4_FEATURES -DWRFIO_NCD_LARGE_FILE_SUPPORT -I../ioapi_share field_routines.F90 > field_routines.f
ifort -real-size 32 -i4  -O3 -ip -fp-model precise -w -ftz -align all -fno-alias -FR -convert big_endian   -o field_routines.o  -I/global/software/sl-7.x86_64/modules/intel/2016.4.072/netcdf/4.4.1.1-intel-s/include -I../ioapi_share -c field_routines.f
/bin/rm -f libwrfio_nf.a
if [ "ar" != "lib.exe" ] ; then \
                          ar cr libwrfio_nf.a wrf_io.o field_routines.o module_wrfsi_static.o ; \
                        else \
                          ar /out:libwrfio_nf.a wrf_io.o field_routines.o module_wrfsi_static.o ; \
                        fi
ranlib libwrfio_nf.a
make[3]: Leaving directory `/global/scratch/users/adamwise/compiling/WRFv4.4-DRM_real_GAD_slices_CPM/external/io_netcdf'
( cd /global/scratch/users/adamwise/compiling/WRFv4.4-DRM_real_GAD_slices_CPM/external/ioapi_share ; \
          make -i -r NATIVE_RWORDSIZE="4" RWORDSIZE="4" AR="ar" ARFLAGS="ru" )
make[3]: Entering directory `/global/scratch/users/adamwise/compiling/WRFv4.4-DRM_real_GAD_slices_CPM/external/ioapi_share'
( /bin/rm -f ../../inc/wrf_io_flags.h foo_io_flags.h; \
/bin/cp wrf_io_flags.h foo_io_flags.h; \
if [ 4 -ne 4 ] ; then \
  /bin/rm -f foo_io_flags.h; \
  sed -e 's/104/105/' wrf_io_flags.h > foo_io_flags.h ;\
fi ; \
/bin/mv foo_io_flags.h ../../inc/wrf_io_flags.h )
/bin/rm -f ../../inc/wrf_status_codes.h
/bin/cp wrf_status_codes.h ../../inc
make[3]: Leaving directory `/global/scratch/users/adamwise/compiling/WRFv4.4-DRM_real_GAD_slices_CPM/external/ioapi_share'
( cd /global/scratch/users/adamwise/compiling/WRFv4.4-DRM_real_GAD_slices_CPM/external/io_grib_share ; \
          make -j 2 CC="icc" CFLAGS="-w -O3 -ip -DRPC_TYPES=1  -DDM_PARALLEL -DLANDREAD_STUB=1 -DMAX_HISTORY=25 -DNMM_CORE=0" RM="rm -f" RANLIB="ranlib" CPP="/lib/cpp -P -nostdinc" \
          FC="ifort -real-size `expr 8 \* 4` -i4 -I.  -ip -fp-model precise -w -ftz -align all -fno-alias -FR -convert big_endian   " TRADFLAG="-traditional-cpp -DUSE_NETCDF4_FEATURES -DWRFIO_NCD_LARGE_FILE_SUPPORT" AR="ar" ARFLAGS="ru" archive) 
make[3]: Entering directory `/global/scratch/users/adamwise/compiling/WRFv4.4-DRM_real_GAD_slices_CPM/external/io_grib_share'
make[4]: Entering directory `/global/scratch/users/adamwise/compiling/WRFv4.4-DRM_real_GAD_slices_CPM/external/io_grib_share'
rm -f io_grib_share.o
icc  -I. -w -O3 -ip -DRPC_TYPES=1  -DDM_PARALLEL -DLANDREAD_STUB=1 -DMAX_HISTORY=25 -DNMM_CORE=0   -c get_region_center.c
/lib/cpp -P -nostdinc  -traditional-cpp -DUSE_NETCDF4_FEATURES -DWRFIO_NCD_LARGE_FILE_SUPPORT  -I. io_grib_share.F > io_grib_share.f90
ifort -real-size 32 -i4 -I.  -ip -fp-model precise -w -ftz -align all -fno-alias -FR -convert big_endian      -I.     -c io_grib_share.f90
icc  -I. -w -O3 -ip -DRPC_TYPES=1  -DDM_PARALLEL -DLANDREAD_STUB=1 -DMAX_HISTORY=25 -DNMM_CORE=0   -c gridnav.c
icc  -I. -w -O3 -ip -DRPC_TYPES=1  -DDM_PARALLEL -DLANDREAD_STUB=1 -DMAX_HISTORY=25 -DNMM_CORE=0   -c open_file.c
ar ru ./libio_grib_share.a io_grib_share.o get_region_center.o gridnav.o open_file.o
ar: creating ./libio_grib_share.a
ranlib ./libio_grib_share.a
make[4]: Leaving directory `/global/scratch/users/adamwise/compiling/WRFv4.4-DRM_real_GAD_slices_CPM/external/io_grib_share'
make[3]: Leaving directory `/global/scratch/users/adamwise/compiling/WRFv4.4-DRM_real_GAD_slices_CPM/external/io_grib_share'
( cd /global/scratch/users/adamwise/compiling/WRFv4.4-DRM_real_GAD_slices_CPM/external/io_grib1 ; \
          make -j 2 CC="icc" CFLAGS="-w -O3 -ip -DRPC_TYPES=1  -DDM_PARALLEL -DLANDREAD_STUB=1 -DMAX_HISTORY=25 -DNMM_CORE=0" RM="rm -f" RANLIB="ranlib" CPP="/lib/cpp -P -nostdinc" \
          FC="ifort -real-size `expr 8 \* 4` -i4 -I.  -ip -fp-model precise -w -ftz -align all -fno-alias -FR -convert big_endian   " TRADFLAG="-traditional-cpp -DUSE_NETCDF4_FEATURES -DWRFIO_NCD_LARGE_FILE_SUPPORT" AR="ar" ARFLAGS="ru" archive)
make[3]: Entering directory `/global/scratch/users/adamwise/compiling/WRFv4.4-DRM_real_GAD_slices_CPM/external/io_grib1'
        Doing make archive on library subdirectory MEL_grib1
make[4]: Entering directory `/global/scratch/users/adamwise/compiling/WRFv4.4-DRM_real_GAD_slices_CPM/external/io_grib1/MEL_grib1'
make[5]: Entering directory `/global/scratch/users/adamwise/compiling/WRFv4.4-DRM_real_GAD_slices_CPM/external/io_grib1/MEL_grib1'
icc  -I. -w -O3 -ip -DRPC_TYPES=1  -DDM_PARALLEL -DLANDREAD_STUB=1 -DMAX_HISTORY=25 -DNMM_CORE=0   -c FTP_getfile.c
icc  -I. -w -O3 -ip -DRPC_TYPES=1  -DDM_PARALLEL -DLANDREAD_STUB=1 -DMAX_HISTORY=25 -DNMM_CORE=0   -c apply_bitmap.c
icc  -I. -w -O3 -ip -DRPC_TYPES=1  -DDM_PARALLEL -DLANDREAD_STUB=1 -DMAX_HISTORY=25 -DNMM_CORE=0   -c display_gribhdr.c
icc  -I. -w -O3 -ip -DRPC_TYPES=1  -DDM_PARALLEL -DLANDREAD_STUB=1 -DMAX_HISTORY=25 -DNMM_CORE=0   -c gbyte.c
icc  -I. -w -O3 -ip -DRPC_TYPES=1  -DDM_PARALLEL -DLANDREAD_STUB=1 -DMAX_HISTORY=25 -DNMM_CORE=0   -c grib_dec.c
icc  -I. -w -O3 -ip -DRPC_TYPES=1  -DDM_PARALLEL -DLANDREAD_STUB=1 -DMAX_HISTORY=25 -DNMM_CORE=0   -c grib_enc.c
icc  -I. -w -O3 -ip -DRPC_TYPES=1  -DDM_PARALLEL -DLANDREAD_STUB=1 -DMAX_HISTORY=25 -DNMM_CORE=0   -c grib_seek.c
icc  -I. -w -O3 -ip -DRPC_TYPES=1  -DDM_PARALLEL -DLANDREAD_STUB=1 -DMAX_HISTORY=25 -DNMM_CORE=0   -c gribgetbds.c
icc  -I. -w -O3 -ip -DRPC_TYPES=1  -DDM_PARALLEL -DLANDREAD_STUB=1 -DMAX_HISTORY=25 -DNMM_CORE=0   -c gribgetbms.c
icc  -I. -w -O3 -ip -DRPC_TYPES=1  -DDM_PARALLEL -DLANDREAD_STUB=1 -DMAX_HISTORY=25 -DNMM_CORE=0   -c gribgetgds.c
icc  -I. -w -O3 -ip -DRPC_TYPES=1  -DDM_PARALLEL -DLANDREAD_STUB=1 -DMAX_HISTORY=25 -DNMM_CORE=0   -c gribgetpds.c
icc  -I. -w -O3 -ip -DRPC_TYPES=1  -DDM_PARALLEL -DLANDREAD_STUB=1 -DMAX_HISTORY=25 -DNMM_CORE=0   -c gribhdr2file.c
icc  -I. -w -O3 -ip -DRPC_TYPES=1  -DDM_PARALLEL -DLANDREAD_STUB=1 -DMAX_HISTORY=25 -DNMM_CORE=0   -c gribputbds.c
icc  -I. -w -O3 -ip -DRPC_TYPES=1  -DDM_PARALLEL -DLANDREAD_STUB=1 -DMAX_HISTORY=25 -DNMM_CORE=0   -c gribputgds.c
icc  -I. -w -O3 -ip -DRPC_TYPES=1  -DDM_PARALLEL -DLANDREAD_STUB=1 -DMAX_HISTORY=25 -DNMM_CORE=0   -c gribputpds.c
icc  -I. -w -O3 -ip -DRPC_TYPES=1  -DDM_PARALLEL -DLANDREAD_STUB=1 -DMAX_HISTORY=25 -DNMM_CORE=0   -c hdr_print.c
icc  -I. -w -O3 -ip -DRPC_TYPES=1  -DDM_PARALLEL -DLANDREAD_STUB=1 -DMAX_HISTORY=25 -DNMM_CORE=0   -c init_dec_struct.c
icc  -I. -w -O3 -ip -DRPC_TYPES=1  -DDM_PARALLEL -DLANDREAD_STUB=1 -DMAX_HISTORY=25 -DNMM_CORE=0   -c init_enc_struct.c
icc  -I. -w -O3 -ip -DRPC_TYPES=1  -DDM_PARALLEL -DLANDREAD_STUB=1 -DMAX_HISTORY=25 -DNMM_CORE=0   -c init_gribhdr.c
icc  -I. -w -O3 -ip -DRPC_TYPES=1  -DDM_PARALLEL -DLANDREAD_STUB=1 -DMAX_HISTORY=25 -DNMM_CORE=0   -c init_struct.c
icc  -I. -w -O3 -ip -DRPC_TYPES=1  -DDM_PARALLEL -DLANDREAD_STUB=1 -DMAX_HISTORY=25 -DNMM_CORE=0   -c ld_dec_lookup.c
icc  -I. -w -O3 -ip -DRPC_TYPES=1  -DDM_PARALLEL -DLANDREAD_STUB=1 -DMAX_HISTORY=25 -DNMM_CORE=0   -c ld_enc_input.c
icc  -I. -w -O3 -ip -DRPC_TYPES=1  -DDM_PARALLEL -DLANDREAD_STUB=1 -DMAX_HISTORY=25 -DNMM_CORE=0   -c ld_enc_lookup.c
icc  -I. -w -O3 -ip -DRPC_TYPES=1  -DDM_PARALLEL -DLANDREAD_STUB=1 -DMAX_HISTORY=25 -DNMM_CORE=0   -c ld_grib_origctrs.c
icc  -I. -w -O3 -ip -DRPC_TYPES=1  -DDM_PARALLEL -DLANDREAD_STUB=1 -DMAX_HISTORY=25 -DNMM_CORE=0   -c make_default_grbfn.c
icc  -I. -w -O3 -ip -DRPC_TYPES=1  -DDM_PARALLEL -DLANDREAD_STUB=1 -DMAX_HISTORY=25 -DNMM_CORE=0   -c make_grib_log.c
icc  -I. -w -O3 -ip -DRPC_TYPES=1  -DDM_PARALLEL -DLANDREAD_STUB=1 -DMAX_HISTORY=25 -DNMM_CORE=0   -c map_lvl.c
icc  -I. -w -O3 -ip -DRPC_TYPES=1  -DDM_PARALLEL -DLANDREAD_STUB=1 -DMAX_HISTORY=25 -DNMM_CORE=0   -c map_parm.c
icc  -I. -w -O3 -ip -DRPC_TYPES=1  -DDM_PARALLEL -DLANDREAD_STUB=1 -DMAX_HISTORY=25 -DNMM_CORE=0   -c pack_spatial.c
icc  -I. -w -O3 -ip -DRPC_TYPES=1  -DDM_PARALLEL -DLANDREAD_STUB=1 -DMAX_HISTORY=25 -DNMM_CORE=0   -c prt_inp_struct.c
icc  -I. -w -O3 -ip -DRPC_TYPES=1  -DDM_PARALLEL -DLANDREAD_STUB=1 -DMAX_HISTORY=25 -DNMM_CORE=0   -c upd_child_errmsg.c
icc  -I. -w -O3 -ip -DRPC_TYPES=1  -DDM_PARALLEL -DLANDREAD_STUB=1 -DMAX_HISTORY=25 -DNMM_CORE=0   -c prt_badmsg.c
icc  -I. -w -O3 -ip -DRPC_TYPES=1  -DDM_PARALLEL -DLANDREAD_STUB=1 -DMAX_HISTORY=25 -DNMM_CORE=0   -c swap.c
icc  -I. -w -O3 -ip -DRPC_TYPES=1  -DDM_PARALLEL -DLANDREAD_STUB=1 -DMAX_HISTORY=25 -DNMM_CORE=0   -c grib_uthin.c
icc  -I. -w -O3 -ip -DRPC_TYPES=1  -DDM_PARALLEL -DLANDREAD_STUB=1 -DMAX_HISTORY=25 -DNMM_CORE=0   -c set_bytes.c
ar ru ../libio_grib1.a FTP_getfile.o apply_bitmap.o display_gribhdr.o gbyte.o grib_dec.o grib_enc.o grib_seek.o gribgetbds.o gribgetbms.o gribgetgds.o gribgetpds.o gribhdr2file.o gribputbds.o gribputgds.o gribputpds.o hdr_print.o init_dec_struct.o init_enc_struct.o init_gribhdr.o init_struct.o ld_dec_lookup.o ld_enc_input.o ld_enc_lookup.o ld_grib_origctrs.o make_default_grbfn.o make_grib_log.o map_lvl.o map_parm.o pack_spatial.o prt_inp_struct.o upd_child_errmsg.o prt_badmsg.o swap.o grib_uthin.o set_bytes.o
ar: creating ../libio_grib1.a
ranlib ../libio_grib1.a
make[5]: Leaving directory `/global/scratch/users/adamwise/compiling/WRFv4.4-DRM_real_GAD_slices_CPM/external/io_grib1/MEL_grib1'
make[4]: Leaving directory `/global/scratch/users/adamwise/compiling/WRFv4.4-DRM_real_GAD_slices_CPM/external/io_grib1/MEL_grib1'
        Doing make archive on library subdirectory grib1_util
make[4]: Entering directory `/global/scratch/users/adamwise/compiling/WRFv4.4-DRM_real_GAD_slices_CPM/external/io_grib1/grib1_util'
make[5]: Entering directory `/global/scratch/users/adamwise/compiling/WRFv4.4-DRM_real_GAD_slices_CPM/external/io_grib1/grib1_util'
icc  -I. -I../MEL_grib1 -w -O3 -ip -DRPC_TYPES=1  -DDM_PARALLEL -DLANDREAD_STUB=1 -DMAX_HISTORY=25 -DNMM_CORE=0   -c alloc_2d.c
icc  -I. -I../MEL_grib1 -w -O3 -ip -DRPC_TYPES=1  -DDM_PARALLEL -DLANDREAD_STUB=1 -DMAX_HISTORY=25 -DNMM_CORE=0   -c read_grib.c
icc  -I. -I../MEL_grib1 -w -O3 -ip -DRPC_TYPES=1  -DDM_PARALLEL -DLANDREAD_STUB=1 -DMAX_HISTORY=25 -DNMM_CORE=0   -c write_grib.c
ar ru ../libio_grib1.a alloc_2d.o read_grib.o write_grib.o
ranlib ../libio_grib1.a
make[5]: Leaving directory `/global/scratch/users/adamwise/compiling/WRFv4.4-DRM_real_GAD_slices_CPM/external/io_grib1/grib1_util'
make[4]: Leaving directory `/global/scratch/users/adamwise/compiling/WRFv4.4-DRM_real_GAD_slices_CPM/external/io_grib1/grib1_util'
        Doing make archive on library subdirectory WGRIB
make[4]: Entering directory `/global/scratch/users/adamwise/compiling/WRFv4.4-DRM_real_GAD_slices_CPM/external/io_grib1/WGRIB'
icc -c -O wgrib_main.c
icc -c -O seekgrib.c
icc -c -O ibm2flt.c
icc -c -O readgrib.c
icc -c -O intpower.c
icc -c -O cnames.c
icc -c -O BDSunpk.c
icc -c -O flt2ieee.c
icc -c -O wrtieee.c
icc -c -O levels.c
icc -c -O PDStimes.c
icc -c -O missing.c
icc -c -O nceptable_reanal.c
icc -c -O nceptable_opn.c
icc -c -O ensemble.c
icc -c -O ombtable.c
icc -c -O ec_ext.c
icc -c -O gribtable.c
icc -c -O gds_grid.c
icc -c -O PDS_date.c
icc -c -O ectable_128.c
icc -c -O ectable_129.c
icc -c -O ectable_130.c
icc -c -O ectable_131.c
icc -c -O ectable_140.c
icc -c -O ectable_150.c
icc -c -O ectable_151.c
icc -c -O ectable_160.c
icc -c -O ectable_170.c
icc -c -O ectable_180.c
icc -c -O nceptab_129.c
icc -c -O dwdtable_002.c
icc -c -O dwdtable_201.c
icc -c -O dwdtable_202.c
icc -c -O dwdtable_203.c
icc -c -O cptectable_254.c
icc -c -O nceptab_130.c
icc -c -O nceptab_131.c
icc -o wgrib.exe wgrib_main.o seekgrib.o ibm2flt.o readgrib.o intpower.o cnames.o BDSunpk.o flt2ieee.o wrtieee.o levels.o PDStimes.o missing.o nceptable_reanal.o nceptable_opn.o ensemble.o ombtable.o ec_ext.o gribtable.o gds_grid.o PDS_date.o ectable_128.o ectable_129.o ectable_130.o ectable_131.o ectable_140.o ectable_150.o ectable_151.o ectable_160.o ectable_170.o ectable_180.o nceptab_129.o dwdtable_002.o dwdtable_201.o dwdtable_202.o dwdtable_203.o cptectable_254.o nceptab_130.o nceptab_131.o #-lm
( cd .. ; \rm -f wgrib.exe ; \ln -sf WGRIB/wgrib.exe wgrib.exe ; cd WGRIB )
make[4]: Leaving directory `/global/scratch/users/adamwise/compiling/WRFv4.4-DRM_real_GAD_slices_CPM/external/io_grib1/WGRIB'
make[4]: Entering directory `/global/scratch/users/adamwise/compiling/WRFv4.4-DRM_real_GAD_slices_CPM/external/io_grib1'
icc  -I. -I./MEL_grib1 -Igrib1_util -I../io_grib_share -I../ -w -O3 -ip -DRPC_TYPES=1  -DDM_PARALLEL -DLANDREAD_STUB=1 -DMAX_HISTORY=25 -DNMM_CORE=0   -c grib1_routines.c
icc  -I. -I./MEL_grib1 -Igrib1_util -I../io_grib_share -I../ -w -O3 -ip -DRPC_TYPES=1  -DDM_PARALLEL -DLANDREAD_STUB=1 -DMAX_HISTORY=25 -DNMM_CORE=0   -c gribmap.c
rm -f io_grib1.o
/lib/cpp -P -nostdinc  -traditional-cpp -DUSE_NETCDF4_FEATURES -DWRFIO_NCD_LARGE_FILE_SUPPORT  -I. -I./MEL_grib1 -Igrib1_util -I../io_grib_share -I../ io_grib1.F > io_grib1.f90
ifort -real-size 32 -i4 -I.  -ip -fp-model precise -w -ftz -align all -fno-alias -FR -convert big_endian      -I. -I./MEL_grib1 -Igrib1_util -I../io_grib_share -I../     -c io_grib1.f90
icc  -I. -I./MEL_grib1 -Igrib1_util -I../io_grib_share -I../ -w -O3 -ip -DRPC_TYPES=1  -DDM_PARALLEL -DLANDREAD_STUB=1 -DMAX_HISTORY=25 -DNMM_CORE=0   -c trim.c
ar ru ./libio_grib1.a grib1_routines.o gribmap.o io_grib1.o trim.o
ranlib ./libio_grib1.a
make[4]: Leaving directory `/global/scratch/users/adamwise/compiling/WRFv4.4-DRM_real_GAD_slices_CPM/external/io_grib1'
make[3]: Leaving directory `/global/scratch/users/adamwise/compiling/WRFv4.4-DRM_real_GAD_slices_CPM/external/io_grib1'
( cd /global/scratch/users/adamwise/compiling/WRFv4.4-DRM_real_GAD_slices_CPM/external/io_int ; \
          make -j 2 CC="mpicc -cc=icc -DFSEEKO64_OK " CFLAGS_LOCAL="-w -O3 -ip -DRPC_TYPES=1 " RM="rm -f" RANLIB="ranlib" CPP="/lib/cpp -P -nostdinc" \
          FC="time mpif90 -f90=ifort -real-size `expr 8 \* 4` -i4  -ip -fp-model precise -w -ftz -align all -fno-alias -FR -convert big_endian   " FGREP="fgrep -iq" \
          TRADFLAG="-traditional-cpp -DUSE_NETCDF4_FEATURES -DWRFIO_NCD_LARGE_FILE_SUPPORT" AR="ar" ARFLAGS="ru" ARCHFLAGS="-DEM_CORE=1 -DNMM_CORE=0 -DNMM_MAX_DIM=2600 -DDA_CORE=0 -DWRFPLUS=0 -DIWORDSIZE=4 -DDWORDSIZE=8 -DRWORDSIZE=4 -DLWORDSIZE=4 -DNONSTANDARD_SYSTEM_FUNC  -DWRF_USE_CLM -DUSE_NETCDF4_FEATURES -DWRFIO_NCD_LARGE_FILE_SUPPORT  -DDM_PARALLEL -DNETCDF -DLANDREAD_STUB=1 -DUSE_ALLOCATABLES -Dwrfmodel -DGRIB1 -DINTIO -DKEEP_INT_AROUND -DLIMIT_ARGS -DBUILD_RRTMG_FAST=0 -DBUILD_RRTMK=0 -DBUILD_SBM_FAST=1 -DSHOW_ALL_VARS_USED=0 -DCONFIG_BUF_LEN=65536 -DMAX_DOMAINS_F=21 -DMAX_HISTORY=25 -DNMM_NEST=0" all )
make[3]: Entering directory `/global/scratch/users/adamwise/compiling/WRFv4.4-DRM_real_GAD_slices_CPM/external/io_int'
rm -f module_internal_header_util.f
cp ../../frame/module_internal_header_util.F mod_int_hdr_util.b
awk '{print "#define", toupper($4), $6}' < ../../inc/intio_tags.h > io_int_idx_tags.h
/lib/cpp -P -nostdinc -traditional-cpp -DUSE_NETCDF4_FEATURES -DWRFIO_NCD_LARGE_FILE_SUPPORT -DEM_CORE=1 -DNMM_CORE=0 -DNMM_MAX_DIM=2600 -DDA_CORE=0 -DWRFPLUS=0 -DIWORDSIZE=4 -DDWORDSIZE=8 -DRWORDSIZE=4 -DLWORDSIZE=4 -DNONSTANDARD_SYSTEM_FUNC  -DWRF_USE_CLM -DUSE_NETCDF4_FEATURES -DWRFIO_NCD_LARGE_FILE_SUPPORT  -DDM_PARALLEL -DNETCDF -DLANDREAD_STUB=1 -DUSE_ALLOCATABLES -Dwrfmodel -DGRIB1 -DINTIO -DKEEP_INT_AROUND -DLIMIT_ARGS -DBUILD_RRTMG_FAST=0 -DBUILD_RRTMK=0 -DBUILD_SBM_FAST=1 -DSHOW_ALL_VARS_USED=0 -DCONFIG_BUF_LEN=65536 -DMAX_DOMAINS_F=21 -DMAX_HISTORY=25 -DNMM_NEST=0 -I../../inc -I../ioapi_share mod_int_hdr_util.b > module_internal_header_util.f
/lib/cpp -P -nostdinc -traditional-cpp -DUSE_NETCDF4_FEATURES -DWRFIO_NCD_LARGE_FILE_SUPPORT -DEM_CORE=1 -DNMM_CORE=0 -DNMM_MAX_DIM=2600 -DDA_CORE=0 -DWRFPLUS=0 -DIWORDSIZE=4 -DDWORDSIZE=8 -DRWORDSIZE=4 -DLWORDSIZE=4 -DNONSTANDARD_SYSTEM_FUNC  -DWRF_USE_CLM -DUSE_NETCDF4_FEATURES -DWRFIO_NCD_LARGE_FILE_SUPPORT  -DDM_PARALLEL -DNETCDF -DLANDREAD_STUB=1 -DUSE_ALLOCATABLES -Dwrfmodel -DGRIB1 -DINTIO -DKEEP_INT_AROUND -DLIMIT_ARGS -DBUILD_RRTMG_FAST=0 -DBUILD_RRTMK=0 -DBUILD_SBM_FAST=1 -DSHOW_ALL_VARS_USED=0 -DCONFIG_BUF_LEN=65536 -DMAX_DOMAINS_F=21 -DMAX_HISTORY=25 -DNMM_NEST=0 module_io_int_idx.F90 > module_io_int_idx.f
/lib/cpp -P -nostdinc -traditional-cpp -DUSE_NETCDF4_FEATURES -DWRFIO_NCD_LARGE_FILE_SUPPORT -DEM_CORE=1 -DNMM_CORE=0 -DNMM_MAX_DIM=2600 -DDA_CORE=0 -DWRFPLUS=0 -DIWORDSIZE=4 -DDWORDSIZE=8 -DRWORDSIZE=4 -DLWORDSIZE=4 -DNONSTANDARD_SYSTEM_FUNC  -DWRF_USE_CLM -DUSE_NETCDF4_FEATURES -DWRFIO_NCD_LARGE_FILE_SUPPORT  -DDM_PARALLEL -DNETCDF -DLANDREAD_STUB=1 -DUSE_ALLOCATABLES -Dwrfmodel -DGRIB1 -DINTIO -DKEEP_INT_AROUND -DLIMIT_ARGS -DBUILD_RRTMG_FAST=0 -DBUILD_RRTMK=0 -DBUILD_SBM_FAST=1 -DSHOW_ALL_VARS_USED=0 -DCONFIG_BUF_LEN=65536 -DMAX_DOMAINS_F=21 -DMAX_HISTORY=25 -DNMM_NEST=0 -DEM_CORE=1 -DNMM_CORE=0 -DNMM_MAX_DIM=2600 -DDA_CORE=0 -DWRFPLUS=0 -DIWORDSIZE=4 -DDWORDSIZE=8 -DRWORDSIZE=4 -DLWORDSIZE=4 -DNONSTANDARD_SYSTEM_FUNC  -DWRF_USE_CLM -DUSE_NETCDF4_FEATURES -DWRFIO_NCD_LARGE_FILE_SUPPORT  -DDM_PARALLEL -DNETCDF -DLANDREAD_STUB=1 -DUSE_ALLOCATABLES -Dwrfmodel -DGRIB1 -DINTIO -DKEEP_INT_AROUND -DLIMIT_ARGS -DBUILD_RRTMG_FAST=0 -DBUILD_RRTMK=0 -DBUILD_SBM_FAST=1 -DSHOW_ALL_VARS_USED=0 -DCONFIG_BUF_LEN=65536 -DMAX_DOMAINS_F=21 -DMAX_HISTORY=25 -DNMM_NEST=0 module_io_int_read.F90 > module_io_int_read.f
rm -f mod_int_hdr_util.b
Diffwrf io_int will be built later on in this compile. No need to rerun compile. 
Diffwrf io_int will be built later on in this compile. No need to rerun compile. 
Diffwrf io_int will be built later on in this compile. No need to rerun compile. 
Diffwrf io_int will be built later on in this compile. No need to rerun compile. 
Diffwrf io_int will be built later on in this compile. No need to rerun compile. 
/lib/cpp -P -nostdinc -traditional-cpp -DUSE_NETCDF4_FEATURES -DWRFIO_NCD_LARGE_FILE_SUPPORT -DEM_CORE=1 -DNMM_CORE=0 -DNMM_MAX_DIM=2600 -DDA_CORE=0 -DWRFPLUS=0 -DIWORDSIZE=4 -DDWORDSIZE=8 -DRWORDSIZE=4 -DLWORDSIZE=4 -DNONSTANDARD_SYSTEM_FUNC  -DWRF_USE_CLM -DUSE_NETCDF4_FEATURES -DWRFIO_NCD_LARGE_FILE_SUPPORT  -DDM_PARALLEL -DNETCDF -DLANDREAD_STUB=1 -DUSE_ALLOCATABLES -Dwrfmodel -DGRIB1 -DINTIO -DKEEP_INT_AROUND -DLIMIT_ARGS -DBUILD_RRTMG_FAST=0 -DBUILD_RRTMK=0 -DBUILD_SBM_FAST=1 -DSHOW_ALL_VARS_USED=0 -DCONFIG_BUF_LEN=65536 -DMAX_DOMAINS_F=21 -DMAX_HISTORY=25 -DNMM_NEST=0 test_io_idx.F90 > test_io_idx.f
Diffwrf io_int will be built later on in this compile. No need to rerun compile. 
time mpif90 -f90=ifort -real-size 32 -i4  -ip -fp-model precise -w -ftz -align all -fno-alias -FR -convert big_endian     -o module_internal_header_util.o -c module_internal_header_util.f
mpicc -cc=icc -DFSEEKO64_OK  -o io_int_idx.o -c -w -O3 -ip -DRPC_TYPES=1  io_int_idx.c
time mpif90 -f90=ifort -real-size 32 -i4  -ip -fp-model precise -w -ftz -align all -fno-alias -FR -convert big_endian     -o module_io_int_idx.o -c module_io_int_idx.f
0.07user 0.07system 0:00.36elapsed 41%CPU (0avgtext+0avgdata 33688maxresident)k
0inputs+160outputs (0major+14737minor)pagefaults 0swaps
time mpif90 -f90=ifort -real-size 32 -i4  -ip -fp-model precise -w -ftz -align all -fno-alias -FR -convert big_endian     -I../../frame -o module_io_int_read.o -c module_io_int_read.f
0.61user 0.14system 0:01.15elapsed 66%CPU (0avgtext+0avgdata 39580maxresident)k
128inputs+392outputs (0major+16445minor)pagefaults 0swaps
/lib/cpp -P -nostdinc -traditional-cpp -DUSE_NETCDF4_FEATURES -DWRFIO_NCD_LARGE_FILE_SUPPORT -DEM_CORE=1 -DNMM_CORE=0 -DNMM_MAX_DIM=2600 -DDA_CORE=0 -DWRFPLUS=0 -DIWORDSIZE=4 -DDWORDSIZE=8 -DRWORDSIZE=4 -DLWORDSIZE=4 -DNONSTANDARD_SYSTEM_FUNC  -DWRF_USE_CLM -DUSE_NETCDF4_FEATURES -DWRFIO_NCD_LARGE_FILE_SUPPORT  -DDM_PARALLEL -DNETCDF -DLANDREAD_STUB=1 -DUSE_ALLOCATABLES -Dwrfmodel -DGRIB1 -DINTIO -DKEEP_INT_AROUND -DLIMIT_ARGS -DBUILD_RRTMG_FAST=0 -DBUILD_RRTMK=0 -DBUILD_SBM_FAST=1 -DSHOW_ALL_VARS_USED=0 -DCONFIG_BUF_LEN=65536 -DMAX_DOMAINS_F=21 -DMAX_HISTORY=25 -DNMM_NEST=0  -I../../inc -I../ioapi_share io_int.F90 | m4 -Uinclude -Uindex -Ulen - > io_int.f
time mpif90 -f90=ifort -real-size 32 -i4  -ip -fp-model precise -w -ftz -align all -fno-alias -FR -convert big_endian     -I../../inc -I../ioapi_share -o io_int.o -c io_int.f
0.86user 0.16system 0:01.31elapsed 78%CPU (0avgtext+0avgdata 38944maxresident)k
128inputs+696outputs (0major+18546minor)pagefaults 0swaps
if [ `echo "time mpif90 -f90=ifort -real-size 32 -i4  -ip -fp-model precise -w -ftz -align all -fno-alias -FR -convert big_endian   " | awk '{print $1}'` = "gfortran" ] ; then \
	echo removing external declaration of iargc for gfortran ; \
	/lib/cpp -P -nostdinc -traditional-cpp -DUSE_NETCDF4_FEATURES -DWRFIO_NCD_LARGE_FILE_SUPPORT -DEM_CORE=1 -DNMM_CORE=0 -DNMM_MAX_DIM=2600 -DDA_CORE=0 -DWRFPLUS=0 -DIWORDSIZE=4 -DDWORDSIZE=8 -DRWORDSIZE=4 -DLWORDSIZE=4 -DNONSTANDARD_SYSTEM_FUNC  -DWRF_USE_CLM -DUSE_NETCDF4_FEATURES -DWRFIO_NCD_LARGE_FILE_SUPPORT  -DDM_PARALLEL -DNETCDF -DLANDREAD_STUB=1 -DUSE_ALLOCATABLES -Dwrfmodel -DGRIB1 -DINTIO -DKEEP_INT_AROUND -DLIMIT_ARGS -DBUILD_RRTMG_FAST=0 -DBUILD_RRTMK=0 -DBUILD_SBM_FAST=1 -DSHOW_ALL_VARS_USED=0 -DCONFIG_BUF_LEN=65536 -DMAX_DOMAINS_F=21 -DMAX_HISTORY=25 -DNMM_NEST=0  -I../ioapi_share diffwrf.F90 | \
	sed '/integer *, *external.*iargc/d' > diffwrf.f  ; \
else \
	/lib/cpp -P -nostdinc -traditional-cpp -DUSE_NETCDF4_FEATURES -DWRFIO_NCD_LARGE_FILE_SUPPORT -DEM_CORE=1 -DNMM_CORE=0 -DNMM_MAX_DIM=2600 -DDA_CORE=0 -DWRFPLUS=0 -DIWORDSIZE=4 -DDWORDSIZE=8 -DRWORDSIZE=4 -DLWORDSIZE=4 -DNONSTANDARD_SYSTEM_FUNC  -DWRF_USE_CLM -DUSE_NETCDF4_FEATURES -DWRFIO_NCD_LARGE_FILE_SUPPORT  -DDM_PARALLEL -DNETCDF -DLANDREAD_STUB=1 -DUSE_ALLOCATABLES -Dwrfmodel -DGRIB1 -DINTIO -DKEEP_INT_AROUND -DLIMIT_ARGS -DBUILD_RRTMG_FAST=0 -DBUILD_RRTMK=0 -DBUILD_SBM_FAST=1 -DSHOW_ALL_VARS_USED=0 -DCONFIG_BUF_LEN=65536 -DMAX_DOMAINS_F=21 -DMAX_HISTORY=25 -DNMM_NEST=0  -I../ioapi_share diffwrf.F90 > diffwrf.f  ; \
fi ; \
time mpif90 -f90=ifort -real-size 32 -i4  -ip -fp-model precise -w -ftz -align all -fno-alias -FR -convert big_endian    -c  -I../ioapi_share diffwrf.f ; \


real	0m0.699s
user	0m0.293s
sys	0m0.125s
0.50user 0.22system 0:02.81elapsed 25%CPU (0avgtext+0avgdata 36124maxresident)k
8inputs+1056outputs (0major+17920minor)pagefaults 0swaps
rm -f libwrfio_int.a
ar ru libwrfio_int.a io_int.o io_int_idx.o module_io_int_idx.o module_io_int_read.o
ar: creating libwrfio_int.a
ranlib libwrfio_int.a
if [ -f ../../frame/pack_utils.o -a -f ../../frame/clog.o ] ; then \
  time mpif90 -f90=ifort -real-size 32 -i4  -ip -fp-model precise -w -ftz -align all -fno-alias -FR -convert big_endian      -I../ioapi_share -o diffwrf diffwrf.f \
	../../frame/pack_utils.o ../../frame/module_internal_header_util.o ../../frame/module_driver_constants.o ../../frame/module_machine.o ../../frame/module_wrf_error.o ../../frame/wrf_debug.o  libwrfio_int.a ; \
fi
time mpif90 -f90=ifort -real-size 32 -i4  -ip -fp-model precise -w -ftz -align all -fno-alias -FR -convert big_endian      -o test_io_idx test_io_idx.f -L. -lwrfio_int
0.15user 0.18system 0:00.80elapsed 42%CPU (0avgtext+0avgdata 24412maxresident)k
1728inputs+1864outputs (0major+23526minor)pagefaults 0swaps
make[3]: Leaving directory `/global/scratch/users/adamwise/compiling/WRFv4.4-DRM_real_GAD_slices_CPM/external/io_int'
( cd /global/scratch/users/adamwise/compiling/WRFv4.4-DRM_real_GAD_slices_CPM/external/fftpack/fftpack5 ; \
          make -j 2 FC="ifort" FFLAGS="-real-size `expr 8 \* 4` -i4  -ip -fp-model precise -w -ftz -align all -fno-alias -FR -convert big_endian  " RANLIB="ranlib" AR="ar" \
          ARFLAGS="ru" CPP="/lib/cpp -P -nostdinc" CPPFLAGS="-DEM_CORE=1 -DNMM_CORE=0 -DNMM_MAX_DIM=2600 -DDA_CORE=0 -DWRFPLUS=0 -DIWORDSIZE=4 -DDWORDSIZE=8 -DRWORDSIZE=4 -DLWORDSIZE=4 -DNONSTANDARD_SYSTEM_FUNC  -DWRF_USE_CLM -DUSE_NETCDF4_FEATURES -DWRFIO_NCD_LARGE_FILE_SUPPORT  -DDM_PARALLEL -DNETCDF -DLANDREAD_STUB=1 -DUSE_ALLOCATABLES -Dwrfmodel -DGRIB1 -DINTIO -DKEEP_INT_AROUND -DLIMIT_ARGS -DBUILD_RRTMG_FAST=0 -DBUILD_RRTMK=0 -DBUILD_SBM_FAST=1 -DSHOW_ALL_VARS_USED=0 -DCONFIG_BUF_LEN=65536 -DMAX_DOMAINS_F=21 -DMAX_HISTORY=25 -DNMM_NEST=0  -I. -traditional-cpp -DUSE_NETCDF4_FEATURES -DWRFIO_NCD_LARGE_FILE_SUPPORT " RM="rm -f" )
make[3]: Entering directory `/global/scratch/users/adamwise/compiling/WRFv4.4-DRM_real_GAD_slices_CPM/external/fftpack/fftpack5'
/lib/cpp -P -nostdinc -DEM_CORE=1 -DNMM_CORE=0 -DNMM_MAX_DIM=2600 -DDA_CORE=0 -DWRFPLUS=0 -DIWORDSIZE=4 -DDWORDSIZE=8 -DRWORDSIZE=4 -DLWORDSIZE=4 -DNONSTANDARD_SYSTEM_FUNC  -DWRF_USE_CLM -DUSE_NETCDF4_FEATURES -DWRFIO_NCD_LARGE_FILE_SUPPORT  -DDM_PARALLEL -DNETCDF -DLANDREAD_STUB=1 -DUSE_ALLOCATABLES -Dwrfmodel -DGRIB1 -DINTIO -DKEEP_INT_AROUND -DLIMIT_ARGS -DBUILD_RRTMG_FAST=0 -DBUILD_RRTMK=0 -DBUILD_SBM_FAST=1 -DSHOW_ALL_VARS_USED=0 -DCONFIG_BUF_LEN=65536 -DMAX_DOMAINS_F=21 -DMAX_HISTORY=25 -DNMM_NEST=0  -I. -traditional-cpp -DUSE_NETCDF4_FEATURES -DWRFIO_NCD_LARGE_FILE_SUPPORT  c1f2kb.F  > c1f2kb.f90
/lib/cpp -P -nostdinc -DEM_CORE=1 -DNMM_CORE=0 -DNMM_MAX_DIM=2600 -DDA_CORE=0 -DWRFPLUS=0 -DIWORDSIZE=4 -DDWORDSIZE=8 -DRWORDSIZE=4 -DLWORDSIZE=4 -DNONSTANDARD_SYSTEM_FUNC  -DWRF_USE_CLM -DUSE_NETCDF4_FEATURES -DWRFIO_NCD_LARGE_FILE_SUPPORT  -DDM_PARALLEL -DNETCDF -DLANDREAD_STUB=1 -DUSE_ALLOCATABLES -Dwrfmodel -DGRIB1 -DINTIO -DKEEP_INT_AROUND -DLIMIT_ARGS -DBUILD_RRTMG_FAST=0 -DBUILD_RRTMK=0 -DBUILD_SBM_FAST=1 -DSHOW_ALL_VARS_USED=0 -DCONFIG_BUF_LEN=65536 -DMAX_DOMAINS_F=21 -DMAX_HISTORY=25 -DNMM_NEST=0  -I. -traditional-cpp -DUSE_NETCDF4_FEATURES -DWRFIO_NCD_LARGE_FILE_SUPPORT  cfft1b.F  > cfft1b.f90
ifort -c -real-size 32 -i4  -ip -fp-model precise -w -ftz -align all -fno-alias -FR -convert big_endian   c1f2kb.f90
ifort -c -real-size 32 -i4  -ip -fp-model precise -w -ftz -align all -fno-alias -FR -convert big_endian   cfft1b.f90
rm -f -f cfft1b.f90
/lib/cpp -P -nostdinc -DEM_CORE=1 -DNMM_CORE=0 -DNMM_MAX_DIM=2600 -DDA_CORE=0 -DWRFPLUS=0 -DIWORDSIZE=4 -DDWORDSIZE=8 -DRWORDSIZE=4 -DLWORDSIZE=4 -DNONSTANDARD_SYSTEM_FUNC  -DWRF_USE_CLM -DUSE_NETCDF4_FEATURES -DWRFIO_NCD_LARGE_FILE_SUPPORT  -DDM_PARALLEL -DNETCDF -DLANDREAD_STUB=1 -DUSE_ALLOCATABLES -Dwrfmodel -DGRIB1 -DINTIO -DKEEP_INT_AROUND -DLIMIT_ARGS -DBUILD_RRTMG_FAST=0 -DBUILD_RRTMK=0 -DBUILD_SBM_FAST=1 -DSHOW_ALL_VARS_USED=0 -DCONFIG_BUF_LEN=65536 -DMAX_DOMAINS_F=21 -DMAX_HISTORY=25 -DNMM_NEST=0  -I. -traditional-cpp -DUSE_NETCDF4_FEATURES -DWRFIO_NCD_LARGE_FILE_SUPPORT  cmf3kf.F  > cmf3kf.f90
ifort -c -real-size 32 -i4  -ip -fp-model precise -w -ftz -align all -fno-alias -FR -convert big_endian   cmf3kf.f90
rm -f -f c1f2kb.f90
/lib/cpp -P -nostdinc -DEM_CORE=1 -DNMM_CORE=0 -DNMM_MAX_DIM=2600 -DDA_CORE=0 -DWRFPLUS=0 -DIWORDSIZE=4 -DDWORDSIZE=8 -DRWORDSIZE=4 -DLWORDSIZE=4 -DNONSTANDARD_SYSTEM_FUNC  -DWRF_USE_CLM -DUSE_NETCDF4_FEATURES -DWRFIO_NCD_LARGE_FILE_SUPPORT  -DDM_PARALLEL -DNETCDF -DLANDREAD_STUB=1 -DUSE_ALLOCATABLES -Dwrfmodel -DGRIB1 -DINTIO -DKEEP_INT_AROUND -DLIMIT_ARGS -DBUILD_RRTMG_FAST=0 -DBUILD_RRTMK=0 -DBUILD_SBM_FAST=1 -DSHOW_ALL_VARS_USED=0 -DCONFIG_BUF_LEN=65536 -DMAX_DOMAINS_F=21 -DMAX_HISTORY=25 -DNMM_NEST=0  -I. -traditional-cpp -DUSE_NETCDF4_FEATURES -DWRFIO_NCD_LARGE_FILE_SUPPORT  cosqb1.F  > cosqb1.f90
ifort -c -real-size 32 -i4  -ip -fp-model precise -w -ftz -align all -fno-alias -FR -convert big_endian   cosqb1.f90
rm -f -f cosqb1.f90
/lib/cpp -P -nostdinc -DEM_CORE=1 -DNMM_CORE=0 -DNMM_MAX_DIM=2600 -DDA_CORE=0 -DWRFPLUS=0 -DIWORDSIZE=4 -DDWORDSIZE=8 -DRWORDSIZE=4 -DLWORDSIZE=4 -DNONSTANDARD_SYSTEM_FUNC  -DWRF_USE_CLM -DUSE_NETCDF4_FEATURES -DWRFIO_NCD_LARGE_FILE_SUPPORT  -DDM_PARALLEL -DNETCDF -DLANDREAD_STUB=1 -DUSE_ALLOCATABLES -Dwrfmodel -DGRIB1 -DINTIO -DKEEP_INT_AROUND -DLIMIT_ARGS -DBUILD_RRTMG_FAST=0 -DBUILD_RRTMK=0 -DBUILD_SBM_FAST=1 -DSHOW_ALL_VARS_USED=0 -DCONFIG_BUF_LEN=65536 -DMAX_DOMAINS_F=21 -DMAX_HISTORY=25 -DNMM_NEST=0  -I. -traditional-cpp -DUSE_NETCDF4_FEATURES -DWRFIO_NCD_LARGE_FILE_SUPPORT  costmi.F  > costmi.f90
ifort -c -real-size 32 -i4  -ip -fp-model precise -w -ftz -align all -fno-alias -FR -convert big_endian   costmi.f90
rm -f -f cmf3kf.f90
/lib/cpp -P -nostdinc -DEM_CORE=1 -DNMM_CORE=0 -DNMM_MAX_DIM=2600 -DDA_CORE=0 -DWRFPLUS=0 -DIWORDSIZE=4 -DDWORDSIZE=8 -DRWORDSIZE=4 -DLWORDSIZE=4 -DNONSTANDARD_SYSTEM_FUNC  -DWRF_USE_CLM -DUSE_NETCDF4_FEATURES -DWRFIO_NCD_LARGE_FILE_SUPPORT  -DDM_PARALLEL -DNETCDF -DLANDREAD_STUB=1 -DUSE_ALLOCATABLES -Dwrfmodel -DGRIB1 -DINTIO -DKEEP_INT_AROUND -DLIMIT_ARGS -DBUILD_RRTMG_FAST=0 -DBUILD_RRTMK=0 -DBUILD_SBM_FAST=1 -DSHOW_ALL_VARS_USED=0 -DCONFIG_BUF_LEN=65536 -DMAX_DOMAINS_F=21 -DMAX_HISTORY=25 -DNMM_NEST=0  -I. -traditional-cpp -DUSE_NETCDF4_FEATURES -DWRFIO_NCD_LARGE_FILE_SUPPORT  dcosq1f.F  > dcosq1f.f90
ifort -c -real-size 32 -i4  -ip -fp-model precise -w -ftz -align all -fno-alias -FR -convert big_endian   dcosq1f.f90
rm -f -f costmi.f90
/lib/cpp -P -nostdinc -DEM_CORE=1 -DNMM_CORE=0 -DNMM_MAX_DIM=2600 -DDA_CORE=0 -DWRFPLUS=0 -DIWORDSIZE=4 -DDWORDSIZE=8 -DRWORDSIZE=4 -DLWORDSIZE=4 -DNONSTANDARD_SYSTEM_FUNC  -DWRF_USE_CLM -DUSE_NETCDF4_FEATURES -DWRFIO_NCD_LARGE_FILE_SUPPORT  -DDM_PARALLEL -DNETCDF -DLANDREAD_STUB=1 -DUSE_ALLOCATABLES -Dwrfmodel -DGRIB1 -DINTIO -DKEEP_INT_AROUND -DLIMIT_ARGS -DBUILD_RRTMG_FAST=0 -DBUILD_RRTMK=0 -DBUILD_SBM_FAST=1 -DSHOW_ALL_VARS_USED=0 -DCONFIG_BUF_LEN=65536 -DMAX_DOMAINS_F=21 -DMAX_HISTORY=25 -DNMM_NEST=0  -I. -traditional-cpp -DUSE_NETCDF4_FEATURES -DWRFIO_NCD_LARGE_FILE_SUPPORT  dfftb1.F  > dfftb1.f90
ifort -c -real-size 32 -i4  -ip -fp-model precise -w -ftz -align all -fno-alias -FR -convert big_endian   dfftb1.f90
rm -f -f dcosq1f.f90
/lib/cpp -P -nostdinc -DEM_CORE=1 -DNMM_CORE=0 -DNMM_MAX_DIM=2600 -DDA_CORE=0 -DWRFPLUS=0 -DIWORDSIZE=4 -DDWORDSIZE=8 -DRWORDSIZE=4 -DLWORDSIZE=4 -DNONSTANDARD_SYSTEM_FUNC  -DWRF_USE_CLM -DUSE_NETCDF4_FEATURES -DWRFIO_NCD_LARGE_FILE_SUPPORT  -DDM_PARALLEL -DNETCDF -DLANDREAD_STUB=1 -DUSE_ALLOCATABLES -Dwrfmodel -DGRIB1 -DINTIO -DKEEP_INT_AROUND -DLIMIT_ARGS -DBUILD_RRTMG_FAST=0 -DBUILD_RRTMK=0 -DBUILD_SBM_FAST=1 -DSHOW_ALL_VARS_USED=0 -DCONFIG_BUF_LEN=65536 -DMAX_DOMAINS_F=21 -DMAX_HISTORY=25 -DNMM_NEST=0  -I. -traditional-cpp -DUSE_NETCDF4_FEATURES -DWRFIO_NCD_LARGE_FILE_SUPPORT  mradb2.F  > mradb2.f90
ifort -c -real-size 32 -i4  -ip -fp-model precise -w -ftz -align all -fno-alias -FR -convert big_endian   mradb2.f90
rm -f -f dfftb1.f90
/lib/cpp -P -nostdinc -DEM_CORE=1 -DNMM_CORE=0 -DNMM_MAX_DIM=2600 -DDA_CORE=0 -DWRFPLUS=0 -DIWORDSIZE=4 -DDWORDSIZE=8 -DRWORDSIZE=4 -DLWORDSIZE=4 -DNONSTANDARD_SYSTEM_FUNC  -DWRF_USE_CLM -DUSE_NETCDF4_FEATURES -DWRFIO_NCD_LARGE_FILE_SUPPORT  -DDM_PARALLEL -DNETCDF -DLANDREAD_STUB=1 -DUSE_ALLOCATABLES -Dwrfmodel -DGRIB1 -DINTIO -DKEEP_INT_AROUND -DLIMIT_ARGS -DBUILD_RRTMG_FAST=0 -DBUILD_RRTMK=0 -DBUILD_SBM_FAST=1 -DSHOW_ALL_VARS_USED=0 -DCONFIG_BUF_LEN=65536 -DMAX_DOMAINS_F=21 -DMAX_HISTORY=25 -DNMM_NEST=0  -I. -traditional-cpp -DUSE_NETCDF4_FEATURES -DWRFIO_NCD_LARGE_FILE_SUPPORT  mrfti1.F  > mrfti1.f90
ifort -c -real-size 32 -i4  -ip -fp-model precise -w -ftz -align all -fno-alias -FR -convert big_endian   mrfti1.f90
rm -f -f mradb2.f90
/lib/cpp -P -nostdinc -DEM_CORE=1 -DNMM_CORE=0 -DNMM_MAX_DIM=2600 -DDA_CORE=0 -DWRFPLUS=0 -DIWORDSIZE=4 -DDWORDSIZE=8 -DRWORDSIZE=4 -DLWORDSIZE=4 -DNONSTANDARD_SYSTEM_FUNC  -DWRF_USE_CLM -DUSE_NETCDF4_FEATURES -DWRFIO_NCD_LARGE_FILE_SUPPORT  -DDM_PARALLEL -DNETCDF -DLANDREAD_STUB=1 -DUSE_ALLOCATABLES -Dwrfmodel -DGRIB1 -DINTIO -DKEEP_INT_AROUND -DLIMIT_ARGS -DBUILD_RRTMG_FAST=0 -DBUILD_RRTMK=0 -DBUILD_SBM_FAST=1 -DSHOW_ALL_VARS_USED=0 -DCONFIG_BUF_LEN=65536 -DMAX_DOMAINS_F=21 -DMAX_HISTORY=25 -DNMM_NEST=0  -I. -traditional-cpp -DUSE_NETCDF4_FEATURES -DWRFIO_NCD_LARGE_FILE_SUPPORT  r1fgkf.F  > r1fgkf.f90
ifort -c -real-size 32 -i4  -ip -fp-model precise -w -ftz -align all -fno-alias -FR -convert big_endian   r1fgkf.f90
rm -f -f mrfti1.f90
/lib/cpp -P -nostdinc -DEM_CORE=1 -DNMM_CORE=0 -DNMM_MAX_DIM=2600 -DDA_CORE=0 -DWRFPLUS=0 -DIWORDSIZE=4 -DDWORDSIZE=8 -DRWORDSIZE=4 -DLWORDSIZE=4 -DNONSTANDARD_SYSTEM_FUNC  -DWRF_USE_CLM -DUSE_NETCDF4_FEATURES -DWRFIO_NCD_LARGE_FILE_SUPPORT  -DDM_PARALLEL -DNETCDF -DLANDREAD_STUB=1 -DUSE_ALLOCATABLES -Dwrfmodel -DGRIB1 -DINTIO -DKEEP_INT_AROUND -DLIMIT_ARGS -DBUILD_RRTMG_FAST=0 -DBUILD_RRTMK=0 -DBUILD_SBM_FAST=1 -DSHOW_ALL_VARS_USED=0 -DCONFIG_BUF_LEN=65536 -DMAX_DOMAINS_F=21 -DMAX_HISTORY=25 -DNMM_NEST=0  -I. -traditional-cpp -DUSE_NETCDF4_FEATURES -DWRFIO_NCD_LARGE_FILE_SUPPORT  rfft2i.F  > rfft2i.f90
ifort -c -real-size 32 -i4  -ip -fp-model precise -w -ftz -align all -fno-alias -FR -convert big_endian   rfft2i.f90
rm -f -f rfft2i.f90
/lib/cpp -P -nostdinc -DEM_CORE=1 -DNMM_CORE=0 -DNMM_MAX_DIM=2600 -DDA_CORE=0 -DWRFPLUS=0 -DIWORDSIZE=4 -DDWORDSIZE=8 -DRWORDSIZE=4 -DLWORDSIZE=4 -DNONSTANDARD_SYSTEM_FUNC  -DWRF_USE_CLM -DUSE_NETCDF4_FEATURES -DWRFIO_NCD_LARGE_FILE_SUPPORT  -DDM_PARALLEL -DNETCDF -DLANDREAD_STUB=1 -DUSE_ALLOCATABLES -Dwrfmodel -DGRIB1 -DINTIO -DKEEP_INT_AROUND -DLIMIT_ARGS -DBUILD_RRTMG_FAST=0 -DBUILD_RRTMK=0 -DBUILD_SBM_FAST=1 -DSHOW_ALL_VARS_USED=0 -DCONFIG_BUF_LEN=65536 -DMAX_DOMAINS_F=21 -DMAX_HISTORY=25 -DNMM_NEST=0  -I. -traditional-cpp -DUSE_NETCDF4_FEATURES -DWRFIO_NCD_LARGE_FILE_SUPPORT  sinqmi.F  > sinqmi.f90
ifort -c -real-size 32 -i4  -ip -fp-model precise -w -ftz -align all -fno-alias -FR -convert big_endian   sinqmi.f90
rm -f -f r1fgkf.f90
/lib/cpp -P -nostdinc -DEM_CORE=1 -DNMM_CORE=0 -DNMM_MAX_DIM=2600 -DDA_CORE=0 -DWRFPLUS=0 -DIWORDSIZE=4 -DDWORDSIZE=8 -DRWORDSIZE=4 -DLWORDSIZE=4 -DNONSTANDARD_SYSTEM_FUNC  -DWRF_USE_CLM -DUSE_NETCDF4_FEATURES -DWRFIO_NCD_LARGE_FILE_SUPPORT  -DDM_PARALLEL -DNETCDF -DLANDREAD_STUB=1 -DUSE_ALLOCATABLES -Dwrfmodel -DGRIB1 -DINTIO -DKEEP_INT_AROUND -DLIMIT_ARGS -DBUILD_RRTMG_FAST=0 -DBUILD_RRTMK=0 -DBUILD_SBM_FAST=1 -DSHOW_ALL_VARS_USED=0 -DCONFIG_BUF_LEN=65536 -DMAX_DOMAINS_F=21 -DMAX_HISTORY=25 -DNMM_NEST=0  -I. -traditional-cpp -DUSE_NETCDF4_FEATURES -DWRFIO_NCD_LARGE_FILE_SUPPORT  z1f2kf.F  > z1f2kf.f90
ifort -c -real-size 32 -i4  -ip -fp-model precise -w -ftz -align all -fno-alias -FR -convert big_endian   z1f2kf.f90
rm -f -f sinqmi.f90
/lib/cpp -P -nostdinc -DEM_CORE=1 -DNMM_CORE=0 -DNMM_MAX_DIM=2600 -DDA_CORE=0 -DWRFPLUS=0 -DIWORDSIZE=4 -DDWORDSIZE=8 -DRWORDSIZE=4 -DLWORDSIZE=4 -DNONSTANDARD_SYSTEM_FUNC  -DWRF_USE_CLM -DUSE_NETCDF4_FEATURES -DWRFIO_NCD_LARGE_FILE_SUPPORT  -DDM_PARALLEL -DNETCDF -DLANDREAD_STUB=1 -DUSE_ALLOCATABLES -Dwrfmodel -DGRIB1 -DINTIO -DKEEP_INT_AROUND -DLIMIT_ARGS -DBUILD_RRTMG_FAST=0 -DBUILD_RRTMK=0 -DBUILD_SBM_FAST=1 -DSHOW_ALL_VARS_USED=0 -DCONFIG_BUF_LEN=65536 -DMAX_DOMAINS_F=21 -DMAX_HISTORY=25 -DNMM_NEST=0  -I. -traditional-cpp -DUSE_NETCDF4_FEATURES -DWRFIO_NCD_LARGE_FILE_SUPPORT  zfft1f.F  > zfft1f.f90
ifort -c -real-size 32 -i4  -ip -fp-model precise -w -ftz -align all -fno-alias -FR -convert big_endian   zfft1f.f90
rm -f -f z1f2kf.f90
/lib/cpp -P -nostdinc -DEM_CORE=1 -DNMM_CORE=0 -DNMM_MAX_DIM=2600 -DDA_CORE=0 -DWRFPLUS=0 -DIWORDSIZE=4 -DDWORDSIZE=8 -DRWORDSIZE=4 -DLWORDSIZE=4 -DNONSTANDARD_SYSTEM_FUNC  -DWRF_USE_CLM -DUSE_NETCDF4_FEATURES -DWRFIO_NCD_LARGE_FILE_SUPPORT  -DDM_PARALLEL -DNETCDF -DLANDREAD_STUB=1 -DUSE_ALLOCATABLES -Dwrfmodel -DGRIB1 -DINTIO -DKEEP_INT_AROUND -DLIMIT_ARGS -DBUILD_RRTMG_FAST=0 -DBUILD_RRTMK=0 -DBUILD_SBM_FAST=1 -DSHOW_ALL_VARS_USED=0 -DCONFIG_BUF_LEN=65536 -DMAX_DOMAINS_F=21 -DMAX_HISTORY=25 -DNMM_NEST=0  -I. -traditional-cpp -DUSE_NETCDF4_FEATURES -DWRFIO_NCD_LARGE_FILE_SUPPORT  zmf4kb.F  > zmf4kb.f90
ifort -c -real-size 32 -i4  -ip -fp-model precise -w -ftz -align all -fno-alias -FR -convert big_endian   zmf4kb.f90
rm -f -f zfft1f.f90
/lib/cpp -P -nostdinc -DEM_CORE=1 -DNMM_CORE=0 -DNMM_MAX_DIM=2600 -DDA_CORE=0 -DWRFPLUS=0 -DIWORDSIZE=4 -DDWORDSIZE=8 -DRWORDSIZE=4 -DLWORDSIZE=4 -DNONSTANDARD_SYSTEM_FUNC  -DWRF_USE_CLM -DUSE_NETCDF4_FEATURES -DWRFIO_NCD_LARGE_FILE_SUPPORT  -DDM_PARALLEL -DNETCDF -DLANDREAD_STUB=1 -DUSE_ALLOCATABLES -Dwrfmodel -DGRIB1 -DINTIO -DKEEP_INT_AROUND -DLIMIT_ARGS -DBUILD_RRTMG_FAST=0 -DBUILD_RRTMK=0 -DBUILD_SBM_FAST=1 -DSHOW_ALL_VARS_USED=0 -DCONFIG_BUF_LEN=65536 -DMAX_DOMAINS_F=21 -DMAX_HISTORY=25 -DNMM_NEST=0  -I. -traditional-cpp -DUSE_NETCDF4_FEATURES -DWRFIO_NCD_LARGE_FILE_SUPPORT  c1f2kf.F  > c1f2kf.f90
ifort -c -real-size 32 -i4  -ip -fp-model precise -w -ftz -align all -fno-alias -FR -convert big_endian   c1f2kf.f90
rm -f -f zmf4kb.f90
/lib/cpp -P -nostdinc -DEM_CORE=1 -DNMM_CORE=0 -DNMM_MAX_DIM=2600 -DDA_CORE=0 -DWRFPLUS=0 -DIWORDSIZE=4 -DDWORDSIZE=8 -DRWORDSIZE=4 -DLWORDSIZE=4 -DNONSTANDARD_SYSTEM_FUNC  -DWRF_USE_CLM -DUSE_NETCDF4_FEATURES -DWRFIO_NCD_LARGE_FILE_SUPPORT  -DDM_PARALLEL -DNETCDF -DLANDREAD_STUB=1 -DUSE_ALLOCATABLES -Dwrfmodel -DGRIB1 -DINTIO -DKEEP_INT_AROUND -DLIMIT_ARGS -DBUILD_RRTMG_FAST=0 -DBUILD_RRTMK=0 -DBUILD_SBM_FAST=1 -DSHOW_ALL_VARS_USED=0 -DCONFIG_BUF_LEN=65536 -DMAX_DOMAINS_F=21 -DMAX_HISTORY=25 -DNMM_NEST=0  -I. -traditional-cpp -DUSE_NETCDF4_FEATURES -DWRFIO_NCD_LARGE_FILE_SUPPORT  cfft1f.F  > cfft1f.f90
ifort -c -real-size 32 -i4  -ip -fp-model precise -w -ftz -align all -fno-alias -FR -convert big_endian   cfft1f.f90
rm -f -f c1f2kf.f90
/lib/cpp -P -nostdinc -DEM_CORE=1 -DNMM_CORE=0 -DNMM_MAX_DIM=2600 -DDA_CORE=0 -DWRFPLUS=0 -DIWORDSIZE=4 -DDWORDSIZE=8 -DRWORDSIZE=4 -DLWORDSIZE=4 -DNONSTANDARD_SYSTEM_FUNC  -DWRF_USE_CLM -DUSE_NETCDF4_FEATURES -DWRFIO_NCD_LARGE_FILE_SUPPORT  -DDM_PARALLEL -DNETCDF -DLANDREAD_STUB=1 -DUSE_ALLOCATABLES -Dwrfmodel -DGRIB1 -DINTIO -DKEEP_INT_AROUND -DLIMIT_ARGS -DBUILD_RRTMG_FAST=0 -DBUILD_RRTMK=0 -DBUILD_SBM_FAST=1 -DSHOW_ALL_VARS_USED=0 -DCONFIG_BUF_LEN=65536 -DMAX_DOMAINS_F=21 -DMAX_HISTORY=25 -DNMM_NEST=0  -I. -traditional-cpp -DUSE_NETCDF4_FEATURES -DWRFIO_NCD_LARGE_FILE_SUPPORT  cmf4kb.F  > cmf4kb.f90
ifort -c -real-size 32 -i4  -ip -fp-model precise -w -ftz -align all -fno-alias -FR -convert big_endian   cmf4kb.f90
rm -f -f cfft1f.f90
/lib/cpp -P -nostdinc -DEM_CORE=1 -DNMM_CORE=0 -DNMM_MAX_DIM=2600 -DDA_CORE=0 -DWRFPLUS=0 -DIWORDSIZE=4 -DDWORDSIZE=8 -DRWORDSIZE=4 -DLWORDSIZE=4 -DNONSTANDARD_SYSTEM_FUNC  -DWRF_USE_CLM -DUSE_NETCDF4_FEATURES -DWRFIO_NCD_LARGE_FILE_SUPPORT  -DDM_PARALLEL -DNETCDF -DLANDREAD_STUB=1 -DUSE_ALLOCATABLES -Dwrfmodel -DGRIB1 -DINTIO -DKEEP_INT_AROUND -DLIMIT_ARGS -DBUILD_RRTMG_FAST=0 -DBUILD_RRTMK=0 -DBUILD_SBM_FAST=1 -DSHOW_ALL_VARS_USED=0 -DCONFIG_BUF_LEN=65536 -DMAX_DOMAINS_F=21 -DMAX_HISTORY=25 -DNMM_NEST=0  -I. -traditional-cpp -DUSE_NETCDF4_FEATURES -DWRFIO_NCD_LARGE_FILE_SUPPORT  cosqf1.F  > cosqf1.f90
ifort -c -real-size 32 -i4  -ip -fp-model precise -w -ftz -align all -fno-alias -FR -convert big_endian   cosqf1.f90
rm -f -f cmf4kb.f90
/lib/cpp -P -nostdinc -DEM_CORE=1 -DNMM_CORE=0 -DNMM_MAX_DIM=2600 -DDA_CORE=0 -DWRFPLUS=0 -DIWORDSIZE=4 -DDWORDSIZE=8 -DRWORDSIZE=4 -DLWORDSIZE=4 -DNONSTANDARD_SYSTEM_FUNC  -DWRF_USE_CLM -DUSE_NETCDF4_FEATURES -DWRFIO_NCD_LARGE_FILE_SUPPORT  -DDM_PARALLEL -DNETCDF -DLANDREAD_STUB=1 -DUSE_ALLOCATABLES -Dwrfmodel -DGRIB1 -DINTIO -DKEEP_INT_AROUND -DLIMIT_ARGS -DBUILD_RRTMG_FAST=0 -DBUILD_RRTMK=0 -DBUILD_SBM_FAST=1 -DSHOW_ALL_VARS_USED=0 -DCONFIG_BUF_LEN=65536 -DMAX_DOMAINS_F=21 -DMAX_HISTORY=25 -DNMM_NEST=0  -I. -traditional-cpp -DUSE_NETCDF4_FEATURES -DWRFIO_NCD_LARGE_FILE_SUPPORT  d1f2kb.F  > d1f2kb.f90
ifort -c -real-size 32 -i4  -ip -fp-model precise -w -ftz -align all -fno-alias -FR -convert big_endian   d1f2kb.f90
rm -f -f cosqf1.f90
/lib/cpp -P -nostdinc -DEM_CORE=1 -DNMM_CORE=0 -DNMM_MAX_DIM=2600 -DDA_CORE=0 -DWRFPLUS=0 -DIWORDSIZE=4 -DDWORDSIZE=8 -DRWORDSIZE=4 -DLWORDSIZE=4 -DNONSTANDARD_SYSTEM_FUNC  -DWRF_USE_CLM -DUSE_NETCDF4_FEATURES -DWRFIO_NCD_LARGE_FILE_SUPPORT  -DDM_PARALLEL -DNETCDF -DLANDREAD_STUB=1 -DUSE_ALLOCATABLES -Dwrfmodel -DGRIB1 -DINTIO -DKEEP_INT_AROUND -DLIMIT_ARGS -DBUILD_RRTMG_FAST=0 -DBUILD_RRTMK=0 -DBUILD_SBM_FAST=1 -DSHOW_ALL_VARS_USED=0 -DCONFIG_BUF_LEN=65536 -DMAX_DOMAINS_F=21 -DMAX_HISTORY=25 -DNMM_NEST=0  -I. -traditional-cpp -DUSE_NETCDF4_FEATURES -DWRFIO_NCD_LARGE_FILE_SUPPORT  dcosq1i.F  > dcosq1i.f90
ifort -c -real-size 32 -i4  -ip -fp-model precise -w -ftz -align all -fno-alias -FR -convert big_endian   dcosq1i.f90
rm -f -f d1f2kb.f90
/lib/cpp -P -nostdinc -DEM_CORE=1 -DNMM_CORE=0 -DNMM_MAX_DIM=2600 -DDA_CORE=0 -DWRFPLUS=0 -DIWORDSIZE=4 -DDWORDSIZE=8 -DRWORDSIZE=4 -DLWORDSIZE=4 -DNONSTANDARD_SYSTEM_FUNC  -DWRF_USE_CLM -DUSE_NETCDF4_FEATURES -DWRFIO_NCD_LARGE_FILE_SUPPORT  -DDM_PARALLEL -DNETCDF -DLANDREAD_STUB=1 -DUSE_ALLOCATABLES -Dwrfmodel -DGRIB1 -DINTIO -DKEEP_INT_AROUND -DLIMIT_ARGS -DBUILD_RRTMG_FAST=0 -DBUILD_RRTMK=0 -DBUILD_SBM_FAST=1 -DSHOW_ALL_VARS_USED=0 -DCONFIG_BUF_LEN=65536 -DMAX_DOMAINS_F=21 -DMAX_HISTORY=25 -DNMM_NEST=0  -I. -traditional-cpp -DUSE_NETCDF4_FEATURES -DWRFIO_NCD_LARGE_FILE_SUPPORT  dfftf1.F  > dfftf1.f90
ifort -c -real-size 32 -i4  -ip -fp-model precise -w -ftz -align all -fno-alias -FR -convert big_endian   dfftf1.f90
rm -f -f dcosq1i.f90
/lib/cpp -P -nostdinc -DEM_CORE=1 -DNMM_CORE=0 -DNMM_MAX_DIM=2600 -DDA_CORE=0 -DWRFPLUS=0 -DIWORDSIZE=4 -DDWORDSIZE=8 -DRWORDSIZE=4 -DLWORDSIZE=4 -DNONSTANDARD_SYSTEM_FUNC  -DWRF_USE_CLM -DUSE_NETCDF4_FEATURES -DWRFIO_NCD_LARGE_FILE_SUPPORT  -DDM_PARALLEL -DNETCDF -DLANDREAD_STUB=1 -DUSE_ALLOCATABLES -Dwrfmodel -DGRIB1 -DINTIO -DKEEP_INT_AROUND -DLIMIT_ARGS -DBUILD_RRTMG_FAST=0 -DBUILD_RRTMK=0 -DBUILD_SBM_FAST=1 -DSHOW_ALL_VARS_USED=0 -DCONFIG_BUF_LEN=65536 -DMAX_DOMAINS_F=21 -DMAX_HISTORY=25 -DNMM_NEST=0  -I. -traditional-cpp -DUSE_NETCDF4_FEATURES -DWRFIO_NCD_LARGE_FILE_SUPPORT  mradb3.F  > mradb3.f90
ifort -c -real-size 32 -i4  -ip -fp-model precise -w -ftz -align all -fno-alias -FR -convert big_endian   mradb3.f90
rm -f -f dfftf1.f90
/lib/cpp -P -nostdinc -DEM_CORE=1 -DNMM_CORE=0 -DNMM_MAX_DIM=2600 -DDA_CORE=0 -DWRFPLUS=0 -DIWORDSIZE=4 -DDWORDSIZE=8 -DRWORDSIZE=4 -DLWORDSIZE=4 -DNONSTANDARD_SYSTEM_FUNC  -DWRF_USE_CLM -DUSE_NETCDF4_FEATURES -DWRFIO_NCD_LARGE_FILE_SUPPORT  -DDM_PARALLEL -DNETCDF -DLANDREAD_STUB=1 -DUSE_ALLOCATABLES -Dwrfmodel -DGRIB1 -DINTIO -DKEEP_INT_AROUND -DLIMIT_ARGS -DBUILD_RRTMG_FAST=0 -DBUILD_RRTMK=0 -DBUILD_SBM_FAST=1 -DSHOW_ALL_VARS_USED=0 -DCONFIG_BUF_LEN=65536 -DMAX_DOMAINS_F=21 -DMAX_HISTORY=25 -DNMM_NEST=0  -I. -traditional-cpp -DUSE_NETCDF4_FEATURES -DWRFIO_NCD_LARGE_FILE_SUPPORT  msntb1.F  > msntb1.f90
ifort -c -real-size 32 -i4  -ip -fp-model precise -w -ftz -align all -fno-alias -FR -convert big_endian   msntb1.f90
rm -f -f mradb3.f90
/lib/cpp -P -nostdinc -DEM_CORE=1 -DNMM_CORE=0 -DNMM_MAX_DIM=2600 -DDA_CORE=0 -DWRFPLUS=0 -DIWORDSIZE=4 -DDWORDSIZE=8 -DRWORDSIZE=4 -DLWORDSIZE=4 -DNONSTANDARD_SYSTEM_FUNC  -DWRF_USE_CLM -DUSE_NETCDF4_FEATURES -DWRFIO_NCD_LARGE_FILE_SUPPORT  -DDM_PARALLEL -DNETCDF -DLANDREAD_STUB=1 -DUSE_ALLOCATABLES -Dwrfmodel -DGRIB1 -DINTIO -DKEEP_INT_AROUND -DLIMIT_ARGS -DBUILD_RRTMG_FAST=0 -DBUILD_RRTMK=0 -DBUILD_SBM_FAST=1 -DSHOW_ALL_VARS_USED=0 -DCONFIG_BUF_LEN=65536 -DMAX_DOMAINS_F=21 -DMAX_HISTORY=25 -DNMM_NEST=0  -I. -traditional-cpp -DUSE_NETCDF4_FEATURES -DWRFIO_NCD_LARGE_FILE_SUPPORT  r4_factor.F  > r4_factor.f90
ifort -c -real-size 32 -i4  -ip -fp-model precise -w -ftz -align all -fno-alias -FR -convert big_endian   r4_factor.f90
rm -f -f r4_factor.f90
/lib/cpp -P -nostdinc -DEM_CORE=1 -DNMM_CORE=0 -DNMM_MAX_DIM=2600 -DDA_CORE=0 -DWRFPLUS=0 -DIWORDSIZE=4 -DDWORDSIZE=8 -DRWORDSIZE=4 -DLWORDSIZE=4 -DNONSTANDARD_SYSTEM_FUNC  -DWRF_USE_CLM -DUSE_NETCDF4_FEATURES -DWRFIO_NCD_LARGE_FILE_SUPPORT  -DDM_PARALLEL -DNETCDF -DLANDREAD_STUB=1 -DUSE_ALLOCATABLES -Dwrfmodel -DGRIB1 -DINTIO -DKEEP_INT_AROUND -DLIMIT_ARGS -DBUILD_RRTMG_FAST=0 -DBUILD_RRTMK=0 -DBUILD_SBM_FAST=1 -DSHOW_ALL_VARS_USED=0 -DCONFIG_BUF_LEN=65536 -DMAX_DOMAINS_F=21 -DMAX_HISTORY=25 -DNMM_NEST=0  -I. -traditional-cpp -DUSE_NETCDF4_FEATURES -DWRFIO_NCD_LARGE_FILE_SUPPORT  rfftb1.F  > rfftb1.f90
ifort -c -real-size 32 -i4  -ip -fp-model precise -w -ftz -align all -fno-alias -FR -convert big_endian   rfftb1.f90
rm -f -f msntb1.f90
/lib/cpp -P -nostdinc -DEM_CORE=1 -DNMM_CORE=0 -DNMM_MAX_DIM=2600 -DDA_CORE=0 -DWRFPLUS=0 -DIWORDSIZE=4 -DDWORDSIZE=8 -DRWORDSIZE=4 -DLWORDSIZE=4 -DNONSTANDARD_SYSTEM_FUNC  -DWRF_USE_CLM -DUSE_NETCDF4_FEATURES -DWRFIO_NCD_LARGE_FILE_SUPPORT  -DDM_PARALLEL -DNETCDF -DLANDREAD_STUB=1 -DUSE_ALLOCATABLES -Dwrfmodel -DGRIB1 -DINTIO -DKEEP_INT_AROUND -DLIMIT_ARGS -DBUILD_RRTMG_FAST=0 -DBUILD_RRTMK=0 -DBUILD_SBM_FAST=1 -DSHOW_ALL_VARS_USED=0 -DCONFIG_BUF_LEN=65536 -DMAX_DOMAINS_F=21 -DMAX_HISTORY=25 -DNMM_NEST=0  -I. -traditional-cpp -DUSE_NETCDF4_FEATURES -DWRFIO_NCD_LARGE_FILE_SUPPORT  sint1b.F  > sint1b.f90
ifort -c -real-size 32 -i4  -ip -fp-model precise -w -ftz -align all -fno-alias -FR -convert big_endian   sint1b.f90
rm -f -f sint1b.f90
/lib/cpp -P -nostdinc -DEM_CORE=1 -DNMM_CORE=0 -DNMM_MAX_DIM=2600 -DDA_CORE=0 -DWRFPLUS=0 -DIWORDSIZE=4 -DDWORDSIZE=8 -DRWORDSIZE=4 -DLWORDSIZE=4 -DNONSTANDARD_SYSTEM_FUNC  -DWRF_USE_CLM -DUSE_NETCDF4_FEATURES -DWRFIO_NCD_LARGE_FILE_SUPPORT  -DDM_PARALLEL -DNETCDF -DLANDREAD_STUB=1 -DUSE_ALLOCATABLES -Dwrfmodel -DGRIB1 -DINTIO -DKEEP_INT_AROUND -DLIMIT_ARGS -DBUILD_RRTMG_FAST=0 -DBUILD_RRTMK=0 -DBUILD_SBM_FAST=1 -DSHOW_ALL_VARS_USED=0 -DCONFIG_BUF_LEN=65536 -DMAX_DOMAINS_F=21 -DMAX_HISTORY=25 -DNMM_NEST=0  -I. -traditional-cpp -DUSE_NETCDF4_FEATURES -DWRFIO_NCD_LARGE_FILE_SUPPORT  z1f3kb.F  > z1f3kb.f90
rm -f -f rfftb1.f90
/lib/cpp -P -nostdinc -DEM_CORE=1 -DNMM_CORE=0 -DNMM_MAX_DIM=2600 -DDA_CORE=0 -DWRFPLUS=0 -DIWORDSIZE=4 -DDWORDSIZE=8 -DRWORDSIZE=4 -DLWORDSIZE=4 -DNONSTANDARD_SYSTEM_FUNC  -DWRF_USE_CLM -DUSE_NETCDF4_FEATURES -DWRFIO_NCD_LARGE_FILE_SUPPORT  -DDM_PARALLEL -DNETCDF -DLANDREAD_STUB=1 -DUSE_ALLOCATABLES -Dwrfmodel -DGRIB1 -DINTIO -DKEEP_INT_AROUND -DLIMIT_ARGS -DBUILD_RRTMG_FAST=0 -DBUILD_RRTMK=0 -DBUILD_SBM_FAST=1 -DSHOW_ALL_VARS_USED=0 -DCONFIG_BUF_LEN=65536 -DMAX_DOMAINS_F=21 -DMAX_HISTORY=25 -DNMM_NEST=0  -I. -traditional-cpp -DUSE_NETCDF4_FEATURES -DWRFIO_NCD_LARGE_FILE_SUPPORT  zfft1i.F  > zfft1i.f90
ifort -c -real-size 32 -i4  -ip -fp-model precise -w -ftz -align all -fno-alias -FR -convert big_endian   z1f3kb.f90
ifort -c -real-size 32 -i4  -ip -fp-model precise -w -ftz -align all -fno-alias -FR -convert big_endian   zfft1i.f90
rm -f -f zfft1i.f90
/lib/cpp -P -nostdinc -DEM_CORE=1 -DNMM_CORE=0 -DNMM_MAX_DIM=2600 -DDA_CORE=0 -DWRFPLUS=0 -DIWORDSIZE=4 -DDWORDSIZE=8 -DRWORDSIZE=4 -DLWORDSIZE=4 -DNONSTANDARD_SYSTEM_FUNC  -DWRF_USE_CLM -DUSE_NETCDF4_FEATURES -DWRFIO_NCD_LARGE_FILE_SUPPORT  -DDM_PARALLEL -DNETCDF -DLANDREAD_STUB=1 -DUSE_ALLOCATABLES -Dwrfmodel -DGRIB1 -DINTIO -DKEEP_INT_AROUND -DLIMIT_ARGS -DBUILD_RRTMG_FAST=0 -DBUILD_RRTMK=0 -DBUILD_SBM_FAST=1 -DSHOW_ALL_VARS_USED=0 -DCONFIG_BUF_LEN=65536 -DMAX_DOMAINS_F=21 -DMAX_HISTORY=25 -DNMM_NEST=0  -I. -traditional-cpp -DUSE_NETCDF4_FEATURES -DWRFIO_NCD_LARGE_FILE_SUPPORT  zmf4kf.F  > zmf4kf.f90
ifort -c -real-size 32 -i4  -ip -fp-model precise -w -ftz -align all -fno-alias -FR -convert big_endian   zmf4kf.f90
rm -f -f z1f3kb.f90
/lib/cpp -P -nostdinc -DEM_CORE=1 -DNMM_CORE=0 -DNMM_MAX_DIM=2600 -DDA_CORE=0 -DWRFPLUS=0 -DIWORDSIZE=4 -DDWORDSIZE=8 -DRWORDSIZE=4 -DLWORDSIZE=4 -DNONSTANDARD_SYSTEM_FUNC  -DWRF_USE_CLM -DUSE_NETCDF4_FEATURES -DWRFIO_NCD_LARGE_FILE_SUPPORT  -DDM_PARALLEL -DNETCDF -DLANDREAD_STUB=1 -DUSE_ALLOCATABLES -Dwrfmodel -DGRIB1 -DINTIO -DKEEP_INT_AROUND -DLIMIT_ARGS -DBUILD_RRTMG_FAST=0 -DBUILD_RRTMK=0 -DBUILD_SBM_FAST=1 -DSHOW_ALL_VARS_USED=0 -DCONFIG_BUF_LEN=65536 -DMAX_DOMAINS_F=21 -DMAX_HISTORY=25 -DNMM_NEST=0  -I. -traditional-cpp -DUSE_NETCDF4_FEATURES -DWRFIO_NCD_LARGE_FILE_SUPPORT  c1f3kb.F  > c1f3kb.f90
ifort -c -real-size 32 -i4  -ip -fp-model precise -w -ftz -align all -fno-alias -FR -convert big_endian   c1f3kb.f90
rm -f -f zmf4kf.f90
/lib/cpp -P -nostdinc -DEM_CORE=1 -DNMM_CORE=0 -DNMM_MAX_DIM=2600 -DDA_CORE=0 -DWRFPLUS=0 -DIWORDSIZE=4 -DDWORDSIZE=8 -DRWORDSIZE=4 -DLWORDSIZE=4 -DNONSTANDARD_SYSTEM_FUNC  -DWRF_USE_CLM -DUSE_NETCDF4_FEATURES -DWRFIO_NCD_LARGE_FILE_SUPPORT  -DDM_PARALLEL -DNETCDF -DLANDREAD_STUB=1 -DUSE_ALLOCATABLES -Dwrfmodel -DGRIB1 -DINTIO -DKEEP_INT_AROUND -DLIMIT_ARGS -DBUILD_RRTMG_FAST=0 -DBUILD_RRTMK=0 -DBUILD_SBM_FAST=1 -DSHOW_ALL_VARS_USED=0 -DCONFIG_BUF_LEN=65536 -DMAX_DOMAINS_F=21 -DMAX_HISTORY=25 -DNMM_NEST=0  -I. -traditional-cpp -DUSE_NETCDF4_FEATURES -DWRFIO_NCD_LARGE_FILE_SUPPORT  cfft1i.F  > cfft1i.f90
ifort -c -real-size 32 -i4  -ip -fp-model precise -w -ftz -align all -fno-alias -FR -convert big_endian   cfft1i.f90
rm -f -f c1f3kb.f90
/lib/cpp -P -nostdinc -DEM_CORE=1 -DNMM_CORE=0 -DNMM_MAX_DIM=2600 -DDA_CORE=0 -DWRFPLUS=0 -DIWORDSIZE=4 -DDWORDSIZE=8 -DRWORDSIZE=4 -DLWORDSIZE=4 -DNONSTANDARD_SYSTEM_FUNC  -DWRF_USE_CLM -DUSE_NETCDF4_FEATURES -DWRFIO_NCD_LARGE_FILE_SUPPORT  -DDM_PARALLEL -DNETCDF -DLANDREAD_STUB=1 -DUSE_ALLOCATABLES -Dwrfmodel -DGRIB1 -DINTIO -DKEEP_INT_AROUND -DLIMIT_ARGS -DBUILD_RRTMG_FAST=0 -DBUILD_RRTMK=0 -DBUILD_SBM_FAST=1 -DSHOW_ALL_VARS_USED=0 -DCONFIG_BUF_LEN=65536 -DMAX_DOMAINS_F=21 -DMAX_HISTORY=25 -DNMM_NEST=0  -I. -traditional-cpp -DUSE_NETCDF4_FEATURES -DWRFIO_NCD_LARGE_FILE_SUPPORT  cmf4kf.F  > cmf4kf.f90
ifort -c -real-size 32 -i4  -ip -fp-model precise -w -ftz -align all -fno-alias -FR -convert big_endian   cmf4kf.f90
rm -f -f cfft1i.f90
/lib/cpp -P -nostdinc -DEM_CORE=1 -DNMM_CORE=0 -DNMM_MAX_DIM=2600 -DDA_CORE=0 -DWRFPLUS=0 -DIWORDSIZE=4 -DDWORDSIZE=8 -DRWORDSIZE=4 -DLWORDSIZE=4 -DNONSTANDARD_SYSTEM_FUNC  -DWRF_USE_CLM -DUSE_NETCDF4_FEATURES -DWRFIO_NCD_LARGE_FILE_SUPPORT  -DDM_PARALLEL -DNETCDF -DLANDREAD_STUB=1 -DUSE_ALLOCATABLES -Dwrfmodel -DGRIB1 -DINTIO -DKEEP_INT_AROUND -DLIMIT_ARGS -DBUILD_RRTMG_FAST=0 -DBUILD_RRTMK=0 -DBUILD_SBM_FAST=1 -DSHOW_ALL_VARS_USED=0 -DCONFIG_BUF_LEN=65536 -DMAX_DOMAINS_F=21 -DMAX_HISTORY=25 -DNMM_NEST=0  -I. -traditional-cpp -DUSE_NETCDF4_FEATURES -DWRFIO_NCD_LARGE_FILE_SUPPORT  cosqmb.F  > cosqmb.f90
ifort -c -real-size 32 -i4  -ip -fp-model precise -w -ftz -align all -fno-alias -FR -convert big_endian   cosqmb.f90
rm -f -f cmf4kf.f90
/lib/cpp -P -nostdinc -DEM_CORE=1 -DNMM_CORE=0 -DNMM_MAX_DIM=2600 -DDA_CORE=0 -DWRFPLUS=0 -DIWORDSIZE=4 -DDWORDSIZE=8 -DRWORDSIZE=4 -DLWORDSIZE=4 -DNONSTANDARD_SYSTEM_FUNC  -DWRF_USE_CLM -DUSE_NETCDF4_FEATURES -DWRFIO_NCD_LARGE_FILE_SUPPORT  -DDM_PARALLEL -DNETCDF -DLANDREAD_STUB=1 -DUSE_ALLOCATABLES -Dwrfmodel -DGRIB1 -DINTIO -DKEEP_INT_AROUND -DLIMIT_ARGS -DBUILD_RRTMG_FAST=0 -DBUILD_RRTMK=0 -DBUILD_SBM_FAST=1 -DSHOW_ALL_VARS_USED=0 -DCONFIG_BUF_LEN=65536 -DMAX_DOMAINS_F=21 -DMAX_HISTORY=25 -DNMM_NEST=0  -I. -traditional-cpp -DUSE_NETCDF4_FEATURES -DWRFIO_NCD_LARGE_FILE_SUPPORT  d1f2kf.F  > d1f2kf.f90
rm -f -f cosqmb.f90
/lib/cpp -P -nostdinc -DEM_CORE=1 -DNMM_CORE=0 -DNMM_MAX_DIM=2600 -DDA_CORE=0 -DWRFPLUS=0 -DIWORDSIZE=4 -DDWORDSIZE=8 -DRWORDSIZE=4 -DLWORDSIZE=4 -DNONSTANDARD_SYSTEM_FUNC  -DWRF_USE_CLM -DUSE_NETCDF4_FEATURES -DWRFIO_NCD_LARGE_FILE_SUPPORT  -DDM_PARALLEL -DNETCDF -DLANDREAD_STUB=1 -DUSE_ALLOCATABLES -Dwrfmodel -DGRIB1 -DINTIO -DKEEP_INT_AROUND -DLIMIT_ARGS -DBUILD_RRTMG_FAST=0 -DBUILD_RRTMK=0 -DBUILD_SBM_FAST=1 -DSHOW_ALL_VARS_USED=0 -DCONFIG_BUF_LEN=65536 -DMAX_DOMAINS_F=21 -DMAX_HISTORY=25 -DNMM_NEST=0  -I. -traditional-cpp -DUSE_NETCDF4_FEATURES -DWRFIO_NCD_LARGE_FILE_SUPPORT  dcosqb1.F  > dcosqb1.f90
ifort -c -real-size 32 -i4  -ip -fp-model precise -w -ftz -align all -fno-alias -FR -convert big_endian   dcosqb1.f90
ifort -c -real-size 32 -i4  -ip -fp-model precise -w -ftz -align all -fno-alias -FR -convert big_endian   d1f2kf.f90
rm -f -f dcosqb1.f90
/lib/cpp -P -nostdinc -DEM_CORE=1 -DNMM_CORE=0 -DNMM_MAX_DIM=2600 -DDA_CORE=0 -DWRFPLUS=0 -DIWORDSIZE=4 -DDWORDSIZE=8 -DRWORDSIZE=4 -DLWORDSIZE=4 -DNONSTANDARD_SYSTEM_FUNC  -DWRF_USE_CLM -DUSE_NETCDF4_FEATURES -DWRFIO_NCD_LARGE_FILE_SUPPORT  -DDM_PARALLEL -DNETCDF -DLANDREAD_STUB=1 -DUSE_ALLOCATABLES -Dwrfmodel -DGRIB1 -DINTIO -DKEEP_INT_AROUND -DLIMIT_ARGS -DBUILD_RRTMG_FAST=0 -DBUILD_RRTMK=0 -DBUILD_SBM_FAST=1 -DSHOW_ALL_VARS_USED=0 -DCONFIG_BUF_LEN=65536 -DMAX_DOMAINS_F=21 -DMAX_HISTORY=25 -DNMM_NEST=0  -I. -traditional-cpp -DUSE_NETCDF4_FEATURES -DWRFIO_NCD_LARGE_FILE_SUPPORT  dffti1.F  > dffti1.f90
ifort -c -real-size 32 -i4  -ip -fp-model precise -w -ftz -align all -fno-alias -FR -convert big_endian   dffti1.f90
rm -f -f d1f2kf.f90
/lib/cpp -P -nostdinc -DEM_CORE=1 -DNMM_CORE=0 -DNMM_MAX_DIM=2600 -DDA_CORE=0 -DWRFPLUS=0 -DIWORDSIZE=4 -DDWORDSIZE=8 -DRWORDSIZE=4 -DLWORDSIZE=4 -DNONSTANDARD_SYSTEM_FUNC  -DWRF_USE_CLM -DUSE_NETCDF4_FEATURES -DWRFIO_NCD_LARGE_FILE_SUPPORT  -DDM_PARALLEL -DNETCDF -DLANDREAD_STUB=1 -DUSE_ALLOCATABLES -Dwrfmodel -DGRIB1 -DINTIO -DKEEP_INT_AROUND -DLIMIT_ARGS -DBUILD_RRTMG_FAST=0 -DBUILD_RRTMK=0 -DBUILD_SBM_FAST=1 -DSHOW_ALL_VARS_USED=0 -DCONFIG_BUF_LEN=65536 -DMAX_DOMAINS_F=21 -DMAX_HISTORY=25 -DNMM_NEST=0  -I. -traditional-cpp -DUSE_NETCDF4_FEATURES -DWRFIO_NCD_LARGE_FILE_SUPPORT  mradb4.F  > mradb4.f90
ifort -c -real-size 32 -i4  -ip -fp-model precise -w -ftz -align all -fno-alias -FR -convert big_endian   mradb4.f90
rm -f -f dffti1.f90
/lib/cpp -P -nostdinc -DEM_CORE=1 -DNMM_CORE=0 -DNMM_MAX_DIM=2600 -DDA_CORE=0 -DWRFPLUS=0 -DIWORDSIZE=4 -DDWORDSIZE=8 -DRWORDSIZE=4 -DLWORDSIZE=4 -DNONSTANDARD_SYSTEM_FUNC  -DWRF_USE_CLM -DUSE_NETCDF4_FEATURES -DWRFIO_NCD_LARGE_FILE_SUPPORT  -DDM_PARALLEL -DNETCDF -DLANDREAD_STUB=1 -DUSE_ALLOCATABLES -Dwrfmodel -DGRIB1 -DINTIO -DKEEP_INT_AROUND -DLIMIT_ARGS -DBUILD_RRTMG_FAST=0 -DBUILD_RRTMK=0 -DBUILD_SBM_FAST=1 -DSHOW_ALL_VARS_USED=0 -DCONFIG_BUF_LEN=65536 -DMAX_DOMAINS_F=21 -DMAX_HISTORY=25 -DNMM_NEST=0  -I. -traditional-cpp -DUSE_NETCDF4_FEATURES -DWRFIO_NCD_LARGE_FILE_SUPPORT  msntf1.F  > msntf1.f90
ifort -c -real-size 32 -i4  -ip -fp-model precise -w -ftz -align all -fno-alias -FR -convert big_endian   msntf1.f90
rm -f -f mradb4.f90
/lib/cpp -P -nostdinc -DEM_CORE=1 -DNMM_CORE=0 -DNMM_MAX_DIM=2600 -DDA_CORE=0 -DWRFPLUS=0 -DIWORDSIZE=4 -DDWORDSIZE=8 -DRWORDSIZE=4 -DLWORDSIZE=4 -DNONSTANDARD_SYSTEM_FUNC  -DWRF_USE_CLM -DUSE_NETCDF4_FEATURES -DWRFIO_NCD_LARGE_FILE_SUPPORT  -DDM_PARALLEL -DNETCDF -DLANDREAD_STUB=1 -DUSE_ALLOCATABLES -Dwrfmodel -DGRIB1 -DINTIO -DKEEP_INT_AROUND -DLIMIT_ARGS -DBUILD_RRTMG_FAST=0 -DBUILD_RRTMK=0 -DBUILD_SBM_FAST=1 -DSHOW_ALL_VARS_USED=0 -DCONFIG_BUF_LEN=65536 -DMAX_DOMAINS_F=21 -DMAX_HISTORY=25 -DNMM_NEST=0  -I. -traditional-cpp -DUSE_NETCDF4_FEATURES -DWRFIO_NCD_LARGE_FILE_SUPPORT  r4_mcfti1.F  > r4_mcfti1.f90
ifort -c -real-size 32 -i4  -ip -fp-model precise -w -ftz -align all -fno-alias -FR -convert big_endian   r4_mcfti1.f90
rm -f -f msntf1.f90
/lib/cpp -P -nostdinc -DEM_CORE=1 -DNMM_CORE=0 -DNMM_MAX_DIM=2600 -DDA_CORE=0 -DWRFPLUS=0 -DIWORDSIZE=4 -DDWORDSIZE=8 -DRWORDSIZE=4 -DLWORDSIZE=4 -DNONSTANDARD_SYSTEM_FUNC  -DWRF_USE_CLM -DUSE_NETCDF4_FEATURES -DWRFIO_NCD_LARGE_FILE_SUPPORT  -DDM_PARALLEL -DNETCDF -DLANDREAD_STUB=1 -DUSE_ALLOCATABLES -Dwrfmodel -DGRIB1 -DINTIO -DKEEP_INT_AROUND -DLIMIT_ARGS -DBUILD_RRTMG_FAST=0 -DBUILD_RRTMK=0 -DBUILD_SBM_FAST=1 -DSHOW_ALL_VARS_USED=0 -DCONFIG_BUF_LEN=65536 -DMAX_DOMAINS_F=21 -DMAX_HISTORY=25 -DNMM_NEST=0  -I. -traditional-cpp -DUSE_NETCDF4_FEATURES -DWRFIO_NCD_LARGE_FILE_SUPPORT  rfftf1.F  > rfftf1.f90
ifort -c -real-size 32 -i4  -ip -fp-model precise -w -ftz -align all -fno-alias -FR -convert big_endian   rfftf1.f90
rm -f -f r4_mcfti1.f90
/lib/cpp -P -nostdinc -DEM_CORE=1 -DNMM_CORE=0 -DNMM_MAX_DIM=2600 -DDA_CORE=0 -DWRFPLUS=0 -DIWORDSIZE=4 -DDWORDSIZE=8 -DRWORDSIZE=4 -DLWORDSIZE=4 -DNONSTANDARD_SYSTEM_FUNC  -DWRF_USE_CLM -DUSE_NETCDF4_FEATURES -DWRFIO_NCD_LARGE_FILE_SUPPORT  -DDM_PARALLEL -DNETCDF -DLANDREAD_STUB=1 -DUSE_ALLOCATABLES -Dwrfmodel -DGRIB1 -DINTIO -DKEEP_INT_AROUND -DLIMIT_ARGS -DBUILD_RRTMG_FAST=0 -DBUILD_RRTMK=0 -DBUILD_SBM_FAST=1 -DSHOW_ALL_VARS_USED=0 -DCONFIG_BUF_LEN=65536 -DMAX_DOMAINS_F=21 -DMAX_HISTORY=25 -DNMM_NEST=0  -I. -traditional-cpp -DUSE_NETCDF4_FEATURES -DWRFIO_NCD_LARGE_FILE_SUPPORT  sint1f.F  > sint1f.f90
ifort -c -real-size 32 -i4  -ip -fp-model precise -w -ftz -align all -fno-alias -FR -convert big_endian   sint1f.f90
rm -f -f rfftf1.f90
/lib/cpp -P -nostdinc -DEM_CORE=1 -DNMM_CORE=0 -DNMM_MAX_DIM=2600 -DDA_CORE=0 -DWRFPLUS=0 -DIWORDSIZE=4 -DDWORDSIZE=8 -DRWORDSIZE=4 -DLWORDSIZE=4 -DNONSTANDARD_SYSTEM_FUNC  -DWRF_USE_CLM -DUSE_NETCDF4_FEATURES -DWRFIO_NCD_LARGE_FILE_SUPPORT  -DDM_PARALLEL -DNETCDF -DLANDREAD_STUB=1 -DUSE_ALLOCATABLES -Dwrfmodel -DGRIB1 -DINTIO -DKEEP_INT_AROUND -DLIMIT_ARGS -DBUILD_RRTMG_FAST=0 -DBUILD_RRTMK=0 -DBUILD_SBM_FAST=1 -DSHOW_ALL_VARS_USED=0 -DCONFIG_BUF_LEN=65536 -DMAX_DOMAINS_F=21 -DMAX_HISTORY=25 -DNMM_NEST=0  -I. -traditional-cpp -DUSE_NETCDF4_FEATURES -DWRFIO_NCD_LARGE_FILE_SUPPORT  z1f3kf.F  > z1f3kf.f90
rm -f -f sint1f.f90
/lib/cpp -P -nostdinc -DEM_CORE=1 -DNMM_CORE=0 -DNMM_MAX_DIM=2600 -DDA_CORE=0 -DWRFPLUS=0 -DIWORDSIZE=4 -DDWORDSIZE=8 -DRWORDSIZE=4 -DLWORDSIZE=4 -DNONSTANDARD_SYSTEM_FUNC  -DWRF_USE_CLM -DUSE_NETCDF4_FEATURES -DWRFIO_NCD_LARGE_FILE_SUPPORT  -DDM_PARALLEL -DNETCDF -DLANDREAD_STUB=1 -DUSE_ALLOCATABLES -Dwrfmodel -DGRIB1 -DINTIO -DKEEP_INT_AROUND -DLIMIT_ARGS -DBUILD_RRTMG_FAST=0 -DBUILD_RRTMK=0 -DBUILD_SBM_FAST=1 -DSHOW_ALL_VARS_USED=0 -DCONFIG_BUF_LEN=65536 -DMAX_DOMAINS_F=21 -DMAX_HISTORY=25 -DNMM_NEST=0  -I. -traditional-cpp -DUSE_NETCDF4_FEATURES -DWRFIO_NCD_LARGE_FILE_SUPPORT  zfft2b.F  > zfft2b.f90
ifort -c -real-size 32 -i4  -ip -fp-model precise -w -ftz -align all -fno-alias -FR -convert big_endian   z1f3kf.f90
ifort -c -real-size 32 -i4  -ip -fp-model precise -w -ftz -align all -fno-alias -FR -convert big_endian   zfft2b.f90
rm -f -f zfft2b.f90
/lib/cpp -P -nostdinc -DEM_CORE=1 -DNMM_CORE=0 -DNMM_MAX_DIM=2600 -DDA_CORE=0 -DWRFPLUS=0 -DIWORDSIZE=4 -DDWORDSIZE=8 -DRWORDSIZE=4 -DLWORDSIZE=4 -DNONSTANDARD_SYSTEM_FUNC  -DWRF_USE_CLM -DUSE_NETCDF4_FEATURES -DWRFIO_NCD_LARGE_FILE_SUPPORT  -DDM_PARALLEL -DNETCDF -DLANDREAD_STUB=1 -DUSE_ALLOCATABLES -Dwrfmodel -DGRIB1 -DINTIO -DKEEP_INT_AROUND -DLIMIT_ARGS -DBUILD_RRTMG_FAST=0 -DBUILD_RRTMK=0 -DBUILD_SBM_FAST=1 -DSHOW_ALL_VARS_USED=0 -DCONFIG_BUF_LEN=65536 -DMAX_DOMAINS_F=21 -DMAX_HISTORY=25 -DNMM_NEST=0  -I. -traditional-cpp -DUSE_NETCDF4_FEATURES -DWRFIO_NCD_LARGE_FILE_SUPPORT  zmf5kb.F  > zmf5kb.f90
ifort -c -real-size 32 -i4  -ip -fp-model precise -w -ftz -align all -fno-alias -FR -convert big_endian   zmf5kb.f90
rm -f -f z1f3kf.f90
/lib/cpp -P -nostdinc -DEM_CORE=1 -DNMM_CORE=0 -DNMM_MAX_DIM=2600 -DDA_CORE=0 -DWRFPLUS=0 -DIWORDSIZE=4 -DDWORDSIZE=8 -DRWORDSIZE=4 -DLWORDSIZE=4 -DNONSTANDARD_SYSTEM_FUNC  -DWRF_USE_CLM -DUSE_NETCDF4_FEATURES -DWRFIO_NCD_LARGE_FILE_SUPPORT  -DDM_PARALLEL -DNETCDF -DLANDREAD_STUB=1 -DUSE_ALLOCATABLES -Dwrfmodel -DGRIB1 -DINTIO -DKEEP_INT_AROUND -DLIMIT_ARGS -DBUILD_RRTMG_FAST=0 -DBUILD_RRTMK=0 -DBUILD_SBM_FAST=1 -DSHOW_ALL_VARS_USED=0 -DCONFIG_BUF_LEN=65536 -DMAX_DOMAINS_F=21 -DMAX_HISTORY=25 -DNMM_NEST=0  -I. -traditional-cpp -DUSE_NETCDF4_FEATURES -DWRFIO_NCD_LARGE_FILE_SUPPORT  c1f3kf.F  > c1f3kf.f90
ifort -c -real-size 32 -i4  -ip -fp-model precise -w -ftz -align all -fno-alias -FR -convert big_endian   c1f3kf.f90
rm -f -f zmf5kb.f90
/lib/cpp -P -nostdinc -DEM_CORE=1 -DNMM_CORE=0 -DNMM_MAX_DIM=2600 -DDA_CORE=0 -DWRFPLUS=0 -DIWORDSIZE=4 -DDWORDSIZE=8 -DRWORDSIZE=4 -DLWORDSIZE=4 -DNONSTANDARD_SYSTEM_FUNC  -DWRF_USE_CLM -DUSE_NETCDF4_FEATURES -DWRFIO_NCD_LARGE_FILE_SUPPORT  -DDM_PARALLEL -DNETCDF -DLANDREAD_STUB=1 -DUSE_ALLOCATABLES -Dwrfmodel -DGRIB1 -DINTIO -DKEEP_INT_AROUND -DLIMIT_ARGS -DBUILD_RRTMG_FAST=0 -DBUILD_RRTMK=0 -DBUILD_SBM_FAST=1 -DSHOW_ALL_VARS_USED=0 -DCONFIG_BUF_LEN=65536 -DMAX_DOMAINS_F=21 -DMAX_HISTORY=25 -DNMM_NEST=0  -I. -traditional-cpp -DUSE_NETCDF4_FEATURES -DWRFIO_NCD_LARGE_FILE_SUPPORT  cfft2b.F  > cfft2b.f90
ifort -c -real-size 32 -i4  -ip -fp-model precise -w -ftz -align all -fno-alias -FR -convert big_endian   cfft2b.f90
rm -f -f c1f3kf.f90
/lib/cpp -P -nostdinc -DEM_CORE=1 -DNMM_CORE=0 -DNMM_MAX_DIM=2600 -DDA_CORE=0 -DWRFPLUS=0 -DIWORDSIZE=4 -DDWORDSIZE=8 -DRWORDSIZE=4 -DLWORDSIZE=4 -DNONSTANDARD_SYSTEM_FUNC  -DWRF_USE_CLM -DUSE_NETCDF4_FEATURES -DWRFIO_NCD_LARGE_FILE_SUPPORT  -DDM_PARALLEL -DNETCDF -DLANDREAD_STUB=1 -DUSE_ALLOCATABLES -Dwrfmodel -DGRIB1 -DINTIO -DKEEP_INT_AROUND -DLIMIT_ARGS -DBUILD_RRTMG_FAST=0 -DBUILD_RRTMK=0 -DBUILD_SBM_FAST=1 -DSHOW_ALL_VARS_USED=0 -DCONFIG_BUF_LEN=65536 -DMAX_DOMAINS_F=21 -DMAX_HISTORY=25 -DNMM_NEST=0  -I. -traditional-cpp -DUSE_NETCDF4_FEATURES -DWRFIO_NCD_LARGE_FILE_SUPPORT  cmf5kb.F  > cmf5kb.f90
ifort -c -real-size 32 -i4  -ip -fp-model precise -w -ftz -align all -fno-alias -FR -convert big_endian   cmf5kb.f90
rm -f -f cfft2b.f90
/lib/cpp -P -nostdinc -DEM_CORE=1 -DNMM_CORE=0 -DNMM_MAX_DIM=2600 -DDA_CORE=0 -DWRFPLUS=0 -DIWORDSIZE=4 -DDWORDSIZE=8 -DRWORDSIZE=4 -DLWORDSIZE=4 -DNONSTANDARD_SYSTEM_FUNC  -DWRF_USE_CLM -DUSE_NETCDF4_FEATURES -DWRFIO_NCD_LARGE_FILE_SUPPORT  -DDM_PARALLEL -DNETCDF -DLANDREAD_STUB=1 -DUSE_ALLOCATABLES -Dwrfmodel -DGRIB1 -DINTIO -DKEEP_INT_AROUND -DLIMIT_ARGS -DBUILD_RRTMG_FAST=0 -DBUILD_RRTMK=0 -DBUILD_SBM_FAST=1 -DSHOW_ALL_VARS_USED=0 -DCONFIG_BUF_LEN=65536 -DMAX_DOMAINS_F=21 -DMAX_HISTORY=25 -DNMM_NEST=0  -I. -traditional-cpp -DUSE_NETCDF4_FEATURES -DWRFIO_NCD_LARGE_FILE_SUPPORT  cosqmf.F  > cosqmf.f90
ifort -c -real-size 32 -i4  -ip -fp-model precise -w -ftz -align all -fno-alias -FR -convert big_endian   cosqmf.f90
rm -f -f cmf5kb.f90
/lib/cpp -P -nostdinc -DEM_CORE=1 -DNMM_CORE=0 -DNMM_MAX_DIM=2600 -DDA_CORE=0 -DWRFPLUS=0 -DIWORDSIZE=4 -DDWORDSIZE=8 -DRWORDSIZE=4 -DLWORDSIZE=4 -DNONSTANDARD_SYSTEM_FUNC  -DWRF_USE_CLM -DUSE_NETCDF4_FEATURES -DWRFIO_NCD_LARGE_FILE_SUPPORT  -DDM_PARALLEL -DNETCDF -DLANDREAD_STUB=1 -DUSE_ALLOCATABLES -Dwrfmodel -DGRIB1 -DINTIO -DKEEP_INT_AROUND -DLIMIT_ARGS -DBUILD_RRTMG_FAST=0 -DBUILD_RRTMK=0 -DBUILD_SBM_FAST=1 -DSHOW_ALL_VARS_USED=0 -DCONFIG_BUF_LEN=65536 -DMAX_DOMAINS_F=21 -DMAX_HISTORY=25 -DNMM_NEST=0  -I. -traditional-cpp -DUSE_NETCDF4_FEATURES -DWRFIO_NCD_LARGE_FILE_SUPPORT  d1f3kb.F  > d1f3kb.f90
ifort -c -real-size 32 -i4  -ip -fp-model precise -w -ftz -align all -fno-alias -FR -convert big_endian   d1f3kb.f90
rm -f -f cosqmf.f90
/lib/cpp -P -nostdinc -DEM_CORE=1 -DNMM_CORE=0 -DNMM_MAX_DIM=2600 -DDA_CORE=0 -DWRFPLUS=0 -DIWORDSIZE=4 -DDWORDSIZE=8 -DRWORDSIZE=4 -DLWORDSIZE=4 -DNONSTANDARD_SYSTEM_FUNC  -DWRF_USE_CLM -DUSE_NETCDF4_FEATURES -DWRFIO_NCD_LARGE_FILE_SUPPORT  -DDM_PARALLEL -DNETCDF -DLANDREAD_STUB=1 -DUSE_ALLOCATABLES -Dwrfmodel -DGRIB1 -DINTIO -DKEEP_INT_AROUND -DLIMIT_ARGS -DBUILD_RRTMG_FAST=0 -DBUILD_RRTMK=0 -DBUILD_SBM_FAST=1 -DSHOW_ALL_VARS_USED=0 -DCONFIG_BUF_LEN=65536 -DMAX_DOMAINS_F=21 -DMAX_HISTORY=25 -DNMM_NEST=0  -I. -traditional-cpp -DUSE_NETCDF4_FEATURES -DWRFIO_NCD_LARGE_FILE_SUPPORT  dcosqf1.F  > dcosqf1.f90
ifort -c -real-size 32 -i4  -ip -fp-model precise -w -ftz -align all -fno-alias -FR -convert big_endian   dcosqf1.f90
rm -f -f d1f3kb.f90
/lib/cpp -P -nostdinc -DEM_CORE=1 -DNMM_CORE=0 -DNMM_MAX_DIM=2600 -DDA_CORE=0 -DWRFPLUS=0 -DIWORDSIZE=4 -DDWORDSIZE=8 -DRWORDSIZE=4 -DLWORDSIZE=4 -DNONSTANDARD_SYSTEM_FUNC  -DWRF_USE_CLM -DUSE_NETCDF4_FEATURES -DWRFIO_NCD_LARGE_FILE_SUPPORT  -DDM_PARALLEL -DNETCDF -DLANDREAD_STUB=1 -DUSE_ALLOCATABLES -Dwrfmodel -DGRIB1 -DINTIO -DKEEP_INT_AROUND -DLIMIT_ARGS -DBUILD_RRTMG_FAST=0 -DBUILD_RRTMK=0 -DBUILD_SBM_FAST=1 -DSHOW_ALL_VARS_USED=0 -DCONFIG_BUF_LEN=65536 -DMAX_DOMAINS_F=21 -DMAX_HISTORY=25 -DNMM_NEST=0  -I. -traditional-cpp -DUSE_NETCDF4_FEATURES -DWRFIO_NCD_LARGE_FILE_SUPPORT  dsint1b.F  > dsint1b.f90
ifort -c -real-size 32 -i4  -ip -fp-model precise -w -ftz -align all -fno-alias -FR -convert big_endian   dsint1b.f90
rm -f -f dcosqf1.f90
/lib/cpp -P -nostdinc -DEM_CORE=1 -DNMM_CORE=0 -DNMM_MAX_DIM=2600 -DDA_CORE=0 -DWRFPLUS=0 -DIWORDSIZE=4 -DDWORDSIZE=8 -DRWORDSIZE=4 -DLWORDSIZE=4 -DNONSTANDARD_SYSTEM_FUNC  -DWRF_USE_CLM -DUSE_NETCDF4_FEATURES -DWRFIO_NCD_LARGE_FILE_SUPPORT  -DDM_PARALLEL -DNETCDF -DLANDREAD_STUB=1 -DUSE_ALLOCATABLES -Dwrfmodel -DGRIB1 -DINTIO -DKEEP_INT_AROUND -DLIMIT_ARGS -DBUILD_RRTMG_FAST=0 -DBUILD_RRTMK=0 -DBUILD_SBM_FAST=1 -DSHOW_ALL_VARS_USED=0 -DCONFIG_BUF_LEN=65536 -DMAX_DOMAINS_F=21 -DMAX_HISTORY=25 -DNMM_NEST=0  -I. -traditional-cpp -DUSE_NETCDF4_FEATURES -DWRFIO_NCD_LARGE_FILE_SUPPORT  mradb5.F  > mradb5.f90
ifort -c -real-size 32 -i4  -ip -fp-model precise -w -ftz -align all -fno-alias -FR -convert big_endian   mradb5.f90
rm -f -f dsint1b.f90
/lib/cpp -P -nostdinc -DEM_CORE=1 -DNMM_CORE=0 -DNMM_MAX_DIM=2600 -DDA_CORE=0 -DWRFPLUS=0 -DIWORDSIZE=4 -DDWORDSIZE=8 -DRWORDSIZE=4 -DLWORDSIZE=4 -DNONSTANDARD_SYSTEM_FUNC  -DWRF_USE_CLM -DUSE_NETCDF4_FEATURES -DWRFIO_NCD_LARGE_FILE_SUPPORT  -DDM_PARALLEL -DNETCDF -DLANDREAD_STUB=1 -DUSE_ALLOCATABLES -Dwrfmodel -DGRIB1 -DINTIO -DKEEP_INT_AROUND -DLIMIT_ARGS -DBUILD_RRTMG_FAST=0 -DBUILD_RRTMK=0 -DBUILD_SBM_FAST=1 -DSHOW_ALL_VARS_USED=0 -DCONFIG_BUF_LEN=65536 -DMAX_DOMAINS_F=21 -DMAX_HISTORY=25 -DNMM_NEST=0  -I. -traditional-cpp -DUSE_NETCDF4_FEATURES -DWRFIO_NCD_LARGE_FILE_SUPPORT  r1f2kb.F  > r1f2kb.f90
ifort -c -real-size 32 -i4  -ip -fp-model precise -w -ftz -align all -fno-alias -FR -convert big_endian   r1f2kb.f90
rm -f -f mradb5.f90
/lib/cpp -P -nostdinc -DEM_CORE=1 -DNMM_CORE=0 -DNMM_MAX_DIM=2600 -DDA_CORE=0 -DWRFPLUS=0 -DIWORDSIZE=4 -DDWORDSIZE=8 -DRWORDSIZE=4 -DLWORDSIZE=4 -DNONSTANDARD_SYSTEM_FUNC  -DWRF_USE_CLM -DUSE_NETCDF4_FEATURES -DWRFIO_NCD_LARGE_FILE_SUPPORT  -DDM_PARALLEL -DNETCDF -DLANDREAD_STUB=1 -DUSE_ALLOCATABLES -Dwrfmodel -DGRIB1 -DINTIO -DKEEP_INT_AROUND -DLIMIT_ARGS -DBUILD_RRTMG_FAST=0 -DBUILD_RRTMK=0 -DBUILD_SBM_FAST=1 -DSHOW_ALL_VARS_USED=0 -DCONFIG_BUF_LEN=65536 -DMAX_DOMAINS_F=21 -DMAX_HISTORY=25 -DNMM_NEST=0  -I. -traditional-cpp -DUSE_NETCDF4_FEATURES -DWRFIO_NCD_LARGE_FILE_SUPPORT  r4_tables.F  > r4_tables.f90
ifort -c -real-size 32 -i4  -ip -fp-model precise -w -ftz -align all -fno-alias -FR -convert big_endian   r4_tables.f90
rm -f -f r1f2kb.f90
/lib/cpp -P -nostdinc -DEM_CORE=1 -DNMM_CORE=0 -DNMM_MAX_DIM=2600 -DDA_CORE=0 -DWRFPLUS=0 -DIWORDSIZE=4 -DDWORDSIZE=8 -DRWORDSIZE=4 -DLWORDSIZE=4 -DNONSTANDARD_SYSTEM_FUNC  -DWRF_USE_CLM -DUSE_NETCDF4_FEATURES -DWRFIO_NCD_LARGE_FILE_SUPPORT  -DDM_PARALLEL -DNETCDF -DLANDREAD_STUB=1 -DUSE_ALLOCATABLES -Dwrfmodel -DGRIB1 -DINTIO -DKEEP_INT_AROUND -DLIMIT_ARGS -DBUILD_RRTMG_FAST=0 -DBUILD_RRTMK=0 -DBUILD_SBM_FAST=1 -DSHOW_ALL_VARS_USED=0 -DCONFIG_BUF_LEN=65536 -DMAX_DOMAINS_F=21 -DMAX_HISTORY=25 -DNMM_NEST=0  -I. -traditional-cpp -DUSE_NETCDF4_FEATURES -DWRFIO_NCD_LARGE_FILE_SUPPORT  rffti1.F  > rffti1.f90
ifort -c -real-size 32 -i4  -ip -fp-model precise -w -ftz -align all -fno-alias -FR -convert big_endian   rffti1.f90
rm -f -f r4_tables.f90
/lib/cpp -P -nostdinc -DEM_CORE=1 -DNMM_CORE=0 -DNMM_MAX_DIM=2600 -DDA_CORE=0 -DWRFPLUS=0 -DIWORDSIZE=4 -DDWORDSIZE=8 -DRWORDSIZE=4 -DLWORDSIZE=4 -DNONSTANDARD_SYSTEM_FUNC  -DWRF_USE_CLM -DUSE_NETCDF4_FEATURES -DWRFIO_NCD_LARGE_FILE_SUPPORT  -DDM_PARALLEL -DNETCDF -DLANDREAD_STUB=1 -DUSE_ALLOCATABLES -Dwrfmodel -DGRIB1 -DINTIO -DKEEP_INT_AROUND -DLIMIT_ARGS -DBUILD_RRTMG_FAST=0 -DBUILD_RRTMK=0 -DBUILD_SBM_FAST=1 -DSHOW_ALL_VARS_USED=0 -DCONFIG_BUF_LEN=65536 -DMAX_DOMAINS_F=21 -DMAX_HISTORY=25 -DNMM_NEST=0  -I. -traditional-cpp -DUSE_NETCDF4_FEATURES -DWRFIO_NCD_LARGE_FILE_SUPPORT  sint1i.F  > sint1i.f90
ifort -c -real-size 32 -i4  -ip -fp-model precise -w -ftz -align all -fno-alias -FR -convert big_endian   sint1i.f90
rm -f -f rffti1.f90
/lib/cpp -P -nostdinc -DEM_CORE=1 -DNMM_CORE=0 -DNMM_MAX_DIM=2600 -DDA_CORE=0 -DWRFPLUS=0 -DIWORDSIZE=4 -DDWORDSIZE=8 -DRWORDSIZE=4 -DLWORDSIZE=4 -DNONSTANDARD_SYSTEM_FUNC  -DWRF_USE_CLM -DUSE_NETCDF4_FEATURES -DWRFIO_NCD_LARGE_FILE_SUPPORT  -DDM_PARALLEL -DNETCDF -DLANDREAD_STUB=1 -DUSE_ALLOCATABLES -Dwrfmodel -DGRIB1 -DINTIO -DKEEP_INT_AROUND -DLIMIT_ARGS -DBUILD_RRTMG_FAST=0 -DBUILD_RRTMK=0 -DBUILD_SBM_FAST=1 -DSHOW_ALL_VARS_USED=0 -DCONFIG_BUF_LEN=65536 -DMAX_DOMAINS_F=21 -DMAX_HISTORY=25 -DNMM_NEST=0  -I. -traditional-cpp -DUSE_NETCDF4_FEATURES -DWRFIO_NCD_LARGE_FILE_SUPPORT  z1f4kb.F  > z1f4kb.f90
ifort -c -real-size 32 -i4  -ip -fp-model precise -w -ftz -align all -fno-alias -FR -convert big_endian   z1f4kb.f90
rm -f -f sint1i.f90
/lib/cpp -P -nostdinc -DEM_CORE=1 -DNMM_CORE=0 -DNMM_MAX_DIM=2600 -DDA_CORE=0 -DWRFPLUS=0 -DIWORDSIZE=4 -DDWORDSIZE=8 -DRWORDSIZE=4 -DLWORDSIZE=4 -DNONSTANDARD_SYSTEM_FUNC  -DWRF_USE_CLM -DUSE_NETCDF4_FEATURES -DWRFIO_NCD_LARGE_FILE_SUPPORT  -DDM_PARALLEL -DNETCDF -DLANDREAD_STUB=1 -DUSE_ALLOCATABLES -Dwrfmodel -DGRIB1 -DINTIO -DKEEP_INT_AROUND -DLIMIT_ARGS -DBUILD_RRTMG_FAST=0 -DBUILD_RRTMK=0 -DBUILD_SBM_FAST=1 -DSHOW_ALL_VARS_USED=0 -DCONFIG_BUF_LEN=65536 -DMAX_DOMAINS_F=21 -DMAX_HISTORY=25 -DNMM_NEST=0  -I. -traditional-cpp -DUSE_NETCDF4_FEATURES -DWRFIO_NCD_LARGE_FILE_SUPPORT  zfft2f.F  > zfft2f.f90
ifort -c -real-size 32 -i4  -ip -fp-model precise -w -ftz -align all -fno-alias -FR -convert big_endian   zfft2f.f90
rm -f -f z1f4kb.f90
/lib/cpp -P -nostdinc -DEM_CORE=1 -DNMM_CORE=0 -DNMM_MAX_DIM=2600 -DDA_CORE=0 -DWRFPLUS=0 -DIWORDSIZE=4 -DDWORDSIZE=8 -DRWORDSIZE=4 -DLWORDSIZE=4 -DNONSTANDARD_SYSTEM_FUNC  -DWRF_USE_CLM -DUSE_NETCDF4_FEATURES -DWRFIO_NCD_LARGE_FILE_SUPPORT  -DDM_PARALLEL -DNETCDF -DLANDREAD_STUB=1 -DUSE_ALLOCATABLES -Dwrfmodel -DGRIB1 -DINTIO -DKEEP_INT_AROUND -DLIMIT_ARGS -DBUILD_RRTMG_FAST=0 -DBUILD_RRTMK=0 -DBUILD_SBM_FAST=1 -DSHOW_ALL_VARS_USED=0 -DCONFIG_BUF_LEN=65536 -DMAX_DOMAINS_F=21 -DMAX_HISTORY=25 -DNMM_NEST=0  -I. -traditional-cpp -DUSE_NETCDF4_FEATURES -DWRFIO_NCD_LARGE_FILE_SUPPORT  zmf5kf.F  > zmf5kf.f90
ifort -c -real-size 32 -i4  -ip -fp-model precise -w -ftz -align all -fno-alias -FR -convert big_endian   zmf5kf.f90
rm -f -f zfft2f.f90
/lib/cpp -P -nostdinc -DEM_CORE=1 -DNMM_CORE=0 -DNMM_MAX_DIM=2600 -DDA_CORE=0 -DWRFPLUS=0 -DIWORDSIZE=4 -DDWORDSIZE=8 -DRWORDSIZE=4 -DLWORDSIZE=4 -DNONSTANDARD_SYSTEM_FUNC  -DWRF_USE_CLM -DUSE_NETCDF4_FEATURES -DWRFIO_NCD_LARGE_FILE_SUPPORT  -DDM_PARALLEL -DNETCDF -DLANDREAD_STUB=1 -DUSE_ALLOCATABLES -Dwrfmodel -DGRIB1 -DINTIO -DKEEP_INT_AROUND -DLIMIT_ARGS -DBUILD_RRTMG_FAST=0 -DBUILD_RRTMK=0 -DBUILD_SBM_FAST=1 -DSHOW_ALL_VARS_USED=0 -DCONFIG_BUF_LEN=65536 -DMAX_DOMAINS_F=21 -DMAX_HISTORY=25 -DNMM_NEST=0  -I. -traditional-cpp -DUSE_NETCDF4_FEATURES -DWRFIO_NCD_LARGE_FILE_SUPPORT  c1f4kb.F  > c1f4kb.f90
ifort -c -real-size 32 -i4  -ip -fp-model precise -w -ftz -align all -fno-alias -FR -convert big_endian   c1f4kb.f90
rm -f -f c1f4kb.f90
/lib/cpp -P -nostdinc -DEM_CORE=1 -DNMM_CORE=0 -DNMM_MAX_DIM=2600 -DDA_CORE=0 -DWRFPLUS=0 -DIWORDSIZE=4 -DDWORDSIZE=8 -DRWORDSIZE=4 -DLWORDSIZE=4 -DNONSTANDARD_SYSTEM_FUNC  -DWRF_USE_CLM -DUSE_NETCDF4_FEATURES -DWRFIO_NCD_LARGE_FILE_SUPPORT  -DDM_PARALLEL -DNETCDF -DLANDREAD_STUB=1 -DUSE_ALLOCATABLES -Dwrfmodel -DGRIB1 -DINTIO -DKEEP_INT_AROUND -DLIMIT_ARGS -DBUILD_RRTMG_FAST=0 -DBUILD_RRTMK=0 -DBUILD_SBM_FAST=1 -DSHOW_ALL_VARS_USED=0 -DCONFIG_BUF_LEN=65536 -DMAX_DOMAINS_F=21 -DMAX_HISTORY=25 -DNMM_NEST=0  -I. -traditional-cpp -DUSE_NETCDF4_FEATURES -DWRFIO_NCD_LARGE_FILE_SUPPORT  cfft2f.F  > cfft2f.f90
ifort -c -real-size 32 -i4  -ip -fp-model precise -w -ftz -align all -fno-alias -FR -convert big_endian   cfft2f.f90
rm -f -f zmf5kf.f90
/lib/cpp -P -nostdinc -DEM_CORE=1 -DNMM_CORE=0 -DNMM_MAX_DIM=2600 -DDA_CORE=0 -DWRFPLUS=0 -DIWORDSIZE=4 -DDWORDSIZE=8 -DRWORDSIZE=4 -DLWORDSIZE=4 -DNONSTANDARD_SYSTEM_FUNC  -DWRF_USE_CLM -DUSE_NETCDF4_FEATURES -DWRFIO_NCD_LARGE_FILE_SUPPORT  -DDM_PARALLEL -DNETCDF -DLANDREAD_STUB=1 -DUSE_ALLOCATABLES -Dwrfmodel -DGRIB1 -DINTIO -DKEEP_INT_AROUND -DLIMIT_ARGS -DBUILD_RRTMG_FAST=0 -DBUILD_RRTMK=0 -DBUILD_SBM_FAST=1 -DSHOW_ALL_VARS_USED=0 -DCONFIG_BUF_LEN=65536 -DMAX_DOMAINS_F=21 -DMAX_HISTORY=25 -DNMM_NEST=0  -I. -traditional-cpp -DUSE_NETCDF4_FEATURES -DWRFIO_NCD_LARGE_FILE_SUPPORT  cmf5kf.F  > cmf5kf.f90
ifort -c -real-size 32 -i4  -ip -fp-model precise -w -ftz -align all -fno-alias -FR -convert big_endian   cmf5kf.f90
rm -f -f cfft2f.f90
/lib/cpp -P -nostdinc -DEM_CORE=1 -DNMM_CORE=0 -DNMM_MAX_DIM=2600 -DDA_CORE=0 -DWRFPLUS=0 -DIWORDSIZE=4 -DDWORDSIZE=8 -DRWORDSIZE=4 -DLWORDSIZE=4 -DNONSTANDARD_SYSTEM_FUNC  -DWRF_USE_CLM -DUSE_NETCDF4_FEATURES -DWRFIO_NCD_LARGE_FILE_SUPPORT  -DDM_PARALLEL -DNETCDF -DLANDREAD_STUB=1 -DUSE_ALLOCATABLES -Dwrfmodel -DGRIB1 -DINTIO -DKEEP_INT_AROUND -DLIMIT_ARGS -DBUILD_RRTMG_FAST=0 -DBUILD_RRTMK=0 -DBUILD_SBM_FAST=1 -DSHOW_ALL_VARS_USED=0 -DCONFIG_BUF_LEN=65536 -DMAX_DOMAINS_F=21 -DMAX_HISTORY=25 -DNMM_NEST=0  -I. -traditional-cpp -DUSE_NETCDF4_FEATURES -DWRFIO_NCD_LARGE_FILE_SUPPORT  cosqmi.F  > cosqmi.f90
ifort -c -real-size 32 -i4  -ip -fp-model precise -w -ftz -align all -fno-alias -FR -convert big_endian   cosqmi.f90
rm -f -f cmf5kf.f90
/lib/cpp -P -nostdinc -DEM_CORE=1 -DNMM_CORE=0 -DNMM_MAX_DIM=2600 -DDA_CORE=0 -DWRFPLUS=0 -DIWORDSIZE=4 -DDWORDSIZE=8 -DRWORDSIZE=4 -DLWORDSIZE=4 -DNONSTANDARD_SYSTEM_FUNC  -DWRF_USE_CLM -DUSE_NETCDF4_FEATURES -DWRFIO_NCD_LARGE_FILE_SUPPORT  -DDM_PARALLEL -DNETCDF -DLANDREAD_STUB=1 -DUSE_ALLOCATABLES -Dwrfmodel -DGRIB1 -DINTIO -DKEEP_INT_AROUND -DLIMIT_ARGS -DBUILD_RRTMG_FAST=0 -DBUILD_RRTMK=0 -DBUILD_SBM_FAST=1 -DSHOW_ALL_VARS_USED=0 -DCONFIG_BUF_LEN=65536 -DMAX_DOMAINS_F=21 -DMAX_HISTORY=25 -DNMM_NEST=0  -I. -traditional-cpp -DUSE_NETCDF4_FEATURES -DWRFIO_NCD_LARGE_FILE_SUPPORT  d1f3kf.F  > d1f3kf.f90
ifort -c -real-size 32 -i4  -ip -fp-model precise -w -ftz -align all -fno-alias -FR -convert big_endian   d1f3kf.f90
rm -f -f cosqmi.f90
/lib/cpp -P -nostdinc -DEM_CORE=1 -DNMM_CORE=0 -DNMM_MAX_DIM=2600 -DDA_CORE=0 -DWRFPLUS=0 -DIWORDSIZE=4 -DDWORDSIZE=8 -DRWORDSIZE=4 -DLWORDSIZE=4 -DNONSTANDARD_SYSTEM_FUNC  -DWRF_USE_CLM -DUSE_NETCDF4_FEATURES -DWRFIO_NCD_LARGE_FILE_SUPPORT  -DDM_PARALLEL -DNETCDF -DLANDREAD_STUB=1 -DUSE_ALLOCATABLES -Dwrfmodel -DGRIB1 -DINTIO -DKEEP_INT_AROUND -DLIMIT_ARGS -DBUILD_RRTMG_FAST=0 -DBUILD_RRTMK=0 -DBUILD_SBM_FAST=1 -DSHOW_ALL_VARS_USED=0 -DCONFIG_BUF_LEN=65536 -DMAX_DOMAINS_F=21 -DMAX_HISTORY=25 -DNMM_NEST=0  -I. -traditional-cpp -DUSE_NETCDF4_FEATURES -DWRFIO_NCD_LARGE_FILE_SUPPORT  dcost1b.F  > dcost1b.f90
ifort -c -real-size 32 -i4  -ip -fp-model precise -w -ftz -align all -fno-alias -FR -convert big_endian   dcost1b.f90
rm -f -f dcost1b.f90
/lib/cpp -P -nostdinc -DEM_CORE=1 -DNMM_CORE=0 -DNMM_MAX_DIM=2600 -DDA_CORE=0 -DWRFPLUS=0 -DIWORDSIZE=4 -DDWORDSIZE=8 -DRWORDSIZE=4 -DLWORDSIZE=4 -DNONSTANDARD_SYSTEM_FUNC  -DWRF_USE_CLM -DUSE_NETCDF4_FEATURES -DWRFIO_NCD_LARGE_FILE_SUPPORT  -DDM_PARALLEL -DNETCDF -DLANDREAD_STUB=1 -DUSE_ALLOCATABLES -Dwrfmodel -DGRIB1 -DINTIO -DKEEP_INT_AROUND -DLIMIT_ARGS -DBUILD_RRTMG_FAST=0 -DBUILD_RRTMK=0 -DBUILD_SBM_FAST=1 -DSHOW_ALL_VARS_USED=0 -DCONFIG_BUF_LEN=65536 -DMAX_DOMAINS_F=21 -DMAX_HISTORY=25 -DNMM_NEST=0  -I. -traditional-cpp -DUSE_NETCDF4_FEATURES -DWRFIO_NCD_LARGE_FILE_SUPPORT  dsint1f.F  > dsint1f.f90
ifort -c -real-size 32 -i4  -ip -fp-model precise -w -ftz -align all -fno-alias -FR -convert big_endian   dsint1f.f90
rm -f -f d1f3kf.f90
/lib/cpp -P -nostdinc -DEM_CORE=1 -DNMM_CORE=0 -DNMM_MAX_DIM=2600 -DDA_CORE=0 -DWRFPLUS=0 -DIWORDSIZE=4 -DDWORDSIZE=8 -DRWORDSIZE=4 -DLWORDSIZE=4 -DNONSTANDARD_SYSTEM_FUNC  -DWRF_USE_CLM -DUSE_NETCDF4_FEATURES -DWRFIO_NCD_LARGE_FILE_SUPPORT  -DDM_PARALLEL -DNETCDF -DLANDREAD_STUB=1 -DUSE_ALLOCATABLES -Dwrfmodel -DGRIB1 -DINTIO -DKEEP_INT_AROUND -DLIMIT_ARGS -DBUILD_RRTMG_FAST=0 -DBUILD_RRTMK=0 -DBUILD_SBM_FAST=1 -DSHOW_ALL_VARS_USED=0 -DCONFIG_BUF_LEN=65536 -DMAX_DOMAINS_F=21 -DMAX_HISTORY=25 -DNMM_NEST=0  -I. -traditional-cpp -DUSE_NETCDF4_FEATURES -DWRFIO_NCD_LARGE_FILE_SUPPORT  mradbg.F  > mradbg.f90
ifort -c -real-size 32 -i4  -ip -fp-model precise -w -ftz -align all -fno-alias -FR -convert big_endian   mradbg.f90
rm -f -f dsint1f.f90
/lib/cpp -P -nostdinc -DEM_CORE=1 -DNMM_CORE=0 -DNMM_MAX_DIM=2600 -DDA_CORE=0 -DWRFPLUS=0 -DIWORDSIZE=4 -DDWORDSIZE=8 -DRWORDSIZE=4 -DLWORDSIZE=4 -DNONSTANDARD_SYSTEM_FUNC  -DWRF_USE_CLM -DUSE_NETCDF4_FEATURES -DWRFIO_NCD_LARGE_FILE_SUPPORT  -DDM_PARALLEL -DNETCDF -DLANDREAD_STUB=1 -DUSE_ALLOCATABLES -Dwrfmodel -DGRIB1 -DINTIO -DKEEP_INT_AROUND -DLIMIT_ARGS -DBUILD_RRTMG_FAST=0 -DBUILD_RRTMK=0 -DBUILD_SBM_FAST=1 -DSHOW_ALL_VARS_USED=0 -DCONFIG_BUF_LEN=65536 -DMAX_DOMAINS_F=21 -DMAX_HISTORY=25 -DNMM_NEST=0  -I. -traditional-cpp -DUSE_NETCDF4_FEATURES -DWRFIO_NCD_LARGE_FILE_SUPPORT  r1f2kf.F  > r1f2kf.f90
ifort -c -real-size 32 -i4  -ip -fp-model precise -w -ftz -align all -fno-alias -FR -convert big_endian   r1f2kf.f90
rm -f -f mradbg.f90
/lib/cpp -P -nostdinc -DEM_CORE=1 -DNMM_CORE=0 -DNMM_MAX_DIM=2600 -DDA_CORE=0 -DWRFPLUS=0 -DIWORDSIZE=4 -DDWORDSIZE=8 -DRWORDSIZE=4 -DLWORDSIZE=4 -DNONSTANDARD_SYSTEM_FUNC  -DWRF_USE_CLM -DUSE_NETCDF4_FEATURES -DWRFIO_NCD_LARGE_FILE_SUPPORT  -DDM_PARALLEL -DNETCDF -DLANDREAD_STUB=1 -DUSE_ALLOCATABLES -Dwrfmodel -DGRIB1 -DINTIO -DKEEP_INT_AROUND -DLIMIT_ARGS -DBUILD_RRTMG_FAST=0 -DBUILD_RRTMK=0 -DBUILD_SBM_FAST=1 -DSHOW_ALL_VARS_USED=0 -DCONFIG_BUF_LEN=65536 -DMAX_DOMAINS_F=21 -DMAX_HISTORY=25 -DNMM_NEST=0  -I. -traditional-cpp -DUSE_NETCDF4_FEATURES -DWRFIO_NCD_LARGE_FILE_SUPPORT  r8_factor.F  > r8_factor.f90
ifort -c -real-size 32 -i4  -ip -fp-model precise -w -ftz -align all -fno-alias -FR -convert big_endian   r8_factor.f90
rm -f -f r1f2kf.f90
/lib/cpp -P -nostdinc -DEM_CORE=1 -DNMM_CORE=0 -DNMM_MAX_DIM=2600 -DDA_CORE=0 -DWRFPLUS=0 -DIWORDSIZE=4 -DDWORDSIZE=8 -DRWORDSIZE=4 -DLWORDSIZE=4 -DNONSTANDARD_SYSTEM_FUNC  -DWRF_USE_CLM -DUSE_NETCDF4_FEATURES -DWRFIO_NCD_LARGE_FILE_SUPPORT  -DDM_PARALLEL -DNETCDF -DLANDREAD_STUB=1 -DUSE_ALLOCATABLES -Dwrfmodel -DGRIB1 -DINTIO -DKEEP_INT_AROUND -DLIMIT_ARGS -DBUILD_RRTMG_FAST=0 -DBUILD_RRTMK=0 -DBUILD_SBM_FAST=1 -DSHOW_ALL_VARS_USED=0 -DCONFIG_BUF_LEN=65536 -DMAX_DOMAINS_F=21 -DMAX_HISTORY=25 -DNMM_NEST=0  -I. -traditional-cpp -DUSE_NETCDF4_FEATURES -DWRFIO_NCD_LARGE_FILE_SUPPORT  rfftmb.F  > rfftmb.f90
ifort -c -real-size 32 -i4  -ip -fp-model precise -w -ftz -align all -fno-alias -FR -convert big_endian   rfftmb.f90
rm -f -f r8_factor.f90
/lib/cpp -P -nostdinc -DEM_CORE=1 -DNMM_CORE=0 -DNMM_MAX_DIM=2600 -DDA_CORE=0 -DWRFPLUS=0 -DIWORDSIZE=4 -DDWORDSIZE=8 -DRWORDSIZE=4 -DLWORDSIZE=4 -DNONSTANDARD_SYSTEM_FUNC  -DWRF_USE_CLM -DUSE_NETCDF4_FEATURES -DWRFIO_NCD_LARGE_FILE_SUPPORT  -DDM_PARALLEL -DNETCDF -DLANDREAD_STUB=1 -DUSE_ALLOCATABLES -Dwrfmodel -DGRIB1 -DINTIO -DKEEP_INT_AROUND -DLIMIT_ARGS -DBUILD_RRTMG_FAST=0 -DBUILD_RRTMK=0 -DBUILD_SBM_FAST=1 -DSHOW_ALL_VARS_USED=0 -DCONFIG_BUF_LEN=65536 -DMAX_DOMAINS_F=21 -DMAX_HISTORY=25 -DNMM_NEST=0  -I. -traditional-cpp -DUSE_NETCDF4_FEATURES -DWRFIO_NCD_LARGE_FILE_SUPPORT  sintb1.F  > sintb1.f90
ifort -c -real-size 32 -i4  -ip -fp-model precise -w -ftz -align all -fno-alias -FR -convert big_endian   sintb1.f90
rm -f -f rfftmb.f90
/lib/cpp -P -nostdinc -DEM_CORE=1 -DNMM_CORE=0 -DNMM_MAX_DIM=2600 -DDA_CORE=0 -DWRFPLUS=0 -DIWORDSIZE=4 -DDWORDSIZE=8 -DRWORDSIZE=4 -DLWORDSIZE=4 -DNONSTANDARD_SYSTEM_FUNC  -DWRF_USE_CLM -DUSE_NETCDF4_FEATURES -DWRFIO_NCD_LARGE_FILE_SUPPORT  -DDM_PARALLEL -DNETCDF -DLANDREAD_STUB=1 -DUSE_ALLOCATABLES -Dwrfmodel -DGRIB1 -DINTIO -DKEEP_INT_AROUND -DLIMIT_ARGS -DBUILD_RRTMG_FAST=0 -DBUILD_RRTMK=0 -DBUILD_SBM_FAST=1 -DSHOW_ALL_VARS_USED=0 -DCONFIG_BUF_LEN=65536 -DMAX_DOMAINS_F=21 -DMAX_HISTORY=25 -DNMM_NEST=0  -I. -traditional-cpp -DUSE_NETCDF4_FEATURES -DWRFIO_NCD_LARGE_FILE_SUPPORT  z1f4kf.F  > z1f4kf.f90
ifort -c -real-size 32 -i4  -ip -fp-model precise -w -ftz -align all -fno-alias -FR -convert big_endian   z1f4kf.f90
rm -f -f sintb1.f90
/lib/cpp -P -nostdinc -DEM_CORE=1 -DNMM_CORE=0 -DNMM_MAX_DIM=2600 -DDA_CORE=0 -DWRFPLUS=0 -DIWORDSIZE=4 -DDWORDSIZE=8 -DRWORDSIZE=4 -DLWORDSIZE=4 -DNONSTANDARD_SYSTEM_FUNC  -DWRF_USE_CLM -DUSE_NETCDF4_FEATURES -DWRFIO_NCD_LARGE_FILE_SUPPORT  -DDM_PARALLEL -DNETCDF -DLANDREAD_STUB=1 -DUSE_ALLOCATABLES -Dwrfmodel -DGRIB1 -DINTIO -DKEEP_INT_AROUND -DLIMIT_ARGS -DBUILD_RRTMG_FAST=0 -DBUILD_RRTMK=0 -DBUILD_SBM_FAST=1 -DSHOW_ALL_VARS_USED=0 -DCONFIG_BUF_LEN=65536 -DMAX_DOMAINS_F=21 -DMAX_HISTORY=25 -DNMM_NEST=0  -I. -traditional-cpp -DUSE_NETCDF4_FEATURES -DWRFIO_NCD_LARGE_FILE_SUPPORT  zfft2i.F  > zfft2i.f90
ifort -c -real-size 32 -i4  -ip -fp-model precise -w -ftz -align all -fno-alias -FR -convert big_endian   zfft2i.f90
rm -f -f zfft2i.f90
/lib/cpp -P -nostdinc -DEM_CORE=1 -DNMM_CORE=0 -DNMM_MAX_DIM=2600 -DDA_CORE=0 -DWRFPLUS=0 -DIWORDSIZE=4 -DDWORDSIZE=8 -DRWORDSIZE=4 -DLWORDSIZE=4 -DNONSTANDARD_SYSTEM_FUNC  -DWRF_USE_CLM -DUSE_NETCDF4_FEATURES -DWRFIO_NCD_LARGE_FILE_SUPPORT  -DDM_PARALLEL -DNETCDF -DLANDREAD_STUB=1 -DUSE_ALLOCATABLES -Dwrfmodel -DGRIB1 -DINTIO -DKEEP_INT_AROUND -DLIMIT_ARGS -DBUILD_RRTMG_FAST=0 -DBUILD_RRTMK=0 -DBUILD_SBM_FAST=1 -DSHOW_ALL_VARS_USED=0 -DCONFIG_BUF_LEN=65536 -DMAX_DOMAINS_F=21 -DMAX_HISTORY=25 -DNMM_NEST=0  -I. -traditional-cpp -DUSE_NETCDF4_FEATURES -DWRFIO_NCD_LARGE_FILE_SUPPORT  zmfgkb.F  > zmfgkb.f90
rm -f -f z1f4kf.f90
/lib/cpp -P -nostdinc -DEM_CORE=1 -DNMM_CORE=0 -DNMM_MAX_DIM=2600 -DDA_CORE=0 -DWRFPLUS=0 -DIWORDSIZE=4 -DDWORDSIZE=8 -DRWORDSIZE=4 -DLWORDSIZE=4 -DNONSTANDARD_SYSTEM_FUNC  -DWRF_USE_CLM -DUSE_NETCDF4_FEATURES -DWRFIO_NCD_LARGE_FILE_SUPPORT  -DDM_PARALLEL -DNETCDF -DLANDREAD_STUB=1 -DUSE_ALLOCATABLES -Dwrfmodel -DGRIB1 -DINTIO -DKEEP_INT_AROUND -DLIMIT_ARGS -DBUILD_RRTMG_FAST=0 -DBUILD_RRTMK=0 -DBUILD_SBM_FAST=1 -DSHOW_ALL_VARS_USED=0 -DCONFIG_BUF_LEN=65536 -DMAX_DOMAINS_F=21 -DMAX_HISTORY=25 -DNMM_NEST=0  -I. -traditional-cpp -DUSE_NETCDF4_FEATURES -DWRFIO_NCD_LARGE_FILE_SUPPORT  c1f4kf.F  > c1f4kf.f90
ifort -c -real-size 32 -i4  -ip -fp-model precise -w -ftz -align all -fno-alias -FR -convert big_endian   zmfgkb.f90
ifort -c -real-size 32 -i4  -ip -fp-model precise -w -ftz -align all -fno-alias -FR -convert big_endian   c1f4kf.f90
rm -f -f c1f4kf.f90
/lib/cpp -P -nostdinc -DEM_CORE=1 -DNMM_CORE=0 -DNMM_MAX_DIM=2600 -DDA_CORE=0 -DWRFPLUS=0 -DIWORDSIZE=4 -DDWORDSIZE=8 -DRWORDSIZE=4 -DLWORDSIZE=4 -DNONSTANDARD_SYSTEM_FUNC  -DWRF_USE_CLM -DUSE_NETCDF4_FEATURES -DWRFIO_NCD_LARGE_FILE_SUPPORT  -DDM_PARALLEL -DNETCDF -DLANDREAD_STUB=1 -DUSE_ALLOCATABLES -Dwrfmodel -DGRIB1 -DINTIO -DKEEP_INT_AROUND -DLIMIT_ARGS -DBUILD_RRTMG_FAST=0 -DBUILD_RRTMK=0 -DBUILD_SBM_FAST=1 -DSHOW_ALL_VARS_USED=0 -DCONFIG_BUF_LEN=65536 -DMAX_DOMAINS_F=21 -DMAX_HISTORY=25 -DNMM_NEST=0  -I. -traditional-cpp -DUSE_NETCDF4_FEATURES -DWRFIO_NCD_LARGE_FILE_SUPPORT  cfft2i.F  > cfft2i.f90
ifort -c -real-size 32 -i4  -ip -fp-model precise -w -ftz -align all -fno-alias -FR -convert big_endian   cfft2i.f90
rm -f -f zmfgkb.f90
/lib/cpp -P -nostdinc -DEM_CORE=1 -DNMM_CORE=0 -DNMM_MAX_DIM=2600 -DDA_CORE=0 -DWRFPLUS=0 -DIWORDSIZE=4 -DDWORDSIZE=8 -DRWORDSIZE=4 -DLWORDSIZE=4 -DNONSTANDARD_SYSTEM_FUNC  -DWRF_USE_CLM -DUSE_NETCDF4_FEATURES -DWRFIO_NCD_LARGE_FILE_SUPPORT  -DDM_PARALLEL -DNETCDF -DLANDREAD_STUB=1 -DUSE_ALLOCATABLES -Dwrfmodel -DGRIB1 -DINTIO -DKEEP_INT_AROUND -DLIMIT_ARGS -DBUILD_RRTMG_FAST=0 -DBUILD_RRTMK=0 -DBUILD_SBM_FAST=1 -DSHOW_ALL_VARS_USED=0 -DCONFIG_BUF_LEN=65536 -DMAX_DOMAINS_F=21 -DMAX_HISTORY=25 -DNMM_NEST=0  -I. -traditional-cpp -DUSE_NETCDF4_FEATURES -DWRFIO_NCD_LARGE_FILE_SUPPORT  cmfgkb.F  > cmfgkb.f90
ifort -c -real-size 32 -i4  -ip -fp-model precise -w -ftz -align all -fno-alias -FR -convert big_endian   cmfgkb.f90
rm -f -f cfft2i.f90
/lib/cpp -P -nostdinc -DEM_CORE=1 -DNMM_CORE=0 -DNMM_MAX_DIM=2600 -DDA_CORE=0 -DWRFPLUS=0 -DIWORDSIZE=4 -DDWORDSIZE=8 -DRWORDSIZE=4 -DLWORDSIZE=4 -DNONSTANDARD_SYSTEM_FUNC  -DWRF_USE_CLM -DUSE_NETCDF4_FEATURES -DWRFIO_NCD_LARGE_FILE_SUPPORT  -DDM_PARALLEL -DNETCDF -DLANDREAD_STUB=1 -DUSE_ALLOCATABLES -Dwrfmodel -DGRIB1 -DINTIO -DKEEP_INT_AROUND -DLIMIT_ARGS -DBUILD_RRTMG_FAST=0 -DBUILD_RRTMK=0 -DBUILD_SBM_FAST=1 -DSHOW_ALL_VARS_USED=0 -DCONFIG_BUF_LEN=65536 -DMAX_DOMAINS_F=21 -DMAX_HISTORY=25 -DNMM_NEST=0  -I. -traditional-cpp -DUSE_NETCDF4_FEATURES -DWRFIO_NCD_LARGE_FILE_SUPPORT  cost1b.F  > cost1b.f90
ifort -c -real-size 32 -i4  -ip -fp-model precise -w -ftz -align all -fno-alias -FR -convert big_endian   cost1b.f90
rm -f -f cost1b.f90
/lib/cpp -P -nostdinc -DEM_CORE=1 -DNMM_CORE=0 -DNMM_MAX_DIM=2600 -DDA_CORE=0 -DWRFPLUS=0 -DIWORDSIZE=4 -DDWORDSIZE=8 -DRWORDSIZE=4 -DLWORDSIZE=4 -DNONSTANDARD_SYSTEM_FUNC  -DWRF_USE_CLM -DUSE_NETCDF4_FEATURES -DWRFIO_NCD_LARGE_FILE_SUPPORT  -DDM_PARALLEL -DNETCDF -DLANDREAD_STUB=1 -DUSE_ALLOCATABLES -Dwrfmodel -DGRIB1 -DINTIO -DKEEP_INT_AROUND -DLIMIT_ARGS -DBUILD_RRTMG_FAST=0 -DBUILD_RRTMK=0 -DBUILD_SBM_FAST=1 -DSHOW_ALL_VARS_USED=0 -DCONFIG_BUF_LEN=65536 -DMAX_DOMAINS_F=21 -DMAX_HISTORY=25 -DNMM_NEST=0  -I. -traditional-cpp -DUSE_NETCDF4_FEATURES -DWRFIO_NCD_LARGE_FILE_SUPPORT  d1f4kb.F  > d1f4kb.f90
ifort -c -real-size 32 -i4  -ip -fp-model precise -w -ftz -align all -fno-alias -FR -convert big_endian   d1f4kb.f90
rm -f -f cmfgkb.f90
/lib/cpp -P -nostdinc -DEM_CORE=1 -DNMM_CORE=0 -DNMM_MAX_DIM=2600 -DDA_CORE=0 -DWRFPLUS=0 -DIWORDSIZE=4 -DDWORDSIZE=8 -DRWORDSIZE=4 -DLWORDSIZE=4 -DNONSTANDARD_SYSTEM_FUNC  -DWRF_USE_CLM -DUSE_NETCDF4_FEATURES -DWRFIO_NCD_LARGE_FILE_SUPPORT  -DDM_PARALLEL -DNETCDF -DLANDREAD_STUB=1 -DUSE_ALLOCATABLES -Dwrfmodel -DGRIB1 -DINTIO -DKEEP_INT_AROUND -DLIMIT_ARGS -DBUILD_RRTMG_FAST=0 -DBUILD_RRTMK=0 -DBUILD_SBM_FAST=1 -DSHOW_ALL_VARS_USED=0 -DCONFIG_BUF_LEN=65536 -DMAX_DOMAINS_F=21 -DMAX_HISTORY=25 -DNMM_NEST=0  -I. -traditional-cpp -DUSE_NETCDF4_FEATURES -DWRFIO_NCD_LARGE_FILE_SUPPORT  dcost1f.F  > dcost1f.f90
ifort -c -real-size 32 -i4  -ip -fp-model precise -w -ftz -align all -fno-alias -FR -convert big_endian   dcost1f.f90
rm -f -f dcost1f.f90
/lib/cpp -P -nostdinc -DEM_CORE=1 -DNMM_CORE=0 -DNMM_MAX_DIM=2600 -DDA_CORE=0 -DWRFPLUS=0 -DIWORDSIZE=4 -DDWORDSIZE=8 -DRWORDSIZE=4 -DLWORDSIZE=4 -DNONSTANDARD_SYSTEM_FUNC  -DWRF_USE_CLM -DUSE_NETCDF4_FEATURES -DWRFIO_NCD_LARGE_FILE_SUPPORT  -DDM_PARALLEL -DNETCDF -DLANDREAD_STUB=1 -DUSE_ALLOCATABLES -Dwrfmodel -DGRIB1 -DINTIO -DKEEP_INT_AROUND -DLIMIT_ARGS -DBUILD_RRTMG_FAST=0 -DBUILD_RRTMK=0 -DBUILD_SBM_FAST=1 -DSHOW_ALL_VARS_USED=0 -DCONFIG_BUF_LEN=65536 -DMAX_DOMAINS_F=21 -DMAX_HISTORY=25 -DNMM_NEST=0  -I. -traditional-cpp -DUSE_NETCDF4_FEATURES -DWRFIO_NCD_LARGE_FILE_SUPPORT  dsint1i.F  > dsint1i.f90
ifort -c -real-size 32 -i4  -ip -fp-model precise -w -ftz -align all -fno-alias -FR -convert big_endian   dsint1i.f90
rm -f -f d1f4kb.f90
/lib/cpp -P -nostdinc -DEM_CORE=1 -DNMM_CORE=0 -DNMM_MAX_DIM=2600 -DDA_CORE=0 -DWRFPLUS=0 -DIWORDSIZE=4 -DDWORDSIZE=8 -DRWORDSIZE=4 -DLWORDSIZE=4 -DNONSTANDARD_SYSTEM_FUNC  -DWRF_USE_CLM -DUSE_NETCDF4_FEATURES -DWRFIO_NCD_LARGE_FILE_SUPPORT  -DDM_PARALLEL -DNETCDF -DLANDREAD_STUB=1 -DUSE_ALLOCATABLES -Dwrfmodel -DGRIB1 -DINTIO -DKEEP_INT_AROUND -DLIMIT_ARGS -DBUILD_RRTMG_FAST=0 -DBUILD_RRTMK=0 -DBUILD_SBM_FAST=1 -DSHOW_ALL_VARS_USED=0 -DCONFIG_BUF_LEN=65536 -DMAX_DOMAINS_F=21 -DMAX_HISTORY=25 -DNMM_NEST=0  -I. -traditional-cpp -DUSE_NETCDF4_FEATURES -DWRFIO_NCD_LARGE_FILE_SUPPORT  mradf2.F  > mradf2.f90
ifort -c -real-size 32 -i4  -ip -fp-model precise -w -ftz -align all -fno-alias -FR -convert big_endian   mradf2.f90
rm -f -f dsint1i.f90
/lib/cpp -P -nostdinc -DEM_CORE=1 -DNMM_CORE=0 -DNMM_MAX_DIM=2600 -DDA_CORE=0 -DWRFPLUS=0 -DIWORDSIZE=4 -DDWORDSIZE=8 -DRWORDSIZE=4 -DLWORDSIZE=4 -DNONSTANDARD_SYSTEM_FUNC  -DWRF_USE_CLM -DUSE_NETCDF4_FEATURES -DWRFIO_NCD_LARGE_FILE_SUPPORT  -DDM_PARALLEL -DNETCDF -DLANDREAD_STUB=1 -DUSE_ALLOCATABLES -Dwrfmodel -DGRIB1 -DINTIO -DKEEP_INT_AROUND -DLIMIT_ARGS -DBUILD_RRTMG_FAST=0 -DBUILD_RRTMK=0 -DBUILD_SBM_FAST=1 -DSHOW_ALL_VARS_USED=0 -DCONFIG_BUF_LEN=65536 -DMAX_DOMAINS_F=21 -DMAX_HISTORY=25 -DNMM_NEST=0  -I. -traditional-cpp -DUSE_NETCDF4_FEATURES -DWRFIO_NCD_LARGE_FILE_SUPPORT  r1f3kb.F  > r1f3kb.f90
ifort -c -real-size 32 -i4  -ip -fp-model precise -w -ftz -align all -fno-alias -FR -convert big_endian   r1f3kb.f90
rm -f -f mradf2.f90
/lib/cpp -P -nostdinc -DEM_CORE=1 -DNMM_CORE=0 -DNMM_MAX_DIM=2600 -DDA_CORE=0 -DWRFPLUS=0 -DIWORDSIZE=4 -DDWORDSIZE=8 -DRWORDSIZE=4 -DLWORDSIZE=4 -DNONSTANDARD_SYSTEM_FUNC  -DWRF_USE_CLM -DUSE_NETCDF4_FEATURES -DWRFIO_NCD_LARGE_FILE_SUPPORT  -DDM_PARALLEL -DNETCDF -DLANDREAD_STUB=1 -DUSE_ALLOCATABLES -Dwrfmodel -DGRIB1 -DINTIO -DKEEP_INT_AROUND -DLIMIT_ARGS -DBUILD_RRTMG_FAST=0 -DBUILD_RRTMK=0 -DBUILD_SBM_FAST=1 -DSHOW_ALL_VARS_USED=0 -DCONFIG_BUF_LEN=65536 -DMAX_DOMAINS_F=21 -DMAX_HISTORY=25 -DNMM_NEST=0  -I. -traditional-cpp -DUSE_NETCDF4_FEATURES -DWRFIO_NCD_LARGE_FILE_SUPPORT  r8_mcfti1.F  > r8_mcfti1.f90
ifort -c -real-size 32 -i4  -ip -fp-model precise -w -ftz -align all -fno-alias -FR -convert big_endian   r8_mcfti1.f90
rm -f -f r1f3kb.f90
/lib/cpp -P -nostdinc -DEM_CORE=1 -DNMM_CORE=0 -DNMM_MAX_DIM=2600 -DDA_CORE=0 -DWRFPLUS=0 -DIWORDSIZE=4 -DDWORDSIZE=8 -DRWORDSIZE=4 -DLWORDSIZE=4 -DNONSTANDARD_SYSTEM_FUNC  -DWRF_USE_CLM -DUSE_NETCDF4_FEATURES -DWRFIO_NCD_LARGE_FILE_SUPPORT  -DDM_PARALLEL -DNETCDF -DLANDREAD_STUB=1 -DUSE_ALLOCATABLES -Dwrfmodel -DGRIB1 -DINTIO -DKEEP_INT_AROUND -DLIMIT_ARGS -DBUILD_RRTMG_FAST=0 -DBUILD_RRTMK=0 -DBUILD_SBM_FAST=1 -DSHOW_ALL_VARS_USED=0 -DCONFIG_BUF_LEN=65536 -DMAX_DOMAINS_F=21 -DMAX_HISTORY=25 -DNMM_NEST=0  -I. -traditional-cpp -DUSE_NETCDF4_FEATURES -DWRFIO_NCD_LARGE_FILE_SUPPORT  rfftmf.F  > rfftmf.f90
ifort -c -real-size 32 -i4  -ip -fp-model precise -w -ftz -align all -fno-alias -FR -convert big_endian   rfftmf.f90
rm -f -f r8_mcfti1.f90
/lib/cpp -P -nostdinc -DEM_CORE=1 -DNMM_CORE=0 -DNMM_MAX_DIM=2600 -DDA_CORE=0 -DWRFPLUS=0 -DIWORDSIZE=4 -DDWORDSIZE=8 -DRWORDSIZE=4 -DLWORDSIZE=4 -DNONSTANDARD_SYSTEM_FUNC  -DWRF_USE_CLM -DUSE_NETCDF4_FEATURES -DWRFIO_NCD_LARGE_FILE_SUPPORT  -DDM_PARALLEL -DNETCDF -DLANDREAD_STUB=1 -DUSE_ALLOCATABLES -Dwrfmodel -DGRIB1 -DINTIO -DKEEP_INT_AROUND -DLIMIT_ARGS -DBUILD_RRTMG_FAST=0 -DBUILD_RRTMK=0 -DBUILD_SBM_FAST=1 -DSHOW_ALL_VARS_USED=0 -DCONFIG_BUF_LEN=65536 -DMAX_DOMAINS_F=21 -DMAX_HISTORY=25 -DNMM_NEST=0  -I. -traditional-cpp -DUSE_NETCDF4_FEATURES -DWRFIO_NCD_LARGE_FILE_SUPPORT  sintf1.F  > sintf1.f90
ifort -c -real-size 32 -i4  -ip -fp-model precise -w -ftz -align all -fno-alias -FR -convert big_endian   sintf1.f90
rm -f -f rfftmf.f90
/lib/cpp -P -nostdinc -DEM_CORE=1 -DNMM_CORE=0 -DNMM_MAX_DIM=2600 -DDA_CORE=0 -DWRFPLUS=0 -DIWORDSIZE=4 -DDWORDSIZE=8 -DRWORDSIZE=4 -DLWORDSIZE=4 -DNONSTANDARD_SYSTEM_FUNC  -DWRF_USE_CLM -DUSE_NETCDF4_FEATURES -DWRFIO_NCD_LARGE_FILE_SUPPORT  -DDM_PARALLEL -DNETCDF -DLANDREAD_STUB=1 -DUSE_ALLOCATABLES -Dwrfmodel -DGRIB1 -DINTIO -DKEEP_INT_AROUND -DLIMIT_ARGS -DBUILD_RRTMG_FAST=0 -DBUILD_RRTMK=0 -DBUILD_SBM_FAST=1 -DSHOW_ALL_VARS_USED=0 -DCONFIG_BUF_LEN=65536 -DMAX_DOMAINS_F=21 -DMAX_HISTORY=25 -DNMM_NEST=0  -I. -traditional-cpp -DUSE_NETCDF4_FEATURES -DWRFIO_NCD_LARGE_FILE_SUPPORT  z1f5kb.F  > z1f5kb.f90
ifort -c -real-size 32 -i4  -ip -fp-model precise -w -ftz -align all -fno-alias -FR -convert big_endian   z1f5kb.f90
rm -f -f sintf1.f90
/lib/cpp -P -nostdinc -DEM_CORE=1 -DNMM_CORE=0 -DNMM_MAX_DIM=2600 -DDA_CORE=0 -DWRFPLUS=0 -DIWORDSIZE=4 -DDWORDSIZE=8 -DRWORDSIZE=4 -DLWORDSIZE=4 -DNONSTANDARD_SYSTEM_FUNC  -DWRF_USE_CLM -DUSE_NETCDF4_FEATURES -DWRFIO_NCD_LARGE_FILE_SUPPORT  -DDM_PARALLEL -DNETCDF -DLANDREAD_STUB=1 -DUSE_ALLOCATABLES -Dwrfmodel -DGRIB1 -DINTIO -DKEEP_INT_AROUND -DLIMIT_ARGS -DBUILD_RRTMG_FAST=0 -DBUILD_RRTMK=0 -DBUILD_SBM_FAST=1 -DSHOW_ALL_VARS_USED=0 -DCONFIG_BUF_LEN=65536 -DMAX_DOMAINS_F=21 -DMAX_HISTORY=25 -DNMM_NEST=0  -I. -traditional-cpp -DUSE_NETCDF4_FEATURES -DWRFIO_NCD_LARGE_FILE_SUPPORT  zfftmb.F  > zfftmb.f90
ifort -c -real-size 32 -i4  -ip -fp-model precise -w -ftz -align all -fno-alias -FR -convert big_endian   zfftmb.f90
rm -f -f zfftmb.f90
/lib/cpp -P -nostdinc -DEM_CORE=1 -DNMM_CORE=0 -DNMM_MAX_DIM=2600 -DDA_CORE=0 -DWRFPLUS=0 -DIWORDSIZE=4 -DDWORDSIZE=8 -DRWORDSIZE=4 -DLWORDSIZE=4 -DNONSTANDARD_SYSTEM_FUNC  -DWRF_USE_CLM -DUSE_NETCDF4_FEATURES -DWRFIO_NCD_LARGE_FILE_SUPPORT  -DDM_PARALLEL -DNETCDF -DLANDREAD_STUB=1 -DUSE_ALLOCATABLES -Dwrfmodel -DGRIB1 -DINTIO -DKEEP_INT_AROUND -DLIMIT_ARGS -DBUILD_RRTMG_FAST=0 -DBUILD_RRTMK=0 -DBUILD_SBM_FAST=1 -DSHOW_ALL_VARS_USED=0 -DCONFIG_BUF_LEN=65536 -DMAX_DOMAINS_F=21 -DMAX_HISTORY=25 -DNMM_NEST=0  -I. -traditional-cpp -DUSE_NETCDF4_FEATURES -DWRFIO_NCD_LARGE_FILE_SUPPORT  zmfgkf.F  > zmfgkf.f90
ifort -c -real-size 32 -i4  -ip -fp-model precise -w -ftz -align all -fno-alias -FR -convert big_endian   zmfgkf.f90
rm -f -f z1f5kb.f90
/lib/cpp -P -nostdinc -DEM_CORE=1 -DNMM_CORE=0 -DNMM_MAX_DIM=2600 -DDA_CORE=0 -DWRFPLUS=0 -DIWORDSIZE=4 -DDWORDSIZE=8 -DRWORDSIZE=4 -DLWORDSIZE=4 -DNONSTANDARD_SYSTEM_FUNC  -DWRF_USE_CLM -DUSE_NETCDF4_FEATURES -DWRFIO_NCD_LARGE_FILE_SUPPORT  -DDM_PARALLEL -DNETCDF -DLANDREAD_STUB=1 -DUSE_ALLOCATABLES -Dwrfmodel -DGRIB1 -DINTIO -DKEEP_INT_AROUND -DLIMIT_ARGS -DBUILD_RRTMG_FAST=0 -DBUILD_RRTMK=0 -DBUILD_SBM_FAST=1 -DSHOW_ALL_VARS_USED=0 -DCONFIG_BUF_LEN=65536 -DMAX_DOMAINS_F=21 -DMAX_HISTORY=25 -DNMM_NEST=0  -I. -traditional-cpp -DUSE_NETCDF4_FEATURES -DWRFIO_NCD_LARGE_FILE_SUPPORT  c1f5kb.F  > c1f5kb.f90
ifort -c -real-size 32 -i4  -ip -fp-model precise -w -ftz -align all -fno-alias -FR -convert big_endian   c1f5kb.f90
rm -f -f zmfgkf.f90
/lib/cpp -P -nostdinc -DEM_CORE=1 -DNMM_CORE=0 -DNMM_MAX_DIM=2600 -DDA_CORE=0 -DWRFPLUS=0 -DIWORDSIZE=4 -DDWORDSIZE=8 -DRWORDSIZE=4 -DLWORDSIZE=4 -DNONSTANDARD_SYSTEM_FUNC  -DWRF_USE_CLM -DUSE_NETCDF4_FEATURES -DWRFIO_NCD_LARGE_FILE_SUPPORT  -DDM_PARALLEL -DNETCDF -DLANDREAD_STUB=1 -DUSE_ALLOCATABLES -Dwrfmodel -DGRIB1 -DINTIO -DKEEP_INT_AROUND -DLIMIT_ARGS -DBUILD_RRTMG_FAST=0 -DBUILD_RRTMK=0 -DBUILD_SBM_FAST=1 -DSHOW_ALL_VARS_USED=0 -DCONFIG_BUF_LEN=65536 -DMAX_DOMAINS_F=21 -DMAX_HISTORY=25 -DNMM_NEST=0  -I. -traditional-cpp -DUSE_NETCDF4_FEATURES -DWRFIO_NCD_LARGE_FILE_SUPPORT  cfftmb.F  > cfftmb.f90
ifort -c -real-size 32 -i4  -ip -fp-model precise -w -ftz -align all -fno-alias -FR -convert big_endian   cfftmb.f90
rm -f -f c1f5kb.f90
/lib/cpp -P -nostdinc -DEM_CORE=1 -DNMM_CORE=0 -DNMM_MAX_DIM=2600 -DDA_CORE=0 -DWRFPLUS=0 -DIWORDSIZE=4 -DDWORDSIZE=8 -DRWORDSIZE=4 -DLWORDSIZE=4 -DNONSTANDARD_SYSTEM_FUNC  -DWRF_USE_CLM -DUSE_NETCDF4_FEATURES -DWRFIO_NCD_LARGE_FILE_SUPPORT  -DDM_PARALLEL -DNETCDF -DLANDREAD_STUB=1 -DUSE_ALLOCATABLES -Dwrfmodel -DGRIB1 -DINTIO -DKEEP_INT_AROUND -DLIMIT_ARGS -DBUILD_RRTMG_FAST=0 -DBUILD_RRTMK=0 -DBUILD_SBM_FAST=1 -DSHOW_ALL_VARS_USED=0 -DCONFIG_BUF_LEN=65536 -DMAX_DOMAINS_F=21 -DMAX_HISTORY=25 -DNMM_NEST=0  -I. -traditional-cpp -DUSE_NETCDF4_FEATURES -DWRFIO_NCD_LARGE_FILE_SUPPORT  cmfgkf.F  > cmfgkf.f90
ifort -c -real-size 32 -i4  -ip -fp-model precise -w -ftz -align all -fno-alias -FR -convert big_endian   cmfgkf.f90
rm -f -f cfftmb.f90
/lib/cpp -P -nostdinc -DEM_CORE=1 -DNMM_CORE=0 -DNMM_MAX_DIM=2600 -DDA_CORE=0 -DWRFPLUS=0 -DIWORDSIZE=4 -DDWORDSIZE=8 -DRWORDSIZE=4 -DLWORDSIZE=4 -DNONSTANDARD_SYSTEM_FUNC  -DWRF_USE_CLM -DUSE_NETCDF4_FEATURES -DWRFIO_NCD_LARGE_FILE_SUPPORT  -DDM_PARALLEL -DNETCDF -DLANDREAD_STUB=1 -DUSE_ALLOCATABLES -Dwrfmodel -DGRIB1 -DINTIO -DKEEP_INT_AROUND -DLIMIT_ARGS -DBUILD_RRTMG_FAST=0 -DBUILD_RRTMK=0 -DBUILD_SBM_FAST=1 -DSHOW_ALL_VARS_USED=0 -DCONFIG_BUF_LEN=65536 -DMAX_DOMAINS_F=21 -DMAX_HISTORY=25 -DNMM_NEST=0  -I. -traditional-cpp -DUSE_NETCDF4_FEATURES -DWRFIO_NCD_LARGE_FILE_SUPPORT  cost1f.F  > cost1f.f90
ifort -c -real-size 32 -i4  -ip -fp-model precise -w -ftz -align all -fno-alias -FR -convert big_endian   cost1f.f90
rm -f -f cost1f.f90
/lib/cpp -P -nostdinc -DEM_CORE=1 -DNMM_CORE=0 -DNMM_MAX_DIM=2600 -DDA_CORE=0 -DWRFPLUS=0 -DIWORDSIZE=4 -DDWORDSIZE=8 -DRWORDSIZE=4 -DLWORDSIZE=4 -DNONSTANDARD_SYSTEM_FUNC  -DWRF_USE_CLM -DUSE_NETCDF4_FEATURES -DWRFIO_NCD_LARGE_FILE_SUPPORT  -DDM_PARALLEL -DNETCDF -DLANDREAD_STUB=1 -DUSE_ALLOCATABLES -Dwrfmodel -DGRIB1 -DINTIO -DKEEP_INT_AROUND -DLIMIT_ARGS -DBUILD_RRTMG_FAST=0 -DBUILD_RRTMK=0 -DBUILD_SBM_FAST=1 -DSHOW_ALL_VARS_USED=0 -DCONFIG_BUF_LEN=65536 -DMAX_DOMAINS_F=21 -DMAX_HISTORY=25 -DNMM_NEST=0  -I. -traditional-cpp -DUSE_NETCDF4_FEATURES -DWRFIO_NCD_LARGE_FILE_SUPPORT  d1f4kf.F  > d1f4kf.f90
ifort -c -real-size 32 -i4  -ip -fp-model precise -w -ftz -align all -fno-alias -FR -convert big_endian   d1f4kf.f90
rm -f -f cmfgkf.f90
/lib/cpp -P -nostdinc -DEM_CORE=1 -DNMM_CORE=0 -DNMM_MAX_DIM=2600 -DDA_CORE=0 -DWRFPLUS=0 -DIWORDSIZE=4 -DDWORDSIZE=8 -DRWORDSIZE=4 -DLWORDSIZE=4 -DNONSTANDARD_SYSTEM_FUNC  -DWRF_USE_CLM -DUSE_NETCDF4_FEATURES -DWRFIO_NCD_LARGE_FILE_SUPPORT  -DDM_PARALLEL -DNETCDF -DLANDREAD_STUB=1 -DUSE_ALLOCATABLES -Dwrfmodel -DGRIB1 -DINTIO -DKEEP_INT_AROUND -DLIMIT_ARGS -DBUILD_RRTMG_FAST=0 -DBUILD_RRTMK=0 -DBUILD_SBM_FAST=1 -DSHOW_ALL_VARS_USED=0 -DCONFIG_BUF_LEN=65536 -DMAX_DOMAINS_F=21 -DMAX_HISTORY=25 -DNMM_NEST=0  -I. -traditional-cpp -DUSE_NETCDF4_FEATURES -DWRFIO_NCD_LARGE_FILE_SUPPORT  dcost1i.F  > dcost1i.f90
ifort -c -real-size 32 -i4  -ip -fp-model precise -w -ftz -align all -fno-alias -FR -convert big_endian   dcost1i.f90
rm -f -f dcost1i.f90
/lib/cpp -P -nostdinc -DEM_CORE=1 -DNMM_CORE=0 -DNMM_MAX_DIM=2600 -DDA_CORE=0 -DWRFPLUS=0 -DIWORDSIZE=4 -DDWORDSIZE=8 -DRWORDSIZE=4 -DLWORDSIZE=4 -DNONSTANDARD_SYSTEM_FUNC  -DWRF_USE_CLM -DUSE_NETCDF4_FEATURES -DWRFIO_NCD_LARGE_FILE_SUPPORT  -DDM_PARALLEL -DNETCDF -DLANDREAD_STUB=1 -DUSE_ALLOCATABLES -Dwrfmodel -DGRIB1 -DINTIO -DKEEP_INT_AROUND -DLIMIT_ARGS -DBUILD_RRTMG_FAST=0 -DBUILD_RRTMK=0 -DBUILD_SBM_FAST=1 -DSHOW_ALL_VARS_USED=0 -DCONFIG_BUF_LEN=65536 -DMAX_DOMAINS_F=21 -DMAX_HISTORY=25 -DNMM_NEST=0  -I. -traditional-cpp -DUSE_NETCDF4_FEATURES -DWRFIO_NCD_LARGE_FILE_SUPPORT  dsintb1.F  > dsintb1.f90
ifort -c -real-size 32 -i4  -ip -fp-model precise -w -ftz -align all -fno-alias -FR -convert big_endian   dsintb1.f90
rm -f -f d1f4kf.f90
/lib/cpp -P -nostdinc -DEM_CORE=1 -DNMM_CORE=0 -DNMM_MAX_DIM=2600 -DDA_CORE=0 -DWRFPLUS=0 -DIWORDSIZE=4 -DDWORDSIZE=8 -DRWORDSIZE=4 -DLWORDSIZE=4 -DNONSTANDARD_SYSTEM_FUNC  -DWRF_USE_CLM -DUSE_NETCDF4_FEATURES -DWRFIO_NCD_LARGE_FILE_SUPPORT  -DDM_PARALLEL -DNETCDF -DLANDREAD_STUB=1 -DUSE_ALLOCATABLES -Dwrfmodel -DGRIB1 -DINTIO -DKEEP_INT_AROUND -DLIMIT_ARGS -DBUILD_RRTMG_FAST=0 -DBUILD_RRTMK=0 -DBUILD_SBM_FAST=1 -DSHOW_ALL_VARS_USED=0 -DCONFIG_BUF_LEN=65536 -DMAX_DOMAINS_F=21 -DMAX_HISTORY=25 -DNMM_NEST=0  -I. -traditional-cpp -DUSE_NETCDF4_FEATURES -DWRFIO_NCD_LARGE_FILE_SUPPORT  mradf3.F  > mradf3.f90
ifort -c -real-size 32 -i4  -ip -fp-model precise -w -ftz -align all -fno-alias -FR -convert big_endian   mradf3.f90
rm -f -f dsintb1.f90
/lib/cpp -P -nostdinc -DEM_CORE=1 -DNMM_CORE=0 -DNMM_MAX_DIM=2600 -DDA_CORE=0 -DWRFPLUS=0 -DIWORDSIZE=4 -DDWORDSIZE=8 -DRWORDSIZE=4 -DLWORDSIZE=4 -DNONSTANDARD_SYSTEM_FUNC  -DWRF_USE_CLM -DUSE_NETCDF4_FEATURES -DWRFIO_NCD_LARGE_FILE_SUPPORT  -DDM_PARALLEL -DNETCDF -DLANDREAD_STUB=1 -DUSE_ALLOCATABLES -Dwrfmodel -DGRIB1 -DINTIO -DKEEP_INT_AROUND -DLIMIT_ARGS -DBUILD_RRTMG_FAST=0 -DBUILD_RRTMK=0 -DBUILD_SBM_FAST=1 -DSHOW_ALL_VARS_USED=0 -DCONFIG_BUF_LEN=65536 -DMAX_DOMAINS_F=21 -DMAX_HISTORY=25 -DNMM_NEST=0  -I. -traditional-cpp -DUSE_NETCDF4_FEATURES -DWRFIO_NCD_LARGE_FILE_SUPPORT  r1f3kf.F  > r1f3kf.f90
ifort -c -real-size 32 -i4  -ip -fp-model precise -w -ftz -align all -fno-alias -FR -convert big_endian   r1f3kf.f90
rm -f -f mradf3.f90
/lib/cpp -P -nostdinc -DEM_CORE=1 -DNMM_CORE=0 -DNMM_MAX_DIM=2600 -DDA_CORE=0 -DWRFPLUS=0 -DIWORDSIZE=4 -DDWORDSIZE=8 -DRWORDSIZE=4 -DLWORDSIZE=4 -DNONSTANDARD_SYSTEM_FUNC  -DWRF_USE_CLM -DUSE_NETCDF4_FEATURES -DWRFIO_NCD_LARGE_FILE_SUPPORT  -DDM_PARALLEL -DNETCDF -DLANDREAD_STUB=1 -DUSE_ALLOCATABLES -Dwrfmodel -DGRIB1 -DINTIO -DKEEP_INT_AROUND -DLIMIT_ARGS -DBUILD_RRTMG_FAST=0 -DBUILD_RRTMK=0 -DBUILD_SBM_FAST=1 -DSHOW_ALL_VARS_USED=0 -DCONFIG_BUF_LEN=65536 -DMAX_DOMAINS_F=21 -DMAX_HISTORY=25 -DNMM_NEST=0  -I. -traditional-cpp -DUSE_NETCDF4_FEATURES -DWRFIO_NCD_LARGE_FILE_SUPPORT  r8_tables.F  > r8_tables.f90
ifort -c -real-size 32 -i4  -ip -fp-model precise -w -ftz -align all -fno-alias -FR -convert big_endian   r8_tables.f90
rm -f -f r1f3kf.f90
/lib/cpp -P -nostdinc -DEM_CORE=1 -DNMM_CORE=0 -DNMM_MAX_DIM=2600 -DDA_CORE=0 -DWRFPLUS=0 -DIWORDSIZE=4 -DDWORDSIZE=8 -DRWORDSIZE=4 -DLWORDSIZE=4 -DNONSTANDARD_SYSTEM_FUNC  -DWRF_USE_CLM -DUSE_NETCDF4_FEATURES -DWRFIO_NCD_LARGE_FILE_SUPPORT  -DDM_PARALLEL -DNETCDF -DLANDREAD_STUB=1 -DUSE_ALLOCATABLES -Dwrfmodel -DGRIB1 -DINTIO -DKEEP_INT_AROUND -DLIMIT_ARGS -DBUILD_RRTMG_FAST=0 -DBUILD_RRTMK=0 -DBUILD_SBM_FAST=1 -DSHOW_ALL_VARS_USED=0 -DCONFIG_BUF_LEN=65536 -DMAX_DOMAINS_F=21 -DMAX_HISTORY=25 -DNMM_NEST=0  -I. -traditional-cpp -DUSE_NETCDF4_FEATURES -DWRFIO_NCD_LARGE_FILE_SUPPORT  rfftmi.F  > rfftmi.f90
ifort -c -real-size 32 -i4  -ip -fp-model precise -w -ftz -align all -fno-alias -FR -convert big_endian   rfftmi.f90
rm -f -f r8_tables.f90
/lib/cpp -P -nostdinc -DEM_CORE=1 -DNMM_CORE=0 -DNMM_MAX_DIM=2600 -DDA_CORE=0 -DWRFPLUS=0 -DIWORDSIZE=4 -DDWORDSIZE=8 -DRWORDSIZE=4 -DLWORDSIZE=4 -DNONSTANDARD_SYSTEM_FUNC  -DWRF_USE_CLM -DUSE_NETCDF4_FEATURES -DWRFIO_NCD_LARGE_FILE_SUPPORT  -DDM_PARALLEL -DNETCDF -DLANDREAD_STUB=1 -DUSE_ALLOCATABLES -Dwrfmodel -DGRIB1 -DINTIO -DKEEP_INT_AROUND -DLIMIT_ARGS -DBUILD_RRTMG_FAST=0 -DBUILD_RRTMK=0 -DBUILD_SBM_FAST=1 -DSHOW_ALL_VARS_USED=0 -DCONFIG_BUF_LEN=65536 -DMAX_DOMAINS_F=21 -DMAX_HISTORY=25 -DNMM_NEST=0  -I. -traditional-cpp -DUSE_NETCDF4_FEATURES -DWRFIO_NCD_LARGE_FILE_SUPPORT  sintmb.F  > sintmb.f90
ifort -c -real-size 32 -i4  -ip -fp-model precise -w -ftz -align all -fno-alias -FR -convert big_endian   sintmb.f90
rm -f -f rfftmi.f90
/lib/cpp -P -nostdinc -DEM_CORE=1 -DNMM_CORE=0 -DNMM_MAX_DIM=2600 -DDA_CORE=0 -DWRFPLUS=0 -DIWORDSIZE=4 -DDWORDSIZE=8 -DRWORDSIZE=4 -DLWORDSIZE=4 -DNONSTANDARD_SYSTEM_FUNC  -DWRF_USE_CLM -DUSE_NETCDF4_FEATURES -DWRFIO_NCD_LARGE_FILE_SUPPORT  -DDM_PARALLEL -DNETCDF -DLANDREAD_STUB=1 -DUSE_ALLOCATABLES -Dwrfmodel -DGRIB1 -DINTIO -DKEEP_INT_AROUND -DLIMIT_ARGS -DBUILD_RRTMG_FAST=0 -DBUILD_RRTMK=0 -DBUILD_SBM_FAST=1 -DSHOW_ALL_VARS_USED=0 -DCONFIG_BUF_LEN=65536 -DMAX_DOMAINS_F=21 -DMAX_HISTORY=25 -DNMM_NEST=0  -I. -traditional-cpp -DUSE_NETCDF4_FEATURES -DWRFIO_NCD_LARGE_FILE_SUPPORT  z1f5kf.F  > z1f5kf.f90
ifort -c -real-size 32 -i4  -ip -fp-model precise -w -ftz -align all -fno-alias -FR -convert big_endian   z1f5kf.f90
rm -f -f sintmb.f90
/lib/cpp -P -nostdinc -DEM_CORE=1 -DNMM_CORE=0 -DNMM_MAX_DIM=2600 -DDA_CORE=0 -DWRFPLUS=0 -DIWORDSIZE=4 -DDWORDSIZE=8 -DRWORDSIZE=4 -DLWORDSIZE=4 -DNONSTANDARD_SYSTEM_FUNC  -DWRF_USE_CLM -DUSE_NETCDF4_FEATURES -DWRFIO_NCD_LARGE_FILE_SUPPORT  -DDM_PARALLEL -DNETCDF -DLANDREAD_STUB=1 -DUSE_ALLOCATABLES -Dwrfmodel -DGRIB1 -DINTIO -DKEEP_INT_AROUND -DLIMIT_ARGS -DBUILD_RRTMG_FAST=0 -DBUILD_RRTMK=0 -DBUILD_SBM_FAST=1 -DSHOW_ALL_VARS_USED=0 -DCONFIG_BUF_LEN=65536 -DMAX_DOMAINS_F=21 -DMAX_HISTORY=25 -DNMM_NEST=0  -I. -traditional-cpp -DUSE_NETCDF4_FEATURES -DWRFIO_NCD_LARGE_FILE_SUPPORT  zfftmf.F  > zfftmf.f90
ifort -c -real-size 32 -i4  -ip -fp-model precise -w -ftz -align all -fno-alias -FR -convert big_endian   zfftmf.f90
rm -f -f zfftmf.f90
/lib/cpp -P -nostdinc -DEM_CORE=1 -DNMM_CORE=0 -DNMM_MAX_DIM=2600 -DDA_CORE=0 -DWRFPLUS=0 -DIWORDSIZE=4 -DDWORDSIZE=8 -DRWORDSIZE=4 -DLWORDSIZE=4 -DNONSTANDARD_SYSTEM_FUNC  -DWRF_USE_CLM -DUSE_NETCDF4_FEATURES -DWRFIO_NCD_LARGE_FILE_SUPPORT  -DDM_PARALLEL -DNETCDF -DLANDREAD_STUB=1 -DUSE_ALLOCATABLES -Dwrfmodel -DGRIB1 -DINTIO -DKEEP_INT_AROUND -DLIMIT_ARGS -DBUILD_RRTMG_FAST=0 -DBUILD_RRTMK=0 -DBUILD_SBM_FAST=1 -DSHOW_ALL_VARS_USED=0 -DCONFIG_BUF_LEN=65536 -DMAX_DOMAINS_F=21 -DMAX_HISTORY=25 -DNMM_NEST=0  -I. -traditional-cpp -DUSE_NETCDF4_FEATURES -DWRFIO_NCD_LARGE_FILE_SUPPORT  zmfm1b.F  > zmfm1b.f90
ifort -c -real-size 32 -i4  -ip -fp-model precise -w -ftz -align all -fno-alias -FR -convert big_endian   zmfm1b.f90
rm -f -f z1f5kf.f90
/lib/cpp -P -nostdinc -DEM_CORE=1 -DNMM_CORE=0 -DNMM_MAX_DIM=2600 -DDA_CORE=0 -DWRFPLUS=0 -DIWORDSIZE=4 -DDWORDSIZE=8 -DRWORDSIZE=4 -DLWORDSIZE=4 -DNONSTANDARD_SYSTEM_FUNC  -DWRF_USE_CLM -DUSE_NETCDF4_FEATURES -DWRFIO_NCD_LARGE_FILE_SUPPORT  -DDM_PARALLEL -DNETCDF -DLANDREAD_STUB=1 -DUSE_ALLOCATABLES -Dwrfmodel -DGRIB1 -DINTIO -DKEEP_INT_AROUND -DLIMIT_ARGS -DBUILD_RRTMG_FAST=0 -DBUILD_RRTMK=0 -DBUILD_SBM_FAST=1 -DSHOW_ALL_VARS_USED=0 -DCONFIG_BUF_LEN=65536 -DMAX_DOMAINS_F=21 -DMAX_HISTORY=25 -DNMM_NEST=0  -I. -traditional-cpp -DUSE_NETCDF4_FEATURES -DWRFIO_NCD_LARGE_FILE_SUPPORT  c1f5kf.F  > c1f5kf.f90
ifort -c -real-size 32 -i4  -ip -fp-model precise -w -ftz -align all -fno-alias -FR -convert big_endian   c1f5kf.f90
rm -f -f zmfm1b.f90
/lib/cpp -P -nostdinc -DEM_CORE=1 -DNMM_CORE=0 -DNMM_MAX_DIM=2600 -DDA_CORE=0 -DWRFPLUS=0 -DIWORDSIZE=4 -DDWORDSIZE=8 -DRWORDSIZE=4 -DLWORDSIZE=4 -DNONSTANDARD_SYSTEM_FUNC  -DWRF_USE_CLM -DUSE_NETCDF4_FEATURES -DWRFIO_NCD_LARGE_FILE_SUPPORT  -DDM_PARALLEL -DNETCDF -DLANDREAD_STUB=1 -DUSE_ALLOCATABLES -Dwrfmodel -DGRIB1 -DINTIO -DKEEP_INT_AROUND -DLIMIT_ARGS -DBUILD_RRTMG_FAST=0 -DBUILD_RRTMK=0 -DBUILD_SBM_FAST=1 -DSHOW_ALL_VARS_USED=0 -DCONFIG_BUF_LEN=65536 -DMAX_DOMAINS_F=21 -DMAX_HISTORY=25 -DNMM_NEST=0  -I. -traditional-cpp -DUSE_NETCDF4_FEATURES -DWRFIO_NCD_LARGE_FILE_SUPPORT  cfftmf.F  > cfftmf.f90
ifort -c -real-size 32 -i4  -ip -fp-model precise -w -ftz -align all -fno-alias -FR -convert big_endian   cfftmf.f90
rm -f -f cfftmf.f90
/lib/cpp -P -nostdinc -DEM_CORE=1 -DNMM_CORE=0 -DNMM_MAX_DIM=2600 -DDA_CORE=0 -DWRFPLUS=0 -DIWORDSIZE=4 -DDWORDSIZE=8 -DRWORDSIZE=4 -DLWORDSIZE=4 -DNONSTANDARD_SYSTEM_FUNC  -DWRF_USE_CLM -DUSE_NETCDF4_FEATURES -DWRFIO_NCD_LARGE_FILE_SUPPORT  -DDM_PARALLEL -DNETCDF -DLANDREAD_STUB=1 -DUSE_ALLOCATABLES -Dwrfmodel -DGRIB1 -DINTIO -DKEEP_INT_AROUND -DLIMIT_ARGS -DBUILD_RRTMG_FAST=0 -DBUILD_RRTMK=0 -DBUILD_SBM_FAST=1 -DSHOW_ALL_VARS_USED=0 -DCONFIG_BUF_LEN=65536 -DMAX_DOMAINS_F=21 -DMAX_HISTORY=25 -DNMM_NEST=0  -I. -traditional-cpp -DUSE_NETCDF4_FEATURES -DWRFIO_NCD_LARGE_FILE_SUPPORT  cmfm1b.F  > cmfm1b.f90
rm -f -f c1f5kf.f90
/lib/cpp -P -nostdinc -DEM_CORE=1 -DNMM_CORE=0 -DNMM_MAX_DIM=2600 -DDA_CORE=0 -DWRFPLUS=0 -DIWORDSIZE=4 -DDWORDSIZE=8 -DRWORDSIZE=4 -DLWORDSIZE=4 -DNONSTANDARD_SYSTEM_FUNC  -DWRF_USE_CLM -DUSE_NETCDF4_FEATURES -DWRFIO_NCD_LARGE_FILE_SUPPORT  -DDM_PARALLEL -DNETCDF -DLANDREAD_STUB=1 -DUSE_ALLOCATABLES -Dwrfmodel -DGRIB1 -DINTIO -DKEEP_INT_AROUND -DLIMIT_ARGS -DBUILD_RRTMG_FAST=0 -DBUILD_RRTMK=0 -DBUILD_SBM_FAST=1 -DSHOW_ALL_VARS_USED=0 -DCONFIG_BUF_LEN=65536 -DMAX_DOMAINS_F=21 -DMAX_HISTORY=25 -DNMM_NEST=0  -I. -traditional-cpp -DUSE_NETCDF4_FEATURES -DWRFIO_NCD_LARGE_FILE_SUPPORT  cost1i.F  > cost1i.f90
ifort -c -real-size 32 -i4  -ip -fp-model precise -w -ftz -align all -fno-alias -FR -convert big_endian   cmfm1b.f90
ifort -c -real-size 32 -i4  -ip -fp-model precise -w -ftz -align all -fno-alias -FR -convert big_endian   cost1i.f90
rm -f -f cost1i.f90
/lib/cpp -P -nostdinc -DEM_CORE=1 -DNMM_CORE=0 -DNMM_MAX_DIM=2600 -DDA_CORE=0 -DWRFPLUS=0 -DIWORDSIZE=4 -DDWORDSIZE=8 -DRWORDSIZE=4 -DLWORDSIZE=4 -DNONSTANDARD_SYSTEM_FUNC  -DWRF_USE_CLM -DUSE_NETCDF4_FEATURES -DWRFIO_NCD_LARGE_FILE_SUPPORT  -DDM_PARALLEL -DNETCDF -DLANDREAD_STUB=1 -DUSE_ALLOCATABLES -Dwrfmodel -DGRIB1 -DINTIO -DKEEP_INT_AROUND -DLIMIT_ARGS -DBUILD_RRTMG_FAST=0 -DBUILD_RRTMK=0 -DBUILD_SBM_FAST=1 -DSHOW_ALL_VARS_USED=0 -DCONFIG_BUF_LEN=65536 -DMAX_DOMAINS_F=21 -DMAX_HISTORY=25 -DNMM_NEST=0  -I. -traditional-cpp -DUSE_NETCDF4_FEATURES -DWRFIO_NCD_LARGE_FILE_SUPPORT  d1f5kb.F  > d1f5kb.f90
rm -f -f cmfm1b.f90
/lib/cpp -P -nostdinc -DEM_CORE=1 -DNMM_CORE=0 -DNMM_MAX_DIM=2600 -DDA_CORE=0 -DWRFPLUS=0 -DIWORDSIZE=4 -DDWORDSIZE=8 -DRWORDSIZE=4 -DLWORDSIZE=4 -DNONSTANDARD_SYSTEM_FUNC  -DWRF_USE_CLM -DUSE_NETCDF4_FEATURES -DWRFIO_NCD_LARGE_FILE_SUPPORT  -DDM_PARALLEL -DNETCDF -DLANDREAD_STUB=1 -DUSE_ALLOCATABLES -Dwrfmodel -DGRIB1 -DINTIO -DKEEP_INT_AROUND -DLIMIT_ARGS -DBUILD_RRTMG_FAST=0 -DBUILD_RRTMK=0 -DBUILD_SBM_FAST=1 -DSHOW_ALL_VARS_USED=0 -DCONFIG_BUF_LEN=65536 -DMAX_DOMAINS_F=21 -DMAX_HISTORY=25 -DNMM_NEST=0  -I. -traditional-cpp -DUSE_NETCDF4_FEATURES -DWRFIO_NCD_LARGE_FILE_SUPPORT  dcostb1.F  > dcostb1.f90
ifort -c -real-size 32 -i4  -ip -fp-model precise -w -ftz -align all -fno-alias -FR -convert big_endian   d1f5kb.f90
ifort -c -real-size 32 -i4  -ip -fp-model precise -w -ftz -align all -fno-alias -FR -convert big_endian   dcostb1.f90
rm -f -f dcostb1.f90
/lib/cpp -P -nostdinc -DEM_CORE=1 -DNMM_CORE=0 -DNMM_MAX_DIM=2600 -DDA_CORE=0 -DWRFPLUS=0 -DIWORDSIZE=4 -DDWORDSIZE=8 -DRWORDSIZE=4 -DLWORDSIZE=4 -DNONSTANDARD_SYSTEM_FUNC  -DWRF_USE_CLM -DUSE_NETCDF4_FEATURES -DWRFIO_NCD_LARGE_FILE_SUPPORT  -DDM_PARALLEL -DNETCDF -DLANDREAD_STUB=1 -DUSE_ALLOCATABLES -Dwrfmodel -DGRIB1 -DINTIO -DKEEP_INT_AROUND -DLIMIT_ARGS -DBUILD_RRTMG_FAST=0 -DBUILD_RRTMK=0 -DBUILD_SBM_FAST=1 -DSHOW_ALL_VARS_USED=0 -DCONFIG_BUF_LEN=65536 -DMAX_DOMAINS_F=21 -DMAX_HISTORY=25 -DNMM_NEST=0  -I. -traditional-cpp -DUSE_NETCDF4_FEATURES -DWRFIO_NCD_LARGE_FILE_SUPPORT  dsintf1.F  > dsintf1.f90
ifort -c -real-size 32 -i4  -ip -fp-model precise -w -ftz -align all -fno-alias -FR -convert big_endian   dsintf1.f90
rm -f -f d1f5kb.f90
/lib/cpp -P -nostdinc -DEM_CORE=1 -DNMM_CORE=0 -DNMM_MAX_DIM=2600 -DDA_CORE=0 -DWRFPLUS=0 -DIWORDSIZE=4 -DDWORDSIZE=8 -DRWORDSIZE=4 -DLWORDSIZE=4 -DNONSTANDARD_SYSTEM_FUNC  -DWRF_USE_CLM -DUSE_NETCDF4_FEATURES -DWRFIO_NCD_LARGE_FILE_SUPPORT  -DDM_PARALLEL -DNETCDF -DLANDREAD_STUB=1 -DUSE_ALLOCATABLES -Dwrfmodel -DGRIB1 -DINTIO -DKEEP_INT_AROUND -DLIMIT_ARGS -DBUILD_RRTMG_FAST=0 -DBUILD_RRTMK=0 -DBUILD_SBM_FAST=1 -DSHOW_ALL_VARS_USED=0 -DCONFIG_BUF_LEN=65536 -DMAX_DOMAINS_F=21 -DMAX_HISTORY=25 -DNMM_NEST=0  -I. -traditional-cpp -DUSE_NETCDF4_FEATURES -DWRFIO_NCD_LARGE_FILE_SUPPORT  mradf4.F  > mradf4.f90
ifort -c -real-size 32 -i4  -ip -fp-model precise -w -ftz -align all -fno-alias -FR -convert big_endian   mradf4.f90
rm -f -f dsintf1.f90
/lib/cpp -P -nostdinc -DEM_CORE=1 -DNMM_CORE=0 -DNMM_MAX_DIM=2600 -DDA_CORE=0 -DWRFPLUS=0 -DIWORDSIZE=4 -DDWORDSIZE=8 -DRWORDSIZE=4 -DLWORDSIZE=4 -DNONSTANDARD_SYSTEM_FUNC  -DWRF_USE_CLM -DUSE_NETCDF4_FEATURES -DWRFIO_NCD_LARGE_FILE_SUPPORT  -DDM_PARALLEL -DNETCDF -DLANDREAD_STUB=1 -DUSE_ALLOCATABLES -Dwrfmodel -DGRIB1 -DINTIO -DKEEP_INT_AROUND -DLIMIT_ARGS -DBUILD_RRTMG_FAST=0 -DBUILD_RRTMK=0 -DBUILD_SBM_FAST=1 -DSHOW_ALL_VARS_USED=0 -DCONFIG_BUF_LEN=65536 -DMAX_DOMAINS_F=21 -DMAX_HISTORY=25 -DNMM_NEST=0  -I. -traditional-cpp -DUSE_NETCDF4_FEATURES -DWRFIO_NCD_LARGE_FILE_SUPPORT  r1f4kb.F  > r1f4kb.f90
ifort -c -real-size 32 -i4  -ip -fp-model precise -w -ftz -align all -fno-alias -FR -convert big_endian   r1f4kb.f90
rm -f -f mradf4.f90
/lib/cpp -P -nostdinc -DEM_CORE=1 -DNMM_CORE=0 -DNMM_MAX_DIM=2600 -DDA_CORE=0 -DWRFPLUS=0 -DIWORDSIZE=4 -DDWORDSIZE=8 -DRWORDSIZE=4 -DLWORDSIZE=4 -DNONSTANDARD_SYSTEM_FUNC  -DWRF_USE_CLM -DUSE_NETCDF4_FEATURES -DWRFIO_NCD_LARGE_FILE_SUPPORT  -DDM_PARALLEL -DNETCDF -DLANDREAD_STUB=1 -DUSE_ALLOCATABLES -Dwrfmodel -DGRIB1 -DINTIO -DKEEP_INT_AROUND -DLIMIT_ARGS -DBUILD_RRTMG_FAST=0 -DBUILD_RRTMK=0 -DBUILD_SBM_FAST=1 -DSHOW_ALL_VARS_USED=0 -DCONFIG_BUF_LEN=65536 -DMAX_DOMAINS_F=21 -DMAX_HISTORY=25 -DNMM_NEST=0  -I. -traditional-cpp -DUSE_NETCDF4_FEATURES -DWRFIO_NCD_LARGE_FILE_SUPPORT  rfft1b.F  > rfft1b.f90
ifort -c -real-size 32 -i4  -ip -fp-model precise -w -ftz -align all -fno-alias -FR -convert big_endian   rfft1b.f90
rm -f -f r1f4kb.f90
/lib/cpp -P -nostdinc -DEM_CORE=1 -DNMM_CORE=0 -DNMM_MAX_DIM=2600 -DDA_CORE=0 -DWRFPLUS=0 -DIWORDSIZE=4 -DDWORDSIZE=8 -DRWORDSIZE=4 -DLWORDSIZE=4 -DNONSTANDARD_SYSTEM_FUNC  -DWRF_USE_CLM -DUSE_NETCDF4_FEATURES -DWRFIO_NCD_LARGE_FILE_SUPPORT  -DDM_PARALLEL -DNETCDF -DLANDREAD_STUB=1 -DUSE_ALLOCATABLES -Dwrfmodel -DGRIB1 -DINTIO -DKEEP_INT_AROUND -DLIMIT_ARGS -DBUILD_RRTMG_FAST=0 -DBUILD_RRTMK=0 -DBUILD_SBM_FAST=1 -DSHOW_ALL_VARS_USED=0 -DCONFIG_BUF_LEN=65536 -DMAX_DOMAINS_F=21 -DMAX_HISTORY=25 -DNMM_NEST=0  -I. -traditional-cpp -DUSE_NETCDF4_FEATURES -DWRFIO_NCD_LARGE_FILE_SUPPORT  sinq1b.F  > sinq1b.f90
ifort -c -real-size 32 -i4  -ip -fp-model precise -w -ftz -align all -fno-alias -FR -convert big_endian   sinq1b.f90
rm -f -f rfft1b.f90
/lib/cpp -P -nostdinc -DEM_CORE=1 -DNMM_CORE=0 -DNMM_MAX_DIM=2600 -DDA_CORE=0 -DWRFPLUS=0 -DIWORDSIZE=4 -DDWORDSIZE=8 -DRWORDSIZE=4 -DLWORDSIZE=4 -DNONSTANDARD_SYSTEM_FUNC  -DWRF_USE_CLM -DUSE_NETCDF4_FEATURES -DWRFIO_NCD_LARGE_FILE_SUPPORT  -DDM_PARALLEL -DNETCDF -DLANDREAD_STUB=1 -DUSE_ALLOCATABLES -Dwrfmodel -DGRIB1 -DINTIO -DKEEP_INT_AROUND -DLIMIT_ARGS -DBUILD_RRTMG_FAST=0 -DBUILD_RRTMK=0 -DBUILD_SBM_FAST=1 -DSHOW_ALL_VARS_USED=0 -DCONFIG_BUF_LEN=65536 -DMAX_DOMAINS_F=21 -DMAX_HISTORY=25 -DNMM_NEST=0  -I. -traditional-cpp -DUSE_NETCDF4_FEATURES -DWRFIO_NCD_LARGE_FILE_SUPPORT  sintmf.F  > sintmf.f90
ifort -c -real-size 32 -i4  -ip -fp-model precise -w -ftz -align all -fno-alias -FR -convert big_endian   sintmf.f90
rm -f -f sinq1b.f90
/lib/cpp -P -nostdinc -DEM_CORE=1 -DNMM_CORE=0 -DNMM_MAX_DIM=2600 -DDA_CORE=0 -DWRFPLUS=0 -DIWORDSIZE=4 -DDWORDSIZE=8 -DRWORDSIZE=4 -DLWORDSIZE=4 -DNONSTANDARD_SYSTEM_FUNC  -DWRF_USE_CLM -DUSE_NETCDF4_FEATURES -DWRFIO_NCD_LARGE_FILE_SUPPORT  -DDM_PARALLEL -DNETCDF -DLANDREAD_STUB=1 -DUSE_ALLOCATABLES -Dwrfmodel -DGRIB1 -DINTIO -DKEEP_INT_AROUND -DLIMIT_ARGS -DBUILD_RRTMG_FAST=0 -DBUILD_RRTMK=0 -DBUILD_SBM_FAST=1 -DSHOW_ALL_VARS_USED=0 -DCONFIG_BUF_LEN=65536 -DMAX_DOMAINS_F=21 -DMAX_HISTORY=25 -DNMM_NEST=0  -I. -traditional-cpp -DUSE_NETCDF4_FEATURES -DWRFIO_NCD_LARGE_FILE_SUPPORT  z1fgkb.F  > z1fgkb.f90
ifort -c -real-size 32 -i4  -ip -fp-model precise -w -ftz -align all -fno-alias -FR -convert big_endian   z1fgkb.f90
rm -f -f sintmf.f90
/lib/cpp -P -nostdinc -DEM_CORE=1 -DNMM_CORE=0 -DNMM_MAX_DIM=2600 -DDA_CORE=0 -DWRFPLUS=0 -DIWORDSIZE=4 -DDWORDSIZE=8 -DRWORDSIZE=4 -DLWORDSIZE=4 -DNONSTANDARD_SYSTEM_FUNC  -DWRF_USE_CLM -DUSE_NETCDF4_FEATURES -DWRFIO_NCD_LARGE_FILE_SUPPORT  -DDM_PARALLEL -DNETCDF -DLANDREAD_STUB=1 -DUSE_ALLOCATABLES -Dwrfmodel -DGRIB1 -DINTIO -DKEEP_INT_AROUND -DLIMIT_ARGS -DBUILD_RRTMG_FAST=0 -DBUILD_RRTMK=0 -DBUILD_SBM_FAST=1 -DSHOW_ALL_VARS_USED=0 -DCONFIG_BUF_LEN=65536 -DMAX_DOMAINS_F=21 -DMAX_HISTORY=25 -DNMM_NEST=0  -I. -traditional-cpp -DUSE_NETCDF4_FEATURES -DWRFIO_NCD_LARGE_FILE_SUPPORT  zfftmi.F  > zfftmi.f90
ifort -c -real-size 32 -i4  -ip -fp-model precise -w -ftz -align all -fno-alias -FR -convert big_endian   zfftmi.f90
rm -f -f zfftmi.f90
/lib/cpp -P -nostdinc -DEM_CORE=1 -DNMM_CORE=0 -DNMM_MAX_DIM=2600 -DDA_CORE=0 -DWRFPLUS=0 -DIWORDSIZE=4 -DDWORDSIZE=8 -DRWORDSIZE=4 -DLWORDSIZE=4 -DNONSTANDARD_SYSTEM_FUNC  -DWRF_USE_CLM -DUSE_NETCDF4_FEATURES -DWRFIO_NCD_LARGE_FILE_SUPPORT  -DDM_PARALLEL -DNETCDF -DLANDREAD_STUB=1 -DUSE_ALLOCATABLES -Dwrfmodel -DGRIB1 -DINTIO -DKEEP_INT_AROUND -DLIMIT_ARGS -DBUILD_RRTMG_FAST=0 -DBUILD_RRTMK=0 -DBUILD_SBM_FAST=1 -DSHOW_ALL_VARS_USED=0 -DCONFIG_BUF_LEN=65536 -DMAX_DOMAINS_F=21 -DMAX_HISTORY=25 -DNMM_NEST=0  -I. -traditional-cpp -DUSE_NETCDF4_FEATURES -DWRFIO_NCD_LARGE_FILE_SUPPORT  zmfm1f.F  > zmfm1f.f90
ifort -c -real-size 32 -i4  -ip -fp-model precise -w -ftz -align all -fno-alias -FR -convert big_endian   zmfm1f.f90
rm -f -f z1fgkb.f90
/lib/cpp -P -nostdinc -DEM_CORE=1 -DNMM_CORE=0 -DNMM_MAX_DIM=2600 -DDA_CORE=0 -DWRFPLUS=0 -DIWORDSIZE=4 -DDWORDSIZE=8 -DRWORDSIZE=4 -DLWORDSIZE=4 -DNONSTANDARD_SYSTEM_FUNC  -DWRF_USE_CLM -DUSE_NETCDF4_FEATURES -DWRFIO_NCD_LARGE_FILE_SUPPORT  -DDM_PARALLEL -DNETCDF -DLANDREAD_STUB=1 -DUSE_ALLOCATABLES -Dwrfmodel -DGRIB1 -DINTIO -DKEEP_INT_AROUND -DLIMIT_ARGS -DBUILD_RRTMG_FAST=0 -DBUILD_RRTMK=0 -DBUILD_SBM_FAST=1 -DSHOW_ALL_VARS_USED=0 -DCONFIG_BUF_LEN=65536 -DMAX_DOMAINS_F=21 -DMAX_HISTORY=25 -DNMM_NEST=0  -I. -traditional-cpp -DUSE_NETCDF4_FEATURES -DWRFIO_NCD_LARGE_FILE_SUPPORT  c1fgkb.F  > c1fgkb.f90
ifort -c -real-size 32 -i4  -ip -fp-model precise -w -ftz -align all -fno-alias -FR -convert big_endian   c1fgkb.f90
rm -f -f zmfm1f.f90
/lib/cpp -P -nostdinc -DEM_CORE=1 -DNMM_CORE=0 -DNMM_MAX_DIM=2600 -DDA_CORE=0 -DWRFPLUS=0 -DIWORDSIZE=4 -DDWORDSIZE=8 -DRWORDSIZE=4 -DLWORDSIZE=4 -DNONSTANDARD_SYSTEM_FUNC  -DWRF_USE_CLM -DUSE_NETCDF4_FEATURES -DWRFIO_NCD_LARGE_FILE_SUPPORT  -DDM_PARALLEL -DNETCDF -DLANDREAD_STUB=1 -DUSE_ALLOCATABLES -Dwrfmodel -DGRIB1 -DINTIO -DKEEP_INT_AROUND -DLIMIT_ARGS -DBUILD_RRTMG_FAST=0 -DBUILD_RRTMK=0 -DBUILD_SBM_FAST=1 -DSHOW_ALL_VARS_USED=0 -DCONFIG_BUF_LEN=65536 -DMAX_DOMAINS_F=21 -DMAX_HISTORY=25 -DNMM_NEST=0  -I. -traditional-cpp -DUSE_NETCDF4_FEATURES -DWRFIO_NCD_LARGE_FILE_SUPPORT  cfftmi.F  > cfftmi.f90
ifort -c -real-size 32 -i4  -ip -fp-model precise -w -ftz -align all -fno-alias -FR -convert big_endian   cfftmi.f90
rm -f -f c1fgkb.f90
/lib/cpp -P -nostdinc -DEM_CORE=1 -DNMM_CORE=0 -DNMM_MAX_DIM=2600 -DDA_CORE=0 -DWRFPLUS=0 -DIWORDSIZE=4 -DDWORDSIZE=8 -DRWORDSIZE=4 -DLWORDSIZE=4 -DNONSTANDARD_SYSTEM_FUNC  -DWRF_USE_CLM -DUSE_NETCDF4_FEATURES -DWRFIO_NCD_LARGE_FILE_SUPPORT  -DDM_PARALLEL -DNETCDF -DLANDREAD_STUB=1 -DUSE_ALLOCATABLES -Dwrfmodel -DGRIB1 -DINTIO -DKEEP_INT_AROUND -DLIMIT_ARGS -DBUILD_RRTMG_FAST=0 -DBUILD_RRTMK=0 -DBUILD_SBM_FAST=1 -DSHOW_ALL_VARS_USED=0 -DCONFIG_BUF_LEN=65536 -DMAX_DOMAINS_F=21 -DMAX_HISTORY=25 -DNMM_NEST=0  -I. -traditional-cpp -DUSE_NETCDF4_FEATURES -DWRFIO_NCD_LARGE_FILE_SUPPORT  cmfm1f.F  > cmfm1f.f90
ifort -c -real-size 32 -i4  -ip -fp-model precise -w -ftz -align all -fno-alias -FR -convert big_endian   cmfm1f.f90
rm -f -f cfftmi.f90
/lib/cpp -P -nostdinc -DEM_CORE=1 -DNMM_CORE=0 -DNMM_MAX_DIM=2600 -DDA_CORE=0 -DWRFPLUS=0 -DIWORDSIZE=4 -DDWORDSIZE=8 -DRWORDSIZE=4 -DLWORDSIZE=4 -DNONSTANDARD_SYSTEM_FUNC  -DWRF_USE_CLM -DUSE_NETCDF4_FEATURES -DWRFIO_NCD_LARGE_FILE_SUPPORT  -DDM_PARALLEL -DNETCDF -DLANDREAD_STUB=1 -DUSE_ALLOCATABLES -Dwrfmodel -DGRIB1 -DINTIO -DKEEP_INT_AROUND -DLIMIT_ARGS -DBUILD_RRTMG_FAST=0 -DBUILD_RRTMK=0 -DBUILD_SBM_FAST=1 -DSHOW_ALL_VARS_USED=0 -DCONFIG_BUF_LEN=65536 -DMAX_DOMAINS_F=21 -DMAX_HISTORY=25 -DNMM_NEST=0  -I. -traditional-cpp -DUSE_NETCDF4_FEATURES -DWRFIO_NCD_LARGE_FILE_SUPPORT  costb1.F  > costb1.f90
ifort -c -real-size 32 -i4  -ip -fp-model precise -w -ftz -align all -fno-alias -FR -convert big_endian   costb1.f90
rm -f -f cmfm1f.f90
/lib/cpp -P -nostdinc -DEM_CORE=1 -DNMM_CORE=0 -DNMM_MAX_DIM=2600 -DDA_CORE=0 -DWRFPLUS=0 -DIWORDSIZE=4 -DDWORDSIZE=8 -DRWORDSIZE=4 -DLWORDSIZE=4 -DNONSTANDARD_SYSTEM_FUNC  -DWRF_USE_CLM -DUSE_NETCDF4_FEATURES -DWRFIO_NCD_LARGE_FILE_SUPPORT  -DDM_PARALLEL -DNETCDF -DLANDREAD_STUB=1 -DUSE_ALLOCATABLES -Dwrfmodel -DGRIB1 -DINTIO -DKEEP_INT_AROUND -DLIMIT_ARGS -DBUILD_RRTMG_FAST=0 -DBUILD_RRTMK=0 -DBUILD_SBM_FAST=1 -DSHOW_ALL_VARS_USED=0 -DCONFIG_BUF_LEN=65536 -DMAX_DOMAINS_F=21 -DMAX_HISTORY=25 -DNMM_NEST=0  -I. -traditional-cpp -DUSE_NETCDF4_FEATURES -DWRFIO_NCD_LARGE_FILE_SUPPORT  d1f5kf.F  > d1f5kf.f90
ifort -c -real-size 32 -i4  -ip -fp-model precise -w -ftz -align all -fno-alias -FR -convert big_endian   d1f5kf.f90
rm -f -f costb1.f90
/lib/cpp -P -nostdinc -DEM_CORE=1 -DNMM_CORE=0 -DNMM_MAX_DIM=2600 -DDA_CORE=0 -DWRFPLUS=0 -DIWORDSIZE=4 -DDWORDSIZE=8 -DRWORDSIZE=4 -DLWORDSIZE=4 -DNONSTANDARD_SYSTEM_FUNC  -DWRF_USE_CLM -DUSE_NETCDF4_FEATURES -DWRFIO_NCD_LARGE_FILE_SUPPORT  -DDM_PARALLEL -DNETCDF -DLANDREAD_STUB=1 -DUSE_ALLOCATABLES -Dwrfmodel -DGRIB1 -DINTIO -DKEEP_INT_AROUND -DLIMIT_ARGS -DBUILD_RRTMG_FAST=0 -DBUILD_RRTMK=0 -DBUILD_SBM_FAST=1 -DSHOW_ALL_VARS_USED=0 -DCONFIG_BUF_LEN=65536 -DMAX_DOMAINS_F=21 -DMAX_HISTORY=25 -DNMM_NEST=0  -I. -traditional-cpp -DUSE_NETCDF4_FEATURES -DWRFIO_NCD_LARGE_FILE_SUPPORT  dcostf1.F  > dcostf1.f90
ifort -c -real-size 32 -i4  -ip -fp-model precise -w -ftz -align all -fno-alias -FR -convert big_endian   dcostf1.f90
rm -f -f dcostf1.f90
/lib/cpp -P -nostdinc -DEM_CORE=1 -DNMM_CORE=0 -DNMM_MAX_DIM=2600 -DDA_CORE=0 -DWRFPLUS=0 -DIWORDSIZE=4 -DDWORDSIZE=8 -DRWORDSIZE=4 -DLWORDSIZE=4 -DNONSTANDARD_SYSTEM_FUNC  -DWRF_USE_CLM -DUSE_NETCDF4_FEATURES -DWRFIO_NCD_LARGE_FILE_SUPPORT  -DDM_PARALLEL -DNETCDF -DLANDREAD_STUB=1 -DUSE_ALLOCATABLES -Dwrfmodel -DGRIB1 -DINTIO -DKEEP_INT_AROUND -DLIMIT_ARGS -DBUILD_RRTMG_FAST=0 -DBUILD_RRTMK=0 -DBUILD_SBM_FAST=1 -DSHOW_ALL_VARS_USED=0 -DCONFIG_BUF_LEN=65536 -DMAX_DOMAINS_F=21 -DMAX_HISTORY=25 -DNMM_NEST=0  -I. -traditional-cpp -DUSE_NETCDF4_FEATURES -DWRFIO_NCD_LARGE_FILE_SUPPORT  mcsqb1.F  > mcsqb1.f90
ifort -c -real-size 32 -i4  -ip -fp-model precise -w -ftz -align all -fno-alias -FR -convert big_endian   mcsqb1.f90
rm -f -f mcsqb1.f90
/lib/cpp -P -nostdinc -DEM_CORE=1 -DNMM_CORE=0 -DNMM_MAX_DIM=2600 -DDA_CORE=0 -DWRFPLUS=0 -DIWORDSIZE=4 -DDWORDSIZE=8 -DRWORDSIZE=4 -DLWORDSIZE=4 -DNONSTANDARD_SYSTEM_FUNC  -DWRF_USE_CLM -DUSE_NETCDF4_FEATURES -DWRFIO_NCD_LARGE_FILE_SUPPORT  -DDM_PARALLEL -DNETCDF -DLANDREAD_STUB=1 -DUSE_ALLOCATABLES -Dwrfmodel -DGRIB1 -DINTIO -DKEEP_INT_AROUND -DLIMIT_ARGS -DBUILD_RRTMG_FAST=0 -DBUILD_RRTMK=0 -DBUILD_SBM_FAST=1 -DSHOW_ALL_VARS_USED=0 -DCONFIG_BUF_LEN=65536 -DMAX_DOMAINS_F=21 -DMAX_HISTORY=25 -DNMM_NEST=0  -I. -traditional-cpp -DUSE_NETCDF4_FEATURES -DWRFIO_NCD_LARGE_FILE_SUPPORT  mradf5.F  > mradf5.f90
ifort -c -real-size 32 -i4  -ip -fp-model precise -w -ftz -align all -fno-alias -FR -convert big_endian   mradf5.f90
rm -f -f d1f5kf.f90
/lib/cpp -P -nostdinc -DEM_CORE=1 -DNMM_CORE=0 -DNMM_MAX_DIM=2600 -DDA_CORE=0 -DWRFPLUS=0 -DIWORDSIZE=4 -DDWORDSIZE=8 -DRWORDSIZE=4 -DLWORDSIZE=4 -DNONSTANDARD_SYSTEM_FUNC  -DWRF_USE_CLM -DUSE_NETCDF4_FEATURES -DWRFIO_NCD_LARGE_FILE_SUPPORT  -DDM_PARALLEL -DNETCDF -DLANDREAD_STUB=1 -DUSE_ALLOCATABLES -Dwrfmodel -DGRIB1 -DINTIO -DKEEP_INT_AROUND -DLIMIT_ARGS -DBUILD_RRTMG_FAST=0 -DBUILD_RRTMK=0 -DBUILD_SBM_FAST=1 -DSHOW_ALL_VARS_USED=0 -DCONFIG_BUF_LEN=65536 -DMAX_DOMAINS_F=21 -DMAX_HISTORY=25 -DNMM_NEST=0  -I. -traditional-cpp -DUSE_NETCDF4_FEATURES -DWRFIO_NCD_LARGE_FILE_SUPPORT  r1f4kf.F  > r1f4kf.f90
ifort -c -real-size 32 -i4  -ip -fp-model precise -w -ftz -align all -fno-alias -FR -convert big_endian   r1f4kf.f90
rm -f -f mradf5.f90
/lib/cpp -P -nostdinc -DEM_CORE=1 -DNMM_CORE=0 -DNMM_MAX_DIM=2600 -DDA_CORE=0 -DWRFPLUS=0 -DIWORDSIZE=4 -DDWORDSIZE=8 -DRWORDSIZE=4 -DLWORDSIZE=4 -DNONSTANDARD_SYSTEM_FUNC  -DWRF_USE_CLM -DUSE_NETCDF4_FEATURES -DWRFIO_NCD_LARGE_FILE_SUPPORT  -DDM_PARALLEL -DNETCDF -DLANDREAD_STUB=1 -DUSE_ALLOCATABLES -Dwrfmodel -DGRIB1 -DINTIO -DKEEP_INT_AROUND -DLIMIT_ARGS -DBUILD_RRTMG_FAST=0 -DBUILD_RRTMK=0 -DBUILD_SBM_FAST=1 -DSHOW_ALL_VARS_USED=0 -DCONFIG_BUF_LEN=65536 -DMAX_DOMAINS_F=21 -DMAX_HISTORY=25 -DNMM_NEST=0  -I. -traditional-cpp -DUSE_NETCDF4_FEATURES -DWRFIO_NCD_LARGE_FILE_SUPPORT  rfft1f.F  > rfft1f.f90
ifort -c -real-size 32 -i4  -ip -fp-model precise -w -ftz -align all -fno-alias -FR -convert big_endian   rfft1f.f90
rm -f -f r1f4kf.f90
/lib/cpp -P -nostdinc -DEM_CORE=1 -DNMM_CORE=0 -DNMM_MAX_DIM=2600 -DDA_CORE=0 -DWRFPLUS=0 -DIWORDSIZE=4 -DDWORDSIZE=8 -DRWORDSIZE=4 -DLWORDSIZE=4 -DNONSTANDARD_SYSTEM_FUNC  -DWRF_USE_CLM -DUSE_NETCDF4_FEATURES -DWRFIO_NCD_LARGE_FILE_SUPPORT  -DDM_PARALLEL -DNETCDF -DLANDREAD_STUB=1 -DUSE_ALLOCATABLES -Dwrfmodel -DGRIB1 -DINTIO -DKEEP_INT_AROUND -DLIMIT_ARGS -DBUILD_RRTMG_FAST=0 -DBUILD_RRTMK=0 -DBUILD_SBM_FAST=1 -DSHOW_ALL_VARS_USED=0 -DCONFIG_BUF_LEN=65536 -DMAX_DOMAINS_F=21 -DMAX_HISTORY=25 -DNMM_NEST=0  -I. -traditional-cpp -DUSE_NETCDF4_FEATURES -DWRFIO_NCD_LARGE_FILE_SUPPORT  sinq1f.F  > sinq1f.f90
ifort -c -real-size 32 -i4  -ip -fp-model precise -w -ftz -align all -fno-alias -FR -convert big_endian   sinq1f.f90
rm -f -f rfft1f.f90
/lib/cpp -P -nostdinc -DEM_CORE=1 -DNMM_CORE=0 -DNMM_MAX_DIM=2600 -DDA_CORE=0 -DWRFPLUS=0 -DIWORDSIZE=4 -DDWORDSIZE=8 -DRWORDSIZE=4 -DLWORDSIZE=4 -DNONSTANDARD_SYSTEM_FUNC  -DWRF_USE_CLM -DUSE_NETCDF4_FEATURES -DWRFIO_NCD_LARGE_FILE_SUPPORT  -DDM_PARALLEL -DNETCDF -DLANDREAD_STUB=1 -DUSE_ALLOCATABLES -Dwrfmodel -DGRIB1 -DINTIO -DKEEP_INT_AROUND -DLIMIT_ARGS -DBUILD_RRTMG_FAST=0 -DBUILD_RRTMK=0 -DBUILD_SBM_FAST=1 -DSHOW_ALL_VARS_USED=0 -DCONFIG_BUF_LEN=65536 -DMAX_DOMAINS_F=21 -DMAX_HISTORY=25 -DNMM_NEST=0  -I. -traditional-cpp -DUSE_NETCDF4_FEATURES -DWRFIO_NCD_LARGE_FILE_SUPPORT  sintmi.F  > sintmi.f90
ifort -c -real-size 32 -i4  -ip -fp-model precise -w -ftz -align all -fno-alias -FR -convert big_endian   sintmi.f90
rm -f -f sinq1f.f90
/lib/cpp -P -nostdinc -DEM_CORE=1 -DNMM_CORE=0 -DNMM_MAX_DIM=2600 -DDA_CORE=0 -DWRFPLUS=0 -DIWORDSIZE=4 -DDWORDSIZE=8 -DRWORDSIZE=4 -DLWORDSIZE=4 -DNONSTANDARD_SYSTEM_FUNC  -DWRF_USE_CLM -DUSE_NETCDF4_FEATURES -DWRFIO_NCD_LARGE_FILE_SUPPORT  -DDM_PARALLEL -DNETCDF -DLANDREAD_STUB=1 -DUSE_ALLOCATABLES -Dwrfmodel -DGRIB1 -DINTIO -DKEEP_INT_AROUND -DLIMIT_ARGS -DBUILD_RRTMG_FAST=0 -DBUILD_RRTMK=0 -DBUILD_SBM_FAST=1 -DSHOW_ALL_VARS_USED=0 -DCONFIG_BUF_LEN=65536 -DMAX_DOMAINS_F=21 -DMAX_HISTORY=25 -DNMM_NEST=0  -I. -traditional-cpp -DUSE_NETCDF4_FEATURES -DWRFIO_NCD_LARGE_FILE_SUPPORT  z1fgkf.F  > z1fgkf.f90
ifort -c -real-size 32 -i4  -ip -fp-model precise -w -ftz -align all -fno-alias -FR -convert big_endian   z1fgkf.f90
rm -f -f sintmi.f90
/lib/cpp -P -nostdinc -DEM_CORE=1 -DNMM_CORE=0 -DNMM_MAX_DIM=2600 -DDA_CORE=0 -DWRFPLUS=0 -DIWORDSIZE=4 -DDWORDSIZE=8 -DRWORDSIZE=4 -DLWORDSIZE=4 -DNONSTANDARD_SYSTEM_FUNC  -DWRF_USE_CLM -DUSE_NETCDF4_FEATURES -DWRFIO_NCD_LARGE_FILE_SUPPORT  -DDM_PARALLEL -DNETCDF -DLANDREAD_STUB=1 -DUSE_ALLOCATABLES -Dwrfmodel -DGRIB1 -DINTIO -DKEEP_INT_AROUND -DLIMIT_ARGS -DBUILD_RRTMG_FAST=0 -DBUILD_RRTMK=0 -DBUILD_SBM_FAST=1 -DSHOW_ALL_VARS_USED=0 -DCONFIG_BUF_LEN=65536 -DMAX_DOMAINS_F=21 -DMAX_HISTORY=25 -DNMM_NEST=0  -I. -traditional-cpp -DUSE_NETCDF4_FEATURES -DWRFIO_NCD_LARGE_FILE_SUPPORT  zmf2kb.F  > zmf2kb.f90
ifort -c -real-size 32 -i4  -ip -fp-model precise -w -ftz -align all -fno-alias -FR -convert big_endian   zmf2kb.f90
rm -f -f zmf2kb.f90
/lib/cpp -P -nostdinc -DEM_CORE=1 -DNMM_CORE=0 -DNMM_MAX_DIM=2600 -DDA_CORE=0 -DWRFPLUS=0 -DIWORDSIZE=4 -DDWORDSIZE=8 -DRWORDSIZE=4 -DLWORDSIZE=4 -DNONSTANDARD_SYSTEM_FUNC  -DWRF_USE_CLM -DUSE_NETCDF4_FEATURES -DWRFIO_NCD_LARGE_FILE_SUPPORT  -DDM_PARALLEL -DNETCDF -DLANDREAD_STUB=1 -DUSE_ALLOCATABLES -Dwrfmodel -DGRIB1 -DINTIO -DKEEP_INT_AROUND -DLIMIT_ARGS -DBUILD_RRTMG_FAST=0 -DBUILD_RRTMK=0 -DBUILD_SBM_FAST=1 -DSHOW_ALL_VARS_USED=0 -DCONFIG_BUF_LEN=65536 -DMAX_DOMAINS_F=21 -DMAX_HISTORY=25 -DNMM_NEST=0  -I. -traditional-cpp -DUSE_NETCDF4_FEATURES -DWRFIO_NCD_LARGE_FILE_SUPPORT  c1fgkf.F  > c1fgkf.f90
ifort -c -real-size 32 -i4  -ip -fp-model precise -w -ftz -align all -fno-alias -FR -convert big_endian   c1fgkf.f90
rm -f -f z1fgkf.f90
/lib/cpp -P -nostdinc -DEM_CORE=1 -DNMM_CORE=0 -DNMM_MAX_DIM=2600 -DDA_CORE=0 -DWRFPLUS=0 -DIWORDSIZE=4 -DDWORDSIZE=8 -DRWORDSIZE=4 -DLWORDSIZE=4 -DNONSTANDARD_SYSTEM_FUNC  -DWRF_USE_CLM -DUSE_NETCDF4_FEATURES -DWRFIO_NCD_LARGE_FILE_SUPPORT  -DDM_PARALLEL -DNETCDF -DLANDREAD_STUB=1 -DUSE_ALLOCATABLES -Dwrfmodel -DGRIB1 -DINTIO -DKEEP_INT_AROUND -DLIMIT_ARGS -DBUILD_RRTMG_FAST=0 -DBUILD_RRTMK=0 -DBUILD_SBM_FAST=1 -DSHOW_ALL_VARS_USED=0 -DCONFIG_BUF_LEN=65536 -DMAX_DOMAINS_F=21 -DMAX_HISTORY=25 -DNMM_NEST=0  -I. -traditional-cpp -DUSE_NETCDF4_FEATURES -DWRFIO_NCD_LARGE_FILE_SUPPORT  cmf2kb.F  > cmf2kb.f90
ifort -c -real-size 32 -i4  -ip -fp-model precise -w -ftz -align all -fno-alias -FR -convert big_endian   cmf2kb.f90
rm -f -f cmf2kb.f90
/lib/cpp -P -nostdinc -DEM_CORE=1 -DNMM_CORE=0 -DNMM_MAX_DIM=2600 -DDA_CORE=0 -DWRFPLUS=0 -DIWORDSIZE=4 -DDWORDSIZE=8 -DRWORDSIZE=4 -DLWORDSIZE=4 -DNONSTANDARD_SYSTEM_FUNC  -DWRF_USE_CLM -DUSE_NETCDF4_FEATURES -DWRFIO_NCD_LARGE_FILE_SUPPORT  -DDM_PARALLEL -DNETCDF -DLANDREAD_STUB=1 -DUSE_ALLOCATABLES -Dwrfmodel -DGRIB1 -DINTIO -DKEEP_INT_AROUND -DLIMIT_ARGS -DBUILD_RRTMG_FAST=0 -DBUILD_RRTMK=0 -DBUILD_SBM_FAST=1 -DSHOW_ALL_VARS_USED=0 -DCONFIG_BUF_LEN=65536 -DMAX_DOMAINS_F=21 -DMAX_HISTORY=25 -DNMM_NEST=0  -I. -traditional-cpp -DUSE_NETCDF4_FEATURES -DWRFIO_NCD_LARGE_FILE_SUPPORT  cosq1b.F  > cosq1b.f90
ifort -c -real-size 32 -i4  -ip -fp-model precise -w -ftz -align all -fno-alias -FR -convert big_endian   cosq1b.f90
rm -f -f c1fgkf.f90
/lib/cpp -P -nostdinc -DEM_CORE=1 -DNMM_CORE=0 -DNMM_MAX_DIM=2600 -DDA_CORE=0 -DWRFPLUS=0 -DIWORDSIZE=4 -DDWORDSIZE=8 -DRWORDSIZE=4 -DLWORDSIZE=4 -DNONSTANDARD_SYSTEM_FUNC  -DWRF_USE_CLM -DUSE_NETCDF4_FEATURES -DWRFIO_NCD_LARGE_FILE_SUPPORT  -DDM_PARALLEL -DNETCDF -DLANDREAD_STUB=1 -DUSE_ALLOCATABLES -Dwrfmodel -DGRIB1 -DINTIO -DKEEP_INT_AROUND -DLIMIT_ARGS -DBUILD_RRTMG_FAST=0 -DBUILD_RRTMK=0 -DBUILD_SBM_FAST=1 -DSHOW_ALL_VARS_USED=0 -DCONFIG_BUF_LEN=65536 -DMAX_DOMAINS_F=21 -DMAX_HISTORY=25 -DNMM_NEST=0  -I. -traditional-cpp -DUSE_NETCDF4_FEATURES -DWRFIO_NCD_LARGE_FILE_SUPPORT  costf1.F  > costf1.f90
ifort -c -real-size 32 -i4  -ip -fp-model precise -w -ftz -align all -fno-alias -FR -convert big_endian   costf1.f90
rm -f -f cosq1b.f90
/lib/cpp -P -nostdinc -DEM_CORE=1 -DNMM_CORE=0 -DNMM_MAX_DIM=2600 -DDA_CORE=0 -DWRFPLUS=0 -DIWORDSIZE=4 -DDWORDSIZE=8 -DRWORDSIZE=4 -DLWORDSIZE=4 -DNONSTANDARD_SYSTEM_FUNC  -DWRF_USE_CLM -DUSE_NETCDF4_FEATURES -DWRFIO_NCD_LARGE_FILE_SUPPORT  -DDM_PARALLEL -DNETCDF -DLANDREAD_STUB=1 -DUSE_ALLOCATABLES -Dwrfmodel -DGRIB1 -DINTIO -DKEEP_INT_AROUND -DLIMIT_ARGS -DBUILD_RRTMG_FAST=0 -DBUILD_RRTMK=0 -DBUILD_SBM_FAST=1 -DSHOW_ALL_VARS_USED=0 -DCONFIG_BUF_LEN=65536 -DMAX_DOMAINS_F=21 -DMAX_HISTORY=25 -DNMM_NEST=0  -I. -traditional-cpp -DUSE_NETCDF4_FEATURES -DWRFIO_NCD_LARGE_FILE_SUPPORT  d1fgkb.F  > d1fgkb.f90
ifort -c -real-size 32 -i4  -ip -fp-model precise -w -ftz -align all -fno-alias -FR -convert big_endian   d1fgkb.f90
rm -f -f costf1.f90
/lib/cpp -P -nostdinc -DEM_CORE=1 -DNMM_CORE=0 -DNMM_MAX_DIM=2600 -DDA_CORE=0 -DWRFPLUS=0 -DIWORDSIZE=4 -DDWORDSIZE=8 -DRWORDSIZE=4 -DLWORDSIZE=4 -DNONSTANDARD_SYSTEM_FUNC  -DWRF_USE_CLM -DUSE_NETCDF4_FEATURES -DWRFIO_NCD_LARGE_FILE_SUPPORT  -DDM_PARALLEL -DNETCDF -DLANDREAD_STUB=1 -DUSE_ALLOCATABLES -Dwrfmodel -DGRIB1 -DINTIO -DKEEP_INT_AROUND -DLIMIT_ARGS -DBUILD_RRTMG_FAST=0 -DBUILD_RRTMK=0 -DBUILD_SBM_FAST=1 -DSHOW_ALL_VARS_USED=0 -DCONFIG_BUF_LEN=65536 -DMAX_DOMAINS_F=21 -DMAX_HISTORY=25 -DNMM_NEST=0  -I. -traditional-cpp -DUSE_NETCDF4_FEATURES -DWRFIO_NCD_LARGE_FILE_SUPPORT  dfft1b.F  > dfft1b.f90
ifort -c -real-size 32 -i4  -ip -fp-model precise -w -ftz -align all -fno-alias -FR -convert big_endian   dfft1b.f90
rm -f -f dfft1b.f90
/lib/cpp -P -nostdinc -DEM_CORE=1 -DNMM_CORE=0 -DNMM_MAX_DIM=2600 -DDA_CORE=0 -DWRFPLUS=0 -DIWORDSIZE=4 -DDWORDSIZE=8 -DRWORDSIZE=4 -DLWORDSIZE=4 -DNONSTANDARD_SYSTEM_FUNC  -DWRF_USE_CLM -DUSE_NETCDF4_FEATURES -DWRFIO_NCD_LARGE_FILE_SUPPORT  -DDM_PARALLEL -DNETCDF -DLANDREAD_STUB=1 -DUSE_ALLOCATABLES -Dwrfmodel -DGRIB1 -DINTIO -DKEEP_INT_AROUND -DLIMIT_ARGS -DBUILD_RRTMG_FAST=0 -DBUILD_RRTMK=0 -DBUILD_SBM_FAST=1 -DSHOW_ALL_VARS_USED=0 -DCONFIG_BUF_LEN=65536 -DMAX_DOMAINS_F=21 -DMAX_HISTORY=25 -DNMM_NEST=0  -I. -traditional-cpp -DUSE_NETCDF4_FEATURES -DWRFIO_NCD_LARGE_FILE_SUPPORT  mcsqf1.F  > mcsqf1.f90
ifort -c -real-size 32 -i4  -ip -fp-model precise -w -ftz -align all -fno-alias -FR -convert big_endian   mcsqf1.f90
rm -f -f mcsqf1.f90
/lib/cpp -P -nostdinc -DEM_CORE=1 -DNMM_CORE=0 -DNMM_MAX_DIM=2600 -DDA_CORE=0 -DWRFPLUS=0 -DIWORDSIZE=4 -DDWORDSIZE=8 -DRWORDSIZE=4 -DLWORDSIZE=4 -DNONSTANDARD_SYSTEM_FUNC  -DWRF_USE_CLM -DUSE_NETCDF4_FEATURES -DWRFIO_NCD_LARGE_FILE_SUPPORT  -DDM_PARALLEL -DNETCDF -DLANDREAD_STUB=1 -DUSE_ALLOCATABLES -Dwrfmodel -DGRIB1 -DINTIO -DKEEP_INT_AROUND -DLIMIT_ARGS -DBUILD_RRTMG_FAST=0 -DBUILD_RRTMK=0 -DBUILD_SBM_FAST=1 -DSHOW_ALL_VARS_USED=0 -DCONFIG_BUF_LEN=65536 -DMAX_DOMAINS_F=21 -DMAX_HISTORY=25 -DNMM_NEST=0  -I. -traditional-cpp -DUSE_NETCDF4_FEATURES -DWRFIO_NCD_LARGE_FILE_SUPPORT  mradfg.F  > mradfg.f90
ifort -c -real-size 32 -i4  -ip -fp-model precise -w -ftz -align all -fno-alias -FR -convert big_endian   mradfg.f90
rm -f -f d1fgkb.f90
/lib/cpp -P -nostdinc -DEM_CORE=1 -DNMM_CORE=0 -DNMM_MAX_DIM=2600 -DDA_CORE=0 -DWRFPLUS=0 -DIWORDSIZE=4 -DDWORDSIZE=8 -DRWORDSIZE=4 -DLWORDSIZE=4 -DNONSTANDARD_SYSTEM_FUNC  -DWRF_USE_CLM -DUSE_NETCDF4_FEATURES -DWRFIO_NCD_LARGE_FILE_SUPPORT  -DDM_PARALLEL -DNETCDF -DLANDREAD_STUB=1 -DUSE_ALLOCATABLES -Dwrfmodel -DGRIB1 -DINTIO -DKEEP_INT_AROUND -DLIMIT_ARGS -DBUILD_RRTMG_FAST=0 -DBUILD_RRTMK=0 -DBUILD_SBM_FAST=1 -DSHOW_ALL_VARS_USED=0 -DCONFIG_BUF_LEN=65536 -DMAX_DOMAINS_F=21 -DMAX_HISTORY=25 -DNMM_NEST=0  -I. -traditional-cpp -DUSE_NETCDF4_FEATURES -DWRFIO_NCD_LARGE_FILE_SUPPORT  r1f5kb.F  > r1f5kb.f90
ifort -c -real-size 32 -i4  -ip -fp-model precise -w -ftz -align all -fno-alias -FR -convert big_endian   r1f5kb.f90
rm -f -f mradfg.f90
/lib/cpp -P -nostdinc -DEM_CORE=1 -DNMM_CORE=0 -DNMM_MAX_DIM=2600 -DDA_CORE=0 -DWRFPLUS=0 -DIWORDSIZE=4 -DDWORDSIZE=8 -DRWORDSIZE=4 -DLWORDSIZE=4 -DNONSTANDARD_SYSTEM_FUNC  -DWRF_USE_CLM -DUSE_NETCDF4_FEATURES -DWRFIO_NCD_LARGE_FILE_SUPPORT  -DDM_PARALLEL -DNETCDF -DLANDREAD_STUB=1 -DUSE_ALLOCATABLES -Dwrfmodel -DGRIB1 -DINTIO -DKEEP_INT_AROUND -DLIMIT_ARGS -DBUILD_RRTMG_FAST=0 -DBUILD_RRTMK=0 -DBUILD_SBM_FAST=1 -DSHOW_ALL_VARS_USED=0 -DCONFIG_BUF_LEN=65536 -DMAX_DOMAINS_F=21 -DMAX_HISTORY=25 -DNMM_NEST=0  -I. -traditional-cpp -DUSE_NETCDF4_FEATURES -DWRFIO_NCD_LARGE_FILE_SUPPORT  rfft1i.F  > rfft1i.f90
ifort -c -real-size 32 -i4  -ip -fp-model precise -w -ftz -align all -fno-alias -FR -convert big_endian   rfft1i.f90
rm -f -f r1f5kb.f90
/lib/cpp -P -nostdinc -DEM_CORE=1 -DNMM_CORE=0 -DNMM_MAX_DIM=2600 -DDA_CORE=0 -DWRFPLUS=0 -DIWORDSIZE=4 -DDWORDSIZE=8 -DRWORDSIZE=4 -DLWORDSIZE=4 -DNONSTANDARD_SYSTEM_FUNC  -DWRF_USE_CLM -DUSE_NETCDF4_FEATURES -DWRFIO_NCD_LARGE_FILE_SUPPORT  -DDM_PARALLEL -DNETCDF -DLANDREAD_STUB=1 -DUSE_ALLOCATABLES -Dwrfmodel -DGRIB1 -DINTIO -DKEEP_INT_AROUND -DLIMIT_ARGS -DBUILD_RRTMG_FAST=0 -DBUILD_RRTMK=0 -DBUILD_SBM_FAST=1 -DSHOW_ALL_VARS_USED=0 -DCONFIG_BUF_LEN=65536 -DMAX_DOMAINS_F=21 -DMAX_HISTORY=25 -DNMM_NEST=0  -I. -traditional-cpp -DUSE_NETCDF4_FEATURES -DWRFIO_NCD_LARGE_FILE_SUPPORT  sinq1i.F  > sinq1i.f90
ifort -c -real-size 32 -i4  -ip -fp-model precise -w -ftz -align all -fno-alias -FR -convert big_endian   sinq1i.f90
rm -f -f rfft1i.f90
/lib/cpp -P -nostdinc -DEM_CORE=1 -DNMM_CORE=0 -DNMM_MAX_DIM=2600 -DDA_CORE=0 -DWRFPLUS=0 -DIWORDSIZE=4 -DDWORDSIZE=8 -DRWORDSIZE=4 -DLWORDSIZE=4 -DNONSTANDARD_SYSTEM_FUNC  -DWRF_USE_CLM -DUSE_NETCDF4_FEATURES -DWRFIO_NCD_LARGE_FILE_SUPPORT  -DDM_PARALLEL -DNETCDF -DLANDREAD_STUB=1 -DUSE_ALLOCATABLES -Dwrfmodel -DGRIB1 -DINTIO -DKEEP_INT_AROUND -DLIMIT_ARGS -DBUILD_RRTMG_FAST=0 -DBUILD_RRTMK=0 -DBUILD_SBM_FAST=1 -DSHOW_ALL_VARS_USED=0 -DCONFIG_BUF_LEN=65536 -DMAX_DOMAINS_F=21 -DMAX_HISTORY=25 -DNMM_NEST=0  -I. -traditional-cpp -DUSE_NETCDF4_FEATURES -DWRFIO_NCD_LARGE_FILE_SUPPORT  xercon.F  > xercon.f90
ifort -c -real-size 32 -i4  -ip -fp-model precise -w -ftz -align all -fno-alias -FR -convert big_endian   xercon.f90
rm -f -f sinq1i.f90
/lib/cpp -P -nostdinc -DEM_CORE=1 -DNMM_CORE=0 -DNMM_MAX_DIM=2600 -DDA_CORE=0 -DWRFPLUS=0 -DIWORDSIZE=4 -DDWORDSIZE=8 -DRWORDSIZE=4 -DLWORDSIZE=4 -DNONSTANDARD_SYSTEM_FUNC  -DWRF_USE_CLM -DUSE_NETCDF4_FEATURES -DWRFIO_NCD_LARGE_FILE_SUPPORT  -DDM_PARALLEL -DNETCDF -DLANDREAD_STUB=1 -DUSE_ALLOCATABLES -Dwrfmodel -DGRIB1 -DINTIO -DKEEP_INT_AROUND -DLIMIT_ARGS -DBUILD_RRTMG_FAST=0 -DBUILD_RRTMK=0 -DBUILD_SBM_FAST=1 -DSHOW_ALL_VARS_USED=0 -DCONFIG_BUF_LEN=65536 -DMAX_DOMAINS_F=21 -DMAX_HISTORY=25 -DNMM_NEST=0  -I. -traditional-cpp -DUSE_NETCDF4_FEATURES -DWRFIO_NCD_LARGE_FILE_SUPPORT  z1fm1b.F  > z1fm1b.f90
ifort -c -real-size 32 -i4  -ip -fp-model precise -w -ftz -align all -fno-alias -FR -convert big_endian   z1fm1b.f90
rm -f -f xercon.f90
/lib/cpp -P -nostdinc -DEM_CORE=1 -DNMM_CORE=0 -DNMM_MAX_DIM=2600 -DDA_CORE=0 -DWRFPLUS=0 -DIWORDSIZE=4 -DDWORDSIZE=8 -DRWORDSIZE=4 -DLWORDSIZE=4 -DNONSTANDARD_SYSTEM_FUNC  -DWRF_USE_CLM -DUSE_NETCDF4_FEATURES -DWRFIO_NCD_LARGE_FILE_SUPPORT  -DDM_PARALLEL -DNETCDF -DLANDREAD_STUB=1 -DUSE_ALLOCATABLES -Dwrfmodel -DGRIB1 -DINTIO -DKEEP_INT_AROUND -DLIMIT_ARGS -DBUILD_RRTMG_FAST=0 -DBUILD_RRTMK=0 -DBUILD_SBM_FAST=1 -DSHOW_ALL_VARS_USED=0 -DCONFIG_BUF_LEN=65536 -DMAX_DOMAINS_F=21 -DMAX_HISTORY=25 -DNMM_NEST=0  -I. -traditional-cpp -DUSE_NETCDF4_FEATURES -DWRFIO_NCD_LARGE_FILE_SUPPORT  zmf2kf.F  > zmf2kf.f90
ifort -c -real-size 32 -i4  -ip -fp-model precise -w -ftz -align all -fno-alias -FR -convert big_endian   zmf2kf.f90
rm -f -f z1fm1b.f90
/lib/cpp -P -nostdinc -DEM_CORE=1 -DNMM_CORE=0 -DNMM_MAX_DIM=2600 -DDA_CORE=0 -DWRFPLUS=0 -DIWORDSIZE=4 -DDWORDSIZE=8 -DRWORDSIZE=4 -DLWORDSIZE=4 -DNONSTANDARD_SYSTEM_FUNC  -DWRF_USE_CLM -DUSE_NETCDF4_FEATURES -DWRFIO_NCD_LARGE_FILE_SUPPORT  -DDM_PARALLEL -DNETCDF -DLANDREAD_STUB=1 -DUSE_ALLOCATABLES -Dwrfmodel -DGRIB1 -DINTIO -DKEEP_INT_AROUND -DLIMIT_ARGS -DBUILD_RRTMG_FAST=0 -DBUILD_RRTMK=0 -DBUILD_SBM_FAST=1 -DSHOW_ALL_VARS_USED=0 -DCONFIG_BUF_LEN=65536 -DMAX_DOMAINS_F=21 -DMAX_HISTORY=25 -DNMM_NEST=0  -I. -traditional-cpp -DUSE_NETCDF4_FEATURES -DWRFIO_NCD_LARGE_FILE_SUPPORT  c1fm1b.F  > c1fm1b.f90
ifort -c -real-size 32 -i4  -ip -fp-model precise -w -ftz -align all -fno-alias -FR -convert big_endian   c1fm1b.f90
rm -f -f zmf2kf.f90
/lib/cpp -P -nostdinc -DEM_CORE=1 -DNMM_CORE=0 -DNMM_MAX_DIM=2600 -DDA_CORE=0 -DWRFPLUS=0 -DIWORDSIZE=4 -DDWORDSIZE=8 -DRWORDSIZE=4 -DLWORDSIZE=4 -DNONSTANDARD_SYSTEM_FUNC  -DWRF_USE_CLM -DUSE_NETCDF4_FEATURES -DWRFIO_NCD_LARGE_FILE_SUPPORT  -DDM_PARALLEL -DNETCDF -DLANDREAD_STUB=1 -DUSE_ALLOCATABLES -Dwrfmodel -DGRIB1 -DINTIO -DKEEP_INT_AROUND -DLIMIT_ARGS -DBUILD_RRTMG_FAST=0 -DBUILD_RRTMK=0 -DBUILD_SBM_FAST=1 -DSHOW_ALL_VARS_USED=0 -DCONFIG_BUF_LEN=65536 -DMAX_DOMAINS_F=21 -DMAX_HISTORY=25 -DNMM_NEST=0  -I. -traditional-cpp -DUSE_NETCDF4_FEATURES -DWRFIO_NCD_LARGE_FILE_SUPPORT  cmf2kf.F  > cmf2kf.f90
ifort -c -real-size 32 -i4  -ip -fp-model precise -w -ftz -align all -fno-alias -FR -convert big_endian   cmf2kf.f90
rm -f -f c1fm1b.f90
/lib/cpp -P -nostdinc -DEM_CORE=1 -DNMM_CORE=0 -DNMM_MAX_DIM=2600 -DDA_CORE=0 -DWRFPLUS=0 -DIWORDSIZE=4 -DDWORDSIZE=8 -DRWORDSIZE=4 -DLWORDSIZE=4 -DNONSTANDARD_SYSTEM_FUNC  -DWRF_USE_CLM -DUSE_NETCDF4_FEATURES -DWRFIO_NCD_LARGE_FILE_SUPPORT  -DDM_PARALLEL -DNETCDF -DLANDREAD_STUB=1 -DUSE_ALLOCATABLES -Dwrfmodel -DGRIB1 -DINTIO -DKEEP_INT_AROUND -DLIMIT_ARGS -DBUILD_RRTMG_FAST=0 -DBUILD_RRTMK=0 -DBUILD_SBM_FAST=1 -DSHOW_ALL_VARS_USED=0 -DCONFIG_BUF_LEN=65536 -DMAX_DOMAINS_F=21 -DMAX_HISTORY=25 -DNMM_NEST=0  -I. -traditional-cpp -DUSE_NETCDF4_FEATURES -DWRFIO_NCD_LARGE_FILE_SUPPORT  cosq1f.F  > cosq1f.f90
ifort -c -real-size 32 -i4  -ip -fp-model precise -w -ftz -align all -fno-alias -FR -convert big_endian   cosq1f.f90
rm -f -f cosq1f.f90
/lib/cpp -P -nostdinc -DEM_CORE=1 -DNMM_CORE=0 -DNMM_MAX_DIM=2600 -DDA_CORE=0 -DWRFPLUS=0 -DIWORDSIZE=4 -DDWORDSIZE=8 -DRWORDSIZE=4 -DLWORDSIZE=4 -DNONSTANDARD_SYSTEM_FUNC  -DWRF_USE_CLM -DUSE_NETCDF4_FEATURES -DWRFIO_NCD_LARGE_FILE_SUPPORT  -DDM_PARALLEL -DNETCDF -DLANDREAD_STUB=1 -DUSE_ALLOCATABLES -Dwrfmodel -DGRIB1 -DINTIO -DKEEP_INT_AROUND -DLIMIT_ARGS -DBUILD_RRTMG_FAST=0 -DBUILD_RRTMK=0 -DBUILD_SBM_FAST=1 -DSHOW_ALL_VARS_USED=0 -DCONFIG_BUF_LEN=65536 -DMAX_DOMAINS_F=21 -DMAX_HISTORY=25 -DNMM_NEST=0  -I. -traditional-cpp -DUSE_NETCDF4_FEATURES -DWRFIO_NCD_LARGE_FILE_SUPPORT  costmb.F  > costmb.f90
rm -f -f cmf2kf.f90
/lib/cpp -P -nostdinc -DEM_CORE=1 -DNMM_CORE=0 -DNMM_MAX_DIM=2600 -DDA_CORE=0 -DWRFPLUS=0 -DIWORDSIZE=4 -DDWORDSIZE=8 -DRWORDSIZE=4 -DLWORDSIZE=4 -DNONSTANDARD_SYSTEM_FUNC  -DWRF_USE_CLM -DUSE_NETCDF4_FEATURES -DWRFIO_NCD_LARGE_FILE_SUPPORT  -DDM_PARALLEL -DNETCDF -DLANDREAD_STUB=1 -DUSE_ALLOCATABLES -Dwrfmodel -DGRIB1 -DINTIO -DKEEP_INT_AROUND -DLIMIT_ARGS -DBUILD_RRTMG_FAST=0 -DBUILD_RRTMK=0 -DBUILD_SBM_FAST=1 -DSHOW_ALL_VARS_USED=0 -DCONFIG_BUF_LEN=65536 -DMAX_DOMAINS_F=21 -DMAX_HISTORY=25 -DNMM_NEST=0  -I. -traditional-cpp -DUSE_NETCDF4_FEATURES -DWRFIO_NCD_LARGE_FILE_SUPPORT  d1fgkf.F  > d1fgkf.f90
ifort -c -real-size 32 -i4  -ip -fp-model precise -w -ftz -align all -fno-alias -FR -convert big_endian   costmb.f90
ifort -c -real-size 32 -i4  -ip -fp-model precise -w -ftz -align all -fno-alias -FR -convert big_endian   d1fgkf.f90
rm -f -f costmb.f90
/lib/cpp -P -nostdinc -DEM_CORE=1 -DNMM_CORE=0 -DNMM_MAX_DIM=2600 -DDA_CORE=0 -DWRFPLUS=0 -DIWORDSIZE=4 -DDWORDSIZE=8 -DRWORDSIZE=4 -DLWORDSIZE=4 -DNONSTANDARD_SYSTEM_FUNC  -DWRF_USE_CLM -DUSE_NETCDF4_FEATURES -DWRFIO_NCD_LARGE_FILE_SUPPORT  -DDM_PARALLEL -DNETCDF -DLANDREAD_STUB=1 -DUSE_ALLOCATABLES -Dwrfmodel -DGRIB1 -DINTIO -DKEEP_INT_AROUND -DLIMIT_ARGS -DBUILD_RRTMG_FAST=0 -DBUILD_RRTMK=0 -DBUILD_SBM_FAST=1 -DSHOW_ALL_VARS_USED=0 -DCONFIG_BUF_LEN=65536 -DMAX_DOMAINS_F=21 -DMAX_HISTORY=25 -DNMM_NEST=0  -I. -traditional-cpp -DUSE_NETCDF4_FEATURES -DWRFIO_NCD_LARGE_FILE_SUPPORT  dfft1f.F  > dfft1f.f90
ifort -c -real-size 32 -i4  -ip -fp-model precise -w -ftz -align all -fno-alias -FR -convert big_endian   dfft1f.f90
rm -f -f dfft1f.f90
/lib/cpp -P -nostdinc -DEM_CORE=1 -DNMM_CORE=0 -DNMM_MAX_DIM=2600 -DDA_CORE=0 -DWRFPLUS=0 -DIWORDSIZE=4 -DDWORDSIZE=8 -DRWORDSIZE=4 -DLWORDSIZE=4 -DNONSTANDARD_SYSTEM_FUNC  -DWRF_USE_CLM -DUSE_NETCDF4_FEATURES -DWRFIO_NCD_LARGE_FILE_SUPPORT  -DDM_PARALLEL -DNETCDF -DLANDREAD_STUB=1 -DUSE_ALLOCATABLES -Dwrfmodel -DGRIB1 -DINTIO -DKEEP_INT_AROUND -DLIMIT_ARGS -DBUILD_RRTMG_FAST=0 -DBUILD_RRTMK=0 -DBUILD_SBM_FAST=1 -DSHOW_ALL_VARS_USED=0 -DCONFIG_BUF_LEN=65536 -DMAX_DOMAINS_F=21 -DMAX_HISTORY=25 -DNMM_NEST=0  -I. -traditional-cpp -DUSE_NETCDF4_FEATURES -DWRFIO_NCD_LARGE_FILE_SUPPORT  mcstb1.F  > mcstb1.f90
ifort -c -real-size 32 -i4  -ip -fp-model precise -w -ftz -align all -fno-alias -FR -convert big_endian   mcstb1.f90
rm -f -f d1fgkf.f90
/lib/cpp -P -nostdinc -DEM_CORE=1 -DNMM_CORE=0 -DNMM_MAX_DIM=2600 -DDA_CORE=0 -DWRFPLUS=0 -DIWORDSIZE=4 -DDWORDSIZE=8 -DRWORDSIZE=4 -DLWORDSIZE=4 -DNONSTANDARD_SYSTEM_FUNC  -DWRF_USE_CLM -DUSE_NETCDF4_FEATURES -DWRFIO_NCD_LARGE_FILE_SUPPORT  -DDM_PARALLEL -DNETCDF -DLANDREAD_STUB=1 -DUSE_ALLOCATABLES -Dwrfmodel -DGRIB1 -DINTIO -DKEEP_INT_AROUND -DLIMIT_ARGS -DBUILD_RRTMG_FAST=0 -DBUILD_RRTMK=0 -DBUILD_SBM_FAST=1 -DSHOW_ALL_VARS_USED=0 -DCONFIG_BUF_LEN=65536 -DMAX_DOMAINS_F=21 -DMAX_HISTORY=25 -DNMM_NEST=0  -I. -traditional-cpp -DUSE_NETCDF4_FEATURES -DWRFIO_NCD_LARGE_FILE_SUPPORT  mrftb1.F  > mrftb1.f90
ifort -c -real-size 32 -i4  -ip -fp-model precise -w -ftz -align all -fno-alias -FR -convert big_endian   mrftb1.f90
rm -f -f mcstb1.f90
/lib/cpp -P -nostdinc -DEM_CORE=1 -DNMM_CORE=0 -DNMM_MAX_DIM=2600 -DDA_CORE=0 -DWRFPLUS=0 -DIWORDSIZE=4 -DDWORDSIZE=8 -DRWORDSIZE=4 -DLWORDSIZE=4 -DNONSTANDARD_SYSTEM_FUNC  -DWRF_USE_CLM -DUSE_NETCDF4_FEATURES -DWRFIO_NCD_LARGE_FILE_SUPPORT  -DDM_PARALLEL -DNETCDF -DLANDREAD_STUB=1 -DUSE_ALLOCATABLES -Dwrfmodel -DGRIB1 -DINTIO -DKEEP_INT_AROUND -DLIMIT_ARGS -DBUILD_RRTMG_FAST=0 -DBUILD_RRTMK=0 -DBUILD_SBM_FAST=1 -DSHOW_ALL_VARS_USED=0 -DCONFIG_BUF_LEN=65536 -DMAX_DOMAINS_F=21 -DMAX_HISTORY=25 -DNMM_NEST=0  -I. -traditional-cpp -DUSE_NETCDF4_FEATURES -DWRFIO_NCD_LARGE_FILE_SUPPORT  r1f5kf.F  > r1f5kf.f90
ifort -c -real-size 32 -i4  -ip -fp-model precise -w -ftz -align all -fno-alias -FR -convert big_endian   r1f5kf.f90
rm -f -f mrftb1.f90
/lib/cpp -P -nostdinc -DEM_CORE=1 -DNMM_CORE=0 -DNMM_MAX_DIM=2600 -DDA_CORE=0 -DWRFPLUS=0 -DIWORDSIZE=4 -DDWORDSIZE=8 -DRWORDSIZE=4 -DLWORDSIZE=4 -DNONSTANDARD_SYSTEM_FUNC  -DWRF_USE_CLM -DUSE_NETCDF4_FEATURES -DWRFIO_NCD_LARGE_FILE_SUPPORT  -DDM_PARALLEL -DNETCDF -DLANDREAD_STUB=1 -DUSE_ALLOCATABLES -Dwrfmodel -DGRIB1 -DINTIO -DKEEP_INT_AROUND -DLIMIT_ARGS -DBUILD_RRTMG_FAST=0 -DBUILD_RRTMK=0 -DBUILD_SBM_FAST=1 -DSHOW_ALL_VARS_USED=0 -DCONFIG_BUF_LEN=65536 -DMAX_DOMAINS_F=21 -DMAX_HISTORY=25 -DNMM_NEST=0  -I. -traditional-cpp -DUSE_NETCDF4_FEATURES -DWRFIO_NCD_LARGE_FILE_SUPPORT  rfft2b.F  > rfft2b.f90
ifort -c -real-size 32 -i4  -ip -fp-model precise -w -ftz -align all -fno-alias -FR -convert big_endian   rfft2b.f90
rm -f -f rfft2b.f90
/lib/cpp -P -nostdinc -DEM_CORE=1 -DNMM_CORE=0 -DNMM_MAX_DIM=2600 -DDA_CORE=0 -DWRFPLUS=0 -DIWORDSIZE=4 -DDWORDSIZE=8 -DRWORDSIZE=4 -DLWORDSIZE=4 -DNONSTANDARD_SYSTEM_FUNC  -DWRF_USE_CLM -DUSE_NETCDF4_FEATURES -DWRFIO_NCD_LARGE_FILE_SUPPORT  -DDM_PARALLEL -DNETCDF -DLANDREAD_STUB=1 -DUSE_ALLOCATABLES -Dwrfmodel -DGRIB1 -DINTIO -DKEEP_INT_AROUND -DLIMIT_ARGS -DBUILD_RRTMG_FAST=0 -DBUILD_RRTMK=0 -DBUILD_SBM_FAST=1 -DSHOW_ALL_VARS_USED=0 -DCONFIG_BUF_LEN=65536 -DMAX_DOMAINS_F=21 -DMAX_HISTORY=25 -DNMM_NEST=0  -I. -traditional-cpp -DUSE_NETCDF4_FEATURES -DWRFIO_NCD_LARGE_FILE_SUPPORT  sinqmb.F  > sinqmb.f90
rm -f -f r1f5kf.f90
ifort -c -real-size 32 -i4  -ip -fp-model precise -w -ftz -align all -fno-alias -FR -convert big_endian   sinqmb.f90
/lib/cpp -P -nostdinc -DEM_CORE=1 -DNMM_CORE=0 -DNMM_MAX_DIM=2600 -DDA_CORE=0 -DWRFPLUS=0 -DIWORDSIZE=4 -DDWORDSIZE=8 -DRWORDSIZE=4 -DLWORDSIZE=4 -DNONSTANDARD_SYSTEM_FUNC  -DWRF_USE_CLM -DUSE_NETCDF4_FEATURES -DWRFIO_NCD_LARGE_FILE_SUPPORT  -DDM_PARALLEL -DNETCDF -DLANDREAD_STUB=1 -DUSE_ALLOCATABLES -Dwrfmodel -DGRIB1 -DINTIO -DKEEP_INT_AROUND -DLIMIT_ARGS -DBUILD_RRTMG_FAST=0 -DBUILD_RRTMK=0 -DBUILD_SBM_FAST=1 -DSHOW_ALL_VARS_USED=0 -DCONFIG_BUF_LEN=65536 -DMAX_DOMAINS_F=21 -DMAX_HISTORY=25 -DNMM_NEST=0  -I. -traditional-cpp -DUSE_NETCDF4_FEATURES -DWRFIO_NCD_LARGE_FILE_SUPPORT  xerfft.F  > xerfft.f90
ifort -c -real-size 32 -i4  -ip -fp-model precise -w -ftz -align all -fno-alias -FR -convert big_endian   xerfft.f90
rm -f -f xerfft.f90
/lib/cpp -P -nostdinc -DEM_CORE=1 -DNMM_CORE=0 -DNMM_MAX_DIM=2600 -DDA_CORE=0 -DWRFPLUS=0 -DIWORDSIZE=4 -DDWORDSIZE=8 -DRWORDSIZE=4 -DLWORDSIZE=4 -DNONSTANDARD_SYSTEM_FUNC  -DWRF_USE_CLM -DUSE_NETCDF4_FEATURES -DWRFIO_NCD_LARGE_FILE_SUPPORT  -DDM_PARALLEL -DNETCDF -DLANDREAD_STUB=1 -DUSE_ALLOCATABLES -Dwrfmodel -DGRIB1 -DINTIO -DKEEP_INT_AROUND -DLIMIT_ARGS -DBUILD_RRTMG_FAST=0 -DBUILD_RRTMK=0 -DBUILD_SBM_FAST=1 -DSHOW_ALL_VARS_USED=0 -DCONFIG_BUF_LEN=65536 -DMAX_DOMAINS_F=21 -DMAX_HISTORY=25 -DNMM_NEST=0  -I. -traditional-cpp -DUSE_NETCDF4_FEATURES -DWRFIO_NCD_LARGE_FILE_SUPPORT  z1fm1f.F  > z1fm1f.f90
rm -f -f sinqmb.f90
/lib/cpp -P -nostdinc -DEM_CORE=1 -DNMM_CORE=0 -DNMM_MAX_DIM=2600 -DDA_CORE=0 -DWRFPLUS=0 -DIWORDSIZE=4 -DDWORDSIZE=8 -DRWORDSIZE=4 -DLWORDSIZE=4 -DNONSTANDARD_SYSTEM_FUNC  -DWRF_USE_CLM -DUSE_NETCDF4_FEATURES -DWRFIO_NCD_LARGE_FILE_SUPPORT  -DDM_PARALLEL -DNETCDF -DLANDREAD_STUB=1 -DUSE_ALLOCATABLES -Dwrfmodel -DGRIB1 -DINTIO -DKEEP_INT_AROUND -DLIMIT_ARGS -DBUILD_RRTMG_FAST=0 -DBUILD_RRTMK=0 -DBUILD_SBM_FAST=1 -DSHOW_ALL_VARS_USED=0 -DCONFIG_BUF_LEN=65536 -DMAX_DOMAINS_F=21 -DMAX_HISTORY=25 -DNMM_NEST=0  -I. -traditional-cpp -DUSE_NETCDF4_FEATURES -DWRFIO_NCD_LARGE_FILE_SUPPORT  zmf3kb.F  > zmf3kb.f90
ifort -c -real-size 32 -i4  -ip -fp-model precise -w -ftz -align all -fno-alias -FR -convert big_endian   z1fm1f.f90
ifort -c -real-size 32 -i4  -ip -fp-model precise -w -ftz -align all -fno-alias -FR -convert big_endian   zmf3kb.f90
rm -f -f z1fm1f.f90
/lib/cpp -P -nostdinc -DEM_CORE=1 -DNMM_CORE=0 -DNMM_MAX_DIM=2600 -DDA_CORE=0 -DWRFPLUS=0 -DIWORDSIZE=4 -DDWORDSIZE=8 -DRWORDSIZE=4 -DLWORDSIZE=4 -DNONSTANDARD_SYSTEM_FUNC  -DWRF_USE_CLM -DUSE_NETCDF4_FEATURES -DWRFIO_NCD_LARGE_FILE_SUPPORT  -DDM_PARALLEL -DNETCDF -DLANDREAD_STUB=1 -DUSE_ALLOCATABLES -Dwrfmodel -DGRIB1 -DINTIO -DKEEP_INT_AROUND -DLIMIT_ARGS -DBUILD_RRTMG_FAST=0 -DBUILD_RRTMK=0 -DBUILD_SBM_FAST=1 -DSHOW_ALL_VARS_USED=0 -DCONFIG_BUF_LEN=65536 -DMAX_DOMAINS_F=21 -DMAX_HISTORY=25 -DNMM_NEST=0  -I. -traditional-cpp -DUSE_NETCDF4_FEATURES -DWRFIO_NCD_LARGE_FILE_SUPPORT  c1fm1f.F  > c1fm1f.f90
ifort -c -real-size 32 -i4  -ip -fp-model precise -w -ftz -align all -fno-alias -FR -convert big_endian   c1fm1f.f90
rm -f -f zmf3kb.f90
/lib/cpp -P -nostdinc -DEM_CORE=1 -DNMM_CORE=0 -DNMM_MAX_DIM=2600 -DDA_CORE=0 -DWRFPLUS=0 -DIWORDSIZE=4 -DDWORDSIZE=8 -DRWORDSIZE=4 -DLWORDSIZE=4 -DNONSTANDARD_SYSTEM_FUNC  -DWRF_USE_CLM -DUSE_NETCDF4_FEATURES -DWRFIO_NCD_LARGE_FILE_SUPPORT  -DDM_PARALLEL -DNETCDF -DLANDREAD_STUB=1 -DUSE_ALLOCATABLES -Dwrfmodel -DGRIB1 -DINTIO -DKEEP_INT_AROUND -DLIMIT_ARGS -DBUILD_RRTMG_FAST=0 -DBUILD_RRTMK=0 -DBUILD_SBM_FAST=1 -DSHOW_ALL_VARS_USED=0 -DCONFIG_BUF_LEN=65536 -DMAX_DOMAINS_F=21 -DMAX_HISTORY=25 -DNMM_NEST=0  -I. -traditional-cpp -DUSE_NETCDF4_FEATURES -DWRFIO_NCD_LARGE_FILE_SUPPORT  cmf3kb.F  > cmf3kb.f90
ifort -c -real-size 32 -i4  -ip -fp-model precise -w -ftz -align all -fno-alias -FR -convert big_endian   cmf3kb.f90
rm -f -f c1fm1f.f90
/lib/cpp -P -nostdinc -DEM_CORE=1 -DNMM_CORE=0 -DNMM_MAX_DIM=2600 -DDA_CORE=0 -DWRFPLUS=0 -DIWORDSIZE=4 -DDWORDSIZE=8 -DRWORDSIZE=4 -DLWORDSIZE=4 -DNONSTANDARD_SYSTEM_FUNC  -DWRF_USE_CLM -DUSE_NETCDF4_FEATURES -DWRFIO_NCD_LARGE_FILE_SUPPORT  -DDM_PARALLEL -DNETCDF -DLANDREAD_STUB=1 -DUSE_ALLOCATABLES -Dwrfmodel -DGRIB1 -DINTIO -DKEEP_INT_AROUND -DLIMIT_ARGS -DBUILD_RRTMG_FAST=0 -DBUILD_RRTMK=0 -DBUILD_SBM_FAST=1 -DSHOW_ALL_VARS_USED=0 -DCONFIG_BUF_LEN=65536 -DMAX_DOMAINS_F=21 -DMAX_HISTORY=25 -DNMM_NEST=0  -I. -traditional-cpp -DUSE_NETCDF4_FEATURES -DWRFIO_NCD_LARGE_FILE_SUPPORT  cosq1i.F  > cosq1i.f90
ifort -c -real-size 32 -i4  -ip -fp-model precise -w -ftz -align all -fno-alias -FR -convert big_endian   cosq1i.f90
rm -f -f cmf3kb.f90
/lib/cpp -P -nostdinc -DEM_CORE=1 -DNMM_CORE=0 -DNMM_MAX_DIM=2600 -DDA_CORE=0 -DWRFPLUS=0 -DIWORDSIZE=4 -DDWORDSIZE=8 -DRWORDSIZE=4 -DLWORDSIZE=4 -DNONSTANDARD_SYSTEM_FUNC  -DWRF_USE_CLM -DUSE_NETCDF4_FEATURES -DWRFIO_NCD_LARGE_FILE_SUPPORT  -DDM_PARALLEL -DNETCDF -DLANDREAD_STUB=1 -DUSE_ALLOCATABLES -Dwrfmodel -DGRIB1 -DINTIO -DKEEP_INT_AROUND -DLIMIT_ARGS -DBUILD_RRTMG_FAST=0 -DBUILD_RRTMK=0 -DBUILD_SBM_FAST=1 -DSHOW_ALL_VARS_USED=0 -DCONFIG_BUF_LEN=65536 -DMAX_DOMAINS_F=21 -DMAX_HISTORY=25 -DNMM_NEST=0  -I. -traditional-cpp -DUSE_NETCDF4_FEATURES -DWRFIO_NCD_LARGE_FILE_SUPPORT  costmf.F  > costmf.f90
ifort -c -real-size 32 -i4  -ip -fp-model precise -w -ftz -align all -fno-alias -FR -convert big_endian   costmf.f90
rm -f -f cosq1i.f90
/lib/cpp -P -nostdinc -DEM_CORE=1 -DNMM_CORE=0 -DNMM_MAX_DIM=2600 -DDA_CORE=0 -DWRFPLUS=0 -DIWORDSIZE=4 -DDWORDSIZE=8 -DRWORDSIZE=4 -DLWORDSIZE=4 -DNONSTANDARD_SYSTEM_FUNC  -DWRF_USE_CLM -DUSE_NETCDF4_FEATURES -DWRFIO_NCD_LARGE_FILE_SUPPORT  -DDM_PARALLEL -DNETCDF -DLANDREAD_STUB=1 -DUSE_ALLOCATABLES -Dwrfmodel -DGRIB1 -DINTIO -DKEEP_INT_AROUND -DLIMIT_ARGS -DBUILD_RRTMG_FAST=0 -DBUILD_RRTMK=0 -DBUILD_SBM_FAST=1 -DSHOW_ALL_VARS_USED=0 -DCONFIG_BUF_LEN=65536 -DMAX_DOMAINS_F=21 -DMAX_HISTORY=25 -DNMM_NEST=0  -I. -traditional-cpp -DUSE_NETCDF4_FEATURES -DWRFIO_NCD_LARGE_FILE_SUPPORT  dcosq1b.F  > dcosq1b.f90
ifort -c -real-size 32 -i4  -ip -fp-model precise -w -ftz -align all -fno-alias -FR -convert big_endian   dcosq1b.f90
rm -f -f costmf.f90
/lib/cpp -P -nostdinc -DEM_CORE=1 -DNMM_CORE=0 -DNMM_MAX_DIM=2600 -DDA_CORE=0 -DWRFPLUS=0 -DIWORDSIZE=4 -DDWORDSIZE=8 -DRWORDSIZE=4 -DLWORDSIZE=4 -DNONSTANDARD_SYSTEM_FUNC  -DWRF_USE_CLM -DUSE_NETCDF4_FEATURES -DWRFIO_NCD_LARGE_FILE_SUPPORT  -DDM_PARALLEL -DNETCDF -DLANDREAD_STUB=1 -DUSE_ALLOCATABLES -Dwrfmodel -DGRIB1 -DINTIO -DKEEP_INT_AROUND -DLIMIT_ARGS -DBUILD_RRTMG_FAST=0 -DBUILD_RRTMK=0 -DBUILD_SBM_FAST=1 -DSHOW_ALL_VARS_USED=0 -DCONFIG_BUF_LEN=65536 -DMAX_DOMAINS_F=21 -DMAX_HISTORY=25 -DNMM_NEST=0  -I. -traditional-cpp -DUSE_NETCDF4_FEATURES -DWRFIO_NCD_LARGE_FILE_SUPPORT  dfft1i.F  > dfft1i.f90
ifort -c -real-size 32 -i4  -ip -fp-model precise -w -ftz -align all -fno-alias -FR -convert big_endian   dfft1i.f90
rm -f -f dcosq1b.f90
/lib/cpp -P -nostdinc -DEM_CORE=1 -DNMM_CORE=0 -DNMM_MAX_DIM=2600 -DDA_CORE=0 -DWRFPLUS=0 -DIWORDSIZE=4 -DDWORDSIZE=8 -DRWORDSIZE=4 -DLWORDSIZE=4 -DNONSTANDARD_SYSTEM_FUNC  -DWRF_USE_CLM -DUSE_NETCDF4_FEATURES -DWRFIO_NCD_LARGE_FILE_SUPPORT  -DDM_PARALLEL -DNETCDF -DLANDREAD_STUB=1 -DUSE_ALLOCATABLES -Dwrfmodel -DGRIB1 -DINTIO -DKEEP_INT_AROUND -DLIMIT_ARGS -DBUILD_RRTMG_FAST=0 -DBUILD_RRTMK=0 -DBUILD_SBM_FAST=1 -DSHOW_ALL_VARS_USED=0 -DCONFIG_BUF_LEN=65536 -DMAX_DOMAINS_F=21 -DMAX_HISTORY=25 -DNMM_NEST=0  -I. -traditional-cpp -DUSE_NETCDF4_FEATURES -DWRFIO_NCD_LARGE_FILE_SUPPORT  mcstf1.F  > mcstf1.f90
ifort -c -real-size 32 -i4  -ip -fp-model precise -w -ftz -align all -fno-alias -FR -convert big_endian   mcstf1.f90
rm -f -f dfft1i.f90
/lib/cpp -P -nostdinc -DEM_CORE=1 -DNMM_CORE=0 -DNMM_MAX_DIM=2600 -DDA_CORE=0 -DWRFPLUS=0 -DIWORDSIZE=4 -DDWORDSIZE=8 -DRWORDSIZE=4 -DLWORDSIZE=4 -DNONSTANDARD_SYSTEM_FUNC  -DWRF_USE_CLM -DUSE_NETCDF4_FEATURES -DWRFIO_NCD_LARGE_FILE_SUPPORT  -DDM_PARALLEL -DNETCDF -DLANDREAD_STUB=1 -DUSE_ALLOCATABLES -Dwrfmodel -DGRIB1 -DINTIO -DKEEP_INT_AROUND -DLIMIT_ARGS -DBUILD_RRTMG_FAST=0 -DBUILD_RRTMK=0 -DBUILD_SBM_FAST=1 -DSHOW_ALL_VARS_USED=0 -DCONFIG_BUF_LEN=65536 -DMAX_DOMAINS_F=21 -DMAX_HISTORY=25 -DNMM_NEST=0  -I. -traditional-cpp -DUSE_NETCDF4_FEATURES -DWRFIO_NCD_LARGE_FILE_SUPPORT  mrftf1.F  > mrftf1.f90
ifort -c -real-size 32 -i4  -ip -fp-model precise -w -ftz -align all -fno-alias -FR -convert big_endian   mrftf1.f90
rm -f -f mcstf1.f90
/lib/cpp -P -nostdinc -DEM_CORE=1 -DNMM_CORE=0 -DNMM_MAX_DIM=2600 -DDA_CORE=0 -DWRFPLUS=0 -DIWORDSIZE=4 -DDWORDSIZE=8 -DRWORDSIZE=4 -DLWORDSIZE=4 -DNONSTANDARD_SYSTEM_FUNC  -DWRF_USE_CLM -DUSE_NETCDF4_FEATURES -DWRFIO_NCD_LARGE_FILE_SUPPORT  -DDM_PARALLEL -DNETCDF -DLANDREAD_STUB=1 -DUSE_ALLOCATABLES -Dwrfmodel -DGRIB1 -DINTIO -DKEEP_INT_AROUND -DLIMIT_ARGS -DBUILD_RRTMG_FAST=0 -DBUILD_RRTMK=0 -DBUILD_SBM_FAST=1 -DSHOW_ALL_VARS_USED=0 -DCONFIG_BUF_LEN=65536 -DMAX_DOMAINS_F=21 -DMAX_HISTORY=25 -DNMM_NEST=0  -I. -traditional-cpp -DUSE_NETCDF4_FEATURES -DWRFIO_NCD_LARGE_FILE_SUPPORT  r1fgkb.F  > r1fgkb.f90
ifort -c -real-size 32 -i4  -ip -fp-model precise -w -ftz -align all -fno-alias -FR -convert big_endian   r1fgkb.f90
rm -f -f mrftf1.f90
/lib/cpp -P -nostdinc -DEM_CORE=1 -DNMM_CORE=0 -DNMM_MAX_DIM=2600 -DDA_CORE=0 -DWRFPLUS=0 -DIWORDSIZE=4 -DDWORDSIZE=8 -DRWORDSIZE=4 -DLWORDSIZE=4 -DNONSTANDARD_SYSTEM_FUNC  -DWRF_USE_CLM -DUSE_NETCDF4_FEATURES -DWRFIO_NCD_LARGE_FILE_SUPPORT  -DDM_PARALLEL -DNETCDF -DLANDREAD_STUB=1 -DUSE_ALLOCATABLES -Dwrfmodel -DGRIB1 -DINTIO -DKEEP_INT_AROUND -DLIMIT_ARGS -DBUILD_RRTMG_FAST=0 -DBUILD_RRTMK=0 -DBUILD_SBM_FAST=1 -DSHOW_ALL_VARS_USED=0 -DCONFIG_BUF_LEN=65536 -DMAX_DOMAINS_F=21 -DMAX_HISTORY=25 -DNMM_NEST=0  -I. -traditional-cpp -DUSE_NETCDF4_FEATURES -DWRFIO_NCD_LARGE_FILE_SUPPORT  rfft2f.F  > rfft2f.f90
ifort -c -real-size 32 -i4  -ip -fp-model precise -w -ftz -align all -fno-alias -FR -convert big_endian   rfft2f.f90
rm -f -f rfft2f.f90
/lib/cpp -P -nostdinc -DEM_CORE=1 -DNMM_CORE=0 -DNMM_MAX_DIM=2600 -DDA_CORE=0 -DWRFPLUS=0 -DIWORDSIZE=4 -DDWORDSIZE=8 -DRWORDSIZE=4 -DLWORDSIZE=4 -DNONSTANDARD_SYSTEM_FUNC  -DWRF_USE_CLM -DUSE_NETCDF4_FEATURES -DWRFIO_NCD_LARGE_FILE_SUPPORT  -DDM_PARALLEL -DNETCDF -DLANDREAD_STUB=1 -DUSE_ALLOCATABLES -Dwrfmodel -DGRIB1 -DINTIO -DKEEP_INT_AROUND -DLIMIT_ARGS -DBUILD_RRTMG_FAST=0 -DBUILD_RRTMK=0 -DBUILD_SBM_FAST=1 -DSHOW_ALL_VARS_USED=0 -DCONFIG_BUF_LEN=65536 -DMAX_DOMAINS_F=21 -DMAX_HISTORY=25 -DNMM_NEST=0  -I. -traditional-cpp -DUSE_NETCDF4_FEATURES -DWRFIO_NCD_LARGE_FILE_SUPPORT  sinqmf.F  > sinqmf.f90
ifort -c -real-size 32 -i4  -ip -fp-model precise -w -ftz -align all -fno-alias -FR -convert big_endian   sinqmf.f90
rm -f -f r1fgkb.f90
/lib/cpp -P -nostdinc -DEM_CORE=1 -DNMM_CORE=0 -DNMM_MAX_DIM=2600 -DDA_CORE=0 -DWRFPLUS=0 -DIWORDSIZE=4 -DDWORDSIZE=8 -DRWORDSIZE=4 -DLWORDSIZE=4 -DNONSTANDARD_SYSTEM_FUNC  -DWRF_USE_CLM -DUSE_NETCDF4_FEATURES -DWRFIO_NCD_LARGE_FILE_SUPPORT  -DDM_PARALLEL -DNETCDF -DLANDREAD_STUB=1 -DUSE_ALLOCATABLES -Dwrfmodel -DGRIB1 -DINTIO -DKEEP_INT_AROUND -DLIMIT_ARGS -DBUILD_RRTMG_FAST=0 -DBUILD_RRTMK=0 -DBUILD_SBM_FAST=1 -DSHOW_ALL_VARS_USED=0 -DCONFIG_BUF_LEN=65536 -DMAX_DOMAINS_F=21 -DMAX_HISTORY=25 -DNMM_NEST=0  -I. -traditional-cpp -DUSE_NETCDF4_FEATURES -DWRFIO_NCD_LARGE_FILE_SUPPORT  z1f2kb.F  > z1f2kb.f90
ifort -c -real-size 32 -i4  -ip -fp-model precise -w -ftz -align all -fno-alias -FR -convert big_endian   z1f2kb.f90
rm -f -f sinqmf.f90
/lib/cpp -P -nostdinc -DEM_CORE=1 -DNMM_CORE=0 -DNMM_MAX_DIM=2600 -DDA_CORE=0 -DWRFPLUS=0 -DIWORDSIZE=4 -DDWORDSIZE=8 -DRWORDSIZE=4 -DLWORDSIZE=4 -DNONSTANDARD_SYSTEM_FUNC  -DWRF_USE_CLM -DUSE_NETCDF4_FEATURES -DWRFIO_NCD_LARGE_FILE_SUPPORT  -DDM_PARALLEL -DNETCDF -DLANDREAD_STUB=1 -DUSE_ALLOCATABLES -Dwrfmodel -DGRIB1 -DINTIO -DKEEP_INT_AROUND -DLIMIT_ARGS -DBUILD_RRTMG_FAST=0 -DBUILD_RRTMK=0 -DBUILD_SBM_FAST=1 -DSHOW_ALL_VARS_USED=0 -DCONFIG_BUF_LEN=65536 -DMAX_DOMAINS_F=21 -DMAX_HISTORY=25 -DNMM_NEST=0  -I. -traditional-cpp -DUSE_NETCDF4_FEATURES -DWRFIO_NCD_LARGE_FILE_SUPPORT  zfft1b.F  > zfft1b.f90
ifort -c -real-size 32 -i4  -ip -fp-model precise -w -ftz -align all -fno-alias -FR -convert big_endian   zfft1b.f90
rm -f -f z1f2kb.f90
/lib/cpp -P -nostdinc -DEM_CORE=1 -DNMM_CORE=0 -DNMM_MAX_DIM=2600 -DDA_CORE=0 -DWRFPLUS=0 -DIWORDSIZE=4 -DDWORDSIZE=8 -DRWORDSIZE=4 -DLWORDSIZE=4 -DNONSTANDARD_SYSTEM_FUNC  -DWRF_USE_CLM -DUSE_NETCDF4_FEATURES -DWRFIO_NCD_LARGE_FILE_SUPPORT  -DDM_PARALLEL -DNETCDF -DLANDREAD_STUB=1 -DUSE_ALLOCATABLES -Dwrfmodel -DGRIB1 -DINTIO -DKEEP_INT_AROUND -DLIMIT_ARGS -DBUILD_RRTMG_FAST=0 -DBUILD_RRTMK=0 -DBUILD_SBM_FAST=1 -DSHOW_ALL_VARS_USED=0 -DCONFIG_BUF_LEN=65536 -DMAX_DOMAINS_F=21 -DMAX_HISTORY=25 -DNMM_NEST=0  -I. -traditional-cpp -DUSE_NETCDF4_FEATURES -DWRFIO_NCD_LARGE_FILE_SUPPORT  zmf3kf.F  > zmf3kf.f90
ifort -c -real-size 32 -i4  -ip -fp-model precise -w -ftz -align all -fno-alias -FR -convert big_endian   zmf3kf.f90
rm -f -f zfft1b.f90
rm -f -f zmf3kf.f90
ar ru libfftpack.a c1f2kb.o  cfft1b.o  cmf3kf.o  cosqb1.o  costmi.o   dcosq1f.o  dfftb1.o   mradb2.o  mrfti1.o  r1fgkf.o     rfft2i.o  sinqmi.o  z1f2kf.o  zfft1f.o  zmf4kb.o c1f2kf.o  cfft1f.o  cmf4kb.o  cosqf1.o  d1f2kb.o   dcosq1i.o  dfftf1.o   mradb3.o  msntb1.o  r4_factor.o  rfftb1.o  sint1b.o  z1f3kb.o  zfft1i.o  zmf4kf.o c1f3kb.o  cfft1i.o  cmf4kf.o  cosqmb.o  d1f2kf.o   dcosqb1.o  dffti1.o   mradb4.o  msntf1.o  r4_mcfti1.o  rfftf1.o  sint1f.o  z1f3kf.o  zfft2b.o  zmf5kb.o c1f3kf.o  cfft2b.o  cmf5kb.o  cosqmf.o  d1f3kb.o   dcosqf1.o  dsint1b.o  mradb5.o  r1f2kb.o  r4_tables.o  rffti1.o  sint1i.o  z1f4kb.o  zfft2f.o  zmf5kf.o c1f4kb.o  cfft2f.o  cmf5kf.o  cosqmi.o  d1f3kf.o   dcost1b.o  dsint1f.o  mradbg.o  r1f2kf.o  r8_factor.o  rfftmb.o  sintb1.o  z1f4kf.o  zfft2i.o  zmfgkb.o c1f4kf.o  cfft2i.o  cmfgkb.o  cost1b.o  d1f4kb.o   dcost1f.o  dsint1i.o  mradf2.o  r1f3kb.o  r8_mcfti1.o  rfftmf.o  sintf1.o  z1f5kb.o  zfftmb.o  zmfgkf.o c1f5kb.o  cfftmb.o  cmfgkf.o  cost1f.o  d1f4kf.o   dcost1i.o  dsintb1.o  mradf3.o  r1f3kf.o  r8_tables.o  rfftmi.o  sintmb.o  z1f5kf.o  zfftmf.o  zmfm1b.o c1f5kf.o  cfftmf.o  cmfm1b.o  cost1i.o  d1f5kb.o   dcostb1.o  dsintf1.o  mradf4.o  r1f4kb.o  rfft1b.o     sinq1b.o  sintmf.o  z1fgkb.o  zfftmi.o  zmfm1f.o c1fgkb.o  cfftmi.o  cmfm1f.o  costb1.o  d1f5kf.o   dcostf1.o  mcsqb1.o   mradf5.o  r1f4kf.o  rfft1f.o     sinq1f.o  sintmi.o  z1fgkf.o  zmf2kb.o c1fgkf.o  cmf2kb.o  cosq1b.o  costf1.o  d1fgkb.o   dfft1b.o   mcsqf1.o   mradfg.o  r1f5kb.o  rfft1i.o     sinq1i.o  xercon.o  z1fm1b.o  zmf2kf.o c1fm1b.o  cmf2kf.o  cosq1f.o  costmb.o  d1fgkf.o   dfft1f.o   mcstb1.o   mrftb1.o  r1f5kf.o  rfft2b.o     sinqmb.o  xerfft.o  z1fm1f.o  zmf3kb.o c1fm1f.o  cmf3kb.o  cosq1i.o  costmf.o  dcosq1b.o  dfft1i.o   mcstf1.o   mrftf1.o  r1fgkb.o  rfft2f.o     sinqmf.o  z1f2kb.o  zfft1b.o  zmf3kf.o 
ar: creating libfftpack.a
ranlib libfftpack.a
make[3]: Leaving directory `/global/scratch/users/adamwise/compiling/WRFv4.4-DRM_real_GAD_slices_CPM/external/fftpack/fftpack5'
( cd /global/scratch/users/adamwise/compiling/WRFv4.4-DRM_real_GAD_slices_CPM/external/RSL_LITE ; make -j 2 CC="mpicc -cc=icc -DFSEEKO64_OK  -w -O3 -ip -DRPC_TYPES=1  -DDM_PARALLEL -DLANDREAD_STUB=1 -DMAX_HISTORY=25 -DNMM_CORE=0" \
          FC="time mpif90 -f90=ifort -O3 -ip -fp-model precise -w -ftz -align all -fno-alias -FR -convert big_endian    -real-size `expr 8 \* 4` -i4 -convert big_endian" \
          CPP="/lib/cpp -P -nostdinc -I. -DEM_CORE=1 -DNMM_CORE=0 -DNMM_MAX_DIM=2600 -DDA_CORE=0 -DWRFPLUS=0 -DIWORDSIZE=4 -DDWORDSIZE=8 -DRWORDSIZE=4 -DLWORDSIZE=4 -DNONSTANDARD_SYSTEM_FUNC  -DWRF_USE_CLM -DUSE_NETCDF4_FEATURES -DWRFIO_NCD_LARGE_FILE_SUPPORT  -DDM_PARALLEL -DNETCDF -DLANDREAD_STUB=1 -DUSE_ALLOCATABLES -Dwrfmodel -DGRIB1 -DINTIO -DKEEP_INT_AROUND -DLIMIT_ARGS -DBUILD_RRTMG_FAST=0 -DBUILD_RRTMK=0 -DBUILD_SBM_FAST=1 -DSHOW_ALL_VARS_USED=0 -DCONFIG_BUF_LEN=65536 -DMAX_DOMAINS_F=21 -DMAX_HISTORY=25 -DNMM_NEST=0  -traditional-cpp -DUSE_NETCDF4_FEATURES -DWRFIO_NCD_LARGE_FILE_SUPPORT" AR="ar" ARFLAGS="ru" ;\
          ranlib /global/scratch/users/adamwise/compiling/WRFv4.4-DRM_real_GAD_slices_CPM/external/RSL_LITE/librsl_lite.a )
make[3]: Entering directory `/global/scratch/users/adamwise/compiling/WRFv4.4-DRM_real_GAD_slices_CPM/external/RSL_LITE'
mpicc -cc=icc -DFSEEKO64_OK  -w -O3 -ip -DRPC_TYPES=1  -DDM_PARALLEL -DLANDREAD_STUB=1 -DMAX_HISTORY=25 -DNMM_CORE=0  -c c_code.c
mpicc -cc=icc -DFSEEKO64_OK  -w -O3 -ip -DRPC_TYPES=1  -DDM_PARALLEL -DLANDREAD_STUB=1 -DMAX_HISTORY=25 -DNMM_CORE=0  -c buf_for_proc.c
mpicc -cc=icc -DFSEEKO64_OK  -w -O3 -ip -DRPC_TYPES=1  -DDM_PARALLEL -DLANDREAD_STUB=1 -DMAX_HISTORY=25 -DNMM_CORE=0  -c rsl_malloc.c
mpicc -cc=icc -DFSEEKO64_OK  -w -O3 -ip -DRPC_TYPES=1  -DDM_PARALLEL -DLANDREAD_STUB=1 -DMAX_HISTORY=25 -DNMM_CORE=0  -c rsl_bcast.c
mpicc -cc=icc -DFSEEKO64_OK  -w -O3 -ip -DRPC_TYPES=1  -DDM_PARALLEL -DLANDREAD_STUB=1 -DMAX_HISTORY=25 -DNMM_CORE=0  -c task_for_point.c
mpicc -cc=icc -DFSEEKO64_OK  -w -O3 -ip -DRPC_TYPES=1  -DDM_PARALLEL -DLANDREAD_STUB=1 -DMAX_HISTORY=25 -DNMM_CORE=0  -c period.c
mpicc -cc=icc -DFSEEKO64_OK  -w -O3 -ip -DRPC_TYPES=1  -DDM_PARALLEL -DLANDREAD_STUB=1 -DMAX_HISTORY=25 -DNMM_CORE=0  -c swap.c
mpicc -cc=icc -DFSEEKO64_OK  -w -O3 -ip -DRPC_TYPES=1  -DDM_PARALLEL -DLANDREAD_STUB=1 -DMAX_HISTORY=25 -DNMM_CORE=0  -c cycle.c
/lib/cpp -P -nostdinc -I. -DEM_CORE=1 -DNMM_CORE=0 -DNMM_MAX_DIM=2600 -DDA_CORE=0 -DWRFPLUS=0 -DIWORDSIZE=4 -DDWORDSIZE=8 -DRWORDSIZE=4 -DLWORDSIZE=4 -DNONSTANDARD_SYSTEM_FUNC  -DWRF_USE_CLM -DUSE_NETCDF4_FEATURES -DWRFIO_NCD_LARGE_FILE_SUPPORT  -DDM_PARALLEL -DNETCDF -DLANDREAD_STUB=1 -DUSE_ALLOCATABLES -Dwrfmodel -DGRIB1 -DINTIO -DKEEP_INT_AROUND -DLIMIT_ARGS -DBUILD_RRTMG_FAST=0 -DBUILD_RRTMK=0 -DBUILD_SBM_FAST=1 -DSHOW_ALL_VARS_USED=0 -DCONFIG_BUF_LEN=65536 -DMAX_DOMAINS_F=21 -DMAX_HISTORY=25 -DNMM_NEST=0  -traditional-cpp -DUSE_NETCDF4_FEATURES -DWRFIO_NCD_LARGE_FILE_SUPPORT  f_pack.F90 > f_pack.f
time mpif90 -f90=ifort -O3 -ip -fp-model precise -w -ftz -align all -fno-alias -FR -convert big_endian    -real-size 32 -i4 -convert big_endian -o f_pack.o  -c f_pack.f
1.69user 0.12system 0:02.07elapsed 87%CPU (0avgtext+0avgdata 40444maxresident)k
0inputs+504outputs (0major+19600minor)pagefaults 0swaps
/lib/cpp -P -nostdinc -I. -DEM_CORE=1 -DNMM_CORE=0 -DNMM_MAX_DIM=2600 -DDA_CORE=0 -DWRFPLUS=0 -DIWORDSIZE=4 -DDWORDSIZE=8 -DRWORDSIZE=4 -DLWORDSIZE=4 -DNONSTANDARD_SYSTEM_FUNC  -DWRF_USE_CLM -DUSE_NETCDF4_FEATURES -DWRFIO_NCD_LARGE_FILE_SUPPORT  -DDM_PARALLEL -DNETCDF -DLANDREAD_STUB=1 -DUSE_ALLOCATABLES -Dwrfmodel -DGRIB1 -DINTIO -DKEEP_INT_AROUND -DLIMIT_ARGS -DBUILD_RRTMG_FAST=0 -DBUILD_RRTMK=0 -DBUILD_SBM_FAST=1 -DSHOW_ALL_VARS_USED=0 -DCONFIG_BUF_LEN=65536 -DMAX_DOMAINS_F=21 -DMAX_HISTORY=25 -DNMM_NEST=0  -traditional-cpp -DUSE_NETCDF4_FEATURES -DWRFIO_NCD_LARGE_FILE_SUPPORT f_xpose.F90 > f_xpose.f
time mpif90 -f90=ifort -O3 -ip -fp-model precise -w -ftz -align all -fno-alias -FR -convert big_endian    -real-size 32 -i4 -convert big_endian -o f_xpose.o  -c f_xpose.f
0.73user 0.45system 0:04.95elapsed 24%CPU (0avgtext+0avgdata 46308maxresident)k
0inputs+336outputs (0major+19498minor)pagefaults 0swaps
/bin/rm -f librsl_lite.a
ar cr librsl_lite.a c_code.o buf_for_proc.o rsl_malloc.o rsl_bcast.o task_for_point.o period.o swap.o cycle.o f_pack.o f_xpose.o
make[3]: Leaving directory `/global/scratch/users/adamwise/compiling/WRFv4.4-DRM_real_GAD_slices_CPM/external/RSL_LITE'
( if [ ! -e /global/scratch/users/adamwise/compiling/WRFv4.4-DRM_real_GAD_slices_CPM/tools/gen_comms.c ] ; then \
          /bin/cp /global/scratch/users/adamwise/compiling/WRFv4.4-DRM_real_GAD_slices_CPM/tools/gen_comms_warning /global/scratch/users/adamwise/compiling/WRFv4.4-DRM_real_GAD_slices_CPM/tools/gen_comms.c ; \
          cat /global/scratch/users/adamwise/compiling/WRFv4.4-DRM_real_GAD_slices_CPM/external/RSL_LITE/gen_comms.c >> /global/scratch/users/adamwise/compiling/WRFv4.4-DRM_real_GAD_slices_CPM/tools/gen_comms.c ; fi )
( if [ ! -e module_dm.F ] ; then /bin/cp module_dm_warning module_dm.F ; \
          cat /global/scratch/users/adamwise/compiling/WRFv4.4-DRM_real_GAD_slices_CPM/external/RSL_LITE/module_dm.F >> module_dm.F ; fi )
make[2]: Leaving directory `/global/scratch/users/adamwise/compiling/WRFv4.4-DRM_real_GAD_slices_CPM/frame'
make[1]: Leaving directory `/global/scratch/users/adamwise/compiling/WRFv4.4-DRM_real_GAD_slices_CPM'
make -i -r MODULE_DIRS="-I../dyn_em  -I/global/scratch/users/adamwise/compiling/WRFv4.4-DRM_real_GAD_slices_CPM/external/esmf_time_f90  -I/global/scratch/users/adamwise/compiling/WRFv4.4-DRM_real_GAD_slices_CPM/main -I/global/scratch/users/adamwise/compiling/WRFv4.4-DRM_real_GAD_slices_CPM/external/io_netcdf -I/global/scratch/users/adamwise/compiling/WRFv4.4-DRM_real_GAD_slices_CPM/external/io_int -I/global/scratch/users/adamwise/compiling/WRFv4.4-DRM_real_GAD_slices_CPM/frame -I/global/scratch/users/adamwise/compiling/WRFv4.4-DRM_real_GAD_slices_CPM/share -I/global/scratch/users/adamwise/compiling/WRFv4.4-DRM_real_GAD_slices_CPM/phys -I/global/scratch/users/adamwise/compiling/WRFv4.4-DRM_real_GAD_slices_CPM/wrftladj -I/global/scratch/users/adamwise/compiling/WRFv4.4-DRM_real_GAD_slices_CPM/chem -I/global/scratch/users/adamwise/compiling/WRFv4.4-DRM_real_GAD_slices_CPM/inc -I/global/software/sl-7.x86_64/modules/intel/2016.4.072/netcdf/4.4.1.1-intel-s/include " toolsdir
make[1]: Entering directory `/global/scratch/users/adamwise/compiling/WRFv4.4-DRM_real_GAD_slices_CPM'
--------------------------------------
if [ 0 -eq 0 ] ; then \
  ( cd tools ; make -i -r CC_TOOLS_CFLAGS="-DNMM_CORE=0" CC_TOOLS="icc  -DIWORDSIZE=4 -DMAX_HISTORY=25" ) ; \
else \
  ( cd tools ; make -i -r CC_TOOLS_CFLAGS="-DNMM_CORE=0" CC_TOOLS="icc  -DIWORDSIZE=4 -DMAX_HISTORY=25 -DWRFPLUS=1" ) ; \
fi
make[2]: Entering directory `/global/scratch/users/adamwise/compiling/WRFv4.4-DRM_real_GAD_slices_CPM/tools'
icc  -DIWORDSIZE=4 -DMAX_HISTORY=25 -DNMM_CORE=0  -c -g  registry.c
icc  -DIWORDSIZE=4 -DMAX_HISTORY=25 -DNMM_CORE=0  -c -g  my_strtok.c
icc  -DIWORDSIZE=4 -DMAX_HISTORY=25 -DNMM_CORE=0  -c -g  reg_parse.c
icc  -DIWORDSIZE=4 -DMAX_HISTORY=25 -DNMM_CORE=0  -c -g  data.c
icc  -DIWORDSIZE=4 -DMAX_HISTORY=25 -DNMM_CORE=0  -c -g  type.c
icc  -DIWORDSIZE=4 -DMAX_HISTORY=25 -DNMM_CORE=0  -c -g  misc.c
icc  -DIWORDSIZE=4 -DMAX_HISTORY=25 -DNMM_CORE=0  -c -g  gen_defs.c
icc  -DIWORDSIZE=4 -DMAX_HISTORY=25 -DNMM_CORE=0  -c -g  gen_allocs.c
icc  -DIWORDSIZE=4 -DMAX_HISTORY=25 -DNMM_CORE=0  -c -g  gen_mod_state_descr.c
icc  -DIWORDSIZE=4 -DMAX_HISTORY=25 -DNMM_CORE=0  -c -g  gen_scalar_indices.c
icc  -DIWORDSIZE=4 -DMAX_HISTORY=25 -DNMM_CORE=0  -c -g  gen_args.c
icc  -DIWORDSIZE=4 -DMAX_HISTORY=25 -DNMM_CORE=0  -c -g  gen_config.c
icc  -DIWORDSIZE=4 -DMAX_HISTORY=25 -DNMM_CORE=0  -c -g  sym.c
icc  -DIWORDSIZE=4 -DMAX_HISTORY=25 -DNMM_CORE=0  -c -g  symtab_gen.c
icc  -DIWORDSIZE=4 -DMAX_HISTORY=25 -DNMM_CORE=0  -c -g  gen_irr_diag.c
icc  -DIWORDSIZE=4 -DMAX_HISTORY=25 -DNMM_CORE=0  -c -g  gen_model_data_ord.c
icc  -DIWORDSIZE=4 -DMAX_HISTORY=25 -DNMM_CORE=0  -c -g  gen_interp.c
icc  -DIWORDSIZE=4 -DMAX_HISTORY=25 -DNMM_CORE=0  -c -g  gen_comms.c
icc  -DIWORDSIZE=4 -DMAX_HISTORY=25 -DNMM_CORE=0  -c -g  gen_scalar_derefs.c
icc  -DIWORDSIZE=4 -DMAX_HISTORY=25 -DNMM_CORE=0  -c -g  set_dim_strs.c
icc  -DIWORDSIZE=4 -DMAX_HISTORY=25 -DNMM_CORE=0  -c -g  gen_wrf_io.c
icc  -DIWORDSIZE=4 -DMAX_HISTORY=25 -DNMM_CORE=0  -c -g  gen_streams.c
icc  -DIWORDSIZE=4 -DMAX_HISTORY=25 -DNMM_CORE=0  -c -g  standard.c
icc  -DIWORDSIZE=4 -DMAX_HISTORY=25 -o standard.exe -g   standard.o
icc  -DIWORDSIZE=4 -DMAX_HISTORY=25 -o registry -g   registry.o my_strtok.o reg_parse.o data.o type.o misc.o gen_defs.o gen_allocs.o gen_mod_state_descr.o gen_scalar_indices.o gen_args.o gen_config.o sym.o symtab_gen.o gen_irr_diag.o gen_model_data_ord.o gen_interp.o gen_comms.o gen_scalar_derefs.o set_dim_strs.o gen_wrf_io.o gen_streams.o
if [ -x /usr/bin/peflags.exe ] ; then /usr/bin/peflags.exe --stack-reserve=33554432 registry; fi
make[2]: Leaving directory `/global/scratch/users/adamwise/compiling/WRFv4.4-DRM_real_GAD_slices_CPM/tools'
make[1]: Leaving directory `/global/scratch/users/adamwise/compiling/WRFv4.4-DRM_real_GAD_slices_CPM'
/bin/rm -f main/libwrflib.a main/libwrflib.lib
make -i -r MODULE_DIRS="-I../dyn_em  -I/global/scratch/users/adamwise/compiling/WRFv4.4-DRM_real_GAD_slices_CPM/external/esmf_time_f90  -I/global/scratch/users/adamwise/compiling/WRFv4.4-DRM_real_GAD_slices_CPM/main -I/global/scratch/users/adamwise/compiling/WRFv4.4-DRM_real_GAD_slices_CPM/external/io_netcdf -I/global/scratch/users/adamwise/compiling/WRFv4.4-DRM_real_GAD_slices_CPM/external/io_int -I/global/scratch/users/adamwise/compiling/WRFv4.4-DRM_real_GAD_slices_CPM/frame -I/global/scratch/users/adamwise/compiling/WRFv4.4-DRM_real_GAD_slices_CPM/share -I/global/scratch/users/adamwise/compiling/WRFv4.4-DRM_real_GAD_slices_CPM/phys -I/global/scratch/users/adamwise/compiling/WRFv4.4-DRM_real_GAD_slices_CPM/wrftladj -I/global/scratch/users/adamwise/compiling/WRFv4.4-DRM_real_GAD_slices_CPM/chem -I/global/scratch/users/adamwise/compiling/WRFv4.4-DRM_real_GAD_slices_CPM/inc -I/global/software/sl-7.x86_64/modules/intel/2016.4.072/netcdf/4.4.1.1-intel-s/include " framework
make[1]: Entering directory `/global/scratch/users/adamwise/compiling/WRFv4.4-DRM_real_GAD_slices_CPM'
--------------------------------------
( cd frame ; make -i -r -j 2 LLIST="" framework ; \
          cd ../external/io_netcdf ; \
          make -i -r NETCDFPATH="/global/software/sl-7.x86_64/modules/intel/2016.4.072/netcdf/4.4.1.1-intel-s" \
               FC="time mpif90 -f90=ifort -ip -fp-model precise -w -ftz -align all -fno-alias -FR -convert big_endian   -real-size `expr 8 \* 4` -i4  " RANLIB="ranlib" \
               CPP="/lib/cpp -P -nostdinc" LDFLAGS=" -O3 -ip -fp-model precise -w -ftz -align all -fno-alias -FR -convert big_endian   -ip  " TRADFLAG="-traditional-cpp -DUSE_NETCDF4_FEATURES -DWRFIO_NCD_LARGE_FILE_SUPPORT" ESMF_IO_LIB_EXT="-L/global/scratch/users/adamwise/compiling/WRFv4.4-DRM_real_GAD_slices_CPM/external/esmf_time_f90 -lesmf_time" \
               LIB_LOCAL="" \
               ESMF_MOD_DEPENDENCE="/global/scratch/users/adamwise/compiling/WRFv4.4-DRM_real_GAD_slices_CPM/external/esmf_time_f90/module_utility.o" AR="INTERNAL_BUILD_ERROR_SHOULD_NOT_NEED_AR" diffwrf; \
          cd ../io_netcdf ; \
          make -i -r NETCDFPATH="/global/software/sl-7.x86_64/modules/intel/2016.4.072/netcdf/4.4.1.1-intel-s" \
               FC="ifort -ip -fp-model precise -w -ftz -align all -fno-alias -FR -convert big_endian   -real-size `expr 8 \* 4` -i4  " RANLIB="ranlib" \
               CPP="/lib/cpp -P -nostdinc" LDFLAGS=" -O3 -ip -fp-model precise -w -ftz -align all -fno-alias -FR -convert big_endian   -ip  " TRADFLAG="-traditional-cpp -DUSE_NETCDF4_FEATURES -DWRFIO_NCD_LARGE_FILE_SUPPORT" ESMF_IO_LIB_EXT="-L/global/scratch/users/adamwise/compiling/WRFv4.4-DRM_real_GAD_slices_CPM/external/esmf_time_f90 -lesmf_time" \
       LIB_LOCAL="" \
               ESMF_MOD_DEPENDENCE="/global/scratch/users/adamwise/compiling/WRFv4.4-DRM_real_GAD_slices_CPM/external/esmf_time_f90/module_utility.o" AR="INTERNAL_BUILD_ERROR_SHOULD_NOT_NEED_AR"; \
          cd ../io_netcdfpar ; \
          echo SKIPPING make -i -r NETCDFPARPATH="/global/software/sl-7.x86_64/modules/intel/2016.4.072/netcdf/4.4.1.1-intel-s" \
               FC="time mpif90 -f90=ifort -ip -fp-model precise -w -ftz -align all -fno-alias -FR -convert big_endian   -real-size `expr 8 \* 4` -i4  " RANLIB="ranlib" \
               CPP="/lib/cpp -P -nostdinc" LDFLAGS=" -O3 -ip -fp-model precise -w -ftz -align all -fno-alias -FR -convert big_endian   -ip  " TRADFLAG="-traditional-cpp -DUSE_NETCDF4_FEATURES -DWRFIO_NCD_LARGE_FILE_SUPPORT" ESMF_IO_LIB_EXT="-L/global/scratch/users/adamwise/compiling/WRFv4.4-DRM_real_GAD_slices_CPM/external/esmf_time_f90 -lesmf_time" \
               LIB_LOCAL="" \
               ESMF_MOD_DEPENDENCE="/global/scratch/users/adamwise/compiling/WRFv4.4-DRM_real_GAD_slices_CPM/external/esmf_time_f90/module_utility.o" AR="INTERNAL_BUILD_ERROR_SHOULD_NOT_NEED_AR" diffwrf; \
          cd ../io_netcdfpar ; \
          echo SKIPPING make -i -r NETCDFPARPATH="/global/software/sl-7.x86_64/modules/intel/2016.4.072/netcdf/4.4.1.1-intel-s" \
               FC="ifort -ip -fp-model precise -w -ftz -align all -fno-alias -FR -convert big_endian   -real-size `expr 8 \* 4` -i4  " RANLIB="ranlib" \
               CPP="/lib/cpp -P -nostdinc" LDFLAGS=" -O3 -ip -fp-model precise -w -ftz -align all -fno-alias -FR -convert big_endian   -ip  " TRADFLAG="-traditional-cpp -DUSE_NETCDF4_FEATURES -DWRFIO_NCD_LARGE_FILE_SUPPORT" ESMF_IO_LIB_EXT="-L/global/scratch/users/adamwise/compiling/WRFv4.4-DRM_real_GAD_slices_CPM/external/esmf_time_f90 -lesmf_time" \
       LIB_LOCAL="" \
               ESMF_MOD_DEPENDENCE="/global/scratch/users/adamwise/compiling/WRFv4.4-DRM_real_GAD_slices_CPM/external/esmf_time_f90/module_utility.o" AR="INTERNAL_BUILD_ERROR_SHOULD_NOT_NEED_AR"; \
          cd ../io_pio ; \
          echo SKIPPING PIO BUILD make -i -r NETCDFPATH="" \
               FC="ifort -ip -fp-model precise -w -ftz -align all -fno-alias -FR -convert big_endian   -real-size `expr 8 \* 4` -i4  " RANLIB="ranlib" \
               CPP="/lib/cpp -P -nostdinc" LDFLAGS=" -O3 -ip -fp-model precise -w -ftz -align all -fno-alias -FR -convert big_endian   -ip  " TRADFLAG="-traditional-cpp -DUSE_NETCDF4_FEATURES -DWRFIO_NCD_LARGE_FILE_SUPPORT" ESMF_IO_LIB_EXT="-L/global/scratch/users/adamwise/compiling/WRFv4.4-DRM_real_GAD_slices_CPM/external/esmf_time_f90 -lesmf_time" \
       LIB_LOCAL="" \
               ESMF_MOD_DEPENDENCE="/global/scratch/users/adamwise/compiling/WRFv4.4-DRM_real_GAD_slices_CPM/external/esmf_time_f90/module_utility.o" AR="INTERNAL_BUILD_ERROR_SHOULD_NOT_NEED_AR"; \
          cd ../io_int ; \
          make -i -r SFC="ifort -ip -fp-model precise -w -ftz -align all -fno-alias -FR -convert big_endian  " \
               FC="ifort -ip -fp-model precise -w -ftz -align all -fno-alias -FR -convert big_endian   -real-size `expr 8 \* 4` -i4  " \
               RANLIB="ranlib" CPP="/lib/cpp -P -nostdinc -DNONSTANDARD_SYSTEM_FUNC  -DWRF_USE_CLM -DUSE_NETCDF4_FEATURES -DWRFIO_NCD_LARGE_FILE_SUPPORT" DM_FC="mpif90 -f90=ifort -ip -fp-model precise -w -ftz -align all -fno-alias -FR -convert big_endian  "\
               TRADFLAG="-traditional-cpp -DUSE_NETCDF4_FEATURES -DWRFIO_NCD_LARGE_FILE_SUPPORT" ESMF_IO_LIB_EXT="-L/global/scratch/users/adamwise/compiling/WRFv4.4-DRM_real_GAD_slices_CPM/external/esmf_time_f90 -lesmf_time" \
               ESMF_MOD_DEPENDENCE="/global/scratch/users/adamwise/compiling/WRFv4.4-DRM_real_GAD_slices_CPM/external/esmf_time_f90/module_utility.o" AR="INTERNAL_BUILD_ERROR_SHOULD_NOT_NEED_AR" diffwrf ; \
          cd ../../frame )
make[2]: Entering directory `/global/scratch/users/adamwise/compiling/WRFv4.4-DRM_real_GAD_slices_CPM/frame'
( cd .. ; tools/registry -DEM_CORE=1 -DNMM_CORE=0 -DNMM_MAX_DIM=2600 -DDA_CORE=0 -DWRFPLUS=0 -DIWORDSIZE=4 -DDWORDSIZE=8 -DRWORDSIZE=4 -DLWORDSIZE=4 -DNONSTANDARD_SYSTEM_FUNC  -DWRF_USE_CLM -DUSE_NETCDF4_FEATURES -DWRFIO_NCD_LARGE_FILE_SUPPORT  -DDM_PARALLEL -DNETCDF -DLANDREAD_STUB=1 -DUSE_ALLOCATABLES -Dwrfmodel -DGRIB1 -DINTIO -DKEEP_INT_AROUND -DLIMIT_ARGS -DBUILD_RRTMG_FAST=0 -DBUILD_RRTMK=0 -DBUILD_SBM_FAST=1 -DSHOW_ALL_VARS_USED=0 -DCONFIG_BUF_LEN=65536 -DMAX_DOMAINS_F=21 -DMAX_HISTORY=25 -DNMM_NEST=0  -DNEW_BDYS Registry/Registry ; true ) ; 
rm -f wrf_shutdown.o
sed -e "s/^\!.*'.*//" -e "s/^ *\!.*'.*//" wrf_shutdown.F > wrf_shutdown.G
/lib/cpp -P -nostdinc -I/global/scratch/users/adamwise/compiling/WRFv4.4-DRM_real_GAD_slices_CPM/inc -DEM_CORE=1 -DNMM_CORE=0 -DNMM_MAX_DIM=2600 -DDA_CORE=0 -DWRFPLUS=0 -DIWORDSIZE=4 -DDWORDSIZE=8 -DRWORDSIZE=4 -DLWORDSIZE=4 -DNONSTANDARD_SYSTEM_FUNC  -DWRF_USE_CLM -DUSE_NETCDF4_FEATURES -DWRFIO_NCD_LARGE_FILE_SUPPORT  -DDM_PARALLEL -DNETCDF -DLANDREAD_STUB=1 -DUSE_ALLOCATABLES -Dwrfmodel -DGRIB1 -DINTIO -DKEEP_INT_AROUND -DLIMIT_ARGS -DBUILD_RRTMG_FAST=0 -DBUILD_RRTMK=0 -DBUILD_SBM_FAST=1 -DSHOW_ALL_VARS_USED=0 -DCONFIG_BUF_LEN=65536 -DMAX_DOMAINS_F=21 -DMAX_HISTORY=25 -DNMM_NEST=0  -I. -traditional-cpp -DUSE_NETCDF4_FEATURES -DWRFIO_NCD_LARGE_FILE_SUPPORT   wrf_shutdown.G  > wrf_shutdown.bb
opening Registry/registry.dimspec
including Registry/registry.dimspec
opening Registry/registry.em_shared_collection
including Registry/registry.em_shared_collection
opening Registry/Registry.EM_COMMON
including Registry/Registry.EM_COMMON
/global/scratch/users/adamwise/compiling/WRFv4.4-DRM_real_GAD_slices_CPM/tools/standard.exe wrf_shutdown.bb | /lib/cpp -P -nostdinc -traditional-cpp -DUSE_NETCDF4_FEATURES -DWRFIO_NCD_LARGE_FILE_SUPPORT > wrf_shutdown.f90
rm -f wrf_shutdown.G wrf_shutdown.bb
time mpif90 -f90=ifort -o wrf_shutdown.o -c -O3 -ip -fp-model precise -w -ftz -align all -fno-alias -FR -convert big_endian    -I../dyn_em  -I/global/scratch/users/adamwise/compiling/WRFv4.4-DRM_real_GAD_slices_CPM/external/esmf_time_f90  -I/global/scratch/users/adamwise/compiling/WRFv4.4-DRM_real_GAD_slices_CPM/main -I/global/scratch/users/adamwise/compiling/WRFv4.4-DRM_real_GAD_slices_CPM/external/io_netcdf -I/global/scratch/users/adamwise/compiling/WRFv4.4-DRM_real_GAD_slices_CPM/external/io_int -I/global/scratch/users/adamwise/compiling/WRFv4.4-DRM_real_GAD_slices_CPM/frame -I/global/scratch/users/adamwise/compiling/WRFv4.4-DRM_real_GAD_slices_CPM/share -I/global/scratch/users/adamwise/compiling/WRFv4.4-DRM_real_GAD_slices_CPM/phys -I/global/scratch/users/adamwise/compiling/WRFv4.4-DRM_real_GAD_slices_CPM/wrftladj -I/global/scratch/users/adamwise/compiling/WRFv4.4-DRM_real_GAD_slices_CPM/chem -I/global/scratch/users/adamwise/compiling/WRFv4.4-DRM_real_GAD_slices_CPM/inc -I/global/software/sl-7.x86_64/modules/intel/2016.4.072/netcdf/4.4.1.1-intel-s/include  -real-size `expr 8 \* 4` -i4  wrf_shutdown.f90
opening Registry/registry.io_boilerplate
including Registry/registry.io_boilerplate
opening Registry/io_boilerplate_temporary.inc
including Registry/io_boilerplate_temporary.inc
opening Registry/registry.fire
including Registry/registry.fire
opening Registry/registry.avgflx
including Registry/registry.avgflx
opening Registry/registry.stoch
including Registry/registry.stoch
opening Registry/registry.les
including Registry/registry.les
Registry error: unbalanced quotes in line:
rconfig integer spec_ideal          namelist,dynamics   1                 0  -  "flag to activate spec_hfx and spec_z0 in sf_sfclay_physics=1 and spec_l
Registry error: unbalanced quotes in line:
rconfig real    spec_hfx            namelist,dynamics   1               0.0  -  "Constant surface heat flux (W/m^2) for use with sf_sfclay_physics=1 in
Registry error: unbalanced quotes in line:
rconfig real    spec_z0             namelist,dynamics       1               0.1  -  "Homogeneous roughness length (m) for use with sf_sfclay_physics=1 i
Registry error: unbalanced quotes in line:
rconfig real    spec_lat            namelist,dynamics       1               0.0  -  "Latitude to compute coriolis terms for idealized simulations (spec_
Registry error: unbalanced quotes in line:
rconfig logical spec_init_perts      namelist,dynamics       1             .false.  -  "Switch for initial temperature perturbations for ideal LES ideal
Registry error: unbalanced quotes in line:
rconfig integer m_pblh_opt      namelist,dynamics       max_domains     0       -       "1 to calculate mesoscale pblh and pass to LES for

real	0m0.484s
user	0m0.046s
sys	0m0.091s
opening Registry/registry.cam
rm -f clog.o
including Registry/registry.cam
mpicc -cc=icc -DFSEEKO64_OK  -o clog.o -c -w -O3 -ip -DRPC_TYPES=1  -DDM_PARALLEL -DLANDREAD_STUB=1 -DMAX_HISTORY=25 -DNMM_CORE=0 clog.c
opening Registry/registry.clm
including Registry/registry.clm
opening Registry/registry.lake
including Registry/registry.lake
opening Registry/registry.ssib
including Registry/registry.ssib
opening Registry/registry.noahmp
including Registry/registry.noahmp
opening Registry/registry.sbm
including Registry/registry.sbm
opening Registry/registry.polrad
including Registry/registry.polrad
opening Registry/registry.afwa
including Registry/registry.afwa
opening Registry/registry.rasm_diag
including Registry/registry.rasm_diag
opening Registry/registry.elec
including Registry/registry.elec
opening Registry/registry.bdy_perturb
including Registry/registry.bdy_perturb
opening Registry/registry.hyb_coord
including Registry/registry.hyb_coord
opening Registry/registry.new3d_wif
including Registry/registry.new3d_wif
opening Registry/registry.trad_fields
including Registry/registry.trad_fields
opening Registry/registry.solar_fields
including Registry/registry.solar_fields
opening Registry/registry.diags
including Registry/registry.diags
opening Registry/registry.CMAQ
including Registry/registry.CMAQ
opening Registry/registry.slices
including Registry/registry.slices
opening Registry/registry.windturb
including Registry/registry.windturb
rm -f hires_timer.o
mpicc -cc=icc -DFSEEKO64_OK  -o hires_timer.o -c -w -O3 -ip -DRPC_TYPES=1  -DDM_PARALLEL -DLANDREAD_STUB=1 -DMAX_HISTORY=25 -DNMM_CORE=0 hires_timer.c
rm -f ../share/module_model_constants.o
sed -e "s/^\!.*'.*//" -e "s/^ *\!.*'.*//" ../share/module_model_constants.F > ../share/module_model_constants.G
/lib/cpp -P -nostdinc -I/global/scratch/users/adamwise/compiling/WRFv4.4-DRM_real_GAD_slices_CPM/inc -DEM_CORE=1 -DNMM_CORE=0 -DNMM_MAX_DIM=2600 -DDA_CORE=0 -DWRFPLUS=0 -DIWORDSIZE=4 -DDWORDSIZE=8 -DRWORDSIZE=4 -DLWORDSIZE=4 -DNONSTANDARD_SYSTEM_FUNC  -DWRF_USE_CLM -DUSE_NETCDF4_FEATURES -DWRFIO_NCD_LARGE_FILE_SUPPORT  -DDM_PARALLEL -DNETCDF -DLANDREAD_STUB=1 -DUSE_ALLOCATABLES -Dwrfmodel -DGRIB1 -DINTIO -DKEEP_INT_AROUND -DLIMIT_ARGS -DBUILD_RRTMG_FAST=0 -DBUILD_RRTMK=0 -DBUILD_SBM_FAST=1 -DSHOW_ALL_VARS_USED=0 -DCONFIG_BUF_LEN=65536 -DMAX_DOMAINS_F=21 -DMAX_HISTORY=25 -DNMM_NEST=0  -I. -traditional-cpp -DUSE_NETCDF4_FEATURES -DWRFIO_NCD_LARGE_FILE_SUPPORT   ../share/module_model_constants.G  > ../share/module_model_constants.bb
/global/scratch/users/adamwise/compiling/WRFv4.4-DRM_real_GAD_slices_CPM/tools/standard.exe ../share/module_model_constants.bb | /lib/cpp -P -nostdinc -traditional-cpp -DUSE_NETCDF4_FEATURES -DWRFIO_NCD_LARGE_FILE_SUPPORT > ../share/module_model_constants.f90
rm -f ../share/module_model_constants.G ../share/module_model_constants.bb
time mpif90 -f90=ifort -o ../share/module_model_constants.o -c -O3 -ip -fp-model precise -w -ftz -align all -fno-alias -FR -convert big_endian    -I../dyn_em  -I/global/scratch/users/adamwise/compiling/WRFv4.4-DRM_real_GAD_slices_CPM/external/esmf_time_f90  -I/global/scratch/users/adamwise/compiling/WRFv4.4-DRM_real_GAD_slices_CPM/main -I/global/scratch/users/adamwise/compiling/WRFv4.4-DRM_real_GAD_slices_CPM/external/io_netcdf -I/global/scratch/users/adamwise/compiling/WRFv4.4-DRM_real_GAD_slices_CPM/external/io_int -I/global/scratch/users/adamwise/compiling/WRFv4.4-DRM_real_GAD_slices_CPM/frame -I/global/scratch/users/adamwise/compiling/WRFv4.4-DRM_real_GAD_slices_CPM/share -I/global/scratch/users/adamwise/compiling/WRFv4.4-DRM_real_GAD_slices_CPM/phys -I/global/scratch/users/adamwise/compiling/WRFv4.4-DRM_real_GAD_slices_CPM/wrftladj -I/global/scratch/users/adamwise/compiling/WRFv4.4-DRM_real_GAD_slices_CPM/chem -I/global/scratch/users/adamwise/compiling/WRFv4.4-DRM_real_GAD_slices_CPM/inc -I/global/software/sl-7.x86_64/modules/intel/2016.4.072/netcdf/4.4.1.1-intel-s/include  -real-size `expr 8 \* 4` -i4  ../share/module_model_constants.f90

real	0m0.377s
user	0m0.053s
sys	0m0.087s
if [ "m4" = NA ] ; then \
  /bin/cp ../arch/md_calls.inc . ; \
else \
  m4 md_calls.m4 > md_calls.inc ; \
fi
/lib/cpp -P -nostdinc -DEM_CORE=1 -DNMM_CORE=0 -DNMM_MAX_DIM=2600 -DDA_CORE=0 -DWRFPLUS=0 -DIWORDSIZE=4 -DDWORDSIZE=8 -DRWORDSIZE=4 -DLWORDSIZE=4 -DNONSTANDARD_SYSTEM_FUNC  -DWRF_USE_CLM -DUSE_NETCDF4_FEATURES -DWRFIO_NCD_LARGE_FILE_SUPPORT  -DDM_PARALLEL -DNETCDF -DLANDREAD_STUB=1 -DUSE_ALLOCATABLES -Dwrfmodel -DGRIB1 -DINTIO -DKEEP_INT_AROUND -DLIMIT_ARGS -DBUILD_RRTMG_FAST=0 -DBUILD_RRTMK=0 -DBUILD_SBM_FAST=1 -DSHOW_ALL_VARS_USED=0 -DCONFIG_BUF_LEN=65536 -DMAX_DOMAINS_F=21 -DMAX_HISTORY=25 -DNMM_NEST=0  -I. -traditional-cpp -DUSE_NETCDF4_FEATURES -DWRFIO_NCD_LARGE_FILE_SUPPORT  -I../inc module_internal_header_util.F > module_internal_header_util.f90
ifort -c -real-size `expr 8 \* 4` -i4   -ip -fp-model precise -w -ftz -align all -fno-alias -FR -convert big_endian   module_internal_header_util.f90
mpicc -cc=icc -DFSEEKO64_OK  -c -w -O3 -ip -DRPC_TYPES=1  -DDM_PARALLEL -DLANDREAD_STUB=1 -DMAX_HISTORY=25 -DNMM_CORE=0 wrf_num_bytes_between.c
rm -f libmassv.o
sed -e "s/^\!.*'.*//" -e "s/^ *\!.*'.*//" libmassv.F > libmassv.G
/lib/cpp -P -nostdinc -I/global/scratch/users/adamwise/compiling/WRFv4.4-DRM_real_GAD_slices_CPM/inc -DEM_CORE=1 -DNMM_CORE=0 -DNMM_MAX_DIM=2600 -DDA_CORE=0 -DWRFPLUS=0 -DIWORDSIZE=4 -DDWORDSIZE=8 -DRWORDSIZE=4 -DLWORDSIZE=4 -DNONSTANDARD_SYSTEM_FUNC  -DWRF_USE_CLM -DUSE_NETCDF4_FEATURES -DWRFIO_NCD_LARGE_FILE_SUPPORT  -DDM_PARALLEL -DNETCDF -DLANDREAD_STUB=1 -DUSE_ALLOCATABLES -Dwrfmodel -DGRIB1 -DINTIO -DKEEP_INT_AROUND -DLIMIT_ARGS -DBUILD_RRTMG_FAST=0 -DBUILD_RRTMK=0 -DBUILD_SBM_FAST=1 -DSHOW_ALL_VARS_USED=0 -DCONFIG_BUF_LEN=65536 -DMAX_DOMAINS_F=21 -DMAX_HISTORY=25 -DNMM_NEST=0  -I. -traditional-cpp -DUSE_NETCDF4_FEATURES -DWRFIO_NCD_LARGE_FILE_SUPPORT   libmassv.G  > libmassv.bb
Registry INFO variable counts: 0d 2506 1d 156 2d 1411 3d 1023
/global/scratch/users/adamwise/compiling/WRFv4.4-DRM_real_GAD_slices_CPM/tools/standard.exe libmassv.bb | /lib/cpp -P -nostdinc -traditional-cpp -DUSE_NETCDF4_FEATURES -DWRFIO_NCD_LARGE_FILE_SUPPORT > libmassv.f90
rm -f libmassv.G libmassv.bb
time mpif90 -f90=ifort -o libmassv.o -c -O3 -ip -fp-model precise -w -ftz -align all -fno-alias -FR -convert big_endian    -I../dyn_em  -I/global/scratch/users/adamwise/compiling/WRFv4.4-DRM_real_GAD_slices_CPM/external/esmf_time_f90  -I/global/scratch/users/adamwise/compiling/WRFv4.4-DRM_real_GAD_slices_CPM/main -I/global/scratch/users/adamwise/compiling/WRFv4.4-DRM_real_GAD_slices_CPM/external/io_netcdf -I/global/scratch/users/adamwise/compiling/WRFv4.4-DRM_real_GAD_slices_CPM/external/io_int -I/global/scratch/users/adamwise/compiling/WRFv4.4-DRM_real_GAD_slices_CPM/frame -I/global/scratch/users/adamwise/compiling/WRFv4.4-DRM_real_GAD_slices_CPM/share -I/global/scratch/users/adamwise/compiling/WRFv4.4-DRM_real_GAD_slices_CPM/phys -I/global/scratch/users/adamwise/compiling/WRFv4.4-DRM_real_GAD_slices_CPM/wrftladj -I/global/scratch/users/adamwise/compiling/WRFv4.4-DRM_real_GAD_slices_CPM/chem -I/global/scratch/users/adamwise/compiling/WRFv4.4-DRM_real_GAD_slices_CPM/inc -I/global/software/sl-7.x86_64/modules/intel/2016.4.072/netcdf/4.4.1.1-intel-s/include  -real-size `expr 8 \* 4` -i4  libmassv.f90
Packages in gen_scalar_indices1
WARNING: dfi_qzi is not a member of 4D array dfi_scalar
WARNING: ts_swp_tot is not a member of 4D array state
WARNING: ts_re_qs_tot is not a member of 4D array state
WARNING: ts_tau_qs_tot is not a member of 4D array state
WARNING: fire_smoke is not a member of 4D array state

real	0m0.641s
user	0m0.318s
sys	0m0.099s
rm -f collect_on_comm.o
mpicc -cc=icc -DFSEEKO64_OK  -o collect_on_comm.o -c -w -O3 -ip -DRPC_TYPES=1  -DDM_PARALLEL -DLANDREAD_STUB=1 -DMAX_HISTORY=25 -DNMM_CORE=0 collect_on_comm.c
mpicc -cc=icc -DFSEEKO64_OK  -c -w -O3 -ip -DRPC_TYPES=1  -DDM_PARALLEL -DLANDREAD_STUB=1 -DMAX_HISTORY=25 -DNMM_CORE=0 -DIWORDSIZE=4 pack_utils.c
REGISTRY WARNING: o3rad: o3rad_b is not a variable or number; ignoring it
REGISTRY WARNING: o3rad: o3rad_bt is not a variable or number; ignoring it
REGISTRY WARNING: aerod(grid%sm31,grid%sm32,grid%sm33,itrace): aerod_b is not a variable or number; ignoring it
REGISTRY WARNING: aerod(grid%sm31,grid%sm32,grid%sm33,itrace): aerod_bt is not a variable or number; ignoring it
REGISTRY WARNING: aerocu(grid%sm31,grid%sm32,grid%sm33,itrace): aerocu_b is not a variable or number; ignoring it
REGISTRY WARNING: aerocu(grid%sm31,grid%sm32,grid%sm33,itrace): aerocu_bt is not a variable or number; ignoring it
REGISTRY WARNING: om_tmp: om_tmp_b is not a variable or number; ignoring it
REGISTRY WARNING: om_tmp: om_tmp_bt is not a variable or number; ignoring it
REGISTRY WARNING: om_s: om_s_b is not a variable or number; ignoring it
REGISTRY WARNING: om_s: om_s_bt is not a variable or number; ignoring it
REGISTRY WARNING: om_u: om_u_b is not a variable or number; ignoring it
REGISTRY WARNING: om_u: om_u_bt is not a variable or number; ignoring it
REGISTRY WARNING: om_v: om_v_b is not a variable or number; ignoring it
REGISTRY WARNING: om_v: om_v_bt is not a variable or number; ignoring it
REGISTRY WARNING: om_ml: om_ml_b is not a variable or number; ignoring it
REGISTRY WARNING: om_ml: om_ml_bt is not a variable or number; ignoring it
REGISTRY WARNING: field_sf: field_sf_b is not a variable or number; ignoring it
REGISTRY WARNING: field_sf: field_sf_bt is not a variable or number; ignoring it
REGISTRY WARNING: field_pbl: field_pbl_b is not a variable or number; ignoring it
REGISTRY WARNING: field_pbl: field_pbl_bt is not a variable or number; ignoring it
REGISTRY WARNING: field_conv: field_conv_b is not a variable or number; ignoring it
REGISTRY WARNING: field_conv: field_conv_bt is not a variable or number; ignoring it
REGISTRY WARNING: ru_tendf_stoch: ru_tendf_stoch_b is not a variable or number; ignoring it
REGISTRY WARNING: ru_tendf_stoch: ru_tendf_stoch_bt is not a variable or number; ignoring it
REGISTRY WARNING: rv_tendf_stoch: rv_tendf_stoch_b is not a variable or number; ignoring it
REGISTRY WARNING: rv_tendf_stoch: rv_tendf_stoch_bt is not a variable or number; ignoring it
REGISTRY WARNING: rt_tendf_stoch: rt_tendf_stoch_b is not a variable or number; ignoring it
REGISTRY WARNING: rt_tendf_stoch: rt_tendf_stoch_bt is not a variable or number; ignoring it
REGISTRY WARNING: rand_pert: rand_pert_b is not a variable or number; ignoring it
REGISTRY WARNING: rand_pert: rand_pert_bt is not a variable or number; ignoring it
REGISTRY WARNING: pattern_spp_conv: pattern_spp_conv_b is not a variable or number; ignoring it
REGISTRY WARNING: pattern_spp_conv: pattern_spp_conv_bt is not a variable or number; ignoring it
REGISTRY WARNING: pattern_spp_pbl: pattern_spp_pbl_b is not a variable or number; ignoring it
REGISTRY WARNING: pattern_spp_pbl: pattern_spp_pbl_bt is not a variable or number; ignoring it
REGISTRY WARNING: pattern_spp_lsm: pattern_spp_lsm_b is not a variable or number; ignoring it
REGISTRY WARNING: pattern_spp_lsm: pattern_spp_lsm_bt is not a variable or number; ignoring it
REGISTRY WARNING: rstoch: rstoch_b is not a variable or number; ignoring it
REGISTRY WARNING: rstoch: rstoch_bt is not a variable or number; ignoring it
REGISTRY WARNING: m_pblh: m_pblh_b is not a variable or number; ignoring it
REGISTRY WARNING: m_pblh: m_pblh_bt is not a variable or number; ignoring it
REGISTRY WARNING: field_u_tend_perturb: field_u_tend_perturb_b is not a variable or number; ignoring it
REGISTRY WARNING: field_u_tend_perturb: field_u_tend_perturb_bt is not a variable or number; ignoring it
REGISTRY WARNING: field_v_tend_perturb: field_v_tend_perturb_b is not a variable or number; ignoring it
REGISTRY WARNING: field_v_tend_perturb: field_v_tend_perturb_bt is not a variable or number; ignoring it
REGISTRY WARNING: field_t_tend_perturb: field_t_tend_perturb_b is not a variable or number; ignoring it
REGISTRY WARNING: field_t_tend_perturb: field_t_tend_perturb_bt is not a variable or number; ignoring it
ADVISORY: RSL_LITE version of gen_comms is linked in with registry program.
rm -f module_wrf_error.o
sed -e "s/^\!.*'.*//" -e "s/^ *\!.*'.*//" module_wrf_error.F > module_wrf_error.G
/lib/cpp -P -nostdinc -I/global/scratch/users/adamwise/compiling/WRFv4.4-DRM_real_GAD_slices_CPM/inc -DEM_CORE=1 -DNMM_CORE=0 -DNMM_MAX_DIM=2600 -DDA_CORE=0 -DWRFPLUS=0 -DIWORDSIZE=4 -DDWORDSIZE=8 -DRWORDSIZE=4 -DLWORDSIZE=4 -DNONSTANDARD_SYSTEM_FUNC  -DWRF_USE_CLM -DUSE_NETCDF4_FEATURES -DWRFIO_NCD_LARGE_FILE_SUPPORT  -DDM_PARALLEL -DNETCDF -DLANDREAD_STUB=1 -DUSE_ALLOCATABLES -Dwrfmodel -DGRIB1 -DINTIO -DKEEP_INT_AROUND -DLIMIT_ARGS -DBUILD_RRTMG_FAST=0 -DBUILD_RRTMK=0 -DBUILD_SBM_FAST=1 -DSHOW_ALL_VARS_USED=0 -DCONFIG_BUF_LEN=65536 -DMAX_DOMAINS_F=21 -DMAX_HISTORY=25 -DNMM_NEST=0  -I. -traditional-cpp -DUSE_NETCDF4_FEATURES -DWRFIO_NCD_LARGE_FILE_SUPPORT   module_wrf_error.G  > module_wrf_error.bb
/global/scratch/users/adamwise/compiling/WRFv4.4-DRM_real_GAD_slices_CPM/tools/standard.exe module_wrf_error.bb | /lib/cpp -P -nostdinc -traditional-cpp -DUSE_NETCDF4_FEATURES -DWRFIO_NCD_LARGE_FILE_SUPPORT > module_wrf_error.f90
rm -f module_wrf_error.G module_wrf_error.bb
time mpif90 -f90=ifort -o module_wrf_error.o -c -O3 -ip -fp-model precise -w -ftz -align all -fno-alias -FR -convert big_endian    -I../dyn_em  -I/global/scratch/users/adamwise/compiling/WRFv4.4-DRM_real_GAD_slices_CPM/external/esmf_time_f90  -I/global/scratch/users/adamwise/compiling/WRFv4.4-DRM_real_GAD_slices_CPM/main -I/global/scratch/users/adamwise/compiling/WRFv4.4-DRM_real_GAD_slices_CPM/external/io_netcdf -I/global/scratch/users/adamwise/compiling/WRFv4.4-DRM_real_GAD_slices_CPM/external/io_int -I/global/scratch/users/adamwise/compiling/WRFv4.4-DRM_real_GAD_slices_CPM/frame -I/global/scratch/users/adamwise/compiling/WRFv4.4-DRM_real_GAD_slices_CPM/share -I/global/scratch/users/adamwise/compiling/WRFv4.4-DRM_real_GAD_slices_CPM/phys -I/global/scratch/users/adamwise/compiling/WRFv4.4-DRM_real_GAD_slices_CPM/wrftladj -I/global/scratch/users/adamwise/compiling/WRFv4.4-DRM_real_GAD_slices_CPM/chem -I/global/scratch/users/adamwise/compiling/WRFv4.4-DRM_real_GAD_slices_CPM/inc -I/global/software/sl-7.x86_64/modules/intel/2016.4.072/netcdf/4.4.1.1-intel-s/include  -real-size `expr 8 \* 4` -i4  module_wrf_error.f90

real	0m0.477s
user	0m0.149s
sys	0m0.101s
rm -f module_sm.o
sed -e "s/^\!.*'.*//" -e "s/^ *\!.*'.*//" module_sm.F > module_sm.G
/lib/cpp -P -nostdinc -I/global/scratch/users/adamwise/compiling/WRFv4.4-DRM_real_GAD_slices_CPM/inc -DEM_CORE=1 -DNMM_CORE=0 -DNMM_MAX_DIM=2600 -DDA_CORE=0 -DWRFPLUS=0 -DIWORDSIZE=4 -DDWORDSIZE=8 -DRWORDSIZE=4 -DLWORDSIZE=4 -DNONSTANDARD_SYSTEM_FUNC  -DWRF_USE_CLM -DUSE_NETCDF4_FEATURES -DWRFIO_NCD_LARGE_FILE_SUPPORT  -DDM_PARALLEL -DNETCDF -DLANDREAD_STUB=1 -DUSE_ALLOCATABLES -Dwrfmodel -DGRIB1 -DINTIO -DKEEP_INT_AROUND -DLIMIT_ARGS -DBUILD_RRTMG_FAST=0 -DBUILD_RRTMK=0 -DBUILD_SBM_FAST=1 -DSHOW_ALL_VARS_USED=0 -DCONFIG_BUF_LEN=65536 -DMAX_DOMAINS_F=21 -DMAX_HISTORY=25 -DNMM_NEST=0  -I. -traditional-cpp -DUSE_NETCDF4_FEATURES -DWRFIO_NCD_LARGE_FILE_SUPPORT   module_sm.G  > module_sm.bb
/global/scratch/users/adamwise/compiling/WRFv4.4-DRM_real_GAD_slices_CPM/tools/standard.exe module_sm.bb | /lib/cpp -P -nostdinc -traditional-cpp -DUSE_NETCDF4_FEATURES -DWRFIO_NCD_LARGE_FILE_SUPPORT > module_sm.f90
rm -f module_sm.G module_sm.bb
time mpif90 -f90=ifort -o module_sm.o -c -O3 -ip -fp-model precise -w -ftz -align all -fno-alias -FR -convert big_endian    -I../dyn_em  -I/global/scratch/users/adamwise/compiling/WRFv4.4-DRM_real_GAD_slices_CPM/external/esmf_time_f90  -I/global/scratch/users/adamwise/compiling/WRFv4.4-DRM_real_GAD_slices_CPM/main -I/global/scratch/users/adamwise/compiling/WRFv4.4-DRM_real_GAD_slices_CPM/external/io_netcdf -I/global/scratch/users/adamwise/compiling/WRFv4.4-DRM_real_GAD_slices_CPM/external/io_int -I/global/scratch/users/adamwise/compiling/WRFv4.4-DRM_real_GAD_slices_CPM/frame -I/global/scratch/users/adamwise/compiling/WRFv4.4-DRM_real_GAD_slices_CPM/share -I/global/scratch/users/adamwise/compiling/WRFv4.4-DRM_real_GAD_slices_CPM/phys -I/global/scratch/users/adamwise/compiling/WRFv4.4-DRM_real_GAD_slices_CPM/wrftladj -I/global/scratch/users/adamwise/compiling/WRFv4.4-DRM_real_GAD_slices_CPM/chem -I/global/scratch/users/adamwise/compiling/WRFv4.4-DRM_real_GAD_slices_CPM/inc -I/global/software/sl-7.x86_64/modules/intel/2016.4.072/netcdf/4.4.1.1-intel-s/include  -real-size `expr 8 \* 4` -i4  module_sm.f90

real	0m0.390s
user	0m0.060s
sys	0m0.092s
rm -f wrf_debug.o
sed -e "s/^\!.*'.*//" -e "s/^ *\!.*'.*//" wrf_debug.F > wrf_debug.G
/lib/cpp -P -nostdinc -I/global/scratch/users/adamwise/compiling/WRFv4.4-DRM_real_GAD_slices_CPM/inc -DEM_CORE=1 -DNMM_CORE=0 -DNMM_MAX_DIM=2600 -DDA_CORE=0 -DWRFPLUS=0 -DIWORDSIZE=4 -DDWORDSIZE=8 -DRWORDSIZE=4 -DLWORDSIZE=4 -DNONSTANDARD_SYSTEM_FUNC  -DWRF_USE_CLM -DUSE_NETCDF4_FEATURES -DWRFIO_NCD_LARGE_FILE_SUPPORT  -DDM_PARALLEL -DNETCDF -DLANDREAD_STUB=1 -DUSE_ALLOCATABLES -Dwrfmodel -DGRIB1 -DINTIO -DKEEP_INT_AROUND -DLIMIT_ARGS -DBUILD_RRTMG_FAST=0 -DBUILD_RRTMK=0 -DBUILD_SBM_FAST=1 -DSHOW_ALL_VARS_USED=0 -DCONFIG_BUF_LEN=65536 -DMAX_DOMAINS_F=21 -DMAX_HISTORY=25 -DNMM_NEST=0  -I. -traditional-cpp -DUSE_NETCDF4_FEATURES -DWRFIO_NCD_LARGE_FILE_SUPPORT   wrf_debug.G  > wrf_debug.bb
/global/scratch/users/adamwise/compiling/WRFv4.4-DRM_real_GAD_slices_CPM/tools/standard.exe wrf_debug.bb | /lib/cpp -P -nostdinc -traditional-cpp -DUSE_NETCDF4_FEATURES -DWRFIO_NCD_LARGE_FILE_SUPPORT > wrf_debug.f90
rm -f wrf_debug.G wrf_debug.bb
time mpif90 -f90=ifort -o wrf_debug.o -c -O3 -ip -fp-model precise -w -ftz -align all -fno-alias -FR -convert big_endian    -I../dyn_em  -I/global/scratch/users/adamwise/compiling/WRFv4.4-DRM_real_GAD_slices_CPM/external/esmf_time_f90  -I/global/scratch/users/adamwise/compiling/WRFv4.4-DRM_real_GAD_slices_CPM/main -I/global/scratch/users/adamwise/compiling/WRFv4.4-DRM_real_GAD_slices_CPM/external/io_netcdf -I/global/scratch/users/adamwise/compiling/WRFv4.4-DRM_real_GAD_slices_CPM/external/io_int -I/global/scratch/users/adamwise/compiling/WRFv4.4-DRM_real_GAD_slices_CPM/frame -I/global/scratch/users/adamwise/compiling/WRFv4.4-DRM_real_GAD_slices_CPM/share -I/global/scratch/users/adamwise/compiling/WRFv4.4-DRM_real_GAD_slices_CPM/phys -I/global/scratch/users/adamwise/compiling/WRFv4.4-DRM_real_GAD_slices_CPM/wrftladj -I/global/scratch/users/adamwise/compiling/WRFv4.4-DRM_real_GAD_slices_CPM/chem -I/global/scratch/users/adamwise/compiling/WRFv4.4-DRM_real_GAD_slices_CPM/inc -I/global/software/sl-7.x86_64/modules/intel/2016.4.072/netcdf/4.4.1.1-intel-s/include  -real-size `expr 8 \* 4` -i4  wrf_debug.f90

real	0m0.389s
user	0m0.048s
sys	0m0.105s
rm -f module_state_description.o
/lib/cpp -P -nostdinc -I/global/scratch/users/adamwise/compiling/WRFv4.4-DRM_real_GAD_slices_CPM/inc -DEM_CORE=1 -DNMM_CORE=0 -DNMM_MAX_DIM=2600 -DDA_CORE=0 -DWRFPLUS=0 -DIWORDSIZE=4 -DDWORDSIZE=8 -DRWORDSIZE=4 -DLWORDSIZE=4 -DNONSTANDARD_SYSTEM_FUNC  -DWRF_USE_CLM -DUSE_NETCDF4_FEATURES -DWRFIO_NCD_LARGE_FILE_SUPPORT  -DDM_PARALLEL -DNETCDF -DLANDREAD_STUB=1 -DUSE_ALLOCATABLES -Dwrfmodel -DGRIB1 -DINTIO -DKEEP_INT_AROUND -DLIMIT_ARGS -DBUILD_RRTMG_FAST=0 -DBUILD_RRTMK=0 -DBUILD_SBM_FAST=1 -DSHOW_ALL_VARS_USED=0 -DCONFIG_BUF_LEN=65536 -DMAX_DOMAINS_F=21 -DMAX_HISTORY=25 -DNMM_NEST=0  -I. -traditional-cpp -DUSE_NETCDF4_FEATURES -DWRFIO_NCD_LARGE_FILE_SUPPORT   module_state_description.F  > module_state_description.bb
/global/scratch/users/adamwise/compiling/WRFv4.4-DRM_real_GAD_slices_CPM/tools/standard.exe module_state_description.bb | /lib/cpp -P -nostdinc -traditional-cpp -DUSE_NETCDF4_FEATURES -DWRFIO_NCD_LARGE_FILE_SUPPORT > module_state_description.f90
rm -f module_state_description.b module_state_description.bb
time mpif90 -f90=ifort -c -real-size `expr 8 \* 4` -i4  -O0 -fno-inline -no-ip -ip -fp-model precise -w -ftz -align all -fno-alias -FR -convert big_endian   -I../dyn_em  -I/global/scratch/users/adamwise/compiling/WRFv4.4-DRM_real_GAD_slices_CPM/external/esmf_time_f90  -I/global/scratch/users/adamwise/compiling/WRFv4.4-DRM_real_GAD_slices_CPM/main -I/global/scratch/users/adamwise/compiling/WRFv4.4-DRM_real_GAD_slices_CPM/external/io_netcdf -I/global/scratch/users/adamwise/compiling/WRFv4.4-DRM_real_GAD_slices_CPM/external/io_int -I/global/scratch/users/adamwise/compiling/WRFv4.4-DRM_real_GAD_slices_CPM/frame -I/global/scratch/users/adamwise/compiling/WRFv4.4-DRM_real_GAD_slices_CPM/share -I/global/scratch/users/adamwise/compiling/WRFv4.4-DRM_real_GAD_slices_CPM/phys -I/global/scratch/users/adamwise/compiling/WRFv4.4-DRM_real_GAD_slices_CPM/wrftladj -I/global/scratch/users/adamwise/compiling/WRFv4.4-DRM_real_GAD_slices_CPM/chem -I/global/scratch/users/adamwise/compiling/WRFv4.4-DRM_real_GAD_slices_CPM/inc -I/global/software/sl-7.x86_64/modules/intel/2016.4.072/netcdf/4.4.1.1-intel-s/include  module_state_description.f90

real	0m0.535s
user	0m0.122s
sys	0m0.145s
rm -f module_driver_constants.o
rm -f module_streams.o
sed -e "s/^\!.*'.*//" -e "s/^ *\!.*'.*//" module_driver_constants.F > module_driver_constants.G
sed -e "s/^\!.*'.*//" -e "s/^ *\!.*'.*//" module_streams.F > module_streams.G
/lib/cpp -P -nostdinc -I/global/scratch/users/adamwise/compiling/WRFv4.4-DRM_real_GAD_slices_CPM/inc -DEM_CORE=1 -DNMM_CORE=0 -DNMM_MAX_DIM=2600 -DDA_CORE=0 -DWRFPLUS=0 -DIWORDSIZE=4 -DDWORDSIZE=8 -DRWORDSIZE=4 -DLWORDSIZE=4 -DNONSTANDARD_SYSTEM_FUNC  -DWRF_USE_CLM -DUSE_NETCDF4_FEATURES -DWRFIO_NCD_LARGE_FILE_SUPPORT  -DDM_PARALLEL -DNETCDF -DLANDREAD_STUB=1 -DUSE_ALLOCATABLES -Dwrfmodel -DGRIB1 -DINTIO -DKEEP_INT_AROUND -DLIMIT_ARGS -DBUILD_RRTMG_FAST=0 -DBUILD_RRTMK=0 -DBUILD_SBM_FAST=1 -DSHOW_ALL_VARS_USED=0 -DCONFIG_BUF_LEN=65536 -DMAX_DOMAINS_F=21 -DMAX_HISTORY=25 -DNMM_NEST=0  -I. -traditional-cpp -DUSE_NETCDF4_FEATURES -DWRFIO_NCD_LARGE_FILE_SUPPORT   module_driver_constants.G  > module_driver_constants.bb
/lib/cpp -P -nostdinc -I/global/scratch/users/adamwise/compiling/WRFv4.4-DRM_real_GAD_slices_CPM/inc -DEM_CORE=1 -DNMM_CORE=0 -DNMM_MAX_DIM=2600 -DDA_CORE=0 -DWRFPLUS=0 -DIWORDSIZE=4 -DDWORDSIZE=8 -DRWORDSIZE=4 -DLWORDSIZE=4 -DNONSTANDARD_SYSTEM_FUNC  -DWRF_USE_CLM -DUSE_NETCDF4_FEATURES -DWRFIO_NCD_LARGE_FILE_SUPPORT  -DDM_PARALLEL -DNETCDF -DLANDREAD_STUB=1 -DUSE_ALLOCATABLES -Dwrfmodel -DGRIB1 -DINTIO -DKEEP_INT_AROUND -DLIMIT_ARGS -DBUILD_RRTMG_FAST=0 -DBUILD_RRTMK=0 -DBUILD_SBM_FAST=1 -DSHOW_ALL_VARS_USED=0 -DCONFIG_BUF_LEN=65536 -DMAX_DOMAINS_F=21 -DMAX_HISTORY=25 -DNMM_NEST=0  -I. -traditional-cpp -DUSE_NETCDF4_FEATURES -DWRFIO_NCD_LARGE_FILE_SUPPORT   module_streams.G  > module_streams.bb
/global/scratch/users/adamwise/compiling/WRFv4.4-DRM_real_GAD_slices_CPM/tools/standard.exe module_driver_constants.bb | /lib/cpp -P -nostdinc -traditional-cpp -DUSE_NETCDF4_FEATURES -DWRFIO_NCD_LARGE_FILE_SUPPORT > module_driver_constants.f90
/global/scratch/users/adamwise/compiling/WRFv4.4-DRM_real_GAD_slices_CPM/tools/standard.exe module_streams.bb | /lib/cpp -P -nostdinc -traditional-cpp -DUSE_NETCDF4_FEATURES -DWRFIO_NCD_LARGE_FILE_SUPPORT > module_streams.f90
rm -f module_driver_constants.G module_driver_constants.bb
rm -f module_streams.G module_streams.bb
time mpif90 -f90=ifort -o module_driver_constants.o -c -O3 -ip -fp-model precise -w -ftz -align all -fno-alias -FR -convert big_endian    -I../dyn_em  -I/global/scratch/users/adamwise/compiling/WRFv4.4-DRM_real_GAD_slices_CPM/external/esmf_time_f90  -I/global/scratch/users/adamwise/compiling/WRFv4.4-DRM_real_GAD_slices_CPM/main -I/global/scratch/users/adamwise/compiling/WRFv4.4-DRM_real_GAD_slices_CPM/external/io_netcdf -I/global/scratch/users/adamwise/compiling/WRFv4.4-DRM_real_GAD_slices_CPM/external/io_int -I/global/scratch/users/adamwise/compiling/WRFv4.4-DRM_real_GAD_slices_CPM/frame -I/global/scratch/users/adamwise/compiling/WRFv4.4-DRM_real_GAD_slices_CPM/share -I/global/scratch/users/adamwise/compiling/WRFv4.4-DRM_real_GAD_slices_CPM/phys -I/global/scratch/users/adamwise/compiling/WRFv4.4-DRM_real_GAD_slices_CPM/wrftladj -I/global/scratch/users/adamwise/compiling/WRFv4.4-DRM_real_GAD_slices_CPM/chem -I/global/scratch/users/adamwise/compiling/WRFv4.4-DRM_real_GAD_slices_CPM/inc -I/global/software/sl-7.x86_64/modules/intel/2016.4.072/netcdf/4.4.1.1-intel-s/include  -real-size `expr 8 \* 4` -i4  module_driver_constants.f90
time mpif90 -f90=ifort -o module_streams.o -c -O3 -ip -fp-model precise -w -ftz -align all -fno-alias -FR -convert big_endian    -I../dyn_em  -I/global/scratch/users/adamwise/compiling/WRFv4.4-DRM_real_GAD_slices_CPM/external/esmf_time_f90  -I/global/scratch/users/adamwise/compiling/WRFv4.4-DRM_real_GAD_slices_CPM/main -I/global/scratch/users/adamwise/compiling/WRFv4.4-DRM_real_GAD_slices_CPM/external/io_netcdf -I/global/scratch/users/adamwise/compiling/WRFv4.4-DRM_real_GAD_slices_CPM/external/io_int -I/global/scratch/users/adamwise/compiling/WRFv4.4-DRM_real_GAD_slices_CPM/frame -I/global/scratch/users/adamwise/compiling/WRFv4.4-DRM_real_GAD_slices_CPM/share -I/global/scratch/users/adamwise/compiling/WRFv4.4-DRM_real_GAD_slices_CPM/phys -I/global/scratch/users/adamwise/compiling/WRFv4.4-DRM_real_GAD_slices_CPM/wrftladj -I/global/scratch/users/adamwise/compiling/WRFv4.4-DRM_real_GAD_slices_CPM/chem -I/global/scratch/users/adamwise/compiling/WRFv4.4-DRM_real_GAD_slices_CPM/inc -I/global/software/sl-7.x86_64/modules/intel/2016.4.072/netcdf/4.4.1.1-intel-s/include  -real-size `expr 8 \* 4` -i4  module_streams.f90

real	0m0.415s
user	0m0.052s
sys	0m0.102s
rm -f module_timing.o
sed -e "s/^\!.*'.*//" -e "s/^ *\!.*'.*//" module_timing.F > module_timing.G
/lib/cpp -P -nostdinc -I/global/scratch/users/adamwise/compiling/WRFv4.4-DRM_real_GAD_slices_CPM/inc -DEM_CORE=1 -DNMM_CORE=0 -DNMM_MAX_DIM=2600 -DDA_CORE=0 -DWRFPLUS=0 -DIWORDSIZE=4 -DDWORDSIZE=8 -DRWORDSIZE=4 -DLWORDSIZE=4 -DNONSTANDARD_SYSTEM_FUNC  -DWRF_USE_CLM -DUSE_NETCDF4_FEATURES -DWRFIO_NCD_LARGE_FILE_SUPPORT  -DDM_PARALLEL -DNETCDF -DLANDREAD_STUB=1 -DUSE_ALLOCATABLES -Dwrfmodel -DGRIB1 -DINTIO -DKEEP_INT_AROUND -DLIMIT_ARGS -DBUILD_RRTMG_FAST=0 -DBUILD_RRTMK=0 -DBUILD_SBM_FAST=1 -DSHOW_ALL_VARS_USED=0 -DCONFIG_BUF_LEN=65536 -DMAX_DOMAINS_F=21 -DMAX_HISTORY=25 -DNMM_NEST=0  -I. -traditional-cpp -DUSE_NETCDF4_FEATURES -DWRFIO_NCD_LARGE_FILE_SUPPORT   module_timing.G  > module_timing.bb

real	0m0.442s
user	0m0.060s
sys	0m0.107s
rm -f module_domain_type.o
/lib/cpp -P -nostdinc -I/global/scratch/users/adamwise/compiling/WRFv4.4-DRM_real_GAD_slices_CPM/inc -DEM_CORE=1 -DNMM_CORE=0 -DNMM_MAX_DIM=2600 -DDA_CORE=0 -DWRFPLUS=0 -DIWORDSIZE=4 -DDWORDSIZE=8 -DRWORDSIZE=4 -DLWORDSIZE=4 -DNONSTANDARD_SYSTEM_FUNC  -DWRF_USE_CLM -DUSE_NETCDF4_FEATURES -DWRFIO_NCD_LARGE_FILE_SUPPORT  -DDM_PARALLEL -DNETCDF -DLANDREAD_STUB=1 -DUSE_ALLOCATABLES -Dwrfmodel -DGRIB1 -DINTIO -DKEEP_INT_AROUND -DLIMIT_ARGS -DBUILD_RRTMG_FAST=0 -DBUILD_RRTMK=0 -DBUILD_SBM_FAST=1 -DSHOW_ALL_VARS_USED=0 -DCONFIG_BUF_LEN=65536 -DMAX_DOMAINS_F=21 -DMAX_HISTORY=25 -DNMM_NEST=0  -I. -traditional-cpp -DUSE_NETCDF4_FEATURES -DWRFIO_NCD_LARGE_FILE_SUPPORT   module_domain_type.F  > module_domain_type.bb
/global/scratch/users/adamwise/compiling/WRFv4.4-DRM_real_GAD_slices_CPM/tools/standard.exe module_timing.bb | /lib/cpp -P -nostdinc -traditional-cpp -DUSE_NETCDF4_FEATURES -DWRFIO_NCD_LARGE_FILE_SUPPORT > module_timing.f90
rm -f module_timing.G module_timing.bb
time mpif90 -f90=ifort -o module_timing.o -c -O3 -ip -fp-model precise -w -ftz -align all -fno-alias -FR -convert big_endian    -I../dyn_em  -I/global/scratch/users/adamwise/compiling/WRFv4.4-DRM_real_GAD_slices_CPM/external/esmf_time_f90  -I/global/scratch/users/adamwise/compiling/WRFv4.4-DRM_real_GAD_slices_CPM/main -I/global/scratch/users/adamwise/compiling/WRFv4.4-DRM_real_GAD_slices_CPM/external/io_netcdf -I/global/scratch/users/adamwise/compiling/WRFv4.4-DRM_real_GAD_slices_CPM/external/io_int -I/global/scratch/users/adamwise/compiling/WRFv4.4-DRM_real_GAD_slices_CPM/frame -I/global/scratch/users/adamwise/compiling/WRFv4.4-DRM_real_GAD_slices_CPM/share -I/global/scratch/users/adamwise/compiling/WRFv4.4-DRM_real_GAD_slices_CPM/phys -I/global/scratch/users/adamwise/compiling/WRFv4.4-DRM_real_GAD_slices_CPM/wrftladj -I/global/scratch/users/adamwise/compiling/WRFv4.4-DRM_real_GAD_slices_CPM/chem -I/global/scratch/users/adamwise/compiling/WRFv4.4-DRM_real_GAD_slices_CPM/inc -I/global/software/sl-7.x86_64/modules/intel/2016.4.072/netcdf/4.4.1.1-intel-s/include  -real-size `expr 8 \* 4` -i4  module_timing.f90
/global/scratch/users/adamwise/compiling/WRFv4.4-DRM_real_GAD_slices_CPM/tools/standard.exe module_domain_type.bb | /lib/cpp -P -nostdinc -traditional-cpp -DUSE_NETCDF4_FEATURES -DWRFIO_NCD_LARGE_FILE_SUPPORT > module_domain_type.f90
rm -f module_domain_type.b module_domain_type.bb
time mpif90 -f90=ifort -c -real-size `expr 8 \* 4` -i4  -O0 -fno-inline -no-ip -ip -fp-model precise -w -ftz -align all -fno-alias -FR -convert big_endian   -I../dyn_em  -I/global/scratch/users/adamwise/compiling/WRFv4.4-DRM_real_GAD_slices_CPM/external/esmf_time_f90  -I/global/scratch/users/adamwise/compiling/WRFv4.4-DRM_real_GAD_slices_CPM/main -I/global/scratch/users/adamwise/compiling/WRFv4.4-DRM_real_GAD_slices_CPM/external/io_netcdf -I/global/scratch/users/adamwise/compiling/WRFv4.4-DRM_real_GAD_slices_CPM/external/io_int -I/global/scratch/users/adamwise/compiling/WRFv4.4-DRM_real_GAD_slices_CPM/frame -I/global/scratch/users/adamwise/compiling/WRFv4.4-DRM_real_GAD_slices_CPM/share -I/global/scratch/users/adamwise/compiling/WRFv4.4-DRM_real_GAD_slices_CPM/phys -I/global/scratch/users/adamwise/compiling/WRFv4.4-DRM_real_GAD_slices_CPM/wrftladj -I/global/scratch/users/adamwise/compiling/WRFv4.4-DRM_real_GAD_slices_CPM/chem -I/global/scratch/users/adamwise/compiling/WRFv4.4-DRM_real_GAD_slices_CPM/inc -I/global/software/sl-7.x86_64/modules/intel/2016.4.072/netcdf/4.4.1.1-intel-s/include  module_domain_type.f90

real	0m0.402s
user	0m0.064s
sys	0m0.102s
rm -f module_machine.o
sed -e "s/^\!.*'.*//" -e "s/^ *\!.*'.*//" module_machine.F > module_machine.G
/lib/cpp -P -nostdinc -I/global/scratch/users/adamwise/compiling/WRFv4.4-DRM_real_GAD_slices_CPM/inc -DEM_CORE=1 -DNMM_CORE=0 -DNMM_MAX_DIM=2600 -DDA_CORE=0 -DWRFPLUS=0 -DIWORDSIZE=4 -DDWORDSIZE=8 -DRWORDSIZE=4 -DLWORDSIZE=4 -DNONSTANDARD_SYSTEM_FUNC  -DWRF_USE_CLM -DUSE_NETCDF4_FEATURES -DWRFIO_NCD_LARGE_FILE_SUPPORT  -DDM_PARALLEL -DNETCDF -DLANDREAD_STUB=1 -DUSE_ALLOCATABLES -Dwrfmodel -DGRIB1 -DINTIO -DKEEP_INT_AROUND -DLIMIT_ARGS -DBUILD_RRTMG_FAST=0 -DBUILD_RRTMK=0 -DBUILD_SBM_FAST=1 -DSHOW_ALL_VARS_USED=0 -DCONFIG_BUF_LEN=65536 -DMAX_DOMAINS_F=21 -DMAX_HISTORY=25 -DNMM_NEST=0  -I. -traditional-cpp -DUSE_NETCDF4_FEATURES -DWRFIO_NCD_LARGE_FILE_SUPPORT   module_machine.G  > module_machine.bb
/global/scratch/users/adamwise/compiling/WRFv4.4-DRM_real_GAD_slices_CPM/tools/standard.exe module_machine.bb | /lib/cpp -P -nostdinc -traditional-cpp -DUSE_NETCDF4_FEATURES -DWRFIO_NCD_LARGE_FILE_SUPPORT > module_machine.f90
rm -f module_machine.G module_machine.bb
time mpif90 -f90=ifort -o module_machine.o -c -O3 -ip -fp-model precise -w -ftz -align all -fno-alias -FR -convert big_endian    -I../dyn_em  -I/global/scratch/users/adamwise/compiling/WRFv4.4-DRM_real_GAD_slices_CPM/external/esmf_time_f90  -I/global/scratch/users/adamwise/compiling/WRFv4.4-DRM_real_GAD_slices_CPM/main -I/global/scratch/users/adamwise/compiling/WRFv4.4-DRM_real_GAD_slices_CPM/external/io_netcdf -I/global/scratch/users/adamwise/compiling/WRFv4.4-DRM_real_GAD_slices_CPM/external/io_int -I/global/scratch/users/adamwise/compiling/WRFv4.4-DRM_real_GAD_slices_CPM/frame -I/global/scratch/users/adamwise/compiling/WRFv4.4-DRM_real_GAD_slices_CPM/share -I/global/scratch/users/adamwise/compiling/WRFv4.4-DRM_real_GAD_slices_CPM/phys -I/global/scratch/users/adamwise/compiling/WRFv4.4-DRM_real_GAD_slices_CPM/wrftladj -I/global/scratch/users/adamwise/compiling/WRFv4.4-DRM_real_GAD_slices_CPM/chem -I/global/scratch/users/adamwise/compiling/WRFv4.4-DRM_real_GAD_slices_CPM/inc -I/global/software/sl-7.x86_64/modules/intel/2016.4.072/netcdf/4.4.1.1-intel-s/include  -real-size `expr 8 \* 4` -i4  module_machine.f90

real	0m0.406s
user	0m0.099s
sys	0m0.101s
rm -f module_quilt_outbuf_ops.o
sed -e "s/^\!.*'.*//" -e "s/^ *\!.*'.*//" module_quilt_outbuf_ops.F > module_quilt_outbuf_ops.G
/lib/cpp -P -nostdinc -I/global/scratch/users/adamwise/compiling/WRFv4.4-DRM_real_GAD_slices_CPM/inc -DEM_CORE=1 -DNMM_CORE=0 -DNMM_MAX_DIM=2600 -DDA_CORE=0 -DWRFPLUS=0 -DIWORDSIZE=4 -DDWORDSIZE=8 -DRWORDSIZE=4 -DLWORDSIZE=4 -DNONSTANDARD_SYSTEM_FUNC  -DWRF_USE_CLM -DUSE_NETCDF4_FEATURES -DWRFIO_NCD_LARGE_FILE_SUPPORT  -DDM_PARALLEL -DNETCDF -DLANDREAD_STUB=1 -DUSE_ALLOCATABLES -Dwrfmodel -DGRIB1 -DINTIO -DKEEP_INT_AROUND -DLIMIT_ARGS -DBUILD_RRTMG_FAST=0 -DBUILD_RRTMK=0 -DBUILD_SBM_FAST=1 -DSHOW_ALL_VARS_USED=0 -DCONFIG_BUF_LEN=65536 -DMAX_DOMAINS_F=21 -DMAX_HISTORY=25 -DNMM_NEST=0  -I. -traditional-cpp -DUSE_NETCDF4_FEATURES -DWRFIO_NCD_LARGE_FILE_SUPPORT   module_quilt_outbuf_ops.G  > module_quilt_outbuf_ops.bb
/global/scratch/users/adamwise/compiling/WRFv4.4-DRM_real_GAD_slices_CPM/tools/standard.exe module_quilt_outbuf_ops.bb | /lib/cpp -P -nostdinc -traditional-cpp -DUSE_NETCDF4_FEATURES -DWRFIO_NCD_LARGE_FILE_SUPPORT > module_quilt_outbuf_ops.f90
rm -f module_quilt_outbuf_ops.G module_quilt_outbuf_ops.bb
time mpif90 -f90=ifort -o module_quilt_outbuf_ops.o -c -O3 -ip -fp-model precise -w -ftz -align all -fno-alias -FR -convert big_endian    -I../dyn_em  -I/global/scratch/users/adamwise/compiling/WRFv4.4-DRM_real_GAD_slices_CPM/external/esmf_time_f90  -I/global/scratch/users/adamwise/compiling/WRFv4.4-DRM_real_GAD_slices_CPM/main -I/global/scratch/users/adamwise/compiling/WRFv4.4-DRM_real_GAD_slices_CPM/external/io_netcdf -I/global/scratch/users/adamwise/compiling/WRFv4.4-DRM_real_GAD_slices_CPM/external/io_int -I/global/scratch/users/adamwise/compiling/WRFv4.4-DRM_real_GAD_slices_CPM/frame -I/global/scratch/users/adamwise/compiling/WRFv4.4-DRM_real_GAD_slices_CPM/share -I/global/scratch/users/adamwise/compiling/WRFv4.4-DRM_real_GAD_slices_CPM/phys -I/global/scratch/users/adamwise/compiling/WRFv4.4-DRM_real_GAD_slices_CPM/wrftladj -I/global/scratch/users/adamwise/compiling/WRFv4.4-DRM_real_GAD_slices_CPM/chem -I/global/scratch/users/adamwise/compiling/WRFv4.4-DRM_real_GAD_slices_CPM/inc -I/global/software/sl-7.x86_64/modules/intel/2016.4.072/netcdf/4.4.1.1-intel-s/include  -real-size `expr 8 \* 4` -i4  module_quilt_outbuf_ops.f90

real	0m1.139s
user	0m0.738s
sys	0m0.151s
rm -f module_configure.o
/lib/cpp -P -nostdinc -I/global/scratch/users/adamwise/compiling/WRFv4.4-DRM_real_GAD_slices_CPM/inc -DEM_CORE=1 -DNMM_CORE=0 -DNMM_MAX_DIM=2600 -DDA_CORE=0 -DWRFPLUS=0 -DIWORDSIZE=4 -DDWORDSIZE=8 -DRWORDSIZE=4 -DLWORDSIZE=4 -DNONSTANDARD_SYSTEM_FUNC  -DWRF_USE_CLM -DUSE_NETCDF4_FEATURES -DWRFIO_NCD_LARGE_FILE_SUPPORT  -DDM_PARALLEL -DNETCDF -DLANDREAD_STUB=1 -DUSE_ALLOCATABLES -Dwrfmodel -DGRIB1 -DINTIO -DKEEP_INT_AROUND -DLIMIT_ARGS -DBUILD_RRTMG_FAST=0 -DBUILD_RRTMK=0 -DBUILD_SBM_FAST=1 -DSHOW_ALL_VARS_USED=0 -DCONFIG_BUF_LEN=65536 -DMAX_DOMAINS_F=21 -DMAX_HISTORY=25 -DNMM_NEST=0  -I. -traditional-cpp -DUSE_NETCDF4_FEATURES -DWRFIO_NCD_LARGE_FILE_SUPPORT   module_configure.F  > module_configure.bb
/global/scratch/users/adamwise/compiling/WRFv4.4-DRM_real_GAD_slices_CPM/tools/standard.exe module_configure.bb | /lib/cpp -P -nostdinc -traditional-cpp -DUSE_NETCDF4_FEATURES -DWRFIO_NCD_LARGE_FILE_SUPPORT > module_configure.f90
rm -f module_configure.b module_configure.bb
time mpif90 -f90=ifort -c -real-size `expr 8 \* 4` -i4  -O0 -fno-inline -no-ip -ip -fp-model precise -w -ftz -align all -fno-alias -FR -convert big_endian   -I../dyn_em  -I/global/scratch/users/adamwise/compiling/WRFv4.4-DRM_real_GAD_slices_CPM/external/esmf_time_f90  -I/global/scratch/users/adamwise/compiling/WRFv4.4-DRM_real_GAD_slices_CPM/main -I/global/scratch/users/adamwise/compiling/WRFv4.4-DRM_real_GAD_slices_CPM/external/io_netcdf -I/global/scratch/users/adamwise/compiling/WRFv4.4-DRM_real_GAD_slices_CPM/external/io_int -I/global/scratch/users/adamwise/compiling/WRFv4.4-DRM_real_GAD_slices_CPM/frame -I/global/scratch/users/adamwise/compiling/WRFv4.4-DRM_real_GAD_slices_CPM/share -I/global/scratch/users/adamwise/compiling/WRFv4.4-DRM_real_GAD_slices_CPM/phys -I/global/scratch/users/adamwise/compiling/WRFv4.4-DRM_real_GAD_slices_CPM/wrftladj -I/global/scratch/users/adamwise/compiling/WRFv4.4-DRM_real_GAD_slices_CPM/chem -I/global/scratch/users/adamwise/compiling/WRFv4.4-DRM_real_GAD_slices_CPM/inc -I/global/software/sl-7.x86_64/modules/intel/2016.4.072/netcdf/4.4.1.1-intel-s/include  module_configure.f90

real	0m1.888s
user	0m1.551s
sys	0m0.125s

real	0m19.035s
user	0m17.981s
sys	0m0.781s
rm -f module_alloc_space_0.o
rm -f module_alloc_space_1.o
/lib/cpp -P -nostdinc -I/global/scratch/users/adamwise/compiling/WRFv4.4-DRM_real_GAD_slices_CPM/inc -DEM_CORE=1 -DNMM_CORE=0 -DNMM_MAX_DIM=2600 -DDA_CORE=0 -DWRFPLUS=0 -DIWORDSIZE=4 -DDWORDSIZE=8 -DRWORDSIZE=4 -DLWORDSIZE=4 -DNONSTANDARD_SYSTEM_FUNC  -DWRF_USE_CLM -DUSE_NETCDF4_FEATURES -DWRFIO_NCD_LARGE_FILE_SUPPORT  -DDM_PARALLEL -DNETCDF -DLANDREAD_STUB=1 -DUSE_ALLOCATABLES -Dwrfmodel -DGRIB1 -DINTIO -DKEEP_INT_AROUND -DLIMIT_ARGS -DBUILD_RRTMG_FAST=0 -DBUILD_RRTMK=0 -DBUILD_SBM_FAST=1 -DSHOW_ALL_VARS_USED=0 -DCONFIG_BUF_LEN=65536 -DMAX_DOMAINS_F=21 -DMAX_HISTORY=25 -DNMM_NEST=0  -I. -traditional-cpp -DUSE_NETCDF4_FEATURES -DWRFIO_NCD_LARGE_FILE_SUPPORT   module_alloc_space_0.F  > module_alloc_space_0.bb
/lib/cpp -P -nostdinc -I/global/scratch/users/adamwise/compiling/WRFv4.4-DRM_real_GAD_slices_CPM/inc -DEM_CORE=1 -DNMM_CORE=0 -DNMM_MAX_DIM=2600 -DDA_CORE=0 -DWRFPLUS=0 -DIWORDSIZE=4 -DDWORDSIZE=8 -DRWORDSIZE=4 -DLWORDSIZE=4 -DNONSTANDARD_SYSTEM_FUNC  -DWRF_USE_CLM -DUSE_NETCDF4_FEATURES -DWRFIO_NCD_LARGE_FILE_SUPPORT  -DDM_PARALLEL -DNETCDF -DLANDREAD_STUB=1 -DUSE_ALLOCATABLES -Dwrfmodel -DGRIB1 -DINTIO -DKEEP_INT_AROUND -DLIMIT_ARGS -DBUILD_RRTMG_FAST=0 -DBUILD_RRTMK=0 -DBUILD_SBM_FAST=1 -DSHOW_ALL_VARS_USED=0 -DCONFIG_BUF_LEN=65536 -DMAX_DOMAINS_F=21 -DMAX_HISTORY=25 -DNMM_NEST=0  -I. -traditional-cpp -DUSE_NETCDF4_FEATURES -DWRFIO_NCD_LARGE_FILE_SUPPORT   module_alloc_space_1.F  > module_alloc_space_1.bb
/global/scratch/users/adamwise/compiling/WRFv4.4-DRM_real_GAD_slices_CPM/tools/standard.exe module_alloc_space_1.bb | /lib/cpp -P -nostdinc -traditional-cpp -DUSE_NETCDF4_FEATURES -DWRFIO_NCD_LARGE_FILE_SUPPORT > module_alloc_space_1.f90
/global/scratch/users/adamwise/compiling/WRFv4.4-DRM_real_GAD_slices_CPM/tools/standard.exe module_alloc_space_0.bb | /lib/cpp -P -nostdinc -traditional-cpp -DUSE_NETCDF4_FEATURES -DWRFIO_NCD_LARGE_FILE_SUPPORT > module_alloc_space_0.f90
rm -f module_alloc_space_1.b module_alloc_space_1.bb
time mpif90 -f90=ifort -c -real-size `expr 8 \* 4` -i4  -O0 -fno-inline -no-ip -ip -fp-model precise -w -ftz -align all -fno-alias -FR -convert big_endian   -I../dyn_em  -I/global/scratch/users/adamwise/compiling/WRFv4.4-DRM_real_GAD_slices_CPM/external/esmf_time_f90  -I/global/scratch/users/adamwise/compiling/WRFv4.4-DRM_real_GAD_slices_CPM/main -I/global/scratch/users/adamwise/compiling/WRFv4.4-DRM_real_GAD_slices_CPM/external/io_netcdf -I/global/scratch/users/adamwise/compiling/WRFv4.4-DRM_real_GAD_slices_CPM/external/io_int -I/global/scratch/users/adamwise/compiling/WRFv4.4-DRM_real_GAD_slices_CPM/frame -I/global/scratch/users/adamwise/compiling/WRFv4.4-DRM_real_GAD_slices_CPM/share -I/global/scratch/users/adamwise/compiling/WRFv4.4-DRM_real_GAD_slices_CPM/phys -I/global/scratch/users/adamwise/compiling/WRFv4.4-DRM_real_GAD_slices_CPM/wrftladj -I/global/scratch/users/adamwise/compiling/WRFv4.4-DRM_real_GAD_slices_CPM/chem -I/global/scratch/users/adamwise/compiling/WRFv4.4-DRM_real_GAD_slices_CPM/inc -I/global/software/sl-7.x86_64/modules/intel/2016.4.072/netcdf/4.4.1.1-intel-s/include  module_alloc_space_1.f90
rm -f module_alloc_space_0.b module_alloc_space_0.bb
time mpif90 -f90=ifort -c -real-size `expr 8 \* 4` -i4  -O0 -fno-inline -no-ip -ip -fp-model precise -w -ftz -align all -fno-alias -FR -convert big_endian   -I../dyn_em  -I/global/scratch/users/adamwise/compiling/WRFv4.4-DRM_real_GAD_slices_CPM/external/esmf_time_f90  -I/global/scratch/users/adamwise/compiling/WRFv4.4-DRM_real_GAD_slices_CPM/main -I/global/scratch/users/adamwise/compiling/WRFv4.4-DRM_real_GAD_slices_CPM/external/io_netcdf -I/global/scratch/users/adamwise/compiling/WRFv4.4-DRM_real_GAD_slices_CPM/external/io_int -I/global/scratch/users/adamwise/compiling/WRFv4.4-DRM_real_GAD_slices_CPM/frame -I/global/scratch/users/adamwise/compiling/WRFv4.4-DRM_real_GAD_slices_CPM/share -I/global/scratch/users/adamwise/compiling/WRFv4.4-DRM_real_GAD_slices_CPM/phys -I/global/scratch/users/adamwise/compiling/WRFv4.4-DRM_real_GAD_slices_CPM/wrftladj -I/global/scratch/users/adamwise/compiling/WRFv4.4-DRM_real_GAD_slices_CPM/chem -I/global/scratch/users/adamwise/compiling/WRFv4.4-DRM_real_GAD_slices_CPM/inc -I/global/software/sl-7.x86_64/modules/intel/2016.4.072/netcdf/4.4.1.1-intel-s/include  module_alloc_space_0.f90

real	0m45.196s
user	0m44.154s
sys	0m0.659s
rm -f module_alloc_space_2.o
/lib/cpp -P -nostdinc -I/global/scratch/users/adamwise/compiling/WRFv4.4-DRM_real_GAD_slices_CPM/inc -DEM_CORE=1 -DNMM_CORE=0 -DNMM_MAX_DIM=2600 -DDA_CORE=0 -DWRFPLUS=0 -DIWORDSIZE=4 -DDWORDSIZE=8 -DRWORDSIZE=4 -DLWORDSIZE=4 -DNONSTANDARD_SYSTEM_FUNC  -DWRF_USE_CLM -DUSE_NETCDF4_FEATURES -DWRFIO_NCD_LARGE_FILE_SUPPORT  -DDM_PARALLEL -DNETCDF -DLANDREAD_STUB=1 -DUSE_ALLOCATABLES -Dwrfmodel -DGRIB1 -DINTIO -DKEEP_INT_AROUND -DLIMIT_ARGS -DBUILD_RRTMG_FAST=0 -DBUILD_RRTMK=0 -DBUILD_SBM_FAST=1 -DSHOW_ALL_VARS_USED=0 -DCONFIG_BUF_LEN=65536 -DMAX_DOMAINS_F=21 -DMAX_HISTORY=25 -DNMM_NEST=0  -I. -traditional-cpp -DUSE_NETCDF4_FEATURES -DWRFIO_NCD_LARGE_FILE_SUPPORT   module_alloc_space_2.F  > module_alloc_space_2.bb
/global/scratch/users/adamwise/compiling/WRFv4.4-DRM_real_GAD_slices_CPM/tools/standard.exe module_alloc_space_2.bb | /lib/cpp -P -nostdinc -traditional-cpp -DUSE_NETCDF4_FEATURES -DWRFIO_NCD_LARGE_FILE_SUPPORT > module_alloc_space_2.f90
rm -f module_alloc_space_2.b module_alloc_space_2.bb
time mpif90 -f90=ifort -c -real-size `expr 8 \* 4` -i4  -O0 -fno-inline -no-ip -ip -fp-model precise -w -ftz -align all -fno-alias -FR -convert big_endian   -I../dyn_em  -I/global/scratch/users/adamwise/compiling/WRFv4.4-DRM_real_GAD_slices_CPM/external/esmf_time_f90  -I/global/scratch/users/adamwise/compiling/WRFv4.4-DRM_real_GAD_slices_CPM/main -I/global/scratch/users/adamwise/compiling/WRFv4.4-DRM_real_GAD_slices_CPM/external/io_netcdf -I/global/scratch/users/adamwise/compiling/WRFv4.4-DRM_real_GAD_slices_CPM/external/io_int -I/global/scratch/users/adamwise/compiling/WRFv4.4-DRM_real_GAD_slices_CPM/frame -I/global/scratch/users/adamwise/compiling/WRFv4.4-DRM_real_GAD_slices_CPM/share -I/global/scratch/users/adamwise/compiling/WRFv4.4-DRM_real_GAD_slices_CPM/phys -I/global/scratch/users/adamwise/compiling/WRFv4.4-DRM_real_GAD_slices_CPM/wrftladj -I/global/scratch/users/adamwise/compiling/WRFv4.4-DRM_real_GAD_slices_CPM/chem -I/global/scratch/users/adamwise/compiling/WRFv4.4-DRM_real_GAD_slices_CPM/inc -I/global/software/sl-7.x86_64/modules/intel/2016.4.072/netcdf/4.4.1.1-intel-s/include  module_alloc_space_2.f90

real	0m51.333s
user	0m50.289s
sys	0m0.660s
rm -f module_alloc_space_3.o
/lib/cpp -P -nostdinc -I/global/scratch/users/adamwise/compiling/WRFv4.4-DRM_real_GAD_slices_CPM/inc -DEM_CORE=1 -DNMM_CORE=0 -DNMM_MAX_DIM=2600 -DDA_CORE=0 -DWRFPLUS=0 -DIWORDSIZE=4 -DDWORDSIZE=8 -DRWORDSIZE=4 -DLWORDSIZE=4 -DNONSTANDARD_SYSTEM_FUNC  -DWRF_USE_CLM -DUSE_NETCDF4_FEATURES -DWRFIO_NCD_LARGE_FILE_SUPPORT  -DDM_PARALLEL -DNETCDF -DLANDREAD_STUB=1 -DUSE_ALLOCATABLES -Dwrfmodel -DGRIB1 -DINTIO -DKEEP_INT_AROUND -DLIMIT_ARGS -DBUILD_RRTMG_FAST=0 -DBUILD_RRTMK=0 -DBUILD_SBM_FAST=1 -DSHOW_ALL_VARS_USED=0 -DCONFIG_BUF_LEN=65536 -DMAX_DOMAINS_F=21 -DMAX_HISTORY=25 -DNMM_NEST=0  -I. -traditional-cpp -DUSE_NETCDF4_FEATURES -DWRFIO_NCD_LARGE_FILE_SUPPORT   module_alloc_space_3.F  > module_alloc_space_3.bb
/global/scratch/users/adamwise/compiling/WRFv4.4-DRM_real_GAD_slices_CPM/tools/standard.exe module_alloc_space_3.bb | /lib/cpp -P -nostdinc -traditional-cpp -DUSE_NETCDF4_FEATURES -DWRFIO_NCD_LARGE_FILE_SUPPORT > module_alloc_space_3.f90
rm -f module_alloc_space_3.b module_alloc_space_3.bb
time mpif90 -f90=ifort -c -real-size `expr 8 \* 4` -i4  -O0 -fno-inline -no-ip -ip -fp-model precise -w -ftz -align all -fno-alias -FR -convert big_endian   -I../dyn_em  -I/global/scratch/users/adamwise/compiling/WRFv4.4-DRM_real_GAD_slices_CPM/external/esmf_time_f90  -I/global/scratch/users/adamwise/compiling/WRFv4.4-DRM_real_GAD_slices_CPM/main -I/global/scratch/users/adamwise/compiling/WRFv4.4-DRM_real_GAD_slices_CPM/external/io_netcdf -I/global/scratch/users/adamwise/compiling/WRFv4.4-DRM_real_GAD_slices_CPM/external/io_int -I/global/scratch/users/adamwise/compiling/WRFv4.4-DRM_real_GAD_slices_CPM/frame -I/global/scratch/users/adamwise/compiling/WRFv4.4-DRM_real_GAD_slices_CPM/share -I/global/scratch/users/adamwise/compiling/WRFv4.4-DRM_real_GAD_slices_CPM/phys -I/global/scratch/users/adamwise/compiling/WRFv4.4-DRM_real_GAD_slices_CPM/wrftladj -I/global/scratch/users/adamwise/compiling/WRFv4.4-DRM_real_GAD_slices_CPM/chem -I/global/scratch/users/adamwise/compiling/WRFv4.4-DRM_real_GAD_slices_CPM/inc -I/global/software/sl-7.x86_64/modules/intel/2016.4.072/netcdf/4.4.1.1-intel-s/include  module_alloc_space_3.f90

real	0m7.090s
user	0m6.618s
sys	0m0.231s
rm -f module_alloc_space_4.o
/lib/cpp -P -nostdinc -I/global/scratch/users/adamwise/compiling/WRFv4.4-DRM_real_GAD_slices_CPM/inc -DEM_CORE=1 -DNMM_CORE=0 -DNMM_MAX_DIM=2600 -DDA_CORE=0 -DWRFPLUS=0 -DIWORDSIZE=4 -DDWORDSIZE=8 -DRWORDSIZE=4 -DLWORDSIZE=4 -DNONSTANDARD_SYSTEM_FUNC  -DWRF_USE_CLM -DUSE_NETCDF4_FEATURES -DWRFIO_NCD_LARGE_FILE_SUPPORT  -DDM_PARALLEL -DNETCDF -DLANDREAD_STUB=1 -DUSE_ALLOCATABLES -Dwrfmodel -DGRIB1 -DINTIO -DKEEP_INT_AROUND -DLIMIT_ARGS -DBUILD_RRTMG_FAST=0 -DBUILD_RRTMK=0 -DBUILD_SBM_FAST=1 -DSHOW_ALL_VARS_USED=0 -DCONFIG_BUF_LEN=65536 -DMAX_DOMAINS_F=21 -DMAX_HISTORY=25 -DNMM_NEST=0  -I. -traditional-cpp -DUSE_NETCDF4_FEATURES -DWRFIO_NCD_LARGE_FILE_SUPPORT   module_alloc_space_4.F  > module_alloc_space_4.bb
/global/scratch/users/adamwise/compiling/WRFv4.4-DRM_real_GAD_slices_CPM/tools/standard.exe module_alloc_space_4.bb | /lib/cpp -P -nostdinc -traditional-cpp -DUSE_NETCDF4_FEATURES -DWRFIO_NCD_LARGE_FILE_SUPPORT > module_alloc_space_4.f90
rm -f module_alloc_space_4.b module_alloc_space_4.bb
time mpif90 -f90=ifort -c -real-size `expr 8 \* 4` -i4  -O0 -fno-inline -no-ip -ip -fp-model precise -w -ftz -align all -fno-alias -FR -convert big_endian   -I../dyn_em  -I/global/scratch/users/adamwise/compiling/WRFv4.4-DRM_real_GAD_slices_CPM/external/esmf_time_f90  -I/global/scratch/users/adamwise/compiling/WRFv4.4-DRM_real_GAD_slices_CPM/main -I/global/scratch/users/adamwise/compiling/WRFv4.4-DRM_real_GAD_slices_CPM/external/io_netcdf -I/global/scratch/users/adamwise/compiling/WRFv4.4-DRM_real_GAD_slices_CPM/external/io_int -I/global/scratch/users/adamwise/compiling/WRFv4.4-DRM_real_GAD_slices_CPM/frame -I/global/scratch/users/adamwise/compiling/WRFv4.4-DRM_real_GAD_slices_CPM/share -I/global/scratch/users/adamwise/compiling/WRFv4.4-DRM_real_GAD_slices_CPM/phys -I/global/scratch/users/adamwise/compiling/WRFv4.4-DRM_real_GAD_slices_CPM/wrftladj -I/global/scratch/users/adamwise/compiling/WRFv4.4-DRM_real_GAD_slices_CPM/chem -I/global/scratch/users/adamwise/compiling/WRFv4.4-DRM_real_GAD_slices_CPM/inc -I/global/software/sl-7.x86_64/modules/intel/2016.4.072/netcdf/4.4.1.1-intel-s/include  module_alloc_space_4.f90

real	0m1.864s
user	0m1.473s
sys	0m0.160s
rm -f module_alloc_space_5.o
/lib/cpp -P -nostdinc -I/global/scratch/users/adamwise/compiling/WRFv4.4-DRM_real_GAD_slices_CPM/inc -DEM_CORE=1 -DNMM_CORE=0 -DNMM_MAX_DIM=2600 -DDA_CORE=0 -DWRFPLUS=0 -DIWORDSIZE=4 -DDWORDSIZE=8 -DRWORDSIZE=4 -DLWORDSIZE=4 -DNONSTANDARD_SYSTEM_FUNC  -DWRF_USE_CLM -DUSE_NETCDF4_FEATURES -DWRFIO_NCD_LARGE_FILE_SUPPORT  -DDM_PARALLEL -DNETCDF -DLANDREAD_STUB=1 -DUSE_ALLOCATABLES -Dwrfmodel -DGRIB1 -DINTIO -DKEEP_INT_AROUND -DLIMIT_ARGS -DBUILD_RRTMG_FAST=0 -DBUILD_RRTMK=0 -DBUILD_SBM_FAST=1 -DSHOW_ALL_VARS_USED=0 -DCONFIG_BUF_LEN=65536 -DMAX_DOMAINS_F=21 -DMAX_HISTORY=25 -DNMM_NEST=0  -I. -traditional-cpp -DUSE_NETCDF4_FEATURES -DWRFIO_NCD_LARGE_FILE_SUPPORT   module_alloc_space_5.F  > module_alloc_space_5.bb
/global/scratch/users/adamwise/compiling/WRFv4.4-DRM_real_GAD_slices_CPM/tools/standard.exe module_alloc_space_5.bb | /lib/cpp -P -nostdinc -traditional-cpp -DUSE_NETCDF4_FEATURES -DWRFIO_NCD_LARGE_FILE_SUPPORT > module_alloc_space_5.f90
rm -f module_alloc_space_5.b module_alloc_space_5.bb
time mpif90 -f90=ifort -c -real-size `expr 8 \* 4` -i4  -O0 -fno-inline -no-ip -ip -fp-model precise -w -ftz -align all -fno-alias -FR -convert big_endian   -I../dyn_em  -I/global/scratch/users/adamwise/compiling/WRFv4.4-DRM_real_GAD_slices_CPM/external/esmf_time_f90  -I/global/scratch/users/adamwise/compiling/WRFv4.4-DRM_real_GAD_slices_CPM/main -I/global/scratch/users/adamwise/compiling/WRFv4.4-DRM_real_GAD_slices_CPM/external/io_netcdf -I/global/scratch/users/adamwise/compiling/WRFv4.4-DRM_real_GAD_slices_CPM/external/io_int -I/global/scratch/users/adamwise/compiling/WRFv4.4-DRM_real_GAD_slices_CPM/frame -I/global/scratch/users/adamwise/compiling/WRFv4.4-DRM_real_GAD_slices_CPM/share -I/global/scratch/users/adamwise/compiling/WRFv4.4-DRM_real_GAD_slices_CPM/phys -I/global/scratch/users/adamwise/compiling/WRFv4.4-DRM_real_GAD_slices_CPM/wrftladj -I/global/scratch/users/adamwise/compiling/WRFv4.4-DRM_real_GAD_slices_CPM/chem -I/global/scratch/users/adamwise/compiling/WRFv4.4-DRM_real_GAD_slices_CPM/inc -I/global/software/sl-7.x86_64/modules/intel/2016.4.072/netcdf/4.4.1.1-intel-s/include  module_alloc_space_5.f90

real	0m17.140s
user	0m16.402s
sys	0m0.347s
rm -f module_alloc_space_6.o
/lib/cpp -P -nostdinc -I/global/scratch/users/adamwise/compiling/WRFv4.4-DRM_real_GAD_slices_CPM/inc -DEM_CORE=1 -DNMM_CORE=0 -DNMM_MAX_DIM=2600 -DDA_CORE=0 -DWRFPLUS=0 -DIWORDSIZE=4 -DDWORDSIZE=8 -DRWORDSIZE=4 -DLWORDSIZE=4 -DNONSTANDARD_SYSTEM_FUNC  -DWRF_USE_CLM -DUSE_NETCDF4_FEATURES -DWRFIO_NCD_LARGE_FILE_SUPPORT  -DDM_PARALLEL -DNETCDF -DLANDREAD_STUB=1 -DUSE_ALLOCATABLES -Dwrfmodel -DGRIB1 -DINTIO -DKEEP_INT_AROUND -DLIMIT_ARGS -DBUILD_RRTMG_FAST=0 -DBUILD_RRTMK=0 -DBUILD_SBM_FAST=1 -DSHOW_ALL_VARS_USED=0 -DCONFIG_BUF_LEN=65536 -DMAX_DOMAINS_F=21 -DMAX_HISTORY=25 -DNMM_NEST=0  -I. -traditional-cpp -DUSE_NETCDF4_FEATURES -DWRFIO_NCD_LARGE_FILE_SUPPORT   module_alloc_space_6.F  > module_alloc_space_6.bb
/global/scratch/users/adamwise/compiling/WRFv4.4-DRM_real_GAD_slices_CPM/tools/standard.exe module_alloc_space_6.bb | /lib/cpp -P -nostdinc -traditional-cpp -DUSE_NETCDF4_FEATURES -DWRFIO_NCD_LARGE_FILE_SUPPORT > module_alloc_space_6.f90
rm -f module_alloc_space_6.b module_alloc_space_6.bb
time mpif90 -f90=ifort -c -real-size `expr 8 \* 4` -i4  -O0 -fno-inline -no-ip -ip -fp-model precise -w -ftz -align all -fno-alias -FR -convert big_endian   -I../dyn_em  -I/global/scratch/users/adamwise/compiling/WRFv4.4-DRM_real_GAD_slices_CPM/external/esmf_time_f90  -I/global/scratch/users/adamwise/compiling/WRFv4.4-DRM_real_GAD_slices_CPM/main -I/global/scratch/users/adamwise/compiling/WRFv4.4-DRM_real_GAD_slices_CPM/external/io_netcdf -I/global/scratch/users/adamwise/compiling/WRFv4.4-DRM_real_GAD_slices_CPM/external/io_int -I/global/scratch/users/adamwise/compiling/WRFv4.4-DRM_real_GAD_slices_CPM/frame -I/global/scratch/users/adamwise/compiling/WRFv4.4-DRM_real_GAD_slices_CPM/share -I/global/scratch/users/adamwise/compiling/WRFv4.4-DRM_real_GAD_slices_CPM/phys -I/global/scratch/users/adamwise/compiling/WRFv4.4-DRM_real_GAD_slices_CPM/wrftladj -I/global/scratch/users/adamwise/compiling/WRFv4.4-DRM_real_GAD_slices_CPM/chem -I/global/scratch/users/adamwise/compiling/WRFv4.4-DRM_real_GAD_slices_CPM/inc -I/global/software/sl-7.x86_64/modules/intel/2016.4.072/netcdf/4.4.1.1-intel-s/include  module_alloc_space_6.f90

real	0m11.570s
user	0m11.035s
sys	0m0.280s
rm -f module_alloc_space_7.o
/lib/cpp -P -nostdinc -I/global/scratch/users/adamwise/compiling/WRFv4.4-DRM_real_GAD_slices_CPM/inc -DEM_CORE=1 -DNMM_CORE=0 -DNMM_MAX_DIM=2600 -DDA_CORE=0 -DWRFPLUS=0 -DIWORDSIZE=4 -DDWORDSIZE=8 -DRWORDSIZE=4 -DLWORDSIZE=4 -DNONSTANDARD_SYSTEM_FUNC  -DWRF_USE_CLM -DUSE_NETCDF4_FEATURES -DWRFIO_NCD_LARGE_FILE_SUPPORT  -DDM_PARALLEL -DNETCDF -DLANDREAD_STUB=1 -DUSE_ALLOCATABLES -Dwrfmodel -DGRIB1 -DINTIO -DKEEP_INT_AROUND -DLIMIT_ARGS -DBUILD_RRTMG_FAST=0 -DBUILD_RRTMK=0 -DBUILD_SBM_FAST=1 -DSHOW_ALL_VARS_USED=0 -DCONFIG_BUF_LEN=65536 -DMAX_DOMAINS_F=21 -DMAX_HISTORY=25 -DNMM_NEST=0  -I. -traditional-cpp -DUSE_NETCDF4_FEATURES -DWRFIO_NCD_LARGE_FILE_SUPPORT   module_alloc_space_7.F  > module_alloc_space_7.bb
/global/scratch/users/adamwise/compiling/WRFv4.4-DRM_real_GAD_slices_CPM/tools/standard.exe module_alloc_space_7.bb | /lib/cpp -P -nostdinc -traditional-cpp -DUSE_NETCDF4_FEATURES -DWRFIO_NCD_LARGE_FILE_SUPPORT > module_alloc_space_7.f90
rm -f module_alloc_space_7.b module_alloc_space_7.bb
time mpif90 -f90=ifort -c -real-size `expr 8 \* 4` -i4  -O0 -fno-inline -no-ip -ip -fp-model precise -w -ftz -align all -fno-alias -FR -convert big_endian   -I../dyn_em  -I/global/scratch/users/adamwise/compiling/WRFv4.4-DRM_real_GAD_slices_CPM/external/esmf_time_f90  -I/global/scratch/users/adamwise/compiling/WRFv4.4-DRM_real_GAD_slices_CPM/main -I/global/scratch/users/adamwise/compiling/WRFv4.4-DRM_real_GAD_slices_CPM/external/io_netcdf -I/global/scratch/users/adamwise/compiling/WRFv4.4-DRM_real_GAD_slices_CPM/external/io_int -I/global/scratch/users/adamwise/compiling/WRFv4.4-DRM_real_GAD_slices_CPM/frame -I/global/scratch/users/adamwise/compiling/WRFv4.4-DRM_real_GAD_slices_CPM/share -I/global/scratch/users/adamwise/compiling/WRFv4.4-DRM_real_GAD_slices_CPM/phys -I/global/scratch/users/adamwise/compiling/WRFv4.4-DRM_real_GAD_slices_CPM/wrftladj -I/global/scratch/users/adamwise/compiling/WRFv4.4-DRM_real_GAD_slices_CPM/chem -I/global/scratch/users/adamwise/compiling/WRFv4.4-DRM_real_GAD_slices_CPM/inc -I/global/software/sl-7.x86_64/modules/intel/2016.4.072/netcdf/4.4.1.1-intel-s/include  module_alloc_space_7.f90

real	0m37.468s
user	0m36.622s
sys	0m0.592s
rm -f module_alloc_space_8.o
/lib/cpp -P -nostdinc -I/global/scratch/users/adamwise/compiling/WRFv4.4-DRM_real_GAD_slices_CPM/inc -DEM_CORE=1 -DNMM_CORE=0 -DNMM_MAX_DIM=2600 -DDA_CORE=0 -DWRFPLUS=0 -DIWORDSIZE=4 -DDWORDSIZE=8 -DRWORDSIZE=4 -DLWORDSIZE=4 -DNONSTANDARD_SYSTEM_FUNC  -DWRF_USE_CLM -DUSE_NETCDF4_FEATURES -DWRFIO_NCD_LARGE_FILE_SUPPORT  -DDM_PARALLEL -DNETCDF -DLANDREAD_STUB=1 -DUSE_ALLOCATABLES -Dwrfmodel -DGRIB1 -DINTIO -DKEEP_INT_AROUND -DLIMIT_ARGS -DBUILD_RRTMG_FAST=0 -DBUILD_RRTMK=0 -DBUILD_SBM_FAST=1 -DSHOW_ALL_VARS_USED=0 -DCONFIG_BUF_LEN=65536 -DMAX_DOMAINS_F=21 -DMAX_HISTORY=25 -DNMM_NEST=0  -I. -traditional-cpp -DUSE_NETCDF4_FEATURES -DWRFIO_NCD_LARGE_FILE_SUPPORT   module_alloc_space_8.F  > module_alloc_space_8.bb
/global/scratch/users/adamwise/compiling/WRFv4.4-DRM_real_GAD_slices_CPM/tools/standard.exe module_alloc_space_8.bb | /lib/cpp -P -nostdinc -traditional-cpp -DUSE_NETCDF4_FEATURES -DWRFIO_NCD_LARGE_FILE_SUPPORT > module_alloc_space_8.f90
rm -f module_alloc_space_8.b module_alloc_space_8.bb
time mpif90 -f90=ifort -c -real-size `expr 8 \* 4` -i4  -O0 -fno-inline -no-ip -ip -fp-model precise -w -ftz -align all -fno-alias -FR -convert big_endian   -I../dyn_em  -I/global/scratch/users/adamwise/compiling/WRFv4.4-DRM_real_GAD_slices_CPM/external/esmf_time_f90  -I/global/scratch/users/adamwise/compiling/WRFv4.4-DRM_real_GAD_slices_CPM/main -I/global/scratch/users/adamwise/compiling/WRFv4.4-DRM_real_GAD_slices_CPM/external/io_netcdf -I/global/scratch/users/adamwise/compiling/WRFv4.4-DRM_real_GAD_slices_CPM/external/io_int -I/global/scratch/users/adamwise/compiling/WRFv4.4-DRM_real_GAD_slices_CPM/frame -I/global/scratch/users/adamwise/compiling/WRFv4.4-DRM_real_GAD_slices_CPM/share -I/global/scratch/users/adamwise/compiling/WRFv4.4-DRM_real_GAD_slices_CPM/phys -I/global/scratch/users/adamwise/compiling/WRFv4.4-DRM_real_GAD_slices_CPM/wrftladj -I/global/scratch/users/adamwise/compiling/WRFv4.4-DRM_real_GAD_slices_CPM/chem -I/global/scratch/users/adamwise/compiling/WRFv4.4-DRM_real_GAD_slices_CPM/inc -I/global/software/sl-7.x86_64/modules/intel/2016.4.072/netcdf/4.4.1.1-intel-s/include  module_alloc_space_8.f90

real	0m0.845s
user	0m0.478s
sys	0m0.138s
rm -f module_alloc_space_9.o
/lib/cpp -P -nostdinc -I/global/scratch/users/adamwise/compiling/WRFv4.4-DRM_real_GAD_slices_CPM/inc -DEM_CORE=1 -DNMM_CORE=0 -DNMM_MAX_DIM=2600 -DDA_CORE=0 -DWRFPLUS=0 -DIWORDSIZE=4 -DDWORDSIZE=8 -DRWORDSIZE=4 -DLWORDSIZE=4 -DNONSTANDARD_SYSTEM_FUNC  -DWRF_USE_CLM -DUSE_NETCDF4_FEATURES -DWRFIO_NCD_LARGE_FILE_SUPPORT  -DDM_PARALLEL -DNETCDF -DLANDREAD_STUB=1 -DUSE_ALLOCATABLES -Dwrfmodel -DGRIB1 -DINTIO -DKEEP_INT_AROUND -DLIMIT_ARGS -DBUILD_RRTMG_FAST=0 -DBUILD_RRTMK=0 -DBUILD_SBM_FAST=1 -DSHOW_ALL_VARS_USED=0 -DCONFIG_BUF_LEN=65536 -DMAX_DOMAINS_F=21 -DMAX_HISTORY=25 -DNMM_NEST=0  -I. -traditional-cpp -DUSE_NETCDF4_FEATURES -DWRFIO_NCD_LARGE_FILE_SUPPORT   module_alloc_space_9.F  > module_alloc_space_9.bb
/global/scratch/users/adamwise/compiling/WRFv4.4-DRM_real_GAD_slices_CPM/tools/standard.exe module_alloc_space_9.bb | /lib/cpp -P -nostdinc -traditional-cpp -DUSE_NETCDF4_FEATURES -DWRFIO_NCD_LARGE_FILE_SUPPORT > module_alloc_space_9.f90
rm -f module_alloc_space_9.b module_alloc_space_9.bb
time mpif90 -f90=ifort -c -real-size `expr 8 \* 4` -i4  -O0 -fno-inline -no-ip -ip -fp-model precise -w -ftz -align all -fno-alias -FR -convert big_endian   -I../dyn_em  -I/global/scratch/users/adamwise/compiling/WRFv4.4-DRM_real_GAD_slices_CPM/external/esmf_time_f90  -I/global/scratch/users/adamwise/compiling/WRFv4.4-DRM_real_GAD_slices_CPM/main -I/global/scratch/users/adamwise/compiling/WRFv4.4-DRM_real_GAD_slices_CPM/external/io_netcdf -I/global/scratch/users/adamwise/compiling/WRFv4.4-DRM_real_GAD_slices_CPM/external/io_int -I/global/scratch/users/adamwise/compiling/WRFv4.4-DRM_real_GAD_slices_CPM/frame -I/global/scratch/users/adamwise/compiling/WRFv4.4-DRM_real_GAD_slices_CPM/share -I/global/scratch/users/adamwise/compiling/WRFv4.4-DRM_real_GAD_slices_CPM/phys -I/global/scratch/users/adamwise/compiling/WRFv4.4-DRM_real_GAD_slices_CPM/wrftladj -I/global/scratch/users/adamwise/compiling/WRFv4.4-DRM_real_GAD_slices_CPM/chem -I/global/scratch/users/adamwise/compiling/WRFv4.4-DRM_real_GAD_slices_CPM/inc -I/global/software/sl-7.x86_64/modules/intel/2016.4.072/netcdf/4.4.1.1-intel-s/include  module_alloc_space_9.f90

real	0m0.833s
user	0m0.473s
sys	0m0.130s
/lib/cpp -P -nostdinc -DNNN=0 -I../inc -DNL_get_ROUTINES nl_access_routines.F > yy0.f90
time mpif90 -f90=ifort -o nl_get_0_routines.o -c -real-size `expr 8 \* 4` -i4 -O0 -fno-inline -no-ip -ip -fp-model precise -w -ftz -align all -fno-alias -FR -convert big_endian  -I../dyn_em  -I/global/scratch/users/adamwise/compiling/WRFv4.4-DRM_real_GAD_slices_CPM/external/esmf_time_f90  -I/global/scratch/users/adamwise/compiling/WRFv4.4-DRM_real_GAD_slices_CPM/main -I/global/scratch/users/adamwise/compiling/WRFv4.4-DRM_real_GAD_slices_CPM/external/io_netcdf -I/global/scratch/users/adamwise/compiling/WRFv4.4-DRM_real_GAD_slices_CPM/external/io_int -I/global/scratch/users/adamwise/compiling/WRFv4.4-DRM_real_GAD_slices_CPM/frame -I/global/scratch/users/adamwise/compiling/WRFv4.4-DRM_real_GAD_slices_CPM/share -I/global/scratch/users/adamwise/compiling/WRFv4.4-DRM_real_GAD_slices_CPM/phys -I/global/scratch/users/adamwise/compiling/WRFv4.4-DRM_real_GAD_slices_CPM/wrftladj -I/global/scratch/users/adamwise/compiling/WRFv4.4-DRM_real_GAD_slices_CPM/chem -I/global/scratch/users/adamwise/compiling/WRFv4.4-DRM_real_GAD_slices_CPM/inc -I/global/software/sl-7.x86_64/modules/intel/2016.4.072/netcdf/4.4.1.1-intel-s/include   yy0.f90

real	0m7.868s
user	0m5.481s
sys	0m1.771s
/lib/cpp -P -nostdinc -DNNN=1 -I../inc -DNL_get_ROUTINES nl_access_routines.F > yy1.f90
time mpif90 -f90=ifort -o nl_get_1_routines.o -c -real-size `expr 8 \* 4` -i4 -O0 -fno-inline -no-ip -ip -fp-model precise -w -ftz -align all -fno-alias -FR -convert big_endian  -I../dyn_em  -I/global/scratch/users/adamwise/compiling/WRFv4.4-DRM_real_GAD_slices_CPM/external/esmf_time_f90  -I/global/scratch/users/adamwise/compiling/WRFv4.4-DRM_real_GAD_slices_CPM/main -I/global/scratch/users/adamwise/compiling/WRFv4.4-DRM_real_GAD_slices_CPM/external/io_netcdf -I/global/scratch/users/adamwise/compiling/WRFv4.4-DRM_real_GAD_slices_CPM/external/io_int -I/global/scratch/users/adamwise/compiling/WRFv4.4-DRM_real_GAD_slices_CPM/frame -I/global/scratch/users/adamwise/compiling/WRFv4.4-DRM_real_GAD_slices_CPM/share -I/global/scratch/users/adamwise/compiling/WRFv4.4-DRM_real_GAD_slices_CPM/phys -I/global/scratch/users/adamwise/compiling/WRFv4.4-DRM_real_GAD_slices_CPM/wrftladj -I/global/scratch/users/adamwise/compiling/WRFv4.4-DRM_real_GAD_slices_CPM/chem -I/global/scratch/users/adamwise/compiling/WRFv4.4-DRM_real_GAD_slices_CPM/inc -I/global/software/sl-7.x86_64/modules/intel/2016.4.072/netcdf/4.4.1.1-intel-s/include   yy1.f90

real	0m8.593s
user	0m5.945s
sys	0m1.918s
/lib/cpp -P -nostdinc -DNNN=2 -I../inc -DNL_get_ROUTINES nl_access_routines.F > yy2.f90
time mpif90 -f90=ifort -o nl_get_2_routines.o -c -real-size `expr 8 \* 4` -i4 -O0 -fno-inline -no-ip -ip -fp-model precise -w -ftz -align all -fno-alias -FR -convert big_endian  -I../dyn_em  -I/global/scratch/users/adamwise/compiling/WRFv4.4-DRM_real_GAD_slices_CPM/external/esmf_time_f90  -I/global/scratch/users/adamwise/compiling/WRFv4.4-DRM_real_GAD_slices_CPM/main -I/global/scratch/users/adamwise/compiling/WRFv4.4-DRM_real_GAD_slices_CPM/external/io_netcdf -I/global/scratch/users/adamwise/compiling/WRFv4.4-DRM_real_GAD_slices_CPM/external/io_int -I/global/scratch/users/adamwise/compiling/WRFv4.4-DRM_real_GAD_slices_CPM/frame -I/global/scratch/users/adamwise/compiling/WRFv4.4-DRM_real_GAD_slices_CPM/share -I/global/scratch/users/adamwise/compiling/WRFv4.4-DRM_real_GAD_slices_CPM/phys -I/global/scratch/users/adamwise/compiling/WRFv4.4-DRM_real_GAD_slices_CPM/wrftladj -I/global/scratch/users/adamwise/compiling/WRFv4.4-DRM_real_GAD_slices_CPM/chem -I/global/scratch/users/adamwise/compiling/WRFv4.4-DRM_real_GAD_slices_CPM/inc -I/global/software/sl-7.x86_64/modules/intel/2016.4.072/netcdf/4.4.1.1-intel-s/include   yy2.f90

real	0m50.772s
user	0m49.910s
sys	0m0.606s
/lib/cpp -P -nostdinc -DNNN=3 -I../inc -DNL_get_ROUTINES nl_access_routines.F > yy3.f90
time mpif90 -f90=ifort -o nl_get_3_routines.o -c -real-size `expr 8 \* 4` -i4 -O0 -fno-inline -no-ip -ip -fp-model precise -w -ftz -align all -fno-alias -FR -convert big_endian  -I../dyn_em  -I/global/scratch/users/adamwise/compiling/WRFv4.4-DRM_real_GAD_slices_CPM/external/esmf_time_f90  -I/global/scratch/users/adamwise/compiling/WRFv4.4-DRM_real_GAD_slices_CPM/main -I/global/scratch/users/adamwise/compiling/WRFv4.4-DRM_real_GAD_slices_CPM/external/io_netcdf -I/global/scratch/users/adamwise/compiling/WRFv4.4-DRM_real_GAD_slices_CPM/external/io_int -I/global/scratch/users/adamwise/compiling/WRFv4.4-DRM_real_GAD_slices_CPM/frame -I/global/scratch/users/adamwise/compiling/WRFv4.4-DRM_real_GAD_slices_CPM/share -I/global/scratch/users/adamwise/compiling/WRFv4.4-DRM_real_GAD_slices_CPM/phys -I/global/scratch/users/adamwise/compiling/WRFv4.4-DRM_real_GAD_slices_CPM/wrftladj -I/global/scratch/users/adamwise/compiling/WRFv4.4-DRM_real_GAD_slices_CPM/chem -I/global/scratch/users/adamwise/compiling/WRFv4.4-DRM_real_GAD_slices_CPM/inc -I/global/software/sl-7.x86_64/modules/intel/2016.4.072/netcdf/4.4.1.1-intel-s/include   yy3.f90

real	0m8.686s
user	0m6.209s
sys	0m1.871s
/lib/cpp -P -nostdinc -DNNN=4 -I../inc -DNL_get_ROUTINES nl_access_routines.F > yy4.f90
time mpif90 -f90=ifort -o nl_get_4_routines.o -c -real-size `expr 8 \* 4` -i4 -O0 -fno-inline -no-ip -ip -fp-model precise -w -ftz -align all -fno-alias -FR -convert big_endian  -I../dyn_em  -I/global/scratch/users/adamwise/compiling/WRFv4.4-DRM_real_GAD_slices_CPM/external/esmf_time_f90  -I/global/scratch/users/adamwise/compiling/WRFv4.4-DRM_real_GAD_slices_CPM/main -I/global/scratch/users/adamwise/compiling/WRFv4.4-DRM_real_GAD_slices_CPM/external/io_netcdf -I/global/scratch/users/adamwise/compiling/WRFv4.4-DRM_real_GAD_slices_CPM/external/io_int -I/global/scratch/users/adamwise/compiling/WRFv4.4-DRM_real_GAD_slices_CPM/frame -I/global/scratch/users/adamwise/compiling/WRFv4.4-DRM_real_GAD_slices_CPM/share -I/global/scratch/users/adamwise/compiling/WRFv4.4-DRM_real_GAD_slices_CPM/phys -I/global/scratch/users/adamwise/compiling/WRFv4.4-DRM_real_GAD_slices_CPM/wrftladj -I/global/scratch/users/adamwise/compiling/WRFv4.4-DRM_real_GAD_slices_CPM/chem -I/global/scratch/users/adamwise/compiling/WRFv4.4-DRM_real_GAD_slices_CPM/inc -I/global/software/sl-7.x86_64/modules/intel/2016.4.072/netcdf/4.4.1.1-intel-s/include   yy4.f90

real	0m8.134s
user	0m5.750s
sys	0m1.799s
/lib/cpp -P -nostdinc -DNNN=5 -I../inc -DNL_get_ROUTINES nl_access_routines.F > yy5.f90
time mpif90 -f90=ifort -o nl_get_5_routines.o -c -real-size `expr 8 \* 4` -i4 -O0 -fno-inline -no-ip -ip -fp-model precise -w -ftz -align all -fno-alias -FR -convert big_endian  -I../dyn_em  -I/global/scratch/users/adamwise/compiling/WRFv4.4-DRM_real_GAD_slices_CPM/external/esmf_time_f90  -I/global/scratch/users/adamwise/compiling/WRFv4.4-DRM_real_GAD_slices_CPM/main -I/global/scratch/users/adamwise/compiling/WRFv4.4-DRM_real_GAD_slices_CPM/external/io_netcdf -I/global/scratch/users/adamwise/compiling/WRFv4.4-DRM_real_GAD_slices_CPM/external/io_int -I/global/scratch/users/adamwise/compiling/WRFv4.4-DRM_real_GAD_slices_CPM/frame -I/global/scratch/users/adamwise/compiling/WRFv4.4-DRM_real_GAD_slices_CPM/share -I/global/scratch/users/adamwise/compiling/WRFv4.4-DRM_real_GAD_slices_CPM/phys -I/global/scratch/users/adamwise/compiling/WRFv4.4-DRM_real_GAD_slices_CPM/wrftladj -I/global/scratch/users/adamwise/compiling/WRFv4.4-DRM_real_GAD_slices_CPM/chem -I/global/scratch/users/adamwise/compiling/WRFv4.4-DRM_real_GAD_slices_CPM/inc -I/global/software/sl-7.x86_64/modules/intel/2016.4.072/netcdf/4.4.1.1-intel-s/include   yy5.f90

real	0m8.277s
user	0m5.829s
sys	0m1.851s
/lib/cpp -P -nostdinc -DNNN=6 -I../inc -DNL_get_ROUTINES nl_access_routines.F > yy6.f90
time mpif90 -f90=ifort -o nl_get_6_routines.o -c -real-size `expr 8 \* 4` -i4 -O0 -fno-inline -no-ip -ip -fp-model precise -w -ftz -align all -fno-alias -FR -convert big_endian  -I../dyn_em  -I/global/scratch/users/adamwise/compiling/WRFv4.4-DRM_real_GAD_slices_CPM/external/esmf_time_f90  -I/global/scratch/users/adamwise/compiling/WRFv4.4-DRM_real_GAD_slices_CPM/main -I/global/scratch/users/adamwise/compiling/WRFv4.4-DRM_real_GAD_slices_CPM/external/io_netcdf -I/global/scratch/users/adamwise/compiling/WRFv4.4-DRM_real_GAD_slices_CPM/external/io_int -I/global/scratch/users/adamwise/compiling/WRFv4.4-DRM_real_GAD_slices_CPM/frame -I/global/scratch/users/adamwise/compiling/WRFv4.4-DRM_real_GAD_slices_CPM/share -I/global/scratch/users/adamwise/compiling/WRFv4.4-DRM_real_GAD_slices_CPM/phys -I/global/scratch/users/adamwise/compiling/WRFv4.4-DRM_real_GAD_slices_CPM/wrftladj -I/global/scratch/users/adamwise/compiling/WRFv4.4-DRM_real_GAD_slices_CPM/chem -I/global/scratch/users/adamwise/compiling/WRFv4.4-DRM_real_GAD_slices_CPM/inc -I/global/software/sl-7.x86_64/modules/intel/2016.4.072/netcdf/4.4.1.1-intel-s/include   yy6.f90

real	0m8.977s
user	0m6.460s
sys	0m1.888s
/lib/cpp -P -nostdinc -DNNN=7 -I../inc -DNL_get_ROUTINES nl_access_routines.F > yy7.f90
time mpif90 -f90=ifort -o nl_get_7_routines.o -c -real-size `expr 8 \* 4` -i4 -O0 -fno-inline -no-ip -ip -fp-model precise -w -ftz -align all -fno-alias -FR -convert big_endian  -I../dyn_em  -I/global/scratch/users/adamwise/compiling/WRFv4.4-DRM_real_GAD_slices_CPM/external/esmf_time_f90  -I/global/scratch/users/adamwise/compiling/WRFv4.4-DRM_real_GAD_slices_CPM/main -I/global/scratch/users/adamwise/compiling/WRFv4.4-DRM_real_GAD_slices_CPM/external/io_netcdf -I/global/scratch/users/adamwise/compiling/WRFv4.4-DRM_real_GAD_slices_CPM/external/io_int -I/global/scratch/users/adamwise/compiling/WRFv4.4-DRM_real_GAD_slices_CPM/frame -I/global/scratch/users/adamwise/compiling/WRFv4.4-DRM_real_GAD_slices_CPM/share -I/global/scratch/users/adamwise/compiling/WRFv4.4-DRM_real_GAD_slices_CPM/phys -I/global/scratch/users/adamwise/compiling/WRFv4.4-DRM_real_GAD_slices_CPM/wrftladj -I/global/scratch/users/adamwise/compiling/WRFv4.4-DRM_real_GAD_slices_CPM/chem -I/global/scratch/users/adamwise/compiling/WRFv4.4-DRM_real_GAD_slices_CPM/inc -I/global/software/sl-7.x86_64/modules/intel/2016.4.072/netcdf/4.4.1.1-intel-s/include   yy7.f90

real	0m8.782s
user	0m6.298s
sys	0m1.900s
/lib/cpp -P -nostdinc -DNNN=0 -I../inc -DNL_set_ROUTINES nl_access_routines.F > xx0.f90
time mpif90 -f90=ifort -o nl_set_0_routines.o -c -real-size `expr 8 \* 4` -i4 -O0 -fno-inline -no-ip -ip -fp-model precise -w -ftz -align all -fno-alias -FR -convert big_endian  -I../dyn_em  -I/global/scratch/users/adamwise/compiling/WRFv4.4-DRM_real_GAD_slices_CPM/external/esmf_time_f90  -I/global/scratch/users/adamwise/compiling/WRFv4.4-DRM_real_GAD_slices_CPM/main -I/global/scratch/users/adamwise/compiling/WRFv4.4-DRM_real_GAD_slices_CPM/external/io_netcdf -I/global/scratch/users/adamwise/compiling/WRFv4.4-DRM_real_GAD_slices_CPM/external/io_int -I/global/scratch/users/adamwise/compiling/WRFv4.4-DRM_real_GAD_slices_CPM/frame -I/global/scratch/users/adamwise/compiling/WRFv4.4-DRM_real_GAD_slices_CPM/share -I/global/scratch/users/adamwise/compiling/WRFv4.4-DRM_real_GAD_slices_CPM/phys -I/global/scratch/users/adamwise/compiling/WRFv4.4-DRM_real_GAD_slices_CPM/wrftladj -I/global/scratch/users/adamwise/compiling/WRFv4.4-DRM_real_GAD_slices_CPM/chem -I/global/scratch/users/adamwise/compiling/WRFv4.4-DRM_real_GAD_slices_CPM/inc -I/global/software/sl-7.x86_64/modules/intel/2016.4.072/netcdf/4.4.1.1-intel-s/include   xx0.f90

real	0m8.069s
user	0m5.478s
sys	0m2.022s
/lib/cpp -P -nostdinc -DNNN=1 -I../inc -DNL_set_ROUTINES nl_access_routines.F > xx1.f90
time mpif90 -f90=ifort -o nl_set_1_routines.o -c -real-size `expr 8 \* 4` -i4 -O0 -fno-inline -no-ip -ip -fp-model precise -w -ftz -align all -fno-alias -FR -convert big_endian  -I../dyn_em  -I/global/scratch/users/adamwise/compiling/WRFv4.4-DRM_real_GAD_slices_CPM/external/esmf_time_f90  -I/global/scratch/users/adamwise/compiling/WRFv4.4-DRM_real_GAD_slices_CPM/main -I/global/scratch/users/adamwise/compiling/WRFv4.4-DRM_real_GAD_slices_CPM/external/io_netcdf -I/global/scratch/users/adamwise/compiling/WRFv4.4-DRM_real_GAD_slices_CPM/external/io_int -I/global/scratch/users/adamwise/compiling/WRFv4.4-DRM_real_GAD_slices_CPM/frame -I/global/scratch/users/adamwise/compiling/WRFv4.4-DRM_real_GAD_slices_CPM/share -I/global/scratch/users/adamwise/compiling/WRFv4.4-DRM_real_GAD_slices_CPM/phys -I/global/scratch/users/adamwise/compiling/WRFv4.4-DRM_real_GAD_slices_CPM/wrftladj -I/global/scratch/users/adamwise/compiling/WRFv4.4-DRM_real_GAD_slices_CPM/chem -I/global/scratch/users/adamwise/compiling/WRFv4.4-DRM_real_GAD_slices_CPM/inc -I/global/software/sl-7.x86_64/modules/intel/2016.4.072/netcdf/4.4.1.1-intel-s/include   xx1.f90

real	0m8.512s
user	0m5.859s
sys	0m2.069s
/lib/cpp -P -nostdinc -DNNN=2 -I../inc -DNL_set_ROUTINES nl_access_routines.F > xx2.f90
time mpif90 -f90=ifort -o nl_set_2_routines.o -c -real-size `expr 8 \* 4` -i4 -O0 -fno-inline -no-ip -ip -fp-model precise -w -ftz -align all -fno-alias -FR -convert big_endian  -I../dyn_em  -I/global/scratch/users/adamwise/compiling/WRFv4.4-DRM_real_GAD_slices_CPM/external/esmf_time_f90  -I/global/scratch/users/adamwise/compiling/WRFv4.4-DRM_real_GAD_slices_CPM/main -I/global/scratch/users/adamwise/compiling/WRFv4.4-DRM_real_GAD_slices_CPM/external/io_netcdf -I/global/scratch/users/adamwise/compiling/WRFv4.4-DRM_real_GAD_slices_CPM/external/io_int -I/global/scratch/users/adamwise/compiling/WRFv4.4-DRM_real_GAD_slices_CPM/frame -I/global/scratch/users/adamwise/compiling/WRFv4.4-DRM_real_GAD_slices_CPM/share -I/global/scratch/users/adamwise/compiling/WRFv4.4-DRM_real_GAD_slices_CPM/phys -I/global/scratch/users/adamwise/compiling/WRFv4.4-DRM_real_GAD_slices_CPM/wrftladj -I/global/scratch/users/adamwise/compiling/WRFv4.4-DRM_real_GAD_slices_CPM/chem -I/global/scratch/users/adamwise/compiling/WRFv4.4-DRM_real_GAD_slices_CPM/inc -I/global/software/sl-7.x86_64/modules/intel/2016.4.072/netcdf/4.4.1.1-intel-s/include   xx2.f90

real	0m8.485s
user	0m5.998s
sys	0m1.905s
/lib/cpp -P -nostdinc -DNNN=3 -I../inc -DNL_set_ROUTINES nl_access_routines.F > xx3.f90
time mpif90 -f90=ifort -o nl_set_3_routines.o -c -real-size `expr 8 \* 4` -i4 -O0 -fno-inline -no-ip -ip -fp-model precise -w -ftz -align all -fno-alias -FR -convert big_endian  -I../dyn_em  -I/global/scratch/users/adamwise/compiling/WRFv4.4-DRM_real_GAD_slices_CPM/external/esmf_time_f90  -I/global/scratch/users/adamwise/compiling/WRFv4.4-DRM_real_GAD_slices_CPM/main -I/global/scratch/users/adamwise/compiling/WRFv4.4-DRM_real_GAD_slices_CPM/external/io_netcdf -I/global/scratch/users/adamwise/compiling/WRFv4.4-DRM_real_GAD_slices_CPM/external/io_int -I/global/scratch/users/adamwise/compiling/WRFv4.4-DRM_real_GAD_slices_CPM/frame -I/global/scratch/users/adamwise/compiling/WRFv4.4-DRM_real_GAD_slices_CPM/share -I/global/scratch/users/adamwise/compiling/WRFv4.4-DRM_real_GAD_slices_CPM/phys -I/global/scratch/users/adamwise/compiling/WRFv4.4-DRM_real_GAD_slices_CPM/wrftladj -I/global/scratch/users/adamwise/compiling/WRFv4.4-DRM_real_GAD_slices_CPM/chem -I/global/scratch/users/adamwise/compiling/WRFv4.4-DRM_real_GAD_slices_CPM/inc -I/global/software/sl-7.x86_64/modules/intel/2016.4.072/netcdf/4.4.1.1-intel-s/include   xx3.f90

real	0m8.096s
user	0m5.626s
sys	0m1.886s
/lib/cpp -P -nostdinc -DNNN=4 -I../inc -DNL_set_ROUTINES nl_access_routines.F > xx4.f90
time mpif90 -f90=ifort -o nl_set_4_routines.o -c -real-size `expr 8 \* 4` -i4 -O0 -fno-inline -no-ip -ip -fp-model precise -w -ftz -align all -fno-alias -FR -convert big_endian  -I../dyn_em  -I/global/scratch/users/adamwise/compiling/WRFv4.4-DRM_real_GAD_slices_CPM/external/esmf_time_f90  -I/global/scratch/users/adamwise/compiling/WRFv4.4-DRM_real_GAD_slices_CPM/main -I/global/scratch/users/adamwise/compiling/WRFv4.4-DRM_real_GAD_slices_CPM/external/io_netcdf -I/global/scratch/users/adamwise/compiling/WRFv4.4-DRM_real_GAD_slices_CPM/external/io_int -I/global/scratch/users/adamwise/compiling/WRFv4.4-DRM_real_GAD_slices_CPM/frame -I/global/scratch/users/adamwise/compiling/WRFv4.4-DRM_real_GAD_slices_CPM/share -I/global/scratch/users/adamwise/compiling/WRFv4.4-DRM_real_GAD_slices_CPM/phys -I/global/scratch/users/adamwise/compiling/WRFv4.4-DRM_real_GAD_slices_CPM/wrftladj -I/global/scratch/users/adamwise/compiling/WRFv4.4-DRM_real_GAD_slices_CPM/chem -I/global/scratch/users/adamwise/compiling/WRFv4.4-DRM_real_GAD_slices_CPM/inc -I/global/software/sl-7.x86_64/modules/intel/2016.4.072/netcdf/4.4.1.1-intel-s/include   xx4.f90

real	0m9.122s
user	0m6.313s
sys	0m2.043s
/lib/cpp -P -nostdinc -DNNN=5 -I../inc -DNL_set_ROUTINES nl_access_routines.F > xx5.f90
time mpif90 -f90=ifort -o nl_set_5_routines.o -c -real-size `expr 8 \* 4` -i4 -O0 -fno-inline -no-ip -ip -fp-model precise -w -ftz -align all -fno-alias -FR -convert big_endian  -I../dyn_em  -I/global/scratch/users/adamwise/compiling/WRFv4.4-DRM_real_GAD_slices_CPM/external/esmf_time_f90  -I/global/scratch/users/adamwise/compiling/WRFv4.4-DRM_real_GAD_slices_CPM/main -I/global/scratch/users/adamwise/compiling/WRFv4.4-DRM_real_GAD_slices_CPM/external/io_netcdf -I/global/scratch/users/adamwise/compiling/WRFv4.4-DRM_real_GAD_slices_CPM/external/io_int -I/global/scratch/users/adamwise/compiling/WRFv4.4-DRM_real_GAD_slices_CPM/frame -I/global/scratch/users/adamwise/compiling/WRFv4.4-DRM_real_GAD_slices_CPM/share -I/global/scratch/users/adamwise/compiling/WRFv4.4-DRM_real_GAD_slices_CPM/phys -I/global/scratch/users/adamwise/compiling/WRFv4.4-DRM_real_GAD_slices_CPM/wrftladj -I/global/scratch/users/adamwise/compiling/WRFv4.4-DRM_real_GAD_slices_CPM/chem -I/global/scratch/users/adamwise/compiling/WRFv4.4-DRM_real_GAD_slices_CPM/inc -I/global/software/sl-7.x86_64/modules/intel/2016.4.072/netcdf/4.4.1.1-intel-s/include   xx5.f90

real	0m9.002s
user	0m6.418s
sys	0m1.980s
/lib/cpp -P -nostdinc -DNNN=6 -I../inc -DNL_set_ROUTINES nl_access_routines.F > xx6.f90
time mpif90 -f90=ifort -o nl_set_6_routines.o -c -real-size `expr 8 \* 4` -i4 -O0 -fno-inline -no-ip -ip -fp-model precise -w -ftz -align all -fno-alias -FR -convert big_endian  -I../dyn_em  -I/global/scratch/users/adamwise/compiling/WRFv4.4-DRM_real_GAD_slices_CPM/external/esmf_time_f90  -I/global/scratch/users/adamwise/compiling/WRFv4.4-DRM_real_GAD_slices_CPM/main -I/global/scratch/users/adamwise/compiling/WRFv4.4-DRM_real_GAD_slices_CPM/external/io_netcdf -I/global/scratch/users/adamwise/compiling/WRFv4.4-DRM_real_GAD_slices_CPM/external/io_int -I/global/scratch/users/adamwise/compiling/WRFv4.4-DRM_real_GAD_slices_CPM/frame -I/global/scratch/users/adamwise/compiling/WRFv4.4-DRM_real_GAD_slices_CPM/share -I/global/scratch/users/adamwise/compiling/WRFv4.4-DRM_real_GAD_slices_CPM/phys -I/global/scratch/users/adamwise/compiling/WRFv4.4-DRM_real_GAD_slices_CPM/wrftladj -I/global/scratch/users/adamwise/compiling/WRFv4.4-DRM_real_GAD_slices_CPM/chem -I/global/scratch/users/adamwise/compiling/WRFv4.4-DRM_real_GAD_slices_CPM/inc -I/global/software/sl-7.x86_64/modules/intel/2016.4.072/netcdf/4.4.1.1-intel-s/include   xx6.f90

real	0m8.437s
user	0m5.888s
sys	0m1.974s
/lib/cpp -P -nostdinc -DNNN=7 -I../inc -DNL_set_ROUTINES nl_access_routines.F > xx7.f90
time mpif90 -f90=ifort -o nl_set_7_routines.o -c -real-size `expr 8 \* 4` -i4 -O0 -fno-inline -no-ip -ip -fp-model precise -w -ftz -align all -fno-alias -FR -convert big_endian  -I../dyn_em  -I/global/scratch/users/adamwise/compiling/WRFv4.4-DRM_real_GAD_slices_CPM/external/esmf_time_f90  -I/global/scratch/users/adamwise/compiling/WRFv4.4-DRM_real_GAD_slices_CPM/main -I/global/scratch/users/adamwise/compiling/WRFv4.4-DRM_real_GAD_slices_CPM/external/io_netcdf -I/global/scratch/users/adamwise/compiling/WRFv4.4-DRM_real_GAD_slices_CPM/external/io_int -I/global/scratch/users/adamwise/compiling/WRFv4.4-DRM_real_GAD_slices_CPM/frame -I/global/scratch/users/adamwise/compiling/WRFv4.4-DRM_real_GAD_slices_CPM/share -I/global/scratch/users/adamwise/compiling/WRFv4.4-DRM_real_GAD_slices_CPM/phys -I/global/scratch/users/adamwise/compiling/WRFv4.4-DRM_real_GAD_slices_CPM/wrftladj -I/global/scratch/users/adamwise/compiling/WRFv4.4-DRM_real_GAD_slices_CPM/chem -I/global/scratch/users/adamwise/compiling/WRFv4.4-DRM_real_GAD_slices_CPM/inc -I/global/software/sl-7.x86_64/modules/intel/2016.4.072/netcdf/4.4.1.1-intel-s/include   xx7.f90

real	0m8.201s
user	0m5.681s
sys	0m1.806s
rm -f module_domain.o
/lib/cpp -P -nostdinc -I/global/scratch/users/adamwise/compiling/WRFv4.4-DRM_real_GAD_slices_CPM/inc -DEM_CORE=1 -DNMM_CORE=0 -DNMM_MAX_DIM=2600 -DDA_CORE=0 -DWRFPLUS=0 -DIWORDSIZE=4 -DDWORDSIZE=8 -DRWORDSIZE=4 -DLWORDSIZE=4 -DNONSTANDARD_SYSTEM_FUNC  -DWRF_USE_CLM -DUSE_NETCDF4_FEATURES -DWRFIO_NCD_LARGE_FILE_SUPPORT  -DDM_PARALLEL -DNETCDF -DLANDREAD_STUB=1 -DUSE_ALLOCATABLES -Dwrfmodel -DGRIB1 -DINTIO -DKEEP_INT_AROUND -DLIMIT_ARGS -DBUILD_RRTMG_FAST=0 -DBUILD_RRTMK=0 -DBUILD_SBM_FAST=1 -DSHOW_ALL_VARS_USED=0 -DCONFIG_BUF_LEN=65536 -DMAX_DOMAINS_F=21 -DMAX_HISTORY=25 -DNMM_NEST=0  -I. -traditional-cpp -DUSE_NETCDF4_FEATURES -DWRFIO_NCD_LARGE_FILE_SUPPORT   module_domain.F  > module_domain.bb
/global/scratch/users/adamwise/compiling/WRFv4.4-DRM_real_GAD_slices_CPM/tools/standard.exe module_domain.bb | /lib/cpp -P -nostdinc -traditional-cpp -DUSE_NETCDF4_FEATURES -DWRFIO_NCD_LARGE_FILE_SUPPORT > module_domain.f90
rm -f module_domain.b module_domain.bb
time mpif90 -f90=ifort -c -real-size `expr 8 \* 4` -i4  -O0 -fno-inline -no-ip -ip -fp-model precise -w -ftz -align all -fno-alias -FR -convert big_endian   -I../dyn_em  -I/global/scratch/users/adamwise/compiling/WRFv4.4-DRM_real_GAD_slices_CPM/external/esmf_time_f90  -I/global/scratch/users/adamwise/compiling/WRFv4.4-DRM_real_GAD_slices_CPM/main -I/global/scratch/users/adamwise/compiling/WRFv4.4-DRM_real_GAD_slices_CPM/external/io_netcdf -I/global/scratch/users/adamwise/compiling/WRFv4.4-DRM_real_GAD_slices_CPM/external/io_int -I/global/scratch/users/adamwise/compiling/WRFv4.4-DRM_real_GAD_slices_CPM/frame -I/global/scratch/users/adamwise/compiling/WRFv4.4-DRM_real_GAD_slices_CPM/share -I/global/scratch/users/adamwise/compiling/WRFv4.4-DRM_real_GAD_slices_CPM/phys -I/global/scratch/users/adamwise/compiling/WRFv4.4-DRM_real_GAD_slices_CPM/wrftladj -I/global/scratch/users/adamwise/compiling/WRFv4.4-DRM_real_GAD_slices_CPM/chem -I/global/scratch/users/adamwise/compiling/WRFv4.4-DRM_real_GAD_slices_CPM/inc -I/global/software/sl-7.x86_64/modules/intel/2016.4.072/netcdf/4.4.1.1-intel-s/include  module_domain.f90

real	0m7.911s
user	0m5.456s
sys	0m1.848s

real	0m19.831s
user	0m18.765s
sys	0m0.672s
rm -f module_nesting.o
rm -f module_cpl_oasis3.o
sed -e "s/^\!.*'.*//" -e "s/^ *\!.*'.*//" module_nesting.F > module_nesting.G
sed -e "s/^\!.*'.*//" -e "s/^ *\!.*'.*//" module_cpl_oasis3.F > module_cpl_oasis3.G
/lib/cpp -P -nostdinc -I/global/scratch/users/adamwise/compiling/WRFv4.4-DRM_real_GAD_slices_CPM/inc -DEM_CORE=1 -DNMM_CORE=0 -DNMM_MAX_DIM=2600 -DDA_CORE=0 -DWRFPLUS=0 -DIWORDSIZE=4 -DDWORDSIZE=8 -DRWORDSIZE=4 -DLWORDSIZE=4 -DNONSTANDARD_SYSTEM_FUNC  -DWRF_USE_CLM -DUSE_NETCDF4_FEATURES -DWRFIO_NCD_LARGE_FILE_SUPPORT  -DDM_PARALLEL -DNETCDF -DLANDREAD_STUB=1 -DUSE_ALLOCATABLES -Dwrfmodel -DGRIB1 -DINTIO -DKEEP_INT_AROUND -DLIMIT_ARGS -DBUILD_RRTMG_FAST=0 -DBUILD_RRTMK=0 -DBUILD_SBM_FAST=1 -DSHOW_ALL_VARS_USED=0 -DCONFIG_BUF_LEN=65536 -DMAX_DOMAINS_F=21 -DMAX_HISTORY=25 -DNMM_NEST=0  -I. -traditional-cpp -DUSE_NETCDF4_FEATURES -DWRFIO_NCD_LARGE_FILE_SUPPORT   module_nesting.G  > module_nesting.bb
/lib/cpp -P -nostdinc -I/global/scratch/users/adamwise/compiling/WRFv4.4-DRM_real_GAD_slices_CPM/inc -DEM_CORE=1 -DNMM_CORE=0 -DNMM_MAX_DIM=2600 -DDA_CORE=0 -DWRFPLUS=0 -DIWORDSIZE=4 -DDWORDSIZE=8 -DRWORDSIZE=4 -DLWORDSIZE=4 -DNONSTANDARD_SYSTEM_FUNC  -DWRF_USE_CLM -DUSE_NETCDF4_FEATURES -DWRFIO_NCD_LARGE_FILE_SUPPORT  -DDM_PARALLEL -DNETCDF -DLANDREAD_STUB=1 -DUSE_ALLOCATABLES -Dwrfmodel -DGRIB1 -DINTIO -DKEEP_INT_AROUND -DLIMIT_ARGS -DBUILD_RRTMG_FAST=0 -DBUILD_RRTMK=0 -DBUILD_SBM_FAST=1 -DSHOW_ALL_VARS_USED=0 -DCONFIG_BUF_LEN=65536 -DMAX_DOMAINS_F=21 -DMAX_HISTORY=25 -DNMM_NEST=0  -I. -traditional-cpp -DUSE_NETCDF4_FEATURES -DWRFIO_NCD_LARGE_FILE_SUPPORT   module_cpl_oasis3.G  > module_cpl_oasis3.bb
/global/scratch/users/adamwise/compiling/WRFv4.4-DRM_real_GAD_slices_CPM/tools/standard.exe module_cpl_oasis3.bb | /lib/cpp -P -nostdinc -traditional-cpp -DUSE_NETCDF4_FEATURES -DWRFIO_NCD_LARGE_FILE_SUPPORT > module_cpl_oasis3.f90
/global/scratch/users/adamwise/compiling/WRFv4.4-DRM_real_GAD_slices_CPM/tools/standard.exe module_nesting.bb | /lib/cpp -P -nostdinc -traditional-cpp -DUSE_NETCDF4_FEATURES -DWRFIO_NCD_LARGE_FILE_SUPPORT > module_nesting.f90
rm -f module_cpl_oasis3.G module_cpl_oasis3.bb
rm -f module_nesting.G module_nesting.bb
time mpif90 -f90=ifort -o module_nesting.o -c -O3 -ip -fp-model precise -w -ftz -align all -fno-alias -FR -convert big_endian    -I../dyn_em  -I/global/scratch/users/adamwise/compiling/WRFv4.4-DRM_real_GAD_slices_CPM/external/esmf_time_f90  -I/global/scratch/users/adamwise/compiling/WRFv4.4-DRM_real_GAD_slices_CPM/main -I/global/scratch/users/adamwise/compiling/WRFv4.4-DRM_real_GAD_slices_CPM/external/io_netcdf -I/global/scratch/users/adamwise/compiling/WRFv4.4-DRM_real_GAD_slices_CPM/external/io_int -I/global/scratch/users/adamwise/compiling/WRFv4.4-DRM_real_GAD_slices_CPM/frame -I/global/scratch/users/adamwise/compiling/WRFv4.4-DRM_real_GAD_slices_CPM/share -I/global/scratch/users/adamwise/compiling/WRFv4.4-DRM_real_GAD_slices_CPM/phys -I/global/scratch/users/adamwise/compiling/WRFv4.4-DRM_real_GAD_slices_CPM/wrftladj -I/global/scratch/users/adamwise/compiling/WRFv4.4-DRM_real_GAD_slices_CPM/chem -I/global/scratch/users/adamwise/compiling/WRFv4.4-DRM_real_GAD_slices_CPM/inc -I/global/software/sl-7.x86_64/modules/intel/2016.4.072/netcdf/4.4.1.1-intel-s/include  -real-size `expr 8 \* 4` -i4  module_nesting.f90
time mpif90 -f90=ifort -o module_cpl_oasis3.o -c -O3 -ip -fp-model precise -w -ftz -align all -fno-alias -FR -convert big_endian    -I../dyn_em  -I/global/scratch/users/adamwise/compiling/WRFv4.4-DRM_real_GAD_slices_CPM/external/esmf_time_f90  -I/global/scratch/users/adamwise/compiling/WRFv4.4-DRM_real_GAD_slices_CPM/main -I/global/scratch/users/adamwise/compiling/WRFv4.4-DRM_real_GAD_slices_CPM/external/io_netcdf -I/global/scratch/users/adamwise/compiling/WRFv4.4-DRM_real_GAD_slices_CPM/external/io_int -I/global/scratch/users/adamwise/compiling/WRFv4.4-DRM_real_GAD_slices_CPM/frame -I/global/scratch/users/adamwise/compiling/WRFv4.4-DRM_real_GAD_slices_CPM/share -I/global/scratch/users/adamwise/compiling/WRFv4.4-DRM_real_GAD_slices_CPM/phys -I/global/scratch/users/adamwise/compiling/WRFv4.4-DRM_real_GAD_slices_CPM/wrftladj -I/global/scratch/users/adamwise/compiling/WRFv4.4-DRM_real_GAD_slices_CPM/chem -I/global/scratch/users/adamwise/compiling/WRFv4.4-DRM_real_GAD_slices_CPM/inc -I/global/software/sl-7.x86_64/modules/intel/2016.4.072/netcdf/4.4.1.1-intel-s/include  -real-size `expr 8 \* 4` -i4  module_cpl_oasis3.f90

real	0m1.075s
user	0m0.662s
sys	0m0.132s
rm -f module_comm_nesting_dm.o
/lib/cpp -P -nostdinc -I/global/scratch/users/adamwise/compiling/WRFv4.4-DRM_real_GAD_slices_CPM/inc -DEM_CORE=1 -DNMM_CORE=0 -DNMM_MAX_DIM=2600 -DDA_CORE=0 -DWRFPLUS=0 -DIWORDSIZE=4 -DDWORDSIZE=8 -DRWORDSIZE=4 -DLWORDSIZE=4 -DNONSTANDARD_SYSTEM_FUNC  -DWRF_USE_CLM -DUSE_NETCDF4_FEATURES -DWRFIO_NCD_LARGE_FILE_SUPPORT  -DDM_PARALLEL -DNETCDF -DLANDREAD_STUB=1 -DUSE_ALLOCATABLES -Dwrfmodel -DGRIB1 -DINTIO -DKEEP_INT_AROUND -DLIMIT_ARGS -DBUILD_RRTMG_FAST=0 -DBUILD_RRTMK=0 -DBUILD_SBM_FAST=1 -DSHOW_ALL_VARS_USED=0 -DCONFIG_BUF_LEN=65536 -DMAX_DOMAINS_F=21 -DMAX_HISTORY=25 -DNMM_NEST=0  -I. -traditional-cpp -DUSE_NETCDF4_FEATURES -DWRFIO_NCD_LARGE_FILE_SUPPORT   module_comm_nesting_dm.F  > module_comm_nesting_dm.bb
/global/scratch/users/adamwise/compiling/WRFv4.4-DRM_real_GAD_slices_CPM/tools/standard.exe module_comm_nesting_dm.bb | /lib/cpp -P -nostdinc -traditional-cpp -DUSE_NETCDF4_FEATURES -DWRFIO_NCD_LARGE_FILE_SUPPORT > module_comm_nesting_dm.f90

real	0m1.216s
user	0m0.758s
sys	0m0.152s
rm -f module_comm_dm_0.o
/lib/cpp -P -nostdinc -I/global/scratch/users/adamwise/compiling/WRFv4.4-DRM_real_GAD_slices_CPM/inc -DEM_CORE=1 -DNMM_CORE=0 -DNMM_MAX_DIM=2600 -DDA_CORE=0 -DWRFPLUS=0 -DIWORDSIZE=4 -DDWORDSIZE=8 -DRWORDSIZE=4 -DLWORDSIZE=4 -DNONSTANDARD_SYSTEM_FUNC  -DWRF_USE_CLM -DUSE_NETCDF4_FEATURES -DWRFIO_NCD_LARGE_FILE_SUPPORT  -DDM_PARALLEL -DNETCDF -DLANDREAD_STUB=1 -DUSE_ALLOCATABLES -Dwrfmodel -DGRIB1 -DINTIO -DKEEP_INT_AROUND -DLIMIT_ARGS -DBUILD_RRTMG_FAST=0 -DBUILD_RRTMK=0 -DBUILD_SBM_FAST=1 -DSHOW_ALL_VARS_USED=0 -DCONFIG_BUF_LEN=65536 -DMAX_DOMAINS_F=21 -DMAX_HISTORY=25 -DNMM_NEST=0  -I. -traditional-cpp -DUSE_NETCDF4_FEATURES -DWRFIO_NCD_LARGE_FILE_SUPPORT   module_comm_dm_0.F  > module_comm_dm_0.bb
rm -f module_comm_nesting_dm.b module_comm_nesting_dm.bb
time mpif90 -f90=ifort -c -real-size `expr 8 \* 4` -i4  -O0 -fno-inline -no-ip -ip -fp-model precise -w -ftz -align all -fno-alias -FR -convert big_endian   -I../dyn_em  -I/global/scratch/users/adamwise/compiling/WRFv4.4-DRM_real_GAD_slices_CPM/external/esmf_time_f90  -I/global/scratch/users/adamwise/compiling/WRFv4.4-DRM_real_GAD_slices_CPM/main -I/global/scratch/users/adamwise/compiling/WRFv4.4-DRM_real_GAD_slices_CPM/external/io_netcdf -I/global/scratch/users/adamwise/compiling/WRFv4.4-DRM_real_GAD_slices_CPM/external/io_int -I/global/scratch/users/adamwise/compiling/WRFv4.4-DRM_real_GAD_slices_CPM/frame -I/global/scratch/users/adamwise/compiling/WRFv4.4-DRM_real_GAD_slices_CPM/share -I/global/scratch/users/adamwise/compiling/WRFv4.4-DRM_real_GAD_slices_CPM/phys -I/global/scratch/users/adamwise/compiling/WRFv4.4-DRM_real_GAD_slices_CPM/wrftladj -I/global/scratch/users/adamwise/compiling/WRFv4.4-DRM_real_GAD_slices_CPM/chem -I/global/scratch/users/adamwise/compiling/WRFv4.4-DRM_real_GAD_slices_CPM/inc -I/global/software/sl-7.x86_64/modules/intel/2016.4.072/netcdf/4.4.1.1-intel-s/include  module_comm_nesting_dm.f90
/global/scratch/users/adamwise/compiling/WRFv4.4-DRM_real_GAD_slices_CPM/tools/standard.exe module_comm_dm_0.bb | /lib/cpp -P -nostdinc -traditional-cpp -DUSE_NETCDF4_FEATURES -DWRFIO_NCD_LARGE_FILE_SUPPORT > module_comm_dm_0.f90
rm -f module_comm_dm_0.b module_comm_dm_0.bb
time mpif90 -f90=ifort -c -real-size `expr 8 \* 4` -i4  -O0 -fno-inline -no-ip -ip -fp-model precise -w -ftz -align all -fno-alias -FR -convert big_endian   -I../dyn_em  -I/global/scratch/users/adamwise/compiling/WRFv4.4-DRM_real_GAD_slices_CPM/external/esmf_time_f90  -I/global/scratch/users/adamwise/compiling/WRFv4.4-DRM_real_GAD_slices_CPM/main -I/global/scratch/users/adamwise/compiling/WRFv4.4-DRM_real_GAD_slices_CPM/external/io_netcdf -I/global/scratch/users/adamwise/compiling/WRFv4.4-DRM_real_GAD_slices_CPM/external/io_int -I/global/scratch/users/adamwise/compiling/WRFv4.4-DRM_real_GAD_slices_CPM/frame -I/global/scratch/users/adamwise/compiling/WRFv4.4-DRM_real_GAD_slices_CPM/share -I/global/scratch/users/adamwise/compiling/WRFv4.4-DRM_real_GAD_slices_CPM/phys -I/global/scratch/users/adamwise/compiling/WRFv4.4-DRM_real_GAD_slices_CPM/wrftladj -I/global/scratch/users/adamwise/compiling/WRFv4.4-DRM_real_GAD_slices_CPM/chem -I/global/scratch/users/adamwise/compiling/WRFv4.4-DRM_real_GAD_slices_CPM/inc -I/global/software/sl-7.x86_64/modules/intel/2016.4.072/netcdf/4.4.1.1-intel-s/include  module_comm_dm_0.f90

real	0m15.294s
user	0m14.301s
sys	0m0.690s
rm -f module_comm_dm_1.o
/lib/cpp -P -nostdinc -I/global/scratch/users/adamwise/compiling/WRFv4.4-DRM_real_GAD_slices_CPM/inc -DEM_CORE=1 -DNMM_CORE=0 -DNMM_MAX_DIM=2600 -DDA_CORE=0 -DWRFPLUS=0 -DIWORDSIZE=4 -DDWORDSIZE=8 -DRWORDSIZE=4 -DLWORDSIZE=4 -DNONSTANDARD_SYSTEM_FUNC  -DWRF_USE_CLM -DUSE_NETCDF4_FEATURES -DWRFIO_NCD_LARGE_FILE_SUPPORT  -DDM_PARALLEL -DNETCDF -DLANDREAD_STUB=1 -DUSE_ALLOCATABLES -Dwrfmodel -DGRIB1 -DINTIO -DKEEP_INT_AROUND -DLIMIT_ARGS -DBUILD_RRTMG_FAST=0 -DBUILD_RRTMK=0 -DBUILD_SBM_FAST=1 -DSHOW_ALL_VARS_USED=0 -DCONFIG_BUF_LEN=65536 -DMAX_DOMAINS_F=21 -DMAX_HISTORY=25 -DNMM_NEST=0  -I. -traditional-cpp -DUSE_NETCDF4_FEATURES -DWRFIO_NCD_LARGE_FILE_SUPPORT   module_comm_dm_1.F  > module_comm_dm_1.bb
/global/scratch/users/adamwise/compiling/WRFv4.4-DRM_real_GAD_slices_CPM/tools/standard.exe module_comm_dm_1.bb | /lib/cpp -P -nostdinc -traditional-cpp -DUSE_NETCDF4_FEATURES -DWRFIO_NCD_LARGE_FILE_SUPPORT > module_comm_dm_1.f90
rm -f module_comm_dm_1.b module_comm_dm_1.bb
time mpif90 -f90=ifort -c -real-size `expr 8 \* 4` -i4  -O0 -fno-inline -no-ip -ip -fp-model precise -w -ftz -align all -fno-alias -FR -convert big_endian   -I../dyn_em  -I/global/scratch/users/adamwise/compiling/WRFv4.4-DRM_real_GAD_slices_CPM/external/esmf_time_f90  -I/global/scratch/users/adamwise/compiling/WRFv4.4-DRM_real_GAD_slices_CPM/main -I/global/scratch/users/adamwise/compiling/WRFv4.4-DRM_real_GAD_slices_CPM/external/io_netcdf -I/global/scratch/users/adamwise/compiling/WRFv4.4-DRM_real_GAD_slices_CPM/external/io_int -I/global/scratch/users/adamwise/compiling/WRFv4.4-DRM_real_GAD_slices_CPM/frame -I/global/scratch/users/adamwise/compiling/WRFv4.4-DRM_real_GAD_slices_CPM/share -I/global/scratch/users/adamwise/compiling/WRFv4.4-DRM_real_GAD_slices_CPM/phys -I/global/scratch/users/adamwise/compiling/WRFv4.4-DRM_real_GAD_slices_CPM/wrftladj -I/global/scratch/users/adamwise/compiling/WRFv4.4-DRM_real_GAD_slices_CPM/chem -I/global/scratch/users/adamwise/compiling/WRFv4.4-DRM_real_GAD_slices_CPM/inc -I/global/software/sl-7.x86_64/modules/intel/2016.4.072/netcdf/4.4.1.1-intel-s/include  module_comm_dm_1.f90

real	1m39.370s
user	1m37.323s
sys	0m1.369s
rm -f module_comm_dm_2.o
/lib/cpp -P -nostdinc -I/global/scratch/users/adamwise/compiling/WRFv4.4-DRM_real_GAD_slices_CPM/inc -DEM_CORE=1 -DNMM_CORE=0 -DNMM_MAX_DIM=2600 -DDA_CORE=0 -DWRFPLUS=0 -DIWORDSIZE=4 -DDWORDSIZE=8 -DRWORDSIZE=4 -DLWORDSIZE=4 -DNONSTANDARD_SYSTEM_FUNC  -DWRF_USE_CLM -DUSE_NETCDF4_FEATURES -DWRFIO_NCD_LARGE_FILE_SUPPORT  -DDM_PARALLEL -DNETCDF -DLANDREAD_STUB=1 -DUSE_ALLOCATABLES -Dwrfmodel -DGRIB1 -DINTIO -DKEEP_INT_AROUND -DLIMIT_ARGS -DBUILD_RRTMG_FAST=0 -DBUILD_RRTMK=0 -DBUILD_SBM_FAST=1 -DSHOW_ALL_VARS_USED=0 -DCONFIG_BUF_LEN=65536 -DMAX_DOMAINS_F=21 -DMAX_HISTORY=25 -DNMM_NEST=0  -I. -traditional-cpp -DUSE_NETCDF4_FEATURES -DWRFIO_NCD_LARGE_FILE_SUPPORT   module_comm_dm_2.F  > module_comm_dm_2.bb
/global/scratch/users/adamwise/compiling/WRFv4.4-DRM_real_GAD_slices_CPM/tools/standard.exe module_comm_dm_2.bb | /lib/cpp -P -nostdinc -traditional-cpp -DUSE_NETCDF4_FEATURES -DWRFIO_NCD_LARGE_FILE_SUPPORT > module_comm_dm_2.f90
rm -f module_comm_dm_2.b module_comm_dm_2.bb
time mpif90 -f90=ifort -c -real-size `expr 8 \* 4` -i4  -O0 -fno-inline -no-ip -ip -fp-model precise -w -ftz -align all -fno-alias -FR -convert big_endian   -I../dyn_em  -I/global/scratch/users/adamwise/compiling/WRFv4.4-DRM_real_GAD_slices_CPM/external/esmf_time_f90  -I/global/scratch/users/adamwise/compiling/WRFv4.4-DRM_real_GAD_slices_CPM/main -I/global/scratch/users/adamwise/compiling/WRFv4.4-DRM_real_GAD_slices_CPM/external/io_netcdf -I/global/scratch/users/adamwise/compiling/WRFv4.4-DRM_real_GAD_slices_CPM/external/io_int -I/global/scratch/users/adamwise/compiling/WRFv4.4-DRM_real_GAD_slices_CPM/frame -I/global/scratch/users/adamwise/compiling/WRFv4.4-DRM_real_GAD_slices_CPM/share -I/global/scratch/users/adamwise/compiling/WRFv4.4-DRM_real_GAD_slices_CPM/phys -I/global/scratch/users/adamwise/compiling/WRFv4.4-DRM_real_GAD_slices_CPM/wrftladj -I/global/scratch/users/adamwise/compiling/WRFv4.4-DRM_real_GAD_slices_CPM/chem -I/global/scratch/users/adamwise/compiling/WRFv4.4-DRM_real_GAD_slices_CPM/inc -I/global/software/sl-7.x86_64/modules/intel/2016.4.072/netcdf/4.4.1.1-intel-s/include  module_comm_dm_2.f90

real	2m4.705s
user	2m2.621s
sys	0m1.377s
rm -f module_comm_dm_3.o
/lib/cpp -P -nostdinc -I/global/scratch/users/adamwise/compiling/WRFv4.4-DRM_real_GAD_slices_CPM/inc -DEM_CORE=1 -DNMM_CORE=0 -DNMM_MAX_DIM=2600 -DDA_CORE=0 -DWRFPLUS=0 -DIWORDSIZE=4 -DDWORDSIZE=8 -DRWORDSIZE=4 -DLWORDSIZE=4 -DNONSTANDARD_SYSTEM_FUNC  -DWRF_USE_CLM -DUSE_NETCDF4_FEATURES -DWRFIO_NCD_LARGE_FILE_SUPPORT  -DDM_PARALLEL -DNETCDF -DLANDREAD_STUB=1 -DUSE_ALLOCATABLES -Dwrfmodel -DGRIB1 -DINTIO -DKEEP_INT_AROUND -DLIMIT_ARGS -DBUILD_RRTMG_FAST=0 -DBUILD_RRTMK=0 -DBUILD_SBM_FAST=1 -DSHOW_ALL_VARS_USED=0 -DCONFIG_BUF_LEN=65536 -DMAX_DOMAINS_F=21 -DMAX_HISTORY=25 -DNMM_NEST=0  -I. -traditional-cpp -DUSE_NETCDF4_FEATURES -DWRFIO_NCD_LARGE_FILE_SUPPORT   module_comm_dm_3.F  > module_comm_dm_3.bb
/global/scratch/users/adamwise/compiling/WRFv4.4-DRM_real_GAD_slices_CPM/tools/standard.exe module_comm_dm_3.bb | /lib/cpp -P -nostdinc -traditional-cpp -DUSE_NETCDF4_FEATURES -DWRFIO_NCD_LARGE_FILE_SUPPORT > module_comm_dm_3.f90
rm -f module_comm_dm_3.b module_comm_dm_3.bb
time mpif90 -f90=ifort -c -real-size `expr 8 \* 4` -i4  -O0 -fno-inline -no-ip -ip -fp-model precise -w -ftz -align all -fno-alias -FR -convert big_endian   -I../dyn_em  -I/global/scratch/users/adamwise/compiling/WRFv4.4-DRM_real_GAD_slices_CPM/external/esmf_time_f90  -I/global/scratch/users/adamwise/compiling/WRFv4.4-DRM_real_GAD_slices_CPM/main -I/global/scratch/users/adamwise/compiling/WRFv4.4-DRM_real_GAD_slices_CPM/external/io_netcdf -I/global/scratch/users/adamwise/compiling/WRFv4.4-DRM_real_GAD_slices_CPM/external/io_int -I/global/scratch/users/adamwise/compiling/WRFv4.4-DRM_real_GAD_slices_CPM/frame -I/global/scratch/users/adamwise/compiling/WRFv4.4-DRM_real_GAD_slices_CPM/share -I/global/scratch/users/adamwise/compiling/WRFv4.4-DRM_real_GAD_slices_CPM/phys -I/global/scratch/users/adamwise/compiling/WRFv4.4-DRM_real_GAD_slices_CPM/wrftladj -I/global/scratch/users/adamwise/compiling/WRFv4.4-DRM_real_GAD_slices_CPM/chem -I/global/scratch/users/adamwise/compiling/WRFv4.4-DRM_real_GAD_slices_CPM/inc -I/global/software/sl-7.x86_64/modules/intel/2016.4.072/netcdf/4.4.1.1-intel-s/include  module_comm_dm_3.f90

real	1m30.117s
user	1m28.039s
sys	0m1.472s
rm -f module_comm_dm_4.o
sed -e "s/^\!.*'.*//" -e "s/^ *\!.*'.*//" module_comm_dm_4.F > module_comm_dm_4.G
/lib/cpp -P -nostdinc -I/global/scratch/users/adamwise/compiling/WRFv4.4-DRM_real_GAD_slices_CPM/inc -DEM_CORE=1 -DNMM_CORE=0 -DNMM_MAX_DIM=2600 -DDA_CORE=0 -DWRFPLUS=0 -DIWORDSIZE=4 -DDWORDSIZE=8 -DRWORDSIZE=4 -DLWORDSIZE=4 -DNONSTANDARD_SYSTEM_FUNC  -DWRF_USE_CLM -DUSE_NETCDF4_FEATURES -DWRFIO_NCD_LARGE_FILE_SUPPORT  -DDM_PARALLEL -DNETCDF -DLANDREAD_STUB=1 -DUSE_ALLOCATABLES -Dwrfmodel -DGRIB1 -DINTIO -DKEEP_INT_AROUND -DLIMIT_ARGS -DBUILD_RRTMG_FAST=0 -DBUILD_RRTMK=0 -DBUILD_SBM_FAST=1 -DSHOW_ALL_VARS_USED=0 -DCONFIG_BUF_LEN=65536 -DMAX_DOMAINS_F=21 -DMAX_HISTORY=25 -DNMM_NEST=0  -I. -traditional-cpp -DUSE_NETCDF4_FEATURES -DWRFIO_NCD_LARGE_FILE_SUPPORT   module_comm_dm_4.G  > module_comm_dm_4.bb
/global/scratch/users/adamwise/compiling/WRFv4.4-DRM_real_GAD_slices_CPM/tools/standard.exe module_comm_dm_4.bb | /lib/cpp -P -nostdinc -traditional-cpp -DUSE_NETCDF4_FEATURES -DWRFIO_NCD_LARGE_FILE_SUPPORT > module_comm_dm_4.f90
rm -f module_comm_dm_4.G module_comm_dm_4.bb
time mpif90 -f90=ifort -o module_comm_dm_4.o -c -O3 -ip -fp-model precise -w -ftz -align all -fno-alias -FR -convert big_endian    -I../dyn_em  -I/global/scratch/users/adamwise/compiling/WRFv4.4-DRM_real_GAD_slices_CPM/external/esmf_time_f90  -I/global/scratch/users/adamwise/compiling/WRFv4.4-DRM_real_GAD_slices_CPM/main -I/global/scratch/users/adamwise/compiling/WRFv4.4-DRM_real_GAD_slices_CPM/external/io_netcdf -I/global/scratch/users/adamwise/compiling/WRFv4.4-DRM_real_GAD_slices_CPM/external/io_int -I/global/scratch/users/adamwise/compiling/WRFv4.4-DRM_real_GAD_slices_CPM/frame -I/global/scratch/users/adamwise/compiling/WRFv4.4-DRM_real_GAD_slices_CPM/share -I/global/scratch/users/adamwise/compiling/WRFv4.4-DRM_real_GAD_slices_CPM/phys -I/global/scratch/users/adamwise/compiling/WRFv4.4-DRM_real_GAD_slices_CPM/wrftladj -I/global/scratch/users/adamwise/compiling/WRFv4.4-DRM_real_GAD_slices_CPM/chem -I/global/scratch/users/adamwise/compiling/WRFv4.4-DRM_real_GAD_slices_CPM/inc -I/global/software/sl-7.x86_64/modules/intel/2016.4.072/netcdf/4.4.1.1-intel-s/include  -real-size `expr 8 \* 4` -i4  module_comm_dm_4.f90

real	1m40.285s
user	1m37.999s
sys	0m1.378s
rm -f module_tiles.o
/global/scratch/users/adamwise/compiling/WRFv4.4-DRM_real_GAD_slices_CPM/tools/standard.exe module_tiles.F > module_tiles.b 
/lib/cpp -P -nostdinc -I/global/scratch/users/adamwise/compiling/WRFv4.4-DRM_real_GAD_slices_CPM/inc -DEM_CORE=1 -DNMM_CORE=0 -DNMM_MAX_DIM=2600 -DDA_CORE=0 -DWRFPLUS=0 -DIWORDSIZE=4 -DDWORDSIZE=8 -DRWORDSIZE=4 -DLWORDSIZE=4 -DNONSTANDARD_SYSTEM_FUNC  -DWRF_USE_CLM -DUSE_NETCDF4_FEATURES -DWRFIO_NCD_LARGE_FILE_SUPPORT  -DDM_PARALLEL -DNETCDF -DLANDREAD_STUB=1 -DUSE_ALLOCATABLES -Dwrfmodel -DGRIB1 -DINTIO -DKEEP_INT_AROUND -DLIMIT_ARGS -DBUILD_RRTMG_FAST=0 -DBUILD_RRTMK=0 -DBUILD_SBM_FAST=1 -DSHOW_ALL_VARS_USED=0 -DCONFIG_BUF_LEN=65536 -DMAX_DOMAINS_F=21 -DMAX_HISTORY=25 -DNMM_NEST=0  -I. -traditional-cpp -DUSE_NETCDF4_FEATURES -DWRFIO_NCD_LARGE_FILE_SUPPORT   module_tiles.b  > module_tiles.f90
rm -f module_tiles.b
if fgrep -iq '!$OMP' module_tiles.f90 ; then \
          if [ -n "" ] ; then echo COMPILING module_tiles.F WITH OMP ; fi ; \
  time mpif90 -f90=ifort -c -real-size `expr 8 \* 4` -i4 -O0 -fno-inline -no-ip -ip -fp-model precise -w -ftz -align all -fno-alias -FR -convert big_endian   -I../dyn_em  -I/global/scratch/users/adamwise/compiling/WRFv4.4-DRM_real_GAD_slices_CPM/external/esmf_time_f90  -I/global/scratch/users/adamwise/compiling/WRFv4.4-DRM_real_GAD_slices_CPM/main -I/global/scratch/users/adamwise/compiling/WRFv4.4-DRM_real_GAD_slices_CPM/external/io_netcdf -I/global/scratch/users/adamwise/compiling/WRFv4.4-DRM_real_GAD_slices_CPM/external/io_int -I/global/scratch/users/adamwise/compiling/WRFv4.4-DRM_real_GAD_slices_CPM/frame -I/global/scratch/users/adamwise/compiling/WRFv4.4-DRM_real_GAD_slices_CPM/share -I/global/scratch/users/adamwise/compiling/WRFv4.4-DRM_real_GAD_slices_CPM/phys -I/global/scratch/users/adamwise/compiling/WRFv4.4-DRM_real_GAD_slices_CPM/wrftladj -I/global/scratch/users/adamwise/compiling/WRFv4.4-DRM_real_GAD_slices_CPM/chem -I/global/scratch/users/adamwise/compiling/WRFv4.4-DRM_real_GAD_slices_CPM/inc -I/global/software/sl-7.x86_64/modules/intel/2016.4.072/netcdf/4.4.1.1-intel-s/include    module_tiles.f90 ; \
        else \
          if [ -n "" ] ; then echo COMPILING module_tiles.F WITHOUT OMP ; fi ; \
  time mpif90 -f90=ifort -c -real-size `expr 8 \* 4` -i4 -O0 -fno-inline -no-ip -ip -fp-model precise -w -ftz -align all -fno-alias -FR -convert big_endian   -I../dyn_em  -I/global/scratch/users/adamwise/compiling/WRFv4.4-DRM_real_GAD_slices_CPM/external/esmf_time_f90  -I/global/scratch/users/adamwise/compiling/WRFv4.4-DRM_real_GAD_slices_CPM/main -I/global/scratch/users/adamwise/compiling/WRFv4.4-DRM_real_GAD_slices_CPM/external/io_netcdf -I/global/scratch/users/adamwise/compiling/WRFv4.4-DRM_real_GAD_slices_CPM/external/io_int -I/global/scratch/users/adamwise/compiling/WRFv4.4-DRM_real_GAD_slices_CPM/frame -I/global/scratch/users/adamwise/compiling/WRFv4.4-DRM_real_GAD_slices_CPM/share -I/global/scratch/users/adamwise/compiling/WRFv4.4-DRM_real_GAD_slices_CPM/phys -I/global/scratch/users/adamwise/compiling/WRFv4.4-DRM_real_GAD_slices_CPM/wrftladj -I/global/scratch/users/adamwise/compiling/WRFv4.4-DRM_real_GAD_slices_CPM/chem -I/global/scratch/users/adamwise/compiling/WRFv4.4-DRM_real_GAD_slices_CPM/inc -I/global/software/sl-7.x86_64/modules/intel/2016.4.072/netcdf/4.4.1.1-intel-s/include   module_tiles.f90 ; \
        fi

real	0m3.577s
user	0m2.946s
sys	0m0.279s
rm -f module_clear_halos.o
sed -e "s/^\!.*'.*//" -e "s/^ *\!.*'.*//" module_clear_halos.F > module_clear_halos.G
/lib/cpp -P -nostdinc -I/global/scratch/users/adamwise/compiling/WRFv4.4-DRM_real_GAD_slices_CPM/inc -DEM_CORE=1 -DNMM_CORE=0 -DNMM_MAX_DIM=2600 -DDA_CORE=0 -DWRFPLUS=0 -DIWORDSIZE=4 -DDWORDSIZE=8 -DRWORDSIZE=4 -DLWORDSIZE=4 -DNONSTANDARD_SYSTEM_FUNC  -DWRF_USE_CLM -DUSE_NETCDF4_FEATURES -DWRFIO_NCD_LARGE_FILE_SUPPORT  -DDM_PARALLEL -DNETCDF -DLANDREAD_STUB=1 -DUSE_ALLOCATABLES -Dwrfmodel -DGRIB1 -DINTIO -DKEEP_INT_AROUND -DLIMIT_ARGS -DBUILD_RRTMG_FAST=0 -DBUILD_RRTMK=0 -DBUILD_SBM_FAST=1 -DSHOW_ALL_VARS_USED=0 -DCONFIG_BUF_LEN=65536 -DMAX_DOMAINS_F=21 -DMAX_HISTORY=25 -DNMM_NEST=0  -I. -traditional-cpp -DUSE_NETCDF4_FEATURES -DWRFIO_NCD_LARGE_FILE_SUPPORT   module_clear_halos.G  > module_clear_halos.bb
/global/scratch/users/adamwise/compiling/WRFv4.4-DRM_real_GAD_slices_CPM/tools/standard.exe module_clear_halos.bb | /lib/cpp -P -nostdinc -traditional-cpp -DUSE_NETCDF4_FEATURES -DWRFIO_NCD_LARGE_FILE_SUPPORT > module_clear_halos.f90
rm -f module_clear_halos.G module_clear_halos.bb
time mpif90 -f90=ifort -o module_clear_halos.o -c -O3 -ip -fp-model precise -w -ftz -align all -fno-alias -FR -convert big_endian    -I../dyn_em  -I/global/scratch/users/adamwise/compiling/WRFv4.4-DRM_real_GAD_slices_CPM/external/esmf_time_f90  -I/global/scratch/users/adamwise/compiling/WRFv4.4-DRM_real_GAD_slices_CPM/main -I/global/scratch/users/adamwise/compiling/WRFv4.4-DRM_real_GAD_slices_CPM/external/io_netcdf -I/global/scratch/users/adamwise/compiling/WRFv4.4-DRM_real_GAD_slices_CPM/external/io_int -I/global/scratch/users/adamwise/compiling/WRFv4.4-DRM_real_GAD_slices_CPM/frame -I/global/scratch/users/adamwise/compiling/WRFv4.4-DRM_real_GAD_slices_CPM/share -I/global/scratch/users/adamwise/compiling/WRFv4.4-DRM_real_GAD_slices_CPM/phys -I/global/scratch/users/adamwise/compiling/WRFv4.4-DRM_real_GAD_slices_CPM/wrftladj -I/global/scratch/users/adamwise/compiling/WRFv4.4-DRM_real_GAD_slices_CPM/chem -I/global/scratch/users/adamwise/compiling/WRFv4.4-DRM_real_GAD_slices_CPM/inc -I/global/software/sl-7.x86_64/modules/intel/2016.4.072/netcdf/4.4.1.1-intel-s/include  -real-size `expr 8 \* 4` -i4  module_clear_halos.f90

real	0m12.704s
user	0m12.129s
sys	0m0.312s
rm -f module_cpl.o
sed -e "s/^\!.*'.*//" -e "s/^ *\!.*'.*//" module_cpl.F > module_cpl.G
/lib/cpp -P -nostdinc -I/global/scratch/users/adamwise/compiling/WRFv4.4-DRM_real_GAD_slices_CPM/inc -DEM_CORE=1 -DNMM_CORE=0 -DNMM_MAX_DIM=2600 -DDA_CORE=0 -DWRFPLUS=0 -DIWORDSIZE=4 -DDWORDSIZE=8 -DRWORDSIZE=4 -DLWORDSIZE=4 -DNONSTANDARD_SYSTEM_FUNC  -DWRF_USE_CLM -DUSE_NETCDF4_FEATURES -DWRFIO_NCD_LARGE_FILE_SUPPORT  -DDM_PARALLEL -DNETCDF -DLANDREAD_STUB=1 -DUSE_ALLOCATABLES -Dwrfmodel -DGRIB1 -DINTIO -DKEEP_INT_AROUND -DLIMIT_ARGS -DBUILD_RRTMG_FAST=0 -DBUILD_RRTMK=0 -DBUILD_SBM_FAST=1 -DSHOW_ALL_VARS_USED=0 -DCONFIG_BUF_LEN=65536 -DMAX_DOMAINS_F=21 -DMAX_HISTORY=25 -DNMM_NEST=0  -I. -traditional-cpp -DUSE_NETCDF4_FEATURES -DWRFIO_NCD_LARGE_FILE_SUPPORT   module_cpl.G  > module_cpl.bb
/global/scratch/users/adamwise/compiling/WRFv4.4-DRM_real_GAD_slices_CPM/tools/standard.exe module_cpl.bb | /lib/cpp -P -nostdinc -traditional-cpp -DUSE_NETCDF4_FEATURES -DWRFIO_NCD_LARGE_FILE_SUPPORT > module_cpl.f90
rm -f module_cpl.G module_cpl.bb
time mpif90 -f90=ifort -o module_cpl.o -c -O3 -ip -fp-model precise -w -ftz -align all -fno-alias -FR -convert big_endian    -I../dyn_em  -I/global/scratch/users/adamwise/compiling/WRFv4.4-DRM_real_GAD_slices_CPM/external/esmf_time_f90  -I/global/scratch/users/adamwise/compiling/WRFv4.4-DRM_real_GAD_slices_CPM/main -I/global/scratch/users/adamwise/compiling/WRFv4.4-DRM_real_GAD_slices_CPM/external/io_netcdf -I/global/scratch/users/adamwise/compiling/WRFv4.4-DRM_real_GAD_slices_CPM/external/io_int -I/global/scratch/users/adamwise/compiling/WRFv4.4-DRM_real_GAD_slices_CPM/frame -I/global/scratch/users/adamwise/compiling/WRFv4.4-DRM_real_GAD_slices_CPM/share -I/global/scratch/users/adamwise/compiling/WRFv4.4-DRM_real_GAD_slices_CPM/phys -I/global/scratch/users/adamwise/compiling/WRFv4.4-DRM_real_GAD_slices_CPM/wrftladj -I/global/scratch/users/adamwise/compiling/WRFv4.4-DRM_real_GAD_slices_CPM/chem -I/global/scratch/users/adamwise/compiling/WRFv4.4-DRM_real_GAD_slices_CPM/inc -I/global/software/sl-7.x86_64/modules/intel/2016.4.072/netcdf/4.4.1.1-intel-s/include  -real-size `expr 8 \* 4` -i4  module_cpl.f90

real	0m4.987s
user	0m2.493s
sys	0m0.424s

real	13m43.334s
user	13m38.263s
sys	0m3.180s
rm -f module_comm_dm.o
/lib/cpp -P -nostdinc -I/global/scratch/users/adamwise/compiling/WRFv4.4-DRM_real_GAD_slices_CPM/inc -DEM_CORE=1 -DNMM_CORE=0 -DNMM_MAX_DIM=2600 -DDA_CORE=0 -DWRFPLUS=0 -DIWORDSIZE=4 -DDWORDSIZE=8 -DRWORDSIZE=4 -DLWORDSIZE=4 -DNONSTANDARD_SYSTEM_FUNC  -DWRF_USE_CLM -DUSE_NETCDF4_FEATURES -DWRFIO_NCD_LARGE_FILE_SUPPORT  -DDM_PARALLEL -DNETCDF -DLANDREAD_STUB=1 -DUSE_ALLOCATABLES -Dwrfmodel -DGRIB1 -DINTIO -DKEEP_INT_AROUND -DLIMIT_ARGS -DBUILD_RRTMG_FAST=0 -DBUILD_RRTMK=0 -DBUILD_SBM_FAST=1 -DSHOW_ALL_VARS_USED=0 -DCONFIG_BUF_LEN=65536 -DMAX_DOMAINS_F=21 -DMAX_HISTORY=25 -DNMM_NEST=0  -I. -traditional-cpp -DUSE_NETCDF4_FEATURES -DWRFIO_NCD_LARGE_FILE_SUPPORT   module_comm_dm.F  > module_comm_dm.bb
/global/scratch/users/adamwise/compiling/WRFv4.4-DRM_real_GAD_slices_CPM/tools/standard.exe module_comm_dm.bb | /lib/cpp -P -nostdinc -traditional-cpp -DUSE_NETCDF4_FEATURES -DWRFIO_NCD_LARGE_FILE_SUPPORT > module_comm_dm.f90
rm -f module_comm_dm.b module_comm_dm.bb
time mpif90 -f90=ifort -c -real-size `expr 8 \* 4` -i4  -O0 -fno-inline -no-ip -ip -fp-model precise -w -ftz -align all -fno-alias -FR -convert big_endian   -I../dyn_em  -I/global/scratch/users/adamwise/compiling/WRFv4.4-DRM_real_GAD_slices_CPM/external/esmf_time_f90  -I/global/scratch/users/adamwise/compiling/WRFv4.4-DRM_real_GAD_slices_CPM/main -I/global/scratch/users/adamwise/compiling/WRFv4.4-DRM_real_GAD_slices_CPM/external/io_netcdf -I/global/scratch/users/adamwise/compiling/WRFv4.4-DRM_real_GAD_slices_CPM/external/io_int -I/global/scratch/users/adamwise/compiling/WRFv4.4-DRM_real_GAD_slices_CPM/frame -I/global/scratch/users/adamwise/compiling/WRFv4.4-DRM_real_GAD_slices_CPM/share -I/global/scratch/users/adamwise/compiling/WRFv4.4-DRM_real_GAD_slices_CPM/phys -I/global/scratch/users/adamwise/compiling/WRFv4.4-DRM_real_GAD_slices_CPM/wrftladj -I/global/scratch/users/adamwise/compiling/WRFv4.4-DRM_real_GAD_slices_CPM/chem -I/global/scratch/users/adamwise/compiling/WRFv4.4-DRM_real_GAD_slices_CPM/inc -I/global/software/sl-7.x86_64/modules/intel/2016.4.072/netcdf/4.4.1.1-intel-s/include  module_comm_dm.f90

real	0m2.637s
user	0m1.212s
sys	0m0.836s
rm -f module_dm.o
sed -e "s/^\!.*'.*//" -e "s/^ *\!.*'.*//" module_dm.F > module_dm.G
/lib/cpp -P -nostdinc -I/global/scratch/users/adamwise/compiling/WRFv4.4-DRM_real_GAD_slices_CPM/inc -DEM_CORE=1 -DNMM_CORE=0 -DNMM_MAX_DIM=2600 -DDA_CORE=0 -DWRFPLUS=0 -DIWORDSIZE=4 -DDWORDSIZE=8 -DRWORDSIZE=4 -DLWORDSIZE=4 -DNONSTANDARD_SYSTEM_FUNC  -DWRF_USE_CLM -DUSE_NETCDF4_FEATURES -DWRFIO_NCD_LARGE_FILE_SUPPORT  -DDM_PARALLEL -DNETCDF -DLANDREAD_STUB=1 -DUSE_ALLOCATABLES -Dwrfmodel -DGRIB1 -DINTIO -DKEEP_INT_AROUND -DLIMIT_ARGS -DBUILD_RRTMG_FAST=0 -DBUILD_RRTMK=0 -DBUILD_SBM_FAST=1 -DSHOW_ALL_VARS_USED=0 -DCONFIG_BUF_LEN=65536 -DMAX_DOMAINS_F=21 -DMAX_HISTORY=25 -DNMM_NEST=0  -I. -traditional-cpp -DUSE_NETCDF4_FEATURES -DWRFIO_NCD_LARGE_FILE_SUPPORT   module_dm.G  > module_dm.bb
/global/scratch/users/adamwise/compiling/WRFv4.4-DRM_real_GAD_slices_CPM/tools/standard.exe module_dm.bb | /lib/cpp -P -nostdinc -traditional-cpp -DUSE_NETCDF4_FEATURES -DWRFIO_NCD_LARGE_FILE_SUPPORT > module_dm.f90
rm -f module_dm.G module_dm.bb
time mpif90 -f90=ifort -o module_dm.o -c -O3 -ip -fp-model precise -w -ftz -align all -fno-alias -FR -convert big_endian    -I../dyn_em  -I/global/scratch/users/adamwise/compiling/WRFv4.4-DRM_real_GAD_slices_CPM/external/esmf_time_f90  -I/global/scratch/users/adamwise/compiling/WRFv4.4-DRM_real_GAD_slices_CPM/main -I/global/scratch/users/adamwise/compiling/WRFv4.4-DRM_real_GAD_slices_CPM/external/io_netcdf -I/global/scratch/users/adamwise/compiling/WRFv4.4-DRM_real_GAD_slices_CPM/external/io_int -I/global/scratch/users/adamwise/compiling/WRFv4.4-DRM_real_GAD_slices_CPM/frame -I/global/scratch/users/adamwise/compiling/WRFv4.4-DRM_real_GAD_slices_CPM/share -I/global/scratch/users/adamwise/compiling/WRFv4.4-DRM_real_GAD_slices_CPM/phys -I/global/scratch/users/adamwise/compiling/WRFv4.4-DRM_real_GAD_slices_CPM/wrftladj -I/global/scratch/users/adamwise/compiling/WRFv4.4-DRM_real_GAD_slices_CPM/chem -I/global/scratch/users/adamwise/compiling/WRFv4.4-DRM_real_GAD_slices_CPM/inc -I/global/software/sl-7.x86_64/modules/intel/2016.4.072/netcdf/4.4.1.1-intel-s/include  -real-size `expr 8 \* 4` -i4  module_dm.f90

real	5m12.555s
user	4m40.843s
sys	0m7.944s
rm -f module_integrate.o
rm -f module_io.o
/lib/cpp -P -nostdinc -I/global/scratch/users/adamwise/compiling/WRFv4.4-DRM_real_GAD_slices_CPM/inc -DEM_CORE=1 -DNMM_CORE=0 -DNMM_MAX_DIM=2600 -DDA_CORE=0 -DWRFPLUS=0 -DIWORDSIZE=4 -DDWORDSIZE=8 -DRWORDSIZE=4 -DLWORDSIZE=4 -DNONSTANDARD_SYSTEM_FUNC  -DWRF_USE_CLM -DUSE_NETCDF4_FEATURES -DWRFIO_NCD_LARGE_FILE_SUPPORT  -DDM_PARALLEL -DNETCDF -DLANDREAD_STUB=1 -DUSE_ALLOCATABLES -Dwrfmodel -DGRIB1 -DINTIO -DKEEP_INT_AROUND -DLIMIT_ARGS -DBUILD_RRTMG_FAST=0 -DBUILD_RRTMK=0 -DBUILD_SBM_FAST=1 -DSHOW_ALL_VARS_USED=0 -DCONFIG_BUF_LEN=65536 -DMAX_DOMAINS_F=21 -DMAX_HISTORY=25 -DNMM_NEST=0  -I. -traditional-cpp -DUSE_NETCDF4_FEATURES -DWRFIO_NCD_LARGE_FILE_SUPPORT   module_io.F  > module_io.bb
/global/scratch/users/adamwise/compiling/WRFv4.4-DRM_real_GAD_slices_CPM/tools/standard.exe module_integrate.F > module_integrate.b 
/lib/cpp -P -nostdinc -I/global/scratch/users/adamwise/compiling/WRFv4.4-DRM_real_GAD_slices_CPM/inc -DEM_CORE=1 -DNMM_CORE=0 -DNMM_MAX_DIM=2600 -DDA_CORE=0 -DWRFPLUS=0 -DIWORDSIZE=4 -DDWORDSIZE=8 -DRWORDSIZE=4 -DLWORDSIZE=4 -DNONSTANDARD_SYSTEM_FUNC  -DWRF_USE_CLM -DUSE_NETCDF4_FEATURES -DWRFIO_NCD_LARGE_FILE_SUPPORT  -DDM_PARALLEL -DNETCDF -DLANDREAD_STUB=1 -DUSE_ALLOCATABLES -Dwrfmodel -DGRIB1 -DINTIO -DKEEP_INT_AROUND -DLIMIT_ARGS -DBUILD_RRTMG_FAST=0 -DBUILD_RRTMK=0 -DBUILD_SBM_FAST=1 -DSHOW_ALL_VARS_USED=0 -DCONFIG_BUF_LEN=65536 -DMAX_DOMAINS_F=21 -DMAX_HISTORY=25 -DNMM_NEST=0  -I. -traditional-cpp -DUSE_NETCDF4_FEATURES -DWRFIO_NCD_LARGE_FILE_SUPPORT   module_integrate.b  > module_integrate.f90
rm -f module_integrate.b
if fgrep -iq '!$OMP' module_integrate.f90 ; then \
          if [ -n "" ] ; then echo COMPILING module_integrate.F WITH OMP ; fi ; \
  time mpif90 -f90=ifort -c -real-size `expr 8 \* 4` -i4 -O0 -fno-inline -no-ip -ip -fp-model precise -w -ftz -align all -fno-alias -FR -convert big_endian   -I../dyn_em  -I/global/scratch/users/adamwise/compiling/WRFv4.4-DRM_real_GAD_slices_CPM/external/esmf_time_f90  -I/global/scratch/users/adamwise/compiling/WRFv4.4-DRM_real_GAD_slices_CPM/main -I/global/scratch/users/adamwise/compiling/WRFv4.4-DRM_real_GAD_slices_CPM/external/io_netcdf -I/global/scratch/users/adamwise/compiling/WRFv4.4-DRM_real_GAD_slices_CPM/external/io_int -I/global/scratch/users/adamwise/compiling/WRFv4.4-DRM_real_GAD_slices_CPM/frame -I/global/scratch/users/adamwise/compiling/WRFv4.4-DRM_real_GAD_slices_CPM/share -I/global/scratch/users/adamwise/compiling/WRFv4.4-DRM_real_GAD_slices_CPM/phys -I/global/scratch/users/adamwise/compiling/WRFv4.4-DRM_real_GAD_slices_CPM/wrftladj -I/global/scratch/users/adamwise/compiling/WRFv4.4-DRM_real_GAD_slices_CPM/chem -I/global/scratch/users/adamwise/compiling/WRFv4.4-DRM_real_GAD_slices_CPM/inc -I/global/software/sl-7.x86_64/modules/intel/2016.4.072/netcdf/4.4.1.1-intel-s/include    module_integrate.f90 ; \
        else \
          if [ -n "" ] ; then echo COMPILING module_integrate.F WITHOUT OMP ; fi ; \
  time mpif90 -f90=ifort -c -real-size `expr 8 \* 4` -i4 -O0 -fno-inline -no-ip -ip -fp-model precise -w -ftz -align all -fno-alias -FR -convert big_endian   -I../dyn_em  -I/global/scratch/users/adamwise/compiling/WRFv4.4-DRM_real_GAD_slices_CPM/external/esmf_time_f90  -I/global/scratch/users/adamwise/compiling/WRFv4.4-DRM_real_GAD_slices_CPM/main -I/global/scratch/users/adamwise/compiling/WRFv4.4-DRM_real_GAD_slices_CPM/external/io_netcdf -I/global/scratch/users/adamwise/compiling/WRFv4.4-DRM_real_GAD_slices_CPM/external/io_int -I/global/scratch/users/adamwise/compiling/WRFv4.4-DRM_real_GAD_slices_CPM/frame -I/global/scratch/users/adamwise/compiling/WRFv4.4-DRM_real_GAD_slices_CPM/share -I/global/scratch/users/adamwise/compiling/WRFv4.4-DRM_real_GAD_slices_CPM/phys -I/global/scratch/users/adamwise/compiling/WRFv4.4-DRM_real_GAD_slices_CPM/wrftladj -I/global/scratch/users/adamwise/compiling/WRFv4.4-DRM_real_GAD_slices_CPM/chem -I/global/scratch/users/adamwise/compiling/WRFv4.4-DRM_real_GAD_slices_CPM/inc -I/global/software/sl-7.x86_64/modules/intel/2016.4.072/netcdf/4.4.1.1-intel-s/include   module_integrate.f90 ; \
        fi
/global/scratch/users/adamwise/compiling/WRFv4.4-DRM_real_GAD_slices_CPM/tools/standard.exe module_io.bb | /lib/cpp -P -nostdinc -traditional-cpp -DUSE_NETCDF4_FEATURES -DWRFIO_NCD_LARGE_FILE_SUPPORT > module_io.f90
rm -f module_io.b module_io.bb
time mpif90 -f90=ifort -c -real-size `expr 8 \* 4` -i4  -O0 -fno-inline -no-ip -ip -fp-model precise -w -ftz -align all -fno-alias -FR -convert big_endian   -I../dyn_em  -I/global/scratch/users/adamwise/compiling/WRFv4.4-DRM_real_GAD_slices_CPM/external/esmf_time_f90  -I/global/scratch/users/adamwise/compiling/WRFv4.4-DRM_real_GAD_slices_CPM/main -I/global/scratch/users/adamwise/compiling/WRFv4.4-DRM_real_GAD_slices_CPM/external/io_netcdf -I/global/scratch/users/adamwise/compiling/WRFv4.4-DRM_real_GAD_slices_CPM/external/io_int -I/global/scratch/users/adamwise/compiling/WRFv4.4-DRM_real_GAD_slices_CPM/frame -I/global/scratch/users/adamwise/compiling/WRFv4.4-DRM_real_GAD_slices_CPM/share -I/global/scratch/users/adamwise/compiling/WRFv4.4-DRM_real_GAD_slices_CPM/phys -I/global/scratch/users/adamwise/compiling/WRFv4.4-DRM_real_GAD_slices_CPM/wrftladj -I/global/scratch/users/adamwise/compiling/WRFv4.4-DRM_real_GAD_slices_CPM/chem -I/global/scratch/users/adamwise/compiling/WRFv4.4-DRM_real_GAD_slices_CPM/inc -I/global/software/sl-7.x86_64/modules/intel/2016.4.072/netcdf/4.4.1.1-intel-s/include  module_io.f90

real	0m5.417s
user	0m4.144s
sys	0m0.594s
rm -f module_io_quilt.o
sed -e "s/^\!.*'.*//" -e "s/^ *\!.*'.*//" module_io_quilt.F > module_io_quilt.G
/lib/cpp -P -nostdinc -I/global/scratch/users/adamwise/compiling/WRFv4.4-DRM_real_GAD_slices_CPM/inc -DEM_CORE=1 -DNMM_CORE=0 -DNMM_MAX_DIM=2600 -DDA_CORE=0 -DWRFPLUS=0 -DIWORDSIZE=4 -DDWORDSIZE=8 -DRWORDSIZE=4 -DLWORDSIZE=4 -DNONSTANDARD_SYSTEM_FUNC  -DWRF_USE_CLM -DUSE_NETCDF4_FEATURES -DWRFIO_NCD_LARGE_FILE_SUPPORT  -DDM_PARALLEL -DNETCDF -DLANDREAD_STUB=1 -DUSE_ALLOCATABLES -Dwrfmodel -DGRIB1 -DINTIO -DKEEP_INT_AROUND -DLIMIT_ARGS -DBUILD_RRTMG_FAST=0 -DBUILD_RRTMK=0 -DBUILD_SBM_FAST=1 -DSHOW_ALL_VARS_USED=0 -DCONFIG_BUF_LEN=65536 -DMAX_DOMAINS_F=21 -DMAX_HISTORY=25 -DNMM_NEST=0  -I. -traditional-cpp -DUSE_NETCDF4_FEATURES -DWRFIO_NCD_LARGE_FILE_SUPPORT   module_io_quilt.G  > module_io_quilt.bb
/global/scratch/users/adamwise/compiling/WRFv4.4-DRM_real_GAD_slices_CPM/tools/standard.exe module_io_quilt.bb | /lib/cpp -P -nostdinc -traditional-cpp -DUSE_NETCDF4_FEATURES -DWRFIO_NCD_LARGE_FILE_SUPPORT > module_io_quilt.f90
rm -f module_io_quilt.G module_io_quilt.bb
time mpif90 -f90=ifort -o module_io_quilt.o -c -O3 -ip -fp-model precise -w -ftz -align all -fno-alias -FR -convert big_endian    -I../dyn_em  -I/global/scratch/users/adamwise/compiling/WRFv4.4-DRM_real_GAD_slices_CPM/external/esmf_time_f90  -I/global/scratch/users/adamwise/compiling/WRFv4.4-DRM_real_GAD_slices_CPM/main -I/global/scratch/users/adamwise/compiling/WRFv4.4-DRM_real_GAD_slices_CPM/external/io_netcdf -I/global/scratch/users/adamwise/compiling/WRFv4.4-DRM_real_GAD_slices_CPM/external/io_int -I/global/scratch/users/adamwise/compiling/WRFv4.4-DRM_real_GAD_slices_CPM/frame -I/global/scratch/users/adamwise/compiling/WRFv4.4-DRM_real_GAD_slices_CPM/share -I/global/scratch/users/adamwise/compiling/WRFv4.4-DRM_real_GAD_slices_CPM/phys -I/global/scratch/users/adamwise/compiling/WRFv4.4-DRM_real_GAD_slices_CPM/wrftladj -I/global/scratch/users/adamwise/compiling/WRFv4.4-DRM_real_GAD_slices_CPM/chem -I/global/scratch/users/adamwise/compiling/WRFv4.4-DRM_real_GAD_slices_CPM/inc -I/global/software/sl-7.x86_64/modules/intel/2016.4.072/netcdf/4.4.1.1-intel-s/include  -real-size `expr 8 \* 4` -i4  module_io_quilt.f90

real	0m10.785s
user	0m4.538s
sys	0m1.043s

real	0m42.274s
user	0m7.336s
sys	0m3.660s
ar ru ../main/libwrflib.a module_driver_constants.o module_domain_type.o module_streams.o module_domain.o  module_integrate.o module_timing.o module_configure.o module_tiles.o module_machine.o module_nesting.o module_wrf_error.o module_state_description.o module_sm.o module_io.o module_comm_dm.o module_comm_dm_0.o module_comm_dm_1.o module_comm_dm_2.o module_comm_dm_3.o module_comm_dm_4.o module_comm_nesting_dm.o module_dm.o module_quilt_outbuf_ops.o module_io_quilt.o module_cpl.o module_cpl_oasis3.o module_clear_halos.o wrf_num_bytes_between.o wrf_shutdown.o wrf_debug.o libmassv.o collect_on_comm.o hires_timer.o clog.o nl_get_0_routines.o nl_get_1_routines.o nl_get_2_routines.o nl_get_3_routines.o nl_get_4_routines.o nl_get_5_routines.o nl_get_6_routines.o nl_get_7_routines.o nl_set_0_routines.o nl_set_1_routines.o nl_set_2_routines.o nl_set_3_routines.o nl_set_4_routines.o nl_set_5_routines.o nl_set_6_routines.o nl_set_7_routines.o  module_alloc_space_0.o module_alloc_space_1.o module_alloc_space_2.o module_alloc_space_3.o module_alloc_space_4.o module_alloc_space_5.o module_alloc_space_6.o module_alloc_space_7.o module_alloc_space_8.o module_alloc_space_9.o
ar: creating ../main/libwrflib.a
ranlib ../main/libwrflib.a
make[2]: Leaving directory `/global/scratch/users/adamwise/compiling/WRFv4.4-DRM_real_GAD_slices_CPM/frame'
make[2]: Entering directory `/global/scratch/users/adamwise/compiling/WRFv4.4-DRM_real_GAD_slices_CPM/external/io_netcdf'
x=`echo "time mpif90 -f90=ifort -ip -fp-model precise -w -ftz -align all -fno-alias -FR -convert big_endian   -real-size 32 -i4  " | awk '{print $1}'` ; export x ; \
if [ $x = "gfortran" ] ; then \
           echo removing external declaration of iargc for gfortran ; \
   /lib/cpp -P -nostdinc -P -traditional-cpp -DUSE_NETCDF4_FEATURES -DWRFIO_NCD_LARGE_FILE_SUPPORT -I/global/software/sl-7.x86_64/modules/intel/2016.4.072/netcdf/4.4.1.1-intel-s/include -I../ioapi_share diffwrf.F90 | sed '/integer *, *external.*iargc/d' > diffwrf.f ;\
        else \
   /lib/cpp -P -nostdinc -P -traditional-cpp -DUSE_NETCDF4_FEATURES -DWRFIO_NCD_LARGE_FILE_SUPPORT -I/global/software/sl-7.x86_64/modules/intel/2016.4.072/netcdf/4.4.1.1-intel-s/include -I../ioapi_share diffwrf.F90 > diffwrf.f ; \
        fi
time mpif90 -f90=ifort -ip -fp-model precise -w -ftz -align all -fno-alias -FR -convert big_endian   -real-size 32 -i4   -c  -I/global/software/sl-7.x86_64/modules/intel/2016.4.072/netcdf/4.4.1.1-intel-s/include -I../ioapi_share diffwrf.f
0.53user 0.13system 0:01.18elapsed 56%CPU (0avgtext+0avgdata 56576maxresident)k
128inputs+704outputs (0major+22398minor)pagefaults 0swaps
diffwrf io_netcdf is being built now. 

real	0m1.353s
user	0m0.227s
sys	0m0.269s
make[2]: Leaving directory `/global/scratch/users/adamwise/compiling/WRFv4.4-DRM_real_GAD_slices_CPM/external/io_netcdf'
make[2]: Entering directory `/global/scratch/users/adamwise/compiling/WRFv4.4-DRM_real_GAD_slices_CPM/external/io_netcdf'
make[2]: Nothing to be done for `all'.
make[2]: Leaving directory `/global/scratch/users/adamwise/compiling/WRFv4.4-DRM_real_GAD_slices_CPM/external/io_netcdf'
SKIPPING make -i -r NETCDFPARPATH=/global/software/sl-7.x86_64/modules/intel/2016.4.072/netcdf/4.4.1.1-intel-s FC=time mpif90 -f90=ifort -ip -fp-model precise -w -ftz -align all -fno-alias -FR -convert big_endian   -real-size 32 -i4   RANLIB=ranlib CPP=/lib/cpp -P -nostdinc LDFLAGS= -O3 -ip -fp-model precise -w -ftz -align all -fno-alias -FR -convert big_endian   -ip   TRADFLAG=-traditional-cpp -DUSE_NETCDF4_FEATURES -DWRFIO_NCD_LARGE_FILE_SUPPORT ESMF_IO_LIB_EXT=-L/global/scratch/users/adamwise/compiling/WRFv4.4-DRM_real_GAD_slices_CPM/external/esmf_time_f90 -lesmf_time LIB_LOCAL= ESMF_MOD_DEPENDENCE=/global/scratch/users/adamwise/compiling/WRFv4.4-DRM_real_GAD_slices_CPM/external/esmf_time_f90/module_utility.o AR=INTERNAL_BUILD_ERROR_SHOULD_NOT_NEED_AR diffwrf
SKIPPING make -i -r NETCDFPARPATH=/global/software/sl-7.x86_64/modules/intel/2016.4.072/netcdf/4.4.1.1-intel-s FC=ifort -ip -fp-model precise -w -ftz -align all -fno-alias -FR -convert big_endian   -real-size 32 -i4   RANLIB=ranlib CPP=/lib/cpp -P -nostdinc LDFLAGS= -O3 -ip -fp-model precise -w -ftz -align all -fno-alias -FR -convert big_endian   -ip   TRADFLAG=-traditional-cpp -DUSE_NETCDF4_FEATURES -DWRFIO_NCD_LARGE_FILE_SUPPORT ESMF_IO_LIB_EXT=-L/global/scratch/users/adamwise/compiling/WRFv4.4-DRM_real_GAD_slices_CPM/external/esmf_time_f90 -lesmf_time LIB_LOCAL= ESMF_MOD_DEPENDENCE=/global/scratch/users/adamwise/compiling/WRFv4.4-DRM_real_GAD_slices_CPM/external/esmf_time_f90/module_utility.o AR=INTERNAL_BUILD_ERROR_SHOULD_NOT_NEED_AR
SKIPPING PIO BUILD make -i -r NETCDFPATH= FC=ifort -ip -fp-model precise -w -ftz -align all -fno-alias -FR -convert big_endian   -real-size 32 -i4   RANLIB=ranlib CPP=/lib/cpp -P -nostdinc LDFLAGS= -O3 -ip -fp-model precise -w -ftz -align all -fno-alias -FR -convert big_endian   -ip   TRADFLAG=-traditional-cpp -DUSE_NETCDF4_FEATURES -DWRFIO_NCD_LARGE_FILE_SUPPORT ESMF_IO_LIB_EXT=-L/global/scratch/users/adamwise/compiling/WRFv4.4-DRM_real_GAD_slices_CPM/external/esmf_time_f90 -lesmf_time LIB_LOCAL= ESMF_MOD_DEPENDENCE=/global/scratch/users/adamwise/compiling/WRFv4.4-DRM_real_GAD_slices_CPM/external/esmf_time_f90/module_utility.o AR=INTERNAL_BUILD_ERROR_SHOULD_NOT_NEED_AR
make[2]: Entering directory `/global/scratch/users/adamwise/compiling/WRFv4.4-DRM_real_GAD_slices_CPM/external/io_int'
if [ -f ../../frame/pack_utils.o -a -f ../../frame/clog.o ] ; then \
  ifort -ip -fp-model precise -w -ftz -align all -fno-alias -FR -convert big_endian   -real-size 32 -i4     -I../ioapi_share -o diffwrf diffwrf.f \
	../../frame/pack_utils.o ../../frame/module_internal_header_util.o ../../frame/module_driver_constants.o ../../frame/module_machine.o ../../frame/module_wrf_error.o ../../frame/wrf_debug.o -L/global/scratch/users/adamwise/compiling/WRFv4.4-DRM_real_GAD_slices_CPM/external/esmf_time_f90 -lesmf_time libwrfio_int.a ; \
fi
make[2]: Leaving directory `/global/scratch/users/adamwise/compiling/WRFv4.4-DRM_real_GAD_slices_CPM/external/io_int'
make[1]: Leaving directory `/global/scratch/users/adamwise/compiling/WRFv4.4-DRM_real_GAD_slices_CPM'
make -i -r MODULE_DIRS="-I../dyn_em  -I/global/scratch/users/adamwise/compiling/WRFv4.4-DRM_real_GAD_slices_CPM/external/esmf_time_f90  -I/global/scratch/users/adamwise/compiling/WRFv4.4-DRM_real_GAD_slices_CPM/main -I/global/scratch/users/adamwise/compiling/WRFv4.4-DRM_real_GAD_slices_CPM/external/io_netcdf -I/global/scratch/users/adamwise/compiling/WRFv4.4-DRM_real_GAD_slices_CPM/external/io_int -I/global/scratch/users/adamwise/compiling/WRFv4.4-DRM_real_GAD_slices_CPM/frame -I/global/scratch/users/adamwise/compiling/WRFv4.4-DRM_real_GAD_slices_CPM/share -I/global/scratch/users/adamwise/compiling/WRFv4.4-DRM_real_GAD_slices_CPM/phys -I/global/scratch/users/adamwise/compiling/WRFv4.4-DRM_real_GAD_slices_CPM/wrftladj -I/global/scratch/users/adamwise/compiling/WRFv4.4-DRM_real_GAD_slices_CPM/chem -I/global/scratch/users/adamwise/compiling/WRFv4.4-DRM_real_GAD_slices_CPM/inc -I/global/software/sl-7.x86_64/modules/intel/2016.4.072/netcdf/4.4.1.1-intel-s/include " shared
make[1]: Entering directory `/global/scratch/users/adamwise/compiling/WRFv4.4-DRM_real_GAD_slices_CPM'
--------------------------------------
if [ "`echo -j 2 | sed -e 's/-j//g' -e 's/ \+//g'`" -gt "6" ] ; then \
  if [ 0 -eq 0 ]   ; then \
   ( cd share ; make -i -r -j 6 PERTMOD=" " ) ;  \
  else \
   ( cd share ; make -i -r -j 6 PERTMOD="../dyn_em/module_bc_em.o ../wrftladj/mediation_pertmod_io.o" ) ;  \
  fi \
else \
  if [ 0 -eq 0 ]   ; then \
   ( cd share ; make -i -r -j 2 PERTMOD=" " ) ;  \
  else \
   ( cd share ; make -i -r -j 2 PERTMOD="../dyn_em/module_bc_em.o ../wrftladj/mediation_pertmod_io.o" ) ;  \
  fi \
fi
make[2]: Entering directory `/global/scratch/users/adamwise/compiling/WRFv4.4-DRM_real_GAD_slices_CPM/share'
rm -f module_bc_time_utilities.o
sed -e "s/^\!.*'.*//" -e "s/^ *\!.*'.*//" module_bc_time_utilities.F > module_bc_time_utilities.G
rm -f module_get_file_names.o
sed -e "s/^\!.*'.*//" -e "s/^ *\!.*'.*//" module_get_file_names.F > module_get_file_names.G
/lib/cpp -P -nostdinc -I/global/scratch/users/adamwise/compiling/WRFv4.4-DRM_real_GAD_slices_CPM/inc -DEM_CORE=1 -DNMM_CORE=0 -DNMM_MAX_DIM=2600 -DDA_CORE=0 -DWRFPLUS=0 -DIWORDSIZE=4 -DDWORDSIZE=8 -DRWORDSIZE=4 -DLWORDSIZE=4 -DNONSTANDARD_SYSTEM_FUNC  -DWRF_USE_CLM -DUSE_NETCDF4_FEATURES -DWRFIO_NCD_LARGE_FILE_SUPPORT  -DDM_PARALLEL -DNETCDF -DLANDREAD_STUB=1 -DUSE_ALLOCATABLES -Dwrfmodel -DGRIB1 -DINTIO -DKEEP_INT_AROUND -DLIMIT_ARGS -DBUILD_RRTMG_FAST=0 -DBUILD_RRTMK=0 -DBUILD_SBM_FAST=1 -DSHOW_ALL_VARS_USED=0 -DCONFIG_BUF_LEN=65536 -DMAX_DOMAINS_F=21 -DMAX_HISTORY=25 -DNMM_NEST=0  -I. -traditional-cpp -DUSE_NETCDF4_FEATURES -DWRFIO_NCD_LARGE_FILE_SUPPORT   module_bc_time_utilities.G  > module_bc_time_utilities.bb
/lib/cpp -P -nostdinc -I/global/scratch/users/adamwise/compiling/WRFv4.4-DRM_real_GAD_slices_CPM/inc -DEM_CORE=1 -DNMM_CORE=0 -DNMM_MAX_DIM=2600 -DDA_CORE=0 -DWRFPLUS=0 -DIWORDSIZE=4 -DDWORDSIZE=8 -DRWORDSIZE=4 -DLWORDSIZE=4 -DNONSTANDARD_SYSTEM_FUNC  -DWRF_USE_CLM -DUSE_NETCDF4_FEATURES -DWRFIO_NCD_LARGE_FILE_SUPPORT  -DDM_PARALLEL -DNETCDF -DLANDREAD_STUB=1 -DUSE_ALLOCATABLES -Dwrfmodel -DGRIB1 -DINTIO -DKEEP_INT_AROUND -DLIMIT_ARGS -DBUILD_RRTMG_FAST=0 -DBUILD_RRTMK=0 -DBUILD_SBM_FAST=1 -DSHOW_ALL_VARS_USED=0 -DCONFIG_BUF_LEN=65536 -DMAX_DOMAINS_F=21 -DMAX_HISTORY=25 -DNMM_NEST=0  -I. -traditional-cpp -DUSE_NETCDF4_FEATURES -DWRFIO_NCD_LARGE_FILE_SUPPORT   module_get_file_names.G  > module_get_file_names.bb
/global/scratch/users/adamwise/compiling/WRFv4.4-DRM_real_GAD_slices_CPM/tools/standard.exe module_bc_time_utilities.bb | /lib/cpp -P -nostdinc -traditional-cpp -DUSE_NETCDF4_FEATURES -DWRFIO_NCD_LARGE_FILE_SUPPORT > module_bc_time_utilities.f90
/global/scratch/users/adamwise/compiling/WRFv4.4-DRM_real_GAD_slices_CPM/tools/standard.exe module_get_file_names.bb | /lib/cpp -P -nostdinc -traditional-cpp -DUSE_NETCDF4_FEATURES -DWRFIO_NCD_LARGE_FILE_SUPPORT > module_get_file_names.f90
rm -f module_bc_time_utilities.G module_bc_time_utilities.bb
rm -f module_get_file_names.G module_get_file_names.bb
time mpif90 -f90=ifort -o module_bc_time_utilities.o -c -O3 -ip -fp-model precise -w -ftz -align all -fno-alias -FR -convert big_endian    -I../dyn_em  -I/global/scratch/users/adamwise/compiling/WRFv4.4-DRM_real_GAD_slices_CPM/external/esmf_time_f90  -I/global/scratch/users/adamwise/compiling/WRFv4.4-DRM_real_GAD_slices_CPM/main -I/global/scratch/users/adamwise/compiling/WRFv4.4-DRM_real_GAD_slices_CPM/external/io_netcdf -I/global/scratch/users/adamwise/compiling/WRFv4.4-DRM_real_GAD_slices_CPM/external/io_int -I/global/scratch/users/adamwise/compiling/WRFv4.4-DRM_real_GAD_slices_CPM/frame -I/global/scratch/users/adamwise/compiling/WRFv4.4-DRM_real_GAD_slices_CPM/share -I/global/scratch/users/adamwise/compiling/WRFv4.4-DRM_real_GAD_slices_CPM/phys -I/global/scratch/users/adamwise/compiling/WRFv4.4-DRM_real_GAD_slices_CPM/wrftladj -I/global/scratch/users/adamwise/compiling/WRFv4.4-DRM_real_GAD_slices_CPM/chem -I/global/scratch/users/adamwise/compiling/WRFv4.4-DRM_real_GAD_slices_CPM/inc -I/global/software/sl-7.x86_64/modules/intel/2016.4.072/netcdf/4.4.1.1-intel-s/include  -real-size `expr 8 \* 4` -i4  module_bc_time_utilities.f90
time mpif90 -f90=ifort -o module_get_file_names.o -c -O3 -ip -fp-model precise -w -ftz -align all -fno-alias -FR -convert big_endian    -I../dyn_em  -I/global/scratch/users/adamwise/compiling/WRFv4.4-DRM_real_GAD_slices_CPM/external/esmf_time_f90  -I/global/scratch/users/adamwise/compiling/WRFv4.4-DRM_real_GAD_slices_CPM/main -I/global/scratch/users/adamwise/compiling/WRFv4.4-DRM_real_GAD_slices_CPM/external/io_netcdf -I/global/scratch/users/adamwise/compiling/WRFv4.4-DRM_real_GAD_slices_CPM/external/io_int -I/global/scratch/users/adamwise/compiling/WRFv4.4-DRM_real_GAD_slices_CPM/frame -I/global/scratch/users/adamwise/compiling/WRFv4.4-DRM_real_GAD_slices_CPM/share -I/global/scratch/users/adamwise/compiling/WRFv4.4-DRM_real_GAD_slices_CPM/phys -I/global/scratch/users/adamwise/compiling/WRFv4.4-DRM_real_GAD_slices_CPM/wrftladj -I/global/scratch/users/adamwise/compiling/WRFv4.4-DRM_real_GAD_slices_CPM/chem -I/global/scratch/users/adamwise/compiling/WRFv4.4-DRM_real_GAD_slices_CPM/inc -I/global/software/sl-7.x86_64/modules/intel/2016.4.072/netcdf/4.4.1.1-intel-s/include  -real-size `expr 8 \* 4` -i4  module_get_file_names.f90

real	0m0.462s
user	0m0.066s
sys	0m0.121s
rm -f module_compute_geop.o
sed -e "s/^\!.*'.*//" -e "s/^ *\!.*'.*//" module_compute_geop.F > module_compute_geop.G
/lib/cpp -P -nostdinc -I/global/scratch/users/adamwise/compiling/WRFv4.4-DRM_real_GAD_slices_CPM/inc -DEM_CORE=1 -DNMM_CORE=0 -DNMM_MAX_DIM=2600 -DDA_CORE=0 -DWRFPLUS=0 -DIWORDSIZE=4 -DDWORDSIZE=8 -DRWORDSIZE=4 -DLWORDSIZE=4 -DNONSTANDARD_SYSTEM_FUNC  -DWRF_USE_CLM -DUSE_NETCDF4_FEATURES -DWRFIO_NCD_LARGE_FILE_SUPPORT  -DDM_PARALLEL -DNETCDF -DLANDREAD_STUB=1 -DUSE_ALLOCATABLES -Dwrfmodel -DGRIB1 -DINTIO -DKEEP_INT_AROUND -DLIMIT_ARGS -DBUILD_RRTMG_FAST=0 -DBUILD_RRTMK=0 -DBUILD_SBM_FAST=1 -DSHOW_ALL_VARS_USED=0 -DCONFIG_BUF_LEN=65536 -DMAX_DOMAINS_F=21 -DMAX_HISTORY=25 -DNMM_NEST=0  -I. -traditional-cpp -DUSE_NETCDF4_FEATURES -DWRFIO_NCD_LARGE_FILE_SUPPORT   module_compute_geop.G  > module_compute_geop.bb
/global/scratch/users/adamwise/compiling/WRFv4.4-DRM_real_GAD_slices_CPM/tools/standard.exe module_compute_geop.bb | /lib/cpp -P -nostdinc -traditional-cpp -DUSE_NETCDF4_FEATURES -DWRFIO_NCD_LARGE_FILE_SUPPORT > module_compute_geop.f90

real	0m0.499s
user	0m0.107s
sys	0m0.108s
rm -f module_chem_share.o
sed -e "s/^\!.*'.*//" -e "s/^ *\!.*'.*//" module_chem_share.F > module_chem_share.G
rm -f module_compute_geop.G module_compute_geop.bb
/lib/cpp -P -nostdinc -I/global/scratch/users/adamwise/compiling/WRFv4.4-DRM_real_GAD_slices_CPM/inc -DEM_CORE=1 -DNMM_CORE=0 -DNMM_MAX_DIM=2600 -DDA_CORE=0 -DWRFPLUS=0 -DIWORDSIZE=4 -DDWORDSIZE=8 -DRWORDSIZE=4 -DLWORDSIZE=4 -DNONSTANDARD_SYSTEM_FUNC  -DWRF_USE_CLM -DUSE_NETCDF4_FEATURES -DWRFIO_NCD_LARGE_FILE_SUPPORT  -DDM_PARALLEL -DNETCDF -DLANDREAD_STUB=1 -DUSE_ALLOCATABLES -Dwrfmodel -DGRIB1 -DINTIO -DKEEP_INT_AROUND -DLIMIT_ARGS -DBUILD_RRTMG_FAST=0 -DBUILD_RRTMK=0 -DBUILD_SBM_FAST=1 -DSHOW_ALL_VARS_USED=0 -DCONFIG_BUF_LEN=65536 -DMAX_DOMAINS_F=21 -DMAX_HISTORY=25 -DNMM_NEST=0  -I. -traditional-cpp -DUSE_NETCDF4_FEATURES -DWRFIO_NCD_LARGE_FILE_SUPPORT   module_chem_share.G  > module_chem_share.bb
time mpif90 -f90=ifort -o module_compute_geop.o -c -O3 -ip -fp-model precise -w -ftz -align all -fno-alias -FR -convert big_endian    -I../dyn_em  -I/global/scratch/users/adamwise/compiling/WRFv4.4-DRM_real_GAD_slices_CPM/external/esmf_time_f90  -I/global/scratch/users/adamwise/compiling/WRFv4.4-DRM_real_GAD_slices_CPM/main -I/global/scratch/users/adamwise/compiling/WRFv4.4-DRM_real_GAD_slices_CPM/external/io_netcdf -I/global/scratch/users/adamwise/compiling/WRFv4.4-DRM_real_GAD_slices_CPM/external/io_int -I/global/scratch/users/adamwise/compiling/WRFv4.4-DRM_real_GAD_slices_CPM/frame -I/global/scratch/users/adamwise/compiling/WRFv4.4-DRM_real_GAD_slices_CPM/share -I/global/scratch/users/adamwise/compiling/WRFv4.4-DRM_real_GAD_slices_CPM/phys -I/global/scratch/users/adamwise/compiling/WRFv4.4-DRM_real_GAD_slices_CPM/wrftladj -I/global/scratch/users/adamwise/compiling/WRFv4.4-DRM_real_GAD_slices_CPM/chem -I/global/scratch/users/adamwise/compiling/WRFv4.4-DRM_real_GAD_slices_CPM/inc -I/global/software/sl-7.x86_64/modules/intel/2016.4.072/netcdf/4.4.1.1-intel-s/include  -real-size `expr 8 \* 4` -i4  module_compute_geop.f90
/global/scratch/users/adamwise/compiling/WRFv4.4-DRM_real_GAD_slices_CPM/tools/standard.exe module_chem_share.bb | /lib/cpp -P -nostdinc -traditional-cpp -DUSE_NETCDF4_FEATURES -DWRFIO_NCD_LARGE_FILE_SUPPORT > module_chem_share.f90
rm -f module_chem_share.G module_chem_share.bb
time mpif90 -f90=ifort -o module_chem_share.o -c -O3 -ip -fp-model precise -w -ftz -align all -fno-alias -FR -convert big_endian    -I../dyn_em  -I/global/scratch/users/adamwise/compiling/WRFv4.4-DRM_real_GAD_slices_CPM/external/esmf_time_f90  -I/global/scratch/users/adamwise/compiling/WRFv4.4-DRM_real_GAD_slices_CPM/main -I/global/scratch/users/adamwise/compiling/WRFv4.4-DRM_real_GAD_slices_CPM/external/io_netcdf -I/global/scratch/users/adamwise/compiling/WRFv4.4-DRM_real_GAD_slices_CPM/external/io_int -I/global/scratch/users/adamwise/compiling/WRFv4.4-DRM_real_GAD_slices_CPM/frame -I/global/scratch/users/adamwise/compiling/WRFv4.4-DRM_real_GAD_slices_CPM/share -I/global/scratch/users/adamwise/compiling/WRFv4.4-DRM_real_GAD_slices_CPM/phys -I/global/scratch/users/adamwise/compiling/WRFv4.4-DRM_real_GAD_slices_CPM/wrftladj -I/global/scratch/users/adamwise/compiling/WRFv4.4-DRM_real_GAD_slices_CPM/chem -I/global/scratch/users/adamwise/compiling/WRFv4.4-DRM_real_GAD_slices_CPM/inc -I/global/software/sl-7.x86_64/modules/intel/2016.4.072/netcdf/4.4.1.1-intel-s/include  -real-size `expr 8 \* 4` -i4  module_chem_share.f90

real	0m0.371s
user	0m0.055s
sys	0m0.087s
rm -f ../phys/module_bep_bem_helper.o
sed -e "s/^\!.*'.*//" -e "s/^ *\!.*'.*//" ../phys/module_bep_bem_helper.F > ../phys/module_bep_bem_helper.G
/lib/cpp -P -nostdinc -I/global/scratch/users/adamwise/compiling/WRFv4.4-DRM_real_GAD_slices_CPM/inc -DEM_CORE=1 -DNMM_CORE=0 -DNMM_MAX_DIM=2600 -DDA_CORE=0 -DWRFPLUS=0 -DIWORDSIZE=4 -DDWORDSIZE=8 -DRWORDSIZE=4 -DLWORDSIZE=4 -DNONSTANDARD_SYSTEM_FUNC  -DWRF_USE_CLM -DUSE_NETCDF4_FEATURES -DWRFIO_NCD_LARGE_FILE_SUPPORT  -DDM_PARALLEL -DNETCDF -DLANDREAD_STUB=1 -DUSE_ALLOCATABLES -Dwrfmodel -DGRIB1 -DINTIO -DKEEP_INT_AROUND -DLIMIT_ARGS -DBUILD_RRTMG_FAST=0 -DBUILD_RRTMK=0 -DBUILD_SBM_FAST=1 -DSHOW_ALL_VARS_USED=0 -DCONFIG_BUF_LEN=65536 -DMAX_DOMAINS_F=21 -DMAX_HISTORY=25 -DNMM_NEST=0  -I. -traditional-cpp -DUSE_NETCDF4_FEATURES -DWRFIO_NCD_LARGE_FILE_SUPPORT   ../phys/module_bep_bem_helper.G  > ../phys/module_bep_bem_helper.bb
/global/scratch/users/adamwise/compiling/WRFv4.4-DRM_real_GAD_slices_CPM/tools/standard.exe ../phys/module_bep_bem_helper.bb | /lib/cpp -P -nostdinc -traditional-cpp -DUSE_NETCDF4_FEATURES -DWRFIO_NCD_LARGE_FILE_SUPPORT > ../phys/module_bep_bem_helper.f90
rm -f ../phys/module_bep_bem_helper.G ../phys/module_bep_bem_helper.bb

real	0m0.466s
user	0m0.100s
sys	0m0.111s
rm -f module_HLaw.o
time mpif90 -f90=ifort -o ../phys/module_bep_bem_helper.o -c -O3 -ip -fp-model precise -w -ftz -align all -fno-alias -FR -convert big_endian    -I../dyn_em  -I/global/scratch/users/adamwise/compiling/WRFv4.4-DRM_real_GAD_slices_CPM/external/esmf_time_f90  -I/global/scratch/users/adamwise/compiling/WRFv4.4-DRM_real_GAD_slices_CPM/main -I/global/scratch/users/adamwise/compiling/WRFv4.4-DRM_real_GAD_slices_CPM/external/io_netcdf -I/global/scratch/users/adamwise/compiling/WRFv4.4-DRM_real_GAD_slices_CPM/external/io_int -I/global/scratch/users/adamwise/compiling/WRFv4.4-DRM_real_GAD_slices_CPM/frame -I/global/scratch/users/adamwise/compiling/WRFv4.4-DRM_real_GAD_slices_CPM/share -I/global/scratch/users/adamwise/compiling/WRFv4.4-DRM_real_GAD_slices_CPM/phys -I/global/scratch/users/adamwise/compiling/WRFv4.4-DRM_real_GAD_slices_CPM/wrftladj -I/global/scratch/users/adamwise/compiling/WRFv4.4-DRM_real_GAD_slices_CPM/chem -I/global/scratch/users/adamwise/compiling/WRFv4.4-DRM_real_GAD_slices_CPM/inc -I/global/software/sl-7.x86_64/modules/intel/2016.4.072/netcdf/4.4.1.1-intel-s/include  -real-size `expr 8 \* 4` -i4  ../phys/module_bep_bem_helper.f90
sed -e "s/^\!.*'.*//" -e "s/^ *\!.*'.*//" module_HLaw.F > module_HLaw.G
/lib/cpp -P -nostdinc -I/global/scratch/users/adamwise/compiling/WRFv4.4-DRM_real_GAD_slices_CPM/inc -DEM_CORE=1 -DNMM_CORE=0 -DNMM_MAX_DIM=2600 -DDA_CORE=0 -DWRFPLUS=0 -DIWORDSIZE=4 -DDWORDSIZE=8 -DRWORDSIZE=4 -DLWORDSIZE=4 -DNONSTANDARD_SYSTEM_FUNC  -DWRF_USE_CLM -DUSE_NETCDF4_FEATURES -DWRFIO_NCD_LARGE_FILE_SUPPORT  -DDM_PARALLEL -DNETCDF -DLANDREAD_STUB=1 -DUSE_ALLOCATABLES -Dwrfmodel -DGRIB1 -DINTIO -DKEEP_INT_AROUND -DLIMIT_ARGS -DBUILD_RRTMG_FAST=0 -DBUILD_RRTMK=0 -DBUILD_SBM_FAST=1 -DSHOW_ALL_VARS_USED=0 -DCONFIG_BUF_LEN=65536 -DMAX_DOMAINS_F=21 -DMAX_HISTORY=25 -DNMM_NEST=0  -I. -traditional-cpp -DUSE_NETCDF4_FEATURES -DWRFIO_NCD_LARGE_FILE_SUPPORT   module_HLaw.G  > module_HLaw.bb
/global/scratch/users/adamwise/compiling/WRFv4.4-DRM_real_GAD_slices_CPM/tools/standard.exe module_HLaw.bb | /lib/cpp -P -nostdinc -traditional-cpp -DUSE_NETCDF4_FEATURES -DWRFIO_NCD_LARGE_FILE_SUPPORT > module_HLaw.f90
rm -f module_HLaw.G module_HLaw.bb
time mpif90 -f90=ifort -o module_HLaw.o -c -O3 -ip -fp-model precise -w -ftz -align all -fno-alias -FR -convert big_endian    -I../dyn_em  -I/global/scratch/users/adamwise/compiling/WRFv4.4-DRM_real_GAD_slices_CPM/external/esmf_time_f90  -I/global/scratch/users/adamwise/compiling/WRFv4.4-DRM_real_GAD_slices_CPM/main -I/global/scratch/users/adamwise/compiling/WRFv4.4-DRM_real_GAD_slices_CPM/external/io_netcdf -I/global/scratch/users/adamwise/compiling/WRFv4.4-DRM_real_GAD_slices_CPM/external/io_int -I/global/scratch/users/adamwise/compiling/WRFv4.4-DRM_real_GAD_slices_CPM/frame -I/global/scratch/users/adamwise/compiling/WRFv4.4-DRM_real_GAD_slices_CPM/share -I/global/scratch/users/adamwise/compiling/WRFv4.4-DRM_real_GAD_slices_CPM/phys -I/global/scratch/users/adamwise/compiling/WRFv4.4-DRM_real_GAD_slices_CPM/wrftladj -I/global/scratch/users/adamwise/compiling/WRFv4.4-DRM_real_GAD_slices_CPM/chem -I/global/scratch/users/adamwise/compiling/WRFv4.4-DRM_real_GAD_slices_CPM/inc -I/global/software/sl-7.x86_64/modules/intel/2016.4.072/netcdf/4.4.1.1-intel-s/include  -real-size `expr 8 \* 4` -i4  module_HLaw.f90

real	0m0.384s
user	0m0.036s
sys	0m0.107s
rm -f module_ctrans_aqchem.o
sed -e "s/^\!.*'.*//" -e "s/^ *\!.*'.*//" module_ctrans_aqchem.F > module_ctrans_aqchem.G
/lib/cpp -P -nostdinc -I/global/scratch/users/adamwise/compiling/WRFv4.4-DRM_real_GAD_slices_CPM/inc -DEM_CORE=1 -DNMM_CORE=0 -DNMM_MAX_DIM=2600 -DDA_CORE=0 -DWRFPLUS=0 -DIWORDSIZE=4 -DDWORDSIZE=8 -DRWORDSIZE=4 -DLWORDSIZE=4 -DNONSTANDARD_SYSTEM_FUNC  -DWRF_USE_CLM -DUSE_NETCDF4_FEATURES -DWRFIO_NCD_LARGE_FILE_SUPPORT  -DDM_PARALLEL -DNETCDF -DLANDREAD_STUB=1 -DUSE_ALLOCATABLES -Dwrfmodel -DGRIB1 -DINTIO -DKEEP_INT_AROUND -DLIMIT_ARGS -DBUILD_RRTMG_FAST=0 -DBUILD_RRTMK=0 -DBUILD_SBM_FAST=1 -DSHOW_ALL_VARS_USED=0 -DCONFIG_BUF_LEN=65536 -DMAX_DOMAINS_F=21 -DMAX_HISTORY=25 -DNMM_NEST=0  -I. -traditional-cpp -DUSE_NETCDF4_FEATURES -DWRFIO_NCD_LARGE_FILE_SUPPORT   module_ctrans_aqchem.G  > module_ctrans_aqchem.bb
/global/scratch/users/adamwise/compiling/WRFv4.4-DRM_real_GAD_slices_CPM/tools/standard.exe module_ctrans_aqchem.bb | /lib/cpp -P -nostdinc -traditional-cpp -DUSE_NETCDF4_FEATURES -DWRFIO_NCD_LARGE_FILE_SUPPORT > module_ctrans_aqchem.f90
rm -f module_ctrans_aqchem.G module_ctrans_aqchem.bb
time mpif90 -f90=ifort -o module_ctrans_aqchem.o -c -O3 -ip -fp-model precise -w -ftz -align all -fno-alias -FR -convert big_endian    -I../dyn_em  -I/global/scratch/users/adamwise/compiling/WRFv4.4-DRM_real_GAD_slices_CPM/external/esmf_time_f90  -I/global/scratch/users/adamwise/compiling/WRFv4.4-DRM_real_GAD_slices_CPM/main -I/global/scratch/users/adamwise/compiling/WRFv4.4-DRM_real_GAD_slices_CPM/external/io_netcdf -I/global/scratch/users/adamwise/compiling/WRFv4.4-DRM_real_GAD_slices_CPM/external/io_int -I/global/scratch/users/adamwise/compiling/WRFv4.4-DRM_real_GAD_slices_CPM/frame -I/global/scratch/users/adamwise/compiling/WRFv4.4-DRM_real_GAD_slices_CPM/share -I/global/scratch/users/adamwise/compiling/WRFv4.4-DRM_real_GAD_slices_CPM/phys -I/global/scratch/users/adamwise/compiling/WRFv4.4-DRM_real_GAD_slices_CPM/wrftladj -I/global/scratch/users/adamwise/compiling/WRFv4.4-DRM_real_GAD_slices_CPM/chem -I/global/scratch/users/adamwise/compiling/WRFv4.4-DRM_real_GAD_slices_CPM/inc -I/global/software/sl-7.x86_64/modules/intel/2016.4.072/netcdf/4.4.1.1-intel-s/include  -real-size `expr 8 \* 4` -i4  module_ctrans_aqchem.f90

real	0m0.440s
user	0m0.100s
sys	0m0.099s
rm -f bobrand.o
mpicc -cc=icc -DFSEEKO64_OK  -o bobrand.o -c -w -O3 -ip -DRPC_TYPES=1  -DDM_PARALLEL -DLANDREAD_STUB=1 -DMAX_HISTORY=25 -DNMM_CORE=0 bobrand.c

real	0m0.391s
user	0m0.038s
sys	0m0.110s
rm -f module_llxy.o
sed -e "s/^\!.*'.*//" -e "s/^ *\!.*'.*//" module_llxy.F > module_llxy.G
/lib/cpp -P -nostdinc -I/global/scratch/users/adamwise/compiling/WRFv4.4-DRM_real_GAD_slices_CPM/inc -DEM_CORE=1 -DNMM_CORE=0 -DNMM_MAX_DIM=2600 -DDA_CORE=0 -DWRFPLUS=0 -DIWORDSIZE=4 -DDWORDSIZE=8 -DRWORDSIZE=4 -DLWORDSIZE=4 -DNONSTANDARD_SYSTEM_FUNC  -DWRF_USE_CLM -DUSE_NETCDF4_FEATURES -DWRFIO_NCD_LARGE_FILE_SUPPORT  -DDM_PARALLEL -DNETCDF -DLANDREAD_STUB=1 -DUSE_ALLOCATABLES -Dwrfmodel -DGRIB1 -DINTIO -DKEEP_INT_AROUND -DLIMIT_ARGS -DBUILD_RRTMG_FAST=0 -DBUILD_RRTMK=0 -DBUILD_SBM_FAST=1 -DSHOW_ALL_VARS_USED=0 -DCONFIG_BUF_LEN=65536 -DMAX_DOMAINS_F=21 -DMAX_HISTORY=25 -DNMM_NEST=0  -I. -traditional-cpp -DUSE_NETCDF4_FEATURES -DWRFIO_NCD_LARGE_FILE_SUPPORT   module_llxy.G  > module_llxy.bb
/global/scratch/users/adamwise/compiling/WRFv4.4-DRM_real_GAD_slices_CPM/tools/standard.exe module_llxy.bb | /lib/cpp -P -nostdinc -traditional-cpp -DUSE_NETCDF4_FEATURES -DWRFIO_NCD_LARGE_FILE_SUPPORT > module_llxy.f90
rm -f module_llxy.G module_llxy.bb
time mpif90 -f90=ifort -o module_llxy.o -c -O3 -ip -fp-model precise -w -ftz -align all -fno-alias -FR -convert big_endian    -I../dyn_em  -I/global/scratch/users/adamwise/compiling/WRFv4.4-DRM_real_GAD_slices_CPM/external/esmf_time_f90  -I/global/scratch/users/adamwise/compiling/WRFv4.4-DRM_real_GAD_slices_CPM/main -I/global/scratch/users/adamwise/compiling/WRFv4.4-DRM_real_GAD_slices_CPM/external/io_netcdf -I/global/scratch/users/adamwise/compiling/WRFv4.4-DRM_real_GAD_slices_CPM/external/io_int -I/global/scratch/users/adamwise/compiling/WRFv4.4-DRM_real_GAD_slices_CPM/frame -I/global/scratch/users/adamwise/compiling/WRFv4.4-DRM_real_GAD_slices_CPM/share -I/global/scratch/users/adamwise/compiling/WRFv4.4-DRM_real_GAD_slices_CPM/phys -I/global/scratch/users/adamwise/compiling/WRFv4.4-DRM_real_GAD_slices_CPM/wrftladj -I/global/scratch/users/adamwise/compiling/WRFv4.4-DRM_real_GAD_slices_CPM/chem -I/global/scratch/users/adamwise/compiling/WRFv4.4-DRM_real_GAD_slices_CPM/inc -I/global/software/sl-7.x86_64/modules/intel/2016.4.072/netcdf/4.4.1.1-intel-s/include  -real-size `expr 8 \* 4` -i4  module_llxy.f90

real	0m1.392s
user	0m1.029s
sys	0m0.145s
rm -f module_interp_store.o
sed -e "s/^\!.*'.*//" -e "s/^ *\!.*'.*//" module_interp_store.F > module_interp_store.G
/lib/cpp -P -nostdinc -I/global/scratch/users/adamwise/compiling/WRFv4.4-DRM_real_GAD_slices_CPM/inc -DEM_CORE=1 -DNMM_CORE=0 -DNMM_MAX_DIM=2600 -DDA_CORE=0 -DWRFPLUS=0 -DIWORDSIZE=4 -DDWORDSIZE=8 -DRWORDSIZE=4 -DLWORDSIZE=4 -DNONSTANDARD_SYSTEM_FUNC  -DWRF_USE_CLM -DUSE_NETCDF4_FEATURES -DWRFIO_NCD_LARGE_FILE_SUPPORT  -DDM_PARALLEL -DNETCDF -DLANDREAD_STUB=1 -DUSE_ALLOCATABLES -Dwrfmodel -DGRIB1 -DINTIO -DKEEP_INT_AROUND -DLIMIT_ARGS -DBUILD_RRTMG_FAST=0 -DBUILD_RRTMK=0 -DBUILD_SBM_FAST=1 -DSHOW_ALL_VARS_USED=0 -DCONFIG_BUF_LEN=65536 -DMAX_DOMAINS_F=21 -DMAX_HISTORY=25 -DNMM_NEST=0  -I. -traditional-cpp -DUSE_NETCDF4_FEATURES -DWRFIO_NCD_LARGE_FILE_SUPPORT   module_interp_store.G  > module_interp_store.bb
/global/scratch/users/adamwise/compiling/WRFv4.4-DRM_real_GAD_slices_CPM/tools/standard.exe module_interp_store.bb | /lib/cpp -P -nostdinc -traditional-cpp -DUSE_NETCDF4_FEATURES -DWRFIO_NCD_LARGE_FILE_SUPPORT > module_interp_store.f90
rm -f module_interp_store.G module_interp_store.bb
time mpif90 -f90=ifort -o module_interp_store.o -c -O3 -ip -fp-model precise -w -ftz -align all -fno-alias -FR -convert big_endian    -I../dyn_em  -I/global/scratch/users/adamwise/compiling/WRFv4.4-DRM_real_GAD_slices_CPM/external/esmf_time_f90  -I/global/scratch/users/adamwise/compiling/WRFv4.4-DRM_real_GAD_slices_CPM/main -I/global/scratch/users/adamwise/compiling/WRFv4.4-DRM_real_GAD_slices_CPM/external/io_netcdf -I/global/scratch/users/adamwise/compiling/WRFv4.4-DRM_real_GAD_slices_CPM/external/io_int -I/global/scratch/users/adamwise/compiling/WRFv4.4-DRM_real_GAD_slices_CPM/frame -I/global/scratch/users/adamwise/compiling/WRFv4.4-DRM_real_GAD_slices_CPM/share -I/global/scratch/users/adamwise/compiling/WRFv4.4-DRM_real_GAD_slices_CPM/phys -I/global/scratch/users/adamwise/compiling/WRFv4.4-DRM_real_GAD_slices_CPM/wrftladj -I/global/scratch/users/adamwise/compiling/WRFv4.4-DRM_real_GAD_slices_CPM/chem -I/global/scratch/users/adamwise/compiling/WRFv4.4-DRM_real_GAD_slices_CPM/inc -I/global/software/sl-7.x86_64/modules/intel/2016.4.072/netcdf/4.4.1.1-intel-s/include  -real-size `expr 8 \* 4` -i4  module_interp_store.f90
rm -f module_string_tools.o
sed -e "s/^\!.*'.*//" -e "s/^ *\!.*'.*//" module_string_tools.F > module_string_tools.G
/lib/cpp -P -nostdinc -I/global/scratch/users/adamwise/compiling/WRFv4.4-DRM_real_GAD_slices_CPM/inc -DEM_CORE=1 -DNMM_CORE=0 -DNMM_MAX_DIM=2600 -DDA_CORE=0 -DWRFPLUS=0 -DIWORDSIZE=4 -DDWORDSIZE=8 -DRWORDSIZE=4 -DLWORDSIZE=4 -DNONSTANDARD_SYSTEM_FUNC  -DWRF_USE_CLM -DUSE_NETCDF4_FEATURES -DWRFIO_NCD_LARGE_FILE_SUPPORT  -DDM_PARALLEL -DNETCDF -DLANDREAD_STUB=1 -DUSE_ALLOCATABLES -Dwrfmodel -DGRIB1 -DINTIO -DKEEP_INT_AROUND -DLIMIT_ARGS -DBUILD_RRTMG_FAST=0 -DBUILD_RRTMK=0 -DBUILD_SBM_FAST=1 -DSHOW_ALL_VARS_USED=0 -DCONFIG_BUF_LEN=65536 -DMAX_DOMAINS_F=21 -DMAX_HISTORY=25 -DNMM_NEST=0  -I. -traditional-cpp -DUSE_NETCDF4_FEATURES -DWRFIO_NCD_LARGE_FILE_SUPPORT   module_string_tools.G  > module_string_tools.bb
/global/scratch/users/adamwise/compiling/WRFv4.4-DRM_real_GAD_slices_CPM/tools/standard.exe module_string_tools.bb | /lib/cpp -P -nostdinc -traditional-cpp -DUSE_NETCDF4_FEATURES -DWRFIO_NCD_LARGE_FILE_SUPPORT > module_string_tools.f90
rm -f module_string_tools.G module_string_tools.bb
time mpif90 -f90=ifort -o module_string_tools.o -c -O3 -ip -fp-model precise -w -ftz -align all -fno-alias -FR -convert big_endian    -I../dyn_em  -I/global/scratch/users/adamwise/compiling/WRFv4.4-DRM_real_GAD_slices_CPM/external/esmf_time_f90  -I/global/scratch/users/adamwise/compiling/WRFv4.4-DRM_real_GAD_slices_CPM/main -I/global/scratch/users/adamwise/compiling/WRFv4.4-DRM_real_GAD_slices_CPM/external/io_netcdf -I/global/scratch/users/adamwise/compiling/WRFv4.4-DRM_real_GAD_slices_CPM/external/io_int -I/global/scratch/users/adamwise/compiling/WRFv4.4-DRM_real_GAD_slices_CPM/frame -I/global/scratch/users/adamwise/compiling/WRFv4.4-DRM_real_GAD_slices_CPM/share -I/global/scratch/users/adamwise/compiling/WRFv4.4-DRM_real_GAD_slices_CPM/phys -I/global/scratch/users/adamwise/compiling/WRFv4.4-DRM_real_GAD_slices_CPM/wrftladj -I/global/scratch/users/adamwise/compiling/WRFv4.4-DRM_real_GAD_slices_CPM/chem -I/global/scratch/users/adamwise/compiling/WRFv4.4-DRM_real_GAD_slices_CPM/inc -I/global/software/sl-7.x86_64/modules/intel/2016.4.072/netcdf/4.4.1.1-intel-s/include  -real-size `expr 8 \* 4` -i4  module_string_tools.f90

real	0m0.347s
user	0m0.060s
sys	0m0.079s
rm -f module_MPP.o
sed -e "s/^\!.*'.*//" -e "s/^ *\!.*'.*//" module_MPP.F > module_MPP.G
/lib/cpp -P -nostdinc -I/global/scratch/users/adamwise/compiling/WRFv4.4-DRM_real_GAD_slices_CPM/inc -DEM_CORE=1 -DNMM_CORE=0 -DNMM_MAX_DIM=2600 -DDA_CORE=0 -DWRFPLUS=0 -DIWORDSIZE=4 -DDWORDSIZE=8 -DRWORDSIZE=4 -DLWORDSIZE=4 -DNONSTANDARD_SYSTEM_FUNC  -DWRF_USE_CLM -DUSE_NETCDF4_FEATURES -DWRFIO_NCD_LARGE_FILE_SUPPORT  -DDM_PARALLEL -DNETCDF -DLANDREAD_STUB=1 -DUSE_ALLOCATABLES -Dwrfmodel -DGRIB1 -DINTIO -DKEEP_INT_AROUND -DLIMIT_ARGS -DBUILD_RRTMG_FAST=0 -DBUILD_RRTMK=0 -DBUILD_SBM_FAST=1 -DSHOW_ALL_VARS_USED=0 -DCONFIG_BUF_LEN=65536 -DMAX_DOMAINS_F=21 -DMAX_HISTORY=25 -DNMM_NEST=0  -I. -traditional-cpp -DUSE_NETCDF4_FEATURES -DWRFIO_NCD_LARGE_FILE_SUPPORT   module_MPP.G  > module_MPP.bb
/global/scratch/users/adamwise/compiling/WRFv4.4-DRM_real_GAD_slices_CPM/tools/standard.exe module_MPP.bb | /lib/cpp -P -nostdinc -traditional-cpp -DUSE_NETCDF4_FEATURES -DWRFIO_NCD_LARGE_FILE_SUPPORT > module_MPP.f90
rm -f module_MPP.G module_MPP.bb
time mpif90 -f90=ifort -o module_MPP.o -c -O3 -ip -fp-model precise -w -ftz -align all -fno-alias -FR -convert big_endian    -I../dyn_em  -I/global/scratch/users/adamwise/compiling/WRFv4.4-DRM_real_GAD_slices_CPM/external/esmf_time_f90  -I/global/scratch/users/adamwise/compiling/WRFv4.4-DRM_real_GAD_slices_CPM/main -I/global/scratch/users/adamwise/compiling/WRFv4.4-DRM_real_GAD_slices_CPM/external/io_netcdf -I/global/scratch/users/adamwise/compiling/WRFv4.4-DRM_real_GAD_slices_CPM/external/io_int -I/global/scratch/users/adamwise/compiling/WRFv4.4-DRM_real_GAD_slices_CPM/frame -I/global/scratch/users/adamwise/compiling/WRFv4.4-DRM_real_GAD_slices_CPM/share -I/global/scratch/users/adamwise/compiling/WRFv4.4-DRM_real_GAD_slices_CPM/phys -I/global/scratch/users/adamwise/compiling/WRFv4.4-DRM_real_GAD_slices_CPM/wrftladj -I/global/scratch/users/adamwise/compiling/WRFv4.4-DRM_real_GAD_slices_CPM/chem -I/global/scratch/users/adamwise/compiling/WRFv4.4-DRM_real_GAD_slices_CPM/inc -I/global/software/sl-7.x86_64/modules/intel/2016.4.072/netcdf/4.4.1.1-intel-s/include  -real-size `expr 8 \* 4` -i4  module_MPP.f90

real	0m0.332s
user	0m0.043s
sys	0m0.084s
rm -f ../phys/module_checkerror.o
sed -e "s/^\!.*'.*//" -e "s/^ *\!.*'.*//" ../phys/module_checkerror.F > ../phys/module_checkerror.G
/lib/cpp -P -nostdinc -I/global/scratch/users/adamwise/compiling/WRFv4.4-DRM_real_GAD_slices_CPM/inc -DEM_CORE=1 -DNMM_CORE=0 -DNMM_MAX_DIM=2600 -DDA_CORE=0 -DWRFPLUS=0 -DIWORDSIZE=4 -DDWORDSIZE=8 -DRWORDSIZE=4 -DLWORDSIZE=4 -DNONSTANDARD_SYSTEM_FUNC  -DWRF_USE_CLM -DUSE_NETCDF4_FEATURES -DWRFIO_NCD_LARGE_FILE_SUPPORT  -DDM_PARALLEL -DNETCDF -DLANDREAD_STUB=1 -DUSE_ALLOCATABLES -Dwrfmodel -DGRIB1 -DINTIO -DKEEP_INT_AROUND -DLIMIT_ARGS -DBUILD_RRTMG_FAST=0 -DBUILD_RRTMK=0 -DBUILD_SBM_FAST=1 -DSHOW_ALL_VARS_USED=0 -DCONFIG_BUF_LEN=65536 -DMAX_DOMAINS_F=21 -DMAX_HISTORY=25 -DNMM_NEST=0  -I. -traditional-cpp -DUSE_NETCDF4_FEATURES -DWRFIO_NCD_LARGE_FILE_SUPPORT   ../phys/module_checkerror.G  > ../phys/module_checkerror.bb
/global/scratch/users/adamwise/compiling/WRFv4.4-DRM_real_GAD_slices_CPM/tools/standard.exe ../phys/module_checkerror.bb | /lib/cpp -P -nostdinc -traditional-cpp -DUSE_NETCDF4_FEATURES -DWRFIO_NCD_LARGE_FILE_SUPPORT > ../phys/module_checkerror.f90

real	0m0.878s
user	0m0.518s
sys	0m0.116s
rm -f module_date_time.o
sed -e "s/^\!.*'.*//" -e "s/^ *\!.*'.*//" module_date_time.F > module_date_time.G
rm -f ../phys/module_checkerror.G ../phys/module_checkerror.bb
/lib/cpp -P -nostdinc -I/global/scratch/users/adamwise/compiling/WRFv4.4-DRM_real_GAD_slices_CPM/inc -DEM_CORE=1 -DNMM_CORE=0 -DNMM_MAX_DIM=2600 -DDA_CORE=0 -DWRFPLUS=0 -DIWORDSIZE=4 -DDWORDSIZE=8 -DRWORDSIZE=4 -DLWORDSIZE=4 -DNONSTANDARD_SYSTEM_FUNC  -DWRF_USE_CLM -DUSE_NETCDF4_FEATURES -DWRFIO_NCD_LARGE_FILE_SUPPORT  -DDM_PARALLEL -DNETCDF -DLANDREAD_STUB=1 -DUSE_ALLOCATABLES -Dwrfmodel -DGRIB1 -DINTIO -DKEEP_INT_AROUND -DLIMIT_ARGS -DBUILD_RRTMG_FAST=0 -DBUILD_RRTMK=0 -DBUILD_SBM_FAST=1 -DSHOW_ALL_VARS_USED=0 -DCONFIG_BUF_LEN=65536 -DMAX_DOMAINS_F=21 -DMAX_HISTORY=25 -DNMM_NEST=0  -I. -traditional-cpp -DUSE_NETCDF4_FEATURES -DWRFIO_NCD_LARGE_FILE_SUPPORT   module_date_time.G  > module_date_time.bb
time mpif90 -f90=ifort -o ../phys/module_checkerror.o -c -O3 -ip -fp-model precise -w -ftz -align all -fno-alias -FR -convert big_endian    -I../dyn_em  -I/global/scratch/users/adamwise/compiling/WRFv4.4-DRM_real_GAD_slices_CPM/external/esmf_time_f90  -I/global/scratch/users/adamwise/compiling/WRFv4.4-DRM_real_GAD_slices_CPM/main -I/global/scratch/users/adamwise/compiling/WRFv4.4-DRM_real_GAD_slices_CPM/external/io_netcdf -I/global/scratch/users/adamwise/compiling/WRFv4.4-DRM_real_GAD_slices_CPM/external/io_int -I/global/scratch/users/adamwise/compiling/WRFv4.4-DRM_real_GAD_slices_CPM/frame -I/global/scratch/users/adamwise/compiling/WRFv4.4-DRM_real_GAD_slices_CPM/share -I/global/scratch/users/adamwise/compiling/WRFv4.4-DRM_real_GAD_slices_CPM/phys -I/global/scratch/users/adamwise/compiling/WRFv4.4-DRM_real_GAD_slices_CPM/wrftladj -I/global/scratch/users/adamwise/compiling/WRFv4.4-DRM_real_GAD_slices_CPM/chem -I/global/scratch/users/adamwise/compiling/WRFv4.4-DRM_real_GAD_slices_CPM/inc -I/global/software/sl-7.x86_64/modules/intel/2016.4.072/netcdf/4.4.1.1-intel-s/include  -real-size `expr 8 \* 4` -i4  ../phys/module_checkerror.f90
/global/scratch/users/adamwise/compiling/WRFv4.4-DRM_real_GAD_slices_CPM/tools/standard.exe module_date_time.bb | /lib/cpp -P -nostdinc -traditional-cpp -DUSE_NETCDF4_FEATURES -DWRFIO_NCD_LARGE_FILE_SUPPORT > module_date_time.f90
rm -f module_date_time.G module_date_time.bb
time mpif90 -f90=ifort -o module_date_time.o -c -O3 -ip -fp-model precise -w -ftz -align all -fno-alias -FR -convert big_endian    -I../dyn_em  -I/global/scratch/users/adamwise/compiling/WRFv4.4-DRM_real_GAD_slices_CPM/external/esmf_time_f90  -I/global/scratch/users/adamwise/compiling/WRFv4.4-DRM_real_GAD_slices_CPM/main -I/global/scratch/users/adamwise/compiling/WRFv4.4-DRM_real_GAD_slices_CPM/external/io_netcdf -I/global/scratch/users/adamwise/compiling/WRFv4.4-DRM_real_GAD_slices_CPM/external/io_int -I/global/scratch/users/adamwise/compiling/WRFv4.4-DRM_real_GAD_slices_CPM/frame -I/global/scratch/users/adamwise/compiling/WRFv4.4-DRM_real_GAD_slices_CPM/share -I/global/scratch/users/adamwise/compiling/WRFv4.4-DRM_real_GAD_slices_CPM/phys -I/global/scratch/users/adamwise/compiling/WRFv4.4-DRM_real_GAD_slices_CPM/wrftladj -I/global/scratch/users/adamwise/compiling/WRFv4.4-DRM_real_GAD_slices_CPM/chem -I/global/scratch/users/adamwise/compiling/WRFv4.4-DRM_real_GAD_slices_CPM/inc -I/global/software/sl-7.x86_64/modules/intel/2016.4.072/netcdf/4.4.1.1-intel-s/include  -real-size `expr 8 \* 4` -i4  module_date_time.f90

real	0m0.665s
user	0m0.285s
sys	0m0.109s
rm -f mediation_interp_domain.o
sed -e "s/^\!.*'.*//" -e "s/^ *\!.*'.*//" mediation_interp_domain.F > mediation_interp_domain.G
/lib/cpp -P -nostdinc -I/global/scratch/users/adamwise/compiling/WRFv4.4-DRM_real_GAD_slices_CPM/inc -DEM_CORE=1 -DNMM_CORE=0 -DNMM_MAX_DIM=2600 -DDA_CORE=0 -DWRFPLUS=0 -DIWORDSIZE=4 -DDWORDSIZE=8 -DRWORDSIZE=4 -DLWORDSIZE=4 -DNONSTANDARD_SYSTEM_FUNC  -DWRF_USE_CLM -DUSE_NETCDF4_FEATURES -DWRFIO_NCD_LARGE_FILE_SUPPORT  -DDM_PARALLEL -DNETCDF -DLANDREAD_STUB=1 -DUSE_ALLOCATABLES -Dwrfmodel -DGRIB1 -DINTIO -DKEEP_INT_AROUND -DLIMIT_ARGS -DBUILD_RRTMG_FAST=0 -DBUILD_RRTMK=0 -DBUILD_SBM_FAST=1 -DSHOW_ALL_VARS_USED=0 -DCONFIG_BUF_LEN=65536 -DMAX_DOMAINS_F=21 -DMAX_HISTORY=25 -DNMM_NEST=0  -I. -traditional-cpp -DUSE_NETCDF4_FEATURES -DWRFIO_NCD_LARGE_FILE_SUPPORT   mediation_interp_domain.G  > mediation_interp_domain.bb
/global/scratch/users/adamwise/compiling/WRFv4.4-DRM_real_GAD_slices_CPM/tools/standard.exe mediation_interp_domain.bb | /lib/cpp -P -nostdinc -traditional-cpp -DUSE_NETCDF4_FEATURES -DWRFIO_NCD_LARGE_FILE_SUPPORT > mediation_interp_domain.f90
rm -f mediation_interp_domain.G mediation_interp_domain.bb
time mpif90 -f90=ifort -o mediation_interp_domain.o -c -O3 -ip -fp-model precise -w -ftz -align all -fno-alias -FR -convert big_endian    -I../dyn_em  -I/global/scratch/users/adamwise/compiling/WRFv4.4-DRM_real_GAD_slices_CPM/external/esmf_time_f90  -I/global/scratch/users/adamwise/compiling/WRFv4.4-DRM_real_GAD_slices_CPM/main -I/global/scratch/users/adamwise/compiling/WRFv4.4-DRM_real_GAD_slices_CPM/external/io_netcdf -I/global/scratch/users/adamwise/compiling/WRFv4.4-DRM_real_GAD_slices_CPM/external/io_int -I/global/scratch/users/adamwise/compiling/WRFv4.4-DRM_real_GAD_slices_CPM/frame -I/global/scratch/users/adamwise/compiling/WRFv4.4-DRM_real_GAD_slices_CPM/share -I/global/scratch/users/adamwise/compiling/WRFv4.4-DRM_real_GAD_slices_CPM/phys -I/global/scratch/users/adamwise/compiling/WRFv4.4-DRM_real_GAD_slices_CPM/wrftladj -I/global/scratch/users/adamwise/compiling/WRFv4.4-DRM_real_GAD_slices_CPM/chem -I/global/scratch/users/adamwise/compiling/WRFv4.4-DRM_real_GAD_slices_CPM/inc -I/global/software/sl-7.x86_64/modules/intel/2016.4.072/netcdf/4.4.1.1-intel-s/include  -real-size `expr 8 \* 4` -i4  mediation_interp_domain.f90

real	0m0.884s
user	0m0.459s
sys	0m0.142s
rm -f mediation_force_domain.o
sed -e "s/^\!.*'.*//" -e "s/^ *\!.*'.*//" mediation_force_domain.F > mediation_force_domain.G
/lib/cpp -P -nostdinc -I/global/scratch/users/adamwise/compiling/WRFv4.4-DRM_real_GAD_slices_CPM/inc -DEM_CORE=1 -DNMM_CORE=0 -DNMM_MAX_DIM=2600 -DDA_CORE=0 -DWRFPLUS=0 -DIWORDSIZE=4 -DDWORDSIZE=8 -DRWORDSIZE=4 -DLWORDSIZE=4 -DNONSTANDARD_SYSTEM_FUNC  -DWRF_USE_CLM -DUSE_NETCDF4_FEATURES -DWRFIO_NCD_LARGE_FILE_SUPPORT  -DDM_PARALLEL -DNETCDF -DLANDREAD_STUB=1 -DUSE_ALLOCATABLES -Dwrfmodel -DGRIB1 -DINTIO -DKEEP_INT_AROUND -DLIMIT_ARGS -DBUILD_RRTMG_FAST=0 -DBUILD_RRTMK=0 -DBUILD_SBM_FAST=1 -DSHOW_ALL_VARS_USED=0 -DCONFIG_BUF_LEN=65536 -DMAX_DOMAINS_F=21 -DMAX_HISTORY=25 -DNMM_NEST=0  -I. -traditional-cpp -DUSE_NETCDF4_FEATURES -DWRFIO_NCD_LARGE_FILE_SUPPORT   mediation_force_domain.G  > mediation_force_domain.bb
/global/scratch/users/adamwise/compiling/WRFv4.4-DRM_real_GAD_slices_CPM/tools/standard.exe mediation_force_domain.bb | /lib/cpp -P -nostdinc -traditional-cpp -DUSE_NETCDF4_FEATURES -DWRFIO_NCD_LARGE_FILE_SUPPORT > mediation_force_domain.f90
rm -f mediation_force_domain.G mediation_force_domain.bb
time mpif90 -f90=ifort -o mediation_force_domain.o -c -O3 -ip -fp-model precise -w -ftz -align all -fno-alias -FR -convert big_endian    -I../dyn_em  -I/global/scratch/users/adamwise/compiling/WRFv4.4-DRM_real_GAD_slices_CPM/external/esmf_time_f90  -I/global/scratch/users/adamwise/compiling/WRFv4.4-DRM_real_GAD_slices_CPM/main -I/global/scratch/users/adamwise/compiling/WRFv4.4-DRM_real_GAD_slices_CPM/external/io_netcdf -I/global/scratch/users/adamwise/compiling/WRFv4.4-DRM_real_GAD_slices_CPM/external/io_int -I/global/scratch/users/adamwise/compiling/WRFv4.4-DRM_real_GAD_slices_CPM/frame -I/global/scratch/users/adamwise/compiling/WRFv4.4-DRM_real_GAD_slices_CPM/share -I/global/scratch/users/adamwise/compiling/WRFv4.4-DRM_real_GAD_slices_CPM/phys -I/global/scratch/users/adamwise/compiling/WRFv4.4-DRM_real_GAD_slices_CPM/wrftladj -I/global/scratch/users/adamwise/compiling/WRFv4.4-DRM_real_GAD_slices_CPM/chem -I/global/scratch/users/adamwise/compiling/WRFv4.4-DRM_real_GAD_slices_CPM/inc -I/global/software/sl-7.x86_64/modules/intel/2016.4.072/netcdf/4.4.1.1-intel-s/include  -real-size `expr 8 \* 4` -i4  mediation_force_domain.f90

real	0m3.152s
user	0m2.468s
sys	0m0.309s
rm -f ../frame/module_intermediate_nmm.o
sed -e "s/^\!.*'.*//" -e "s/^ *\!.*'.*//" ../frame/module_intermediate_nmm.F > ../frame/module_intermediate_nmm.G
/lib/cpp -P -nostdinc -I/global/scratch/users/adamwise/compiling/WRFv4.4-DRM_real_GAD_slices_CPM/inc -DEM_CORE=1 -DNMM_CORE=0 -DNMM_MAX_DIM=2600 -DDA_CORE=0 -DWRFPLUS=0 -DIWORDSIZE=4 -DDWORDSIZE=8 -DRWORDSIZE=4 -DLWORDSIZE=4 -DNONSTANDARD_SYSTEM_FUNC  -DWRF_USE_CLM -DUSE_NETCDF4_FEATURES -DWRFIO_NCD_LARGE_FILE_SUPPORT  -DDM_PARALLEL -DNETCDF -DLANDREAD_STUB=1 -DUSE_ALLOCATABLES -Dwrfmodel -DGRIB1 -DINTIO -DKEEP_INT_AROUND -DLIMIT_ARGS -DBUILD_RRTMG_FAST=0 -DBUILD_RRTMK=0 -DBUILD_SBM_FAST=1 -DSHOW_ALL_VARS_USED=0 -DCONFIG_BUF_LEN=65536 -DMAX_DOMAINS_F=21 -DMAX_HISTORY=25 -DNMM_NEST=0  -I. -traditional-cpp -DUSE_NETCDF4_FEATURES -DWRFIO_NCD_LARGE_FILE_SUPPORT   ../frame/module_intermediate_nmm.G  > ../frame/module_intermediate_nmm.bb
/global/scratch/users/adamwise/compiling/WRFv4.4-DRM_real_GAD_slices_CPM/tools/standard.exe ../frame/module_intermediate_nmm.bb | /lib/cpp -P -nostdinc -traditional-cpp -DUSE_NETCDF4_FEATURES -DWRFIO_NCD_LARGE_FILE_SUPPORT > ../frame/module_intermediate_nmm.f90
rm -f ../frame/module_intermediate_nmm.G ../frame/module_intermediate_nmm.bb
time mpif90 -f90=ifort -o ../frame/module_intermediate_nmm.o -c -O3 -ip -fp-model precise -w -ftz -align all -fno-alias -FR -convert big_endian    -I../dyn_em  -I/global/scratch/users/adamwise/compiling/WRFv4.4-DRM_real_GAD_slices_CPM/external/esmf_time_f90  -I/global/scratch/users/adamwise/compiling/WRFv4.4-DRM_real_GAD_slices_CPM/main -I/global/scratch/users/adamwise/compiling/WRFv4.4-DRM_real_GAD_slices_CPM/external/io_netcdf -I/global/scratch/users/adamwise/compiling/WRFv4.4-DRM_real_GAD_slices_CPM/external/io_int -I/global/scratch/users/adamwise/compiling/WRFv4.4-DRM_real_GAD_slices_CPM/frame -I/global/scratch/users/adamwise/compiling/WRFv4.4-DRM_real_GAD_slices_CPM/share -I/global/scratch/users/adamwise/compiling/WRFv4.4-DRM_real_GAD_slices_CPM/phys -I/global/scratch/users/adamwise/compiling/WRFv4.4-DRM_real_GAD_slices_CPM/wrftladj -I/global/scratch/users/adamwise/compiling/WRFv4.4-DRM_real_GAD_slices_CPM/chem -I/global/scratch/users/adamwise/compiling/WRFv4.4-DRM_real_GAD_slices_CPM/inc -I/global/software/sl-7.x86_64/modules/intel/2016.4.072/netcdf/4.4.1.1-intel-s/include  -real-size `expr 8 \* 4` -i4  ../frame/module_intermediate_nmm.f90

real	0m0.504s
user	0m0.059s
sys	0m0.114s
rm -f module_bc.o
sed -e "s/^\!.*'.*//" -e "s/^ *\!.*'.*//" module_bc.F > module_bc.G
/lib/cpp -P -nostdinc -I/global/scratch/users/adamwise/compiling/WRFv4.4-DRM_real_GAD_slices_CPM/inc -DEM_CORE=1 -DNMM_CORE=0 -DNMM_MAX_DIM=2600 -DDA_CORE=0 -DWRFPLUS=0 -DIWORDSIZE=4 -DDWORDSIZE=8 -DRWORDSIZE=4 -DLWORDSIZE=4 -DNONSTANDARD_SYSTEM_FUNC  -DWRF_USE_CLM -DUSE_NETCDF4_FEATURES -DWRFIO_NCD_LARGE_FILE_SUPPORT  -DDM_PARALLEL -DNETCDF -DLANDREAD_STUB=1 -DUSE_ALLOCATABLES -Dwrfmodel -DGRIB1 -DINTIO -DKEEP_INT_AROUND -DLIMIT_ARGS -DBUILD_RRTMG_FAST=0 -DBUILD_RRTMK=0 -DBUILD_SBM_FAST=1 -DSHOW_ALL_VARS_USED=0 -DCONFIG_BUF_LEN=65536 -DMAX_DOMAINS_F=21 -DMAX_HISTORY=25 -DNMM_NEST=0  -I. -traditional-cpp -DUSE_NETCDF4_FEATURES -DWRFIO_NCD_LARGE_FILE_SUPPORT   module_bc.G  > module_bc.bb
/global/scratch/users/adamwise/compiling/WRFv4.4-DRM_real_GAD_slices_CPM/tools/standard.exe module_bc.bb | /lib/cpp -P -nostdinc -traditional-cpp -DUSE_NETCDF4_FEATURES -DWRFIO_NCD_LARGE_FILE_SUPPORT > module_bc.f90
rm -f module_bc.G module_bc.bb
time mpif90 -f90=ifort -o module_bc.o -c -O3 -ip -fp-model precise -w -ftz -align all -fno-alias -FR -convert big_endian    -I../dyn_em  -I/global/scratch/users/adamwise/compiling/WRFv4.4-DRM_real_GAD_slices_CPM/external/esmf_time_f90  -I/global/scratch/users/adamwise/compiling/WRFv4.4-DRM_real_GAD_slices_CPM/main -I/global/scratch/users/adamwise/compiling/WRFv4.4-DRM_real_GAD_slices_CPM/external/io_netcdf -I/global/scratch/users/adamwise/compiling/WRFv4.4-DRM_real_GAD_slices_CPM/external/io_int -I/global/scratch/users/adamwise/compiling/WRFv4.4-DRM_real_GAD_slices_CPM/frame -I/global/scratch/users/adamwise/compiling/WRFv4.4-DRM_real_GAD_slices_CPM/share -I/global/scratch/users/adamwise/compiling/WRFv4.4-DRM_real_GAD_slices_CPM/phys -I/global/scratch/users/adamwise/compiling/WRFv4.4-DRM_real_GAD_slices_CPM/wrftladj -I/global/scratch/users/adamwise/compiling/WRFv4.4-DRM_real_GAD_slices_CPM/chem -I/global/scratch/users/adamwise/compiling/WRFv4.4-DRM_real_GAD_slices_CPM/inc -I/global/software/sl-7.x86_64/modules/intel/2016.4.072/netcdf/4.4.1.1-intel-s/include  -real-size `expr 8 \* 4` -i4  module_bc.f90

real	0m3.623s
user	0m3.032s
sys	0m0.268s
rm -f module_io_wrf.o
/global/scratch/users/adamwise/compiling/WRFv4.4-DRM_real_GAD_slices_CPM/tools/standard.exe module_io_wrf.F > module_io_wrf.b 
/lib/cpp -P -nostdinc -I/global/scratch/users/adamwise/compiling/WRFv4.4-DRM_real_GAD_slices_CPM/inc -DEM_CORE=1 -DNMM_CORE=0 -DNMM_MAX_DIM=2600 -DDA_CORE=0 -DWRFPLUS=0 -DIWORDSIZE=4 -DDWORDSIZE=8 -DRWORDSIZE=4 -DLWORDSIZE=4 -DNONSTANDARD_SYSTEM_FUNC  -DWRF_USE_CLM -DUSE_NETCDF4_FEATURES -DWRFIO_NCD_LARGE_FILE_SUPPORT  -DDM_PARALLEL -DNETCDF -DLANDREAD_STUB=1 -DUSE_ALLOCATABLES -Dwrfmodel -DGRIB1 -DINTIO -DKEEP_INT_AROUND -DLIMIT_ARGS -DBUILD_RRTMG_FAST=0 -DBUILD_RRTMK=0 -DBUILD_SBM_FAST=1 -DSHOW_ALL_VARS_USED=0 -DCONFIG_BUF_LEN=65536 -DMAX_DOMAINS_F=21 -DMAX_HISTORY=25 -DNMM_NEST=0  -I. -traditional-cpp -DUSE_NETCDF4_FEATURES -DWRFIO_NCD_LARGE_FILE_SUPPORT   module_io_wrf.b  > module_io_wrf.f90
rm -f module_io_wrf.b
if fgrep -iq '!$OMP' module_io_wrf.f90 ; then \
          if [ -n "" ] ; then echo COMPILING module_io_wrf.F WITH OMP ; fi ; \
  time mpif90 -f90=ifort -c -real-size `expr 8 \* 4` -i4 -O0 -fno-inline -no-ip -ip -fp-model precise -w -ftz -align all -fno-alias -FR -convert big_endian   -I../dyn_em  -I/global/scratch/users/adamwise/compiling/WRFv4.4-DRM_real_GAD_slices_CPM/external/esmf_time_f90  -I/global/scratch/users/adamwise/compiling/WRFv4.4-DRM_real_GAD_slices_CPM/main -I/global/scratch/users/adamwise/compiling/WRFv4.4-DRM_real_GAD_slices_CPM/external/io_netcdf -I/global/scratch/users/adamwise/compiling/WRFv4.4-DRM_real_GAD_slices_CPM/external/io_int -I/global/scratch/users/adamwise/compiling/WRFv4.4-DRM_real_GAD_slices_CPM/frame -I/global/scratch/users/adamwise/compiling/WRFv4.4-DRM_real_GAD_slices_CPM/share -I/global/scratch/users/adamwise/compiling/WRFv4.4-DRM_real_GAD_slices_CPM/phys -I/global/scratch/users/adamwise/compiling/WRFv4.4-DRM_real_GAD_slices_CPM/wrftladj -I/global/scratch/users/adamwise/compiling/WRFv4.4-DRM_real_GAD_slices_CPM/chem -I/global/scratch/users/adamwise/compiling/WRFv4.4-DRM_real_GAD_slices_CPM/inc -I/global/software/sl-7.x86_64/modules/intel/2016.4.072/netcdf/4.4.1.1-intel-s/include    module_io_wrf.f90 ; \
        else \
          if [ -n "" ] ; then echo COMPILING module_io_wrf.F WITHOUT OMP ; fi ; \
  time mpif90 -f90=ifort -c -real-size `expr 8 \* 4` -i4 -O0 -fno-inline -no-ip -ip -fp-model precise -w -ftz -align all -fno-alias -FR -convert big_endian   -I../dyn_em  -I/global/scratch/users/adamwise/compiling/WRFv4.4-DRM_real_GAD_slices_CPM/external/esmf_time_f90  -I/global/scratch/users/adamwise/compiling/WRFv4.4-DRM_real_GAD_slices_CPM/main -I/global/scratch/users/adamwise/compiling/WRFv4.4-DRM_real_GAD_slices_CPM/external/io_netcdf -I/global/scratch/users/adamwise/compiling/WRFv4.4-DRM_real_GAD_slices_CPM/external/io_int -I/global/scratch/users/adamwise/compiling/WRFv4.4-DRM_real_GAD_slices_CPM/frame -I/global/scratch/users/adamwise/compiling/WRFv4.4-DRM_real_GAD_slices_CPM/share -I/global/scratch/users/adamwise/compiling/WRFv4.4-DRM_real_GAD_slices_CPM/phys -I/global/scratch/users/adamwise/compiling/WRFv4.4-DRM_real_GAD_slices_CPM/wrftladj -I/global/scratch/users/adamwise/compiling/WRFv4.4-DRM_real_GAD_slices_CPM/chem -I/global/scratch/users/adamwise/compiling/WRFv4.4-DRM_real_GAD_slices_CPM/inc -I/global/software/sl-7.x86_64/modules/intel/2016.4.072/netcdf/4.4.1.1-intel-s/include   module_io_wrf.f90 ; \
        fi

real	0m0.384s
user	0m0.064s
sys	0m0.093s
rm -f module_soil_pre.o
sed -e "s/^\!.*'.*//" -e "s/^ *\!.*'.*//" module_soil_pre.F > module_soil_pre.G
/lib/cpp -P -nostdinc -I/global/scratch/users/adamwise/compiling/WRFv4.4-DRM_real_GAD_slices_CPM/inc -DEM_CORE=1 -DNMM_CORE=0 -DNMM_MAX_DIM=2600 -DDA_CORE=0 -DWRFPLUS=0 -DIWORDSIZE=4 -DDWORDSIZE=8 -DRWORDSIZE=4 -DLWORDSIZE=4 -DNONSTANDARD_SYSTEM_FUNC  -DWRF_USE_CLM -DUSE_NETCDF4_FEATURES -DWRFIO_NCD_LARGE_FILE_SUPPORT  -DDM_PARALLEL -DNETCDF -DLANDREAD_STUB=1 -DUSE_ALLOCATABLES -Dwrfmodel -DGRIB1 -DINTIO -DKEEP_INT_AROUND -DLIMIT_ARGS -DBUILD_RRTMG_FAST=0 -DBUILD_RRTMK=0 -DBUILD_SBM_FAST=1 -DSHOW_ALL_VARS_USED=0 -DCONFIG_BUF_LEN=65536 -DMAX_DOMAINS_F=21 -DMAX_HISTORY=25 -DNMM_NEST=0  -I. -traditional-cpp -DUSE_NETCDF4_FEATURES -DWRFIO_NCD_LARGE_FILE_SUPPORT   module_soil_pre.G  > module_soil_pre.bb
/global/scratch/users/adamwise/compiling/WRFv4.4-DRM_real_GAD_slices_CPM/tools/standard.exe module_soil_pre.bb | /lib/cpp -P -nostdinc -traditional-cpp -DUSE_NETCDF4_FEATURES -DWRFIO_NCD_LARGE_FILE_SUPPORT > module_soil_pre.f90
rm -f module_soil_pre.G module_soil_pre.bb
time mpif90 -f90=ifort -o module_soil_pre.o -c -O3 -ip -fp-model precise -w -ftz -align all -fno-alias -FR -convert big_endian    -I../dyn_em  -I/global/scratch/users/adamwise/compiling/WRFv4.4-DRM_real_GAD_slices_CPM/external/esmf_time_f90  -I/global/scratch/users/adamwise/compiling/WRFv4.4-DRM_real_GAD_slices_CPM/main -I/global/scratch/users/adamwise/compiling/WRFv4.4-DRM_real_GAD_slices_CPM/external/io_netcdf -I/global/scratch/users/adamwise/compiling/WRFv4.4-DRM_real_GAD_slices_CPM/external/io_int -I/global/scratch/users/adamwise/compiling/WRFv4.4-DRM_real_GAD_slices_CPM/frame -I/global/scratch/users/adamwise/compiling/WRFv4.4-DRM_real_GAD_slices_CPM/share -I/global/scratch/users/adamwise/compiling/WRFv4.4-DRM_real_GAD_slices_CPM/phys -I/global/scratch/users/adamwise/compiling/WRFv4.4-DRM_real_GAD_slices_CPM/wrftladj -I/global/scratch/users/adamwise/compiling/WRFv4.4-DRM_real_GAD_slices_CPM/chem -I/global/scratch/users/adamwise/compiling/WRFv4.4-DRM_real_GAD_slices_CPM/inc -I/global/software/sl-7.x86_64/modules/intel/2016.4.072/netcdf/4.4.1.1-intel-s/include  -real-size `expr 8 \* 4` -i4  module_soil_pre.f90

real	0m4.607s
user	0m4.232s
sys	0m0.148s
rm -f wrf_tsin.o
/global/scratch/users/adamwise/compiling/WRFv4.4-DRM_real_GAD_slices_CPM/tools/standard.exe wrf_tsin.F > wrf_tsin.b 
/lib/cpp -P -nostdinc -I/global/scratch/users/adamwise/compiling/WRFv4.4-DRM_real_GAD_slices_CPM/inc -DEM_CORE=1 -DNMM_CORE=0 -DNMM_MAX_DIM=2600 -DDA_CORE=0 -DWRFPLUS=0 -DIWORDSIZE=4 -DDWORDSIZE=8 -DRWORDSIZE=4 -DLWORDSIZE=4 -DNONSTANDARD_SYSTEM_FUNC  -DWRF_USE_CLM -DUSE_NETCDF4_FEATURES -DWRFIO_NCD_LARGE_FILE_SUPPORT  -DDM_PARALLEL -DNETCDF -DLANDREAD_STUB=1 -DUSE_ALLOCATABLES -Dwrfmodel -DGRIB1 -DINTIO -DKEEP_INT_AROUND -DLIMIT_ARGS -DBUILD_RRTMG_FAST=0 -DBUILD_RRTMK=0 -DBUILD_SBM_FAST=1 -DSHOW_ALL_VARS_USED=0 -DCONFIG_BUF_LEN=65536 -DMAX_DOMAINS_F=21 -DMAX_HISTORY=25 -DNMM_NEST=0  -I. -traditional-cpp -DUSE_NETCDF4_FEATURES -DWRFIO_NCD_LARGE_FILE_SUPPORT   wrf_tsin.b  > wrf_tsin.f90
rm -f wrf_tsin.b
if fgrep -iq '!$OMP' wrf_tsin.f90 ; then \
          if [ -n "" ] ; then echo COMPILING wrf_tsin.F WITH OMP ; fi ; \
  time mpif90 -f90=ifort -c -real-size `expr 8 \* 4` -i4 -O0 -fno-inline -no-ip -ip -fp-model precise -w -ftz -align all -fno-alias -FR -convert big_endian   -I../dyn_em  -I/global/scratch/users/adamwise/compiling/WRFv4.4-DRM_real_GAD_slices_CPM/external/esmf_time_f90  -I/global/scratch/users/adamwise/compiling/WRFv4.4-DRM_real_GAD_slices_CPM/main -I/global/scratch/users/adamwise/compiling/WRFv4.4-DRM_real_GAD_slices_CPM/external/io_netcdf -I/global/scratch/users/adamwise/compiling/WRFv4.4-DRM_real_GAD_slices_CPM/external/io_int -I/global/scratch/users/adamwise/compiling/WRFv4.4-DRM_real_GAD_slices_CPM/frame -I/global/scratch/users/adamwise/compiling/WRFv4.4-DRM_real_GAD_slices_CPM/share -I/global/scratch/users/adamwise/compiling/WRFv4.4-DRM_real_GAD_slices_CPM/phys -I/global/scratch/users/adamwise/compiling/WRFv4.4-DRM_real_GAD_slices_CPM/wrftladj -I/global/scratch/users/adamwise/compiling/WRFv4.4-DRM_real_GAD_slices_CPM/chem -I/global/scratch/users/adamwise/compiling/WRFv4.4-DRM_real_GAD_slices_CPM/inc -I/global/software/sl-7.x86_64/modules/intel/2016.4.072/netcdf/4.4.1.1-intel-s/include    wrf_tsin.f90 ; \
        else \
          if [ -n "" ] ; then echo COMPILING wrf_tsin.F WITHOUT OMP ; fi ; \
  time mpif90 -f90=ifort -c -real-size `expr 8 \* 4` -i4 -O0 -fno-inline -no-ip -ip -fp-model precise -w -ftz -align all -fno-alias -FR -convert big_endian   -I../dyn_em  -I/global/scratch/users/adamwise/compiling/WRFv4.4-DRM_real_GAD_slices_CPM/external/esmf_time_f90  -I/global/scratch/users/adamwise/compiling/WRFv4.4-DRM_real_GAD_slices_CPM/main -I/global/scratch/users/adamwise/compiling/WRFv4.4-DRM_real_GAD_slices_CPM/external/io_netcdf -I/global/scratch/users/adamwise/compiling/WRFv4.4-DRM_real_GAD_slices_CPM/external/io_int -I/global/scratch/users/adamwise/compiling/WRFv4.4-DRM_real_GAD_slices_CPM/frame -I/global/scratch/users/adamwise/compiling/WRFv4.4-DRM_real_GAD_slices_CPM/share -I/global/scratch/users/adamwise/compiling/WRFv4.4-DRM_real_GAD_slices_CPM/phys -I/global/scratch/users/adamwise/compiling/WRFv4.4-DRM_real_GAD_slices_CPM/wrftladj -I/global/scratch/users/adamwise/compiling/WRFv4.4-DRM_real_GAD_slices_CPM/chem -I/global/scratch/users/adamwise/compiling/WRFv4.4-DRM_real_GAD_slices_CPM/inc -I/global/software/sl-7.x86_64/modules/intel/2016.4.072/netcdf/4.4.1.1-intel-s/include   wrf_tsin.f90 ; \
        fi

real	0m0.810s
user	0m0.432s
sys	0m0.142s
rm -f track_input.o
sed -e "s/^\!.*'.*//" -e "s/^ *\!.*'.*//" track_input.F > track_input.G
/lib/cpp -P -nostdinc -I/global/scratch/users/adamwise/compiling/WRFv4.4-DRM_real_GAD_slices_CPM/inc -DEM_CORE=1 -DNMM_CORE=0 -DNMM_MAX_DIM=2600 -DDA_CORE=0 -DWRFPLUS=0 -DIWORDSIZE=4 -DDWORDSIZE=8 -DRWORDSIZE=4 -DLWORDSIZE=4 -DNONSTANDARD_SYSTEM_FUNC  -DWRF_USE_CLM -DUSE_NETCDF4_FEATURES -DWRFIO_NCD_LARGE_FILE_SUPPORT  -DDM_PARALLEL -DNETCDF -DLANDREAD_STUB=1 -DUSE_ALLOCATABLES -Dwrfmodel -DGRIB1 -DINTIO -DKEEP_INT_AROUND -DLIMIT_ARGS -DBUILD_RRTMG_FAST=0 -DBUILD_RRTMK=0 -DBUILD_SBM_FAST=1 -DSHOW_ALL_VARS_USED=0 -DCONFIG_BUF_LEN=65536 -DMAX_DOMAINS_F=21 -DMAX_HISTORY=25 -DNMM_NEST=0  -I. -traditional-cpp -DUSE_NETCDF4_FEATURES -DWRFIO_NCD_LARGE_FILE_SUPPORT   track_input.G  > track_input.bb
/global/scratch/users/adamwise/compiling/WRFv4.4-DRM_real_GAD_slices_CPM/tools/standard.exe track_input.bb | /lib/cpp -P -nostdinc -traditional-cpp -DUSE_NETCDF4_FEATURES -DWRFIO_NCD_LARGE_FILE_SUPPORT > track_input.f90
rm -f track_input.G track_input.bb
time mpif90 -f90=ifort -o track_input.o -c -O3 -ip -fp-model precise -w -ftz -align all -fno-alias -FR -convert big_endian    -I../dyn_em  -I/global/scratch/users/adamwise/compiling/WRFv4.4-DRM_real_GAD_slices_CPM/external/esmf_time_f90  -I/global/scratch/users/adamwise/compiling/WRFv4.4-DRM_real_GAD_slices_CPM/main -I/global/scratch/users/adamwise/compiling/WRFv4.4-DRM_real_GAD_slices_CPM/external/io_netcdf -I/global/scratch/users/adamwise/compiling/WRFv4.4-DRM_real_GAD_slices_CPM/external/io_int -I/global/scratch/users/adamwise/compiling/WRFv4.4-DRM_real_GAD_slices_CPM/frame -I/global/scratch/users/adamwise/compiling/WRFv4.4-DRM_real_GAD_slices_CPM/share -I/global/scratch/users/adamwise/compiling/WRFv4.4-DRM_real_GAD_slices_CPM/phys -I/global/scratch/users/adamwise/compiling/WRFv4.4-DRM_real_GAD_slices_CPM/wrftladj -I/global/scratch/users/adamwise/compiling/WRFv4.4-DRM_real_GAD_slices_CPM/chem -I/global/scratch/users/adamwise/compiling/WRFv4.4-DRM_real_GAD_slices_CPM/inc -I/global/software/sl-7.x86_64/modules/intel/2016.4.072/netcdf/4.4.1.1-intel-s/include  -real-size `expr 8 \* 4` -i4  track_input.f90

real	0m1.055s
user	0m0.689s
sys	0m0.147s
rm -f set_timekeeping.o
sed -e "s/^\!.*'.*//" -e "s/^ *\!.*'.*//" set_timekeeping.F > set_timekeeping.G
/lib/cpp -P -nostdinc -I/global/scratch/users/adamwise/compiling/WRFv4.4-DRM_real_GAD_slices_CPM/inc -DEM_CORE=1 -DNMM_CORE=0 -DNMM_MAX_DIM=2600 -DDA_CORE=0 -DWRFPLUS=0 -DIWORDSIZE=4 -DDWORDSIZE=8 -DRWORDSIZE=4 -DLWORDSIZE=4 -DNONSTANDARD_SYSTEM_FUNC  -DWRF_USE_CLM -DUSE_NETCDF4_FEATURES -DWRFIO_NCD_LARGE_FILE_SUPPORT  -DDM_PARALLEL -DNETCDF -DLANDREAD_STUB=1 -DUSE_ALLOCATABLES -Dwrfmodel -DGRIB1 -DINTIO -DKEEP_INT_AROUND -DLIMIT_ARGS -DBUILD_RRTMG_FAST=0 -DBUILD_RRTMK=0 -DBUILD_SBM_FAST=1 -DSHOW_ALL_VARS_USED=0 -DCONFIG_BUF_LEN=65536 -DMAX_DOMAINS_F=21 -DMAX_HISTORY=25 -DNMM_NEST=0  -I. -traditional-cpp -DUSE_NETCDF4_FEATURES -DWRFIO_NCD_LARGE_FILE_SUPPORT   set_timekeeping.G  > set_timekeeping.bb
/global/scratch/users/adamwise/compiling/WRFv4.4-DRM_real_GAD_slices_CPM/tools/standard.exe set_timekeeping.bb | /lib/cpp -P -nostdinc -traditional-cpp -DUSE_NETCDF4_FEATURES -DWRFIO_NCD_LARGE_FILE_SUPPORT > set_timekeeping.f90
rm -f set_timekeeping.G set_timekeeping.bb
time mpif90 -f90=ifort -o set_timekeeping.o -c -O3 -ip -fp-model precise -w -ftz -align all -fno-alias -FR -convert big_endian    -I../dyn_em  -I/global/scratch/users/adamwise/compiling/WRFv4.4-DRM_real_GAD_slices_CPM/external/esmf_time_f90  -I/global/scratch/users/adamwise/compiling/WRFv4.4-DRM_real_GAD_slices_CPM/main -I/global/scratch/users/adamwise/compiling/WRFv4.4-DRM_real_GAD_slices_CPM/external/io_netcdf -I/global/scratch/users/adamwise/compiling/WRFv4.4-DRM_real_GAD_slices_CPM/external/io_int -I/global/scratch/users/adamwise/compiling/WRFv4.4-DRM_real_GAD_slices_CPM/frame -I/global/scratch/users/adamwise/compiling/WRFv4.4-DRM_real_GAD_slices_CPM/share -I/global/scratch/users/adamwise/compiling/WRFv4.4-DRM_real_GAD_slices_CPM/phys -I/global/scratch/users/adamwise/compiling/WRFv4.4-DRM_real_GAD_slices_CPM/wrftladj -I/global/scratch/users/adamwise/compiling/WRFv4.4-DRM_real_GAD_slices_CPM/chem -I/global/scratch/users/adamwise/compiling/WRFv4.4-DRM_real_GAD_slices_CPM/inc -I/global/software/sl-7.x86_64/modules/intel/2016.4.072/netcdf/4.4.1.1-intel-s/include  -real-size `expr 8 \* 4` -i4  set_timekeeping.f90

real	0m5.726s
user	0m5.246s
sys	0m0.240s
rm -f sint.o
sed -e "s/^\!.*'.*//" -e "s/^ *\!.*'.*//" sint.F > sint.G
/lib/cpp -P -nostdinc -I/global/scratch/users/adamwise/compiling/WRFv4.4-DRM_real_GAD_slices_CPM/inc -DEM_CORE=1 -DNMM_CORE=0 -DNMM_MAX_DIM=2600 -DDA_CORE=0 -DWRFPLUS=0 -DIWORDSIZE=4 -DDWORDSIZE=8 -DRWORDSIZE=4 -DLWORDSIZE=4 -DNONSTANDARD_SYSTEM_FUNC  -DWRF_USE_CLM -DUSE_NETCDF4_FEATURES -DWRFIO_NCD_LARGE_FILE_SUPPORT  -DDM_PARALLEL -DNETCDF -DLANDREAD_STUB=1 -DUSE_ALLOCATABLES -Dwrfmodel -DGRIB1 -DINTIO -DKEEP_INT_AROUND -DLIMIT_ARGS -DBUILD_RRTMG_FAST=0 -DBUILD_RRTMK=0 -DBUILD_SBM_FAST=1 -DSHOW_ALL_VARS_USED=0 -DCONFIG_BUF_LEN=65536 -DMAX_DOMAINS_F=21 -DMAX_HISTORY=25 -DNMM_NEST=0  -I. -traditional-cpp -DUSE_NETCDF4_FEATURES -DWRFIO_NCD_LARGE_FILE_SUPPORT   sint.G  > sint.bb
/global/scratch/users/adamwise/compiling/WRFv4.4-DRM_real_GAD_slices_CPM/tools/standard.exe sint.bb | /lib/cpp -P -nostdinc -traditional-cpp -DUSE_NETCDF4_FEATURES -DWRFIO_NCD_LARGE_FILE_SUPPORT > sint.f90
rm -f sint.G sint.bb
time mpif90 -f90=ifort -o sint.o -c -O3 -ip -fp-model precise -w -ftz -align all -fno-alias -FR -convert big_endian    -I../dyn_em  -I/global/scratch/users/adamwise/compiling/WRFv4.4-DRM_real_GAD_slices_CPM/external/esmf_time_f90  -I/global/scratch/users/adamwise/compiling/WRFv4.4-DRM_real_GAD_slices_CPM/main -I/global/scratch/users/adamwise/compiling/WRFv4.4-DRM_real_GAD_slices_CPM/external/io_netcdf -I/global/scratch/users/adamwise/compiling/WRFv4.4-DRM_real_GAD_slices_CPM/external/io_int -I/global/scratch/users/adamwise/compiling/WRFv4.4-DRM_real_GAD_slices_CPM/frame -I/global/scratch/users/adamwise/compiling/WRFv4.4-DRM_real_GAD_slices_CPM/share -I/global/scratch/users/adamwise/compiling/WRFv4.4-DRM_real_GAD_slices_CPM/phys -I/global/scratch/users/adamwise/compiling/WRFv4.4-DRM_real_GAD_slices_CPM/wrftladj -I/global/scratch/users/adamwise/compiling/WRFv4.4-DRM_real_GAD_slices_CPM/chem -I/global/scratch/users/adamwise/compiling/WRFv4.4-DRM_real_GAD_slices_CPM/inc -I/global/software/sl-7.x86_64/modules/intel/2016.4.072/netcdf/4.4.1.1-intel-s/include  -real-size `expr 8 \* 4` -i4  sint.f90

real	0m13.525s
user	0m13.010s
sys	0m0.213s
rm -f wrf_ext_write_field.o
/lib/cpp -P -nostdinc -I/global/scratch/users/adamwise/compiling/WRFv4.4-DRM_real_GAD_slices_CPM/inc -DEM_CORE=1 -DNMM_CORE=0 -DNMM_MAX_DIM=2600 -DDA_CORE=0 -DWRFPLUS=0 -DIWORDSIZE=4 -DDWORDSIZE=8 -DRWORDSIZE=4 -DLWORDSIZE=4 -DNONSTANDARD_SYSTEM_FUNC  -DWRF_USE_CLM -DUSE_NETCDF4_FEATURES -DWRFIO_NCD_LARGE_FILE_SUPPORT  -DDM_PARALLEL -DNETCDF -DLANDREAD_STUB=1 -DUSE_ALLOCATABLES -Dwrfmodel -DGRIB1 -DINTIO -DKEEP_INT_AROUND -DLIMIT_ARGS -DBUILD_RRTMG_FAST=0 -DBUILD_RRTMK=0 -DBUILD_SBM_FAST=1 -DSHOW_ALL_VARS_USED=0 -DCONFIG_BUF_LEN=65536 -DMAX_DOMAINS_F=21 -DMAX_HISTORY=25 -DNMM_NEST=0  -I. -traditional-cpp -DUSE_NETCDF4_FEATURES -DWRFIO_NCD_LARGE_FILE_SUPPORT   wrf_ext_write_field.F  > wrf_ext_write_field.bb
/global/scratch/users/adamwise/compiling/WRFv4.4-DRM_real_GAD_slices_CPM/tools/standard.exe wrf_ext_write_field.bb | /lib/cpp -P -nostdinc -traditional-cpp -DUSE_NETCDF4_FEATURES -DWRFIO_NCD_LARGE_FILE_SUPPORT > wrf_ext_write_field.f90
rm -f wrf_ext_write_field.b wrf_ext_write_field.bb
time mpif90 -f90=ifort -c -real-size `expr 8 \* 4` -i4  -O0 -fno-inline -no-ip -ip -fp-model precise -w -ftz -align all -fno-alias -FR -convert big_endian   -I../dyn_em  -I/global/scratch/users/adamwise/compiling/WRFv4.4-DRM_real_GAD_slices_CPM/external/esmf_time_f90  -I/global/scratch/users/adamwise/compiling/WRFv4.4-DRM_real_GAD_slices_CPM/main -I/global/scratch/users/adamwise/compiling/WRFv4.4-DRM_real_GAD_slices_CPM/external/io_netcdf -I/global/scratch/users/adamwise/compiling/WRFv4.4-DRM_real_GAD_slices_CPM/external/io_int -I/global/scratch/users/adamwise/compiling/WRFv4.4-DRM_real_GAD_slices_CPM/frame -I/global/scratch/users/adamwise/compiling/WRFv4.4-DRM_real_GAD_slices_CPM/share -I/global/scratch/users/adamwise/compiling/WRFv4.4-DRM_real_GAD_slices_CPM/phys -I/global/scratch/users/adamwise/compiling/WRFv4.4-DRM_real_GAD_slices_CPM/wrftladj -I/global/scratch/users/adamwise/compiling/WRFv4.4-DRM_real_GAD_slices_CPM/chem -I/global/scratch/users/adamwise/compiling/WRFv4.4-DRM_real_GAD_slices_CPM/inc -I/global/software/sl-7.x86_64/modules/intel/2016.4.072/netcdf/4.4.1.1-intel-s/include  wrf_ext_write_field.f90

real	0m1.103s
user	0m0.788s
sys	0m0.110s
rm -f wrf_ext_read_field.o
/lib/cpp -P -nostdinc -I/global/scratch/users/adamwise/compiling/WRFv4.4-DRM_real_GAD_slices_CPM/inc -DEM_CORE=1 -DNMM_CORE=0 -DNMM_MAX_DIM=2600 -DDA_CORE=0 -DWRFPLUS=0 -DIWORDSIZE=4 -DDWORDSIZE=8 -DRWORDSIZE=4 -DLWORDSIZE=4 -DNONSTANDARD_SYSTEM_FUNC  -DWRF_USE_CLM -DUSE_NETCDF4_FEATURES -DWRFIO_NCD_LARGE_FILE_SUPPORT  -DDM_PARALLEL -DNETCDF -DLANDREAD_STUB=1 -DUSE_ALLOCATABLES -Dwrfmodel -DGRIB1 -DINTIO -DKEEP_INT_AROUND -DLIMIT_ARGS -DBUILD_RRTMG_FAST=0 -DBUILD_RRTMK=0 -DBUILD_SBM_FAST=1 -DSHOW_ALL_VARS_USED=0 -DCONFIG_BUF_LEN=65536 -DMAX_DOMAINS_F=21 -DMAX_HISTORY=25 -DNMM_NEST=0  -I. -traditional-cpp -DUSE_NETCDF4_FEATURES -DWRFIO_NCD_LARGE_FILE_SUPPORT   wrf_ext_read_field.F  > wrf_ext_read_field.bb
/global/scratch/users/adamwise/compiling/WRFv4.4-DRM_real_GAD_slices_CPM/tools/standard.exe wrf_ext_read_field.bb | /lib/cpp -P -nostdinc -traditional-cpp -DUSE_NETCDF4_FEATURES -DWRFIO_NCD_LARGE_FILE_SUPPORT > wrf_ext_read_field.f90
rm -f wrf_ext_read_field.b wrf_ext_read_field.bb
time mpif90 -f90=ifort -c -real-size `expr 8 \* 4` -i4  -O0 -fno-inline -no-ip -ip -fp-model precise -w -ftz -align all -fno-alias -FR -convert big_endian   -I../dyn_em  -I/global/scratch/users/adamwise/compiling/WRFv4.4-DRM_real_GAD_slices_CPM/external/esmf_time_f90  -I/global/scratch/users/adamwise/compiling/WRFv4.4-DRM_real_GAD_slices_CPM/main -I/global/scratch/users/adamwise/compiling/WRFv4.4-DRM_real_GAD_slices_CPM/external/io_netcdf -I/global/scratch/users/adamwise/compiling/WRFv4.4-DRM_real_GAD_slices_CPM/external/io_int -I/global/scratch/users/adamwise/compiling/WRFv4.4-DRM_real_GAD_slices_CPM/frame -I/global/scratch/users/adamwise/compiling/WRFv4.4-DRM_real_GAD_slices_CPM/share -I/global/scratch/users/adamwise/compiling/WRFv4.4-DRM_real_GAD_slices_CPM/phys -I/global/scratch/users/adamwise/compiling/WRFv4.4-DRM_real_GAD_slices_CPM/wrftladj -I/global/scratch/users/adamwise/compiling/WRFv4.4-DRM_real_GAD_slices_CPM/chem -I/global/scratch/users/adamwise/compiling/WRFv4.4-DRM_real_GAD_slices_CPM/inc -I/global/software/sl-7.x86_64/modules/intel/2016.4.072/netcdf/4.4.1.1-intel-s/include  wrf_ext_read_field.f90

real	0m0.850s
user	0m0.415s
sys	0m0.179s
rm -f module_io_domain.o
sed -e "s/^\!.*'.*//" -e "s/^ *\!.*'.*//" module_io_domain.F > module_io_domain.G
/lib/cpp -P -nostdinc -I/global/scratch/users/adamwise/compiling/WRFv4.4-DRM_real_GAD_slices_CPM/inc -DEM_CORE=1 -DNMM_CORE=0 -DNMM_MAX_DIM=2600 -DDA_CORE=0 -DWRFPLUS=0 -DIWORDSIZE=4 -DDWORDSIZE=8 -DRWORDSIZE=4 -DLWORDSIZE=4 -DNONSTANDARD_SYSTEM_FUNC  -DWRF_USE_CLM -DUSE_NETCDF4_FEATURES -DWRFIO_NCD_LARGE_FILE_SUPPORT  -DDM_PARALLEL -DNETCDF -DLANDREAD_STUB=1 -DUSE_ALLOCATABLES -Dwrfmodel -DGRIB1 -DINTIO -DKEEP_INT_AROUND -DLIMIT_ARGS -DBUILD_RRTMG_FAST=0 -DBUILD_RRTMK=0 -DBUILD_SBM_FAST=1 -DSHOW_ALL_VARS_USED=0 -DCONFIG_BUF_LEN=65536 -DMAX_DOMAINS_F=21 -DMAX_HISTORY=25 -DNMM_NEST=0  -I. -traditional-cpp -DUSE_NETCDF4_FEATURES -DWRFIO_NCD_LARGE_FILE_SUPPORT   module_io_domain.G  > module_io_domain.bb
/global/scratch/users/adamwise/compiling/WRFv4.4-DRM_real_GAD_slices_CPM/tools/standard.exe module_io_domain.bb | /lib/cpp -P -nostdinc -traditional-cpp -DUSE_NETCDF4_FEATURES -DWRFIO_NCD_LARGE_FILE_SUPPORT > module_io_domain.f90
rm -f module_io_domain.G module_io_domain.bb
time mpif90 -f90=ifort -o module_io_domain.o -c -O3 -ip -fp-model precise -w -ftz -align all -fno-alias -FR -convert big_endian    -I../dyn_em  -I/global/scratch/users/adamwise/compiling/WRFv4.4-DRM_real_GAD_slices_CPM/external/esmf_time_f90  -I/global/scratch/users/adamwise/compiling/WRFv4.4-DRM_real_GAD_slices_CPM/main -I/global/scratch/users/adamwise/compiling/WRFv4.4-DRM_real_GAD_slices_CPM/external/io_netcdf -I/global/scratch/users/adamwise/compiling/WRFv4.4-DRM_real_GAD_slices_CPM/external/io_int -I/global/scratch/users/adamwise/compiling/WRFv4.4-DRM_real_GAD_slices_CPM/frame -I/global/scratch/users/adamwise/compiling/WRFv4.4-DRM_real_GAD_slices_CPM/share -I/global/scratch/users/adamwise/compiling/WRFv4.4-DRM_real_GAD_slices_CPM/phys -I/global/scratch/users/adamwise/compiling/WRFv4.4-DRM_real_GAD_slices_CPM/wrftladj -I/global/scratch/users/adamwise/compiling/WRFv4.4-DRM_real_GAD_slices_CPM/chem -I/global/scratch/users/adamwise/compiling/WRFv4.4-DRM_real_GAD_slices_CPM/inc -I/global/software/sl-7.x86_64/modules/intel/2016.4.072/netcdf/4.4.1.1-intel-s/include  -real-size `expr 8 \* 4` -i4  module_io_domain.f90

real	0m0.844s
user	0m0.400s
sys	0m0.198s
rm -f landread.o
mpicc -cc=icc -DFSEEKO64_OK  -o landread.o -c -w -O3 -ip -DRPC_TYPES=1  -DDM_PARALLEL -DLANDREAD_STUB=1 -DMAX_HISTORY=25 -DNMM_CORE=0 landread.c
rm -f wrf_fddaobs_in.o
/global/scratch/users/adamwise/compiling/WRFv4.4-DRM_real_GAD_slices_CPM/tools/standard.exe wrf_fddaobs_in.F > wrf_fddaobs_in.b 
/lib/cpp -P -nostdinc -I/global/scratch/users/adamwise/compiling/WRFv4.4-DRM_real_GAD_slices_CPM/inc -DEM_CORE=1 -DNMM_CORE=0 -DNMM_MAX_DIM=2600 -DDA_CORE=0 -DWRFPLUS=0 -DIWORDSIZE=4 -DDWORDSIZE=8 -DRWORDSIZE=4 -DLWORDSIZE=4 -DNONSTANDARD_SYSTEM_FUNC  -DWRF_USE_CLM -DUSE_NETCDF4_FEATURES -DWRFIO_NCD_LARGE_FILE_SUPPORT  -DDM_PARALLEL -DNETCDF -DLANDREAD_STUB=1 -DUSE_ALLOCATABLES -Dwrfmodel -DGRIB1 -DINTIO -DKEEP_INT_AROUND -DLIMIT_ARGS -DBUILD_RRTMG_FAST=0 -DBUILD_RRTMK=0 -DBUILD_SBM_FAST=1 -DSHOW_ALL_VARS_USED=0 -DCONFIG_BUF_LEN=65536 -DMAX_DOMAINS_F=21 -DMAX_HISTORY=25 -DNMM_NEST=0  -I. -traditional-cpp -DUSE_NETCDF4_FEATURES -DWRFIO_NCD_LARGE_FILE_SUPPORT   wrf_fddaobs_in.b  > wrf_fddaobs_in.f90
rm -f wrf_fddaobs_in.b
if fgrep -iq '!$OMP' wrf_fddaobs_in.f90 ; then \
          if [ -n "" ] ; then echo COMPILING wrf_fddaobs_in.F WITH OMP ; fi ; \
  time mpif90 -f90=ifort -c -real-size `expr 8 \* 4` -i4 -O0 -fno-inline -no-ip -ip -fp-model precise -w -ftz -align all -fno-alias -FR -convert big_endian   -I../dyn_em  -I/global/scratch/users/adamwise/compiling/WRFv4.4-DRM_real_GAD_slices_CPM/external/esmf_time_f90  -I/global/scratch/users/adamwise/compiling/WRFv4.4-DRM_real_GAD_slices_CPM/main -I/global/scratch/users/adamwise/compiling/WRFv4.4-DRM_real_GAD_slices_CPM/external/io_netcdf -I/global/scratch/users/adamwise/compiling/WRFv4.4-DRM_real_GAD_slices_CPM/external/io_int -I/global/scratch/users/adamwise/compiling/WRFv4.4-DRM_real_GAD_slices_CPM/frame -I/global/scratch/users/adamwise/compiling/WRFv4.4-DRM_real_GAD_slices_CPM/share -I/global/scratch/users/adamwise/compiling/WRFv4.4-DRM_real_GAD_slices_CPM/phys -I/global/scratch/users/adamwise/compiling/WRFv4.4-DRM_real_GAD_slices_CPM/wrftladj -I/global/scratch/users/adamwise/compiling/WRFv4.4-DRM_real_GAD_slices_CPM/chem -I/global/scratch/users/adamwise/compiling/WRFv4.4-DRM_real_GAD_slices_CPM/inc -I/global/software/sl-7.x86_64/modules/intel/2016.4.072/netcdf/4.4.1.1-intel-s/include    wrf_fddaobs_in.f90 ; \
        else \
          if [ -n "" ] ; then echo COMPILING wrf_fddaobs_in.F WITHOUT OMP ; fi ; \
  time mpif90 -f90=ifort -c -real-size `expr 8 \* 4` -i4 -O0 -fno-inline -no-ip -ip -fp-model precise -w -ftz -align all -fno-alias -FR -convert big_endian   -I../dyn_em  -I/global/scratch/users/adamwise/compiling/WRFv4.4-DRM_real_GAD_slices_CPM/external/esmf_time_f90  -I/global/scratch/users/adamwise/compiling/WRFv4.4-DRM_real_GAD_slices_CPM/main -I/global/scratch/users/adamwise/compiling/WRFv4.4-DRM_real_GAD_slices_CPM/external/io_netcdf -I/global/scratch/users/adamwise/compiling/WRFv4.4-DRM_real_GAD_slices_CPM/external/io_int -I/global/scratch/users/adamwise/compiling/WRFv4.4-DRM_real_GAD_slices_CPM/frame -I/global/scratch/users/adamwise/compiling/WRFv4.4-DRM_real_GAD_slices_CPM/share -I/global/scratch/users/adamwise/compiling/WRFv4.4-DRM_real_GAD_slices_CPM/phys -I/global/scratch/users/adamwise/compiling/WRFv4.4-DRM_real_GAD_slices_CPM/wrftladj -I/global/scratch/users/adamwise/compiling/WRFv4.4-DRM_real_GAD_slices_CPM/chem -I/global/scratch/users/adamwise/compiling/WRFv4.4-DRM_real_GAD_slices_CPM/inc -I/global/software/sl-7.x86_64/modules/intel/2016.4.072/netcdf/4.4.1.1-intel-s/include   wrf_fddaobs_in.f90 ; \
        fi

real	0m1.012s
user	0m0.584s
sys	0m0.175s
rm -f setfeenv.o
icc -o setfeenv.o -c -w -O3 -ip -DRPC_TYPES=1  -DDM_PARALLEL -DLANDREAD_STUB=1 -DMAX_HISTORY=25 -DNMM_CORE=0  setfeenv.c
rm -f input_wrf.o
/lib/cpp -P -nostdinc -I/global/scratch/users/adamwise/compiling/WRFv4.4-DRM_real_GAD_slices_CPM/inc -DEM_CORE=1 -DNMM_CORE=0 -DNMM_MAX_DIM=2600 -DDA_CORE=0 -DWRFPLUS=0 -DIWORDSIZE=4 -DDWORDSIZE=8 -DRWORDSIZE=4 -DLWORDSIZE=4 -DNONSTANDARD_SYSTEM_FUNC  -DWRF_USE_CLM -DUSE_NETCDF4_FEATURES -DWRFIO_NCD_LARGE_FILE_SUPPORT  -DDM_PARALLEL -DNETCDF -DLANDREAD_STUB=1 -DUSE_ALLOCATABLES -Dwrfmodel -DGRIB1 -DINTIO -DKEEP_INT_AROUND -DLIMIT_ARGS -DBUILD_RRTMG_FAST=0 -DBUILD_RRTMK=0 -DBUILD_SBM_FAST=1 -DSHOW_ALL_VARS_USED=0 -DCONFIG_BUF_LEN=65536 -DMAX_DOMAINS_F=21 -DMAX_HISTORY=25 -DNMM_NEST=0  -I. -traditional-cpp -DUSE_NETCDF4_FEATURES -DWRFIO_NCD_LARGE_FILE_SUPPORT   input_wrf.F  > input_wrf.bb
/global/scratch/users/adamwise/compiling/WRFv4.4-DRM_real_GAD_slices_CPM/tools/standard.exe input_wrf.bb | /lib/cpp -P -nostdinc -traditional-cpp -DUSE_NETCDF4_FEATURES -DWRFIO_NCD_LARGE_FILE_SUPPORT > input_wrf.f90
rm -f input_wrf.b input_wrf.bb
time mpif90 -f90=ifort -c -real-size `expr 8 \* 4` -i4  -O0 -fno-inline -no-ip -ip -fp-model precise -w -ftz -align all -fno-alias -FR -convert big_endian   -I../dyn_em  -I/global/scratch/users/adamwise/compiling/WRFv4.4-DRM_real_GAD_slices_CPM/external/esmf_time_f90  -I/global/scratch/users/adamwise/compiling/WRFv4.4-DRM_real_GAD_slices_CPM/main -I/global/scratch/users/adamwise/compiling/WRFv4.4-DRM_real_GAD_slices_CPM/external/io_netcdf -I/global/scratch/users/adamwise/compiling/WRFv4.4-DRM_real_GAD_slices_CPM/external/io_int -I/global/scratch/users/adamwise/compiling/WRFv4.4-DRM_real_GAD_slices_CPM/frame -I/global/scratch/users/adamwise/compiling/WRFv4.4-DRM_real_GAD_slices_CPM/share -I/global/scratch/users/adamwise/compiling/WRFv4.4-DRM_real_GAD_slices_CPM/phys -I/global/scratch/users/adamwise/compiling/WRFv4.4-DRM_real_GAD_slices_CPM/wrftladj -I/global/scratch/users/adamwise/compiling/WRFv4.4-DRM_real_GAD_slices_CPM/chem -I/global/scratch/users/adamwise/compiling/WRFv4.4-DRM_real_GAD_slices_CPM/inc -I/global/software/sl-7.x86_64/modules/intel/2016.4.072/netcdf/4.4.1.1-intel-s/include  input_wrf.f90

real	0m1.146s
user	0m0.692s
sys	0m0.197s
rm -f output_wrf.o
/global/scratch/users/adamwise/compiling/WRFv4.4-DRM_real_GAD_slices_CPM/tools/standard.exe output_wrf.F > output_wrf.b 
/lib/cpp -P -nostdinc -I/global/scratch/users/adamwise/compiling/WRFv4.4-DRM_real_GAD_slices_CPM/inc -DEM_CORE=1 -DNMM_CORE=0 -DNMM_MAX_DIM=2600 -DDA_CORE=0 -DWRFPLUS=0 -DIWORDSIZE=4 -DDWORDSIZE=8 -DRWORDSIZE=4 -DLWORDSIZE=4 -DNONSTANDARD_SYSTEM_FUNC  -DWRF_USE_CLM -DUSE_NETCDF4_FEATURES -DWRFIO_NCD_LARGE_FILE_SUPPORT  -DDM_PARALLEL -DNETCDF -DLANDREAD_STUB=1 -DUSE_ALLOCATABLES -Dwrfmodel -DGRIB1 -DINTIO -DKEEP_INT_AROUND -DLIMIT_ARGS -DBUILD_RRTMG_FAST=0 -DBUILD_RRTMK=0 -DBUILD_SBM_FAST=1 -DSHOW_ALL_VARS_USED=0 -DCONFIG_BUF_LEN=65536 -DMAX_DOMAINS_F=21 -DMAX_HISTORY=25 -DNMM_NEST=0  -I. -traditional-cpp -DUSE_NETCDF4_FEATURES -DWRFIO_NCD_LARGE_FILE_SUPPORT   output_wrf.b  > output_wrf.f90
rm -f output_wrf.b
if fgrep -iq '!$OMP' output_wrf.f90 ; then \
          if [ -n "" ] ; then echo COMPILING output_wrf.F WITH OMP ; fi ; \
  time mpif90 -f90=ifort -c -real-size `expr 8 \* 4` -i4 -O0 -fno-inline -no-ip -ip -fp-model precise -w -ftz -align all -fno-alias -FR -convert big_endian   -I../dyn_em  -I/global/scratch/users/adamwise/compiling/WRFv4.4-DRM_real_GAD_slices_CPM/external/esmf_time_f90  -I/global/scratch/users/adamwise/compiling/WRFv4.4-DRM_real_GAD_slices_CPM/main -I/global/scratch/users/adamwise/compiling/WRFv4.4-DRM_real_GAD_slices_CPM/external/io_netcdf -I/global/scratch/users/adamwise/compiling/WRFv4.4-DRM_real_GAD_slices_CPM/external/io_int -I/global/scratch/users/adamwise/compiling/WRFv4.4-DRM_real_GAD_slices_CPM/frame -I/global/scratch/users/adamwise/compiling/WRFv4.4-DRM_real_GAD_slices_CPM/share -I/global/scratch/users/adamwise/compiling/WRFv4.4-DRM_real_GAD_slices_CPM/phys -I/global/scratch/users/adamwise/compiling/WRFv4.4-DRM_real_GAD_slices_CPM/wrftladj -I/global/scratch/users/adamwise/compiling/WRFv4.4-DRM_real_GAD_slices_CPM/chem -I/global/scratch/users/adamwise/compiling/WRFv4.4-DRM_real_GAD_slices_CPM/inc -I/global/software/sl-7.x86_64/modules/intel/2016.4.072/netcdf/4.4.1.1-intel-s/include    output_wrf.f90 ; \
        else \
          if [ -n "" ] ; then echo COMPILING output_wrf.F WITHOUT OMP ; fi ; \
  time mpif90 -f90=ifort -c -real-size `expr 8 \* 4` -i4 -O0 -fno-inline -no-ip -ip -fp-model precise -w -ftz -align all -fno-alias -FR -convert big_endian   -I../dyn_em  -I/global/scratch/users/adamwise/compiling/WRFv4.4-DRM_real_GAD_slices_CPM/external/esmf_time_f90  -I/global/scratch/users/adamwise/compiling/WRFv4.4-DRM_real_GAD_slices_CPM/main -I/global/scratch/users/adamwise/compiling/WRFv4.4-DRM_real_GAD_slices_CPM/external/io_netcdf -I/global/scratch/users/adamwise/compiling/WRFv4.4-DRM_real_GAD_slices_CPM/external/io_int -I/global/scratch/users/adamwise/compiling/WRFv4.4-DRM_real_GAD_slices_CPM/frame -I/global/scratch/users/adamwise/compiling/WRFv4.4-DRM_real_GAD_slices_CPM/share -I/global/scratch/users/adamwise/compiling/WRFv4.4-DRM_real_GAD_slices_CPM/phys -I/global/scratch/users/adamwise/compiling/WRFv4.4-DRM_real_GAD_slices_CPM/wrftladj -I/global/scratch/users/adamwise/compiling/WRFv4.4-DRM_real_GAD_slices_CPM/chem -I/global/scratch/users/adamwise/compiling/WRFv4.4-DRM_real_GAD_slices_CPM/inc -I/global/software/sl-7.x86_64/modules/intel/2016.4.072/netcdf/4.4.1.1-intel-s/include   output_wrf.f90 ; \
        fi

real	0m1.198s
user	0m0.753s
sys	0m0.181s
rm -f wrf_bdyout.o
/lib/cpp -P -nostdinc -I/global/scratch/users/adamwise/compiling/WRFv4.4-DRM_real_GAD_slices_CPM/inc -DEM_CORE=1 -DNMM_CORE=0 -DNMM_MAX_DIM=2600 -DDA_CORE=0 -DWRFPLUS=0 -DIWORDSIZE=4 -DDWORDSIZE=8 -DRWORDSIZE=4 -DLWORDSIZE=4 -DNONSTANDARD_SYSTEM_FUNC  -DWRF_USE_CLM -DUSE_NETCDF4_FEATURES -DWRFIO_NCD_LARGE_FILE_SUPPORT  -DDM_PARALLEL -DNETCDF -DLANDREAD_STUB=1 -DUSE_ALLOCATABLES -Dwrfmodel -DGRIB1 -DINTIO -DKEEP_INT_AROUND -DLIMIT_ARGS -DBUILD_RRTMG_FAST=0 -DBUILD_RRTMK=0 -DBUILD_SBM_FAST=1 -DSHOW_ALL_VARS_USED=0 -DCONFIG_BUF_LEN=65536 -DMAX_DOMAINS_F=21 -DMAX_HISTORY=25 -DNMM_NEST=0  -I. -traditional-cpp -DUSE_NETCDF4_FEATURES -DWRFIO_NCD_LARGE_FILE_SUPPORT   wrf_bdyout.F  > wrf_bdyout.bb
/global/scratch/users/adamwise/compiling/WRFv4.4-DRM_real_GAD_slices_CPM/tools/standard.exe wrf_bdyout.bb | /lib/cpp -P -nostdinc -traditional-cpp -DUSE_NETCDF4_FEATURES -DWRFIO_NCD_LARGE_FILE_SUPPORT > wrf_bdyout.f90
rm -f wrf_bdyout.b wrf_bdyout.bb
time mpif90 -f90=ifort -c -real-size `expr 8 \* 4` -i4  -O0 -fno-inline -no-ip -ip -fp-model precise -w -ftz -align all -fno-alias -FR -convert big_endian   -I../dyn_em  -I/global/scratch/users/adamwise/compiling/WRFv4.4-DRM_real_GAD_slices_CPM/external/esmf_time_f90  -I/global/scratch/users/adamwise/compiling/WRFv4.4-DRM_real_GAD_slices_CPM/main -I/global/scratch/users/adamwise/compiling/WRFv4.4-DRM_real_GAD_slices_CPM/external/io_netcdf -I/global/scratch/users/adamwise/compiling/WRFv4.4-DRM_real_GAD_slices_CPM/external/io_int -I/global/scratch/users/adamwise/compiling/WRFv4.4-DRM_real_GAD_slices_CPM/frame -I/global/scratch/users/adamwise/compiling/WRFv4.4-DRM_real_GAD_slices_CPM/share -I/global/scratch/users/adamwise/compiling/WRFv4.4-DRM_real_GAD_slices_CPM/phys -I/global/scratch/users/adamwise/compiling/WRFv4.4-DRM_real_GAD_slices_CPM/wrftladj -I/global/scratch/users/adamwise/compiling/WRFv4.4-DRM_real_GAD_slices_CPM/chem -I/global/scratch/users/adamwise/compiling/WRFv4.4-DRM_real_GAD_slices_CPM/inc -I/global/software/sl-7.x86_64/modules/intel/2016.4.072/netcdf/4.4.1.1-intel-s/include  wrf_bdyout.f90

real	0m5.170s
user	0m4.661s
sys	0m0.267s
rm -f wrf_bdyin.o
/lib/cpp -P -nostdinc -I/global/scratch/users/adamwise/compiling/WRFv4.4-DRM_real_GAD_slices_CPM/inc -DEM_CORE=1 -DNMM_CORE=0 -DNMM_MAX_DIM=2600 -DDA_CORE=0 -DWRFPLUS=0 -DIWORDSIZE=4 -DDWORDSIZE=8 -DRWORDSIZE=4 -DLWORDSIZE=4 -DNONSTANDARD_SYSTEM_FUNC  -DWRF_USE_CLM -DUSE_NETCDF4_FEATURES -DWRFIO_NCD_LARGE_FILE_SUPPORT  -DDM_PARALLEL -DNETCDF -DLANDREAD_STUB=1 -DUSE_ALLOCATABLES -Dwrfmodel -DGRIB1 -DINTIO -DKEEP_INT_AROUND -DLIMIT_ARGS -DBUILD_RRTMG_FAST=0 -DBUILD_RRTMK=0 -DBUILD_SBM_FAST=1 -DSHOW_ALL_VARS_USED=0 -DCONFIG_BUF_LEN=65536 -DMAX_DOMAINS_F=21 -DMAX_HISTORY=25 -DNMM_NEST=0  -I. -traditional-cpp -DUSE_NETCDF4_FEATURES -DWRFIO_NCD_LARGE_FILE_SUPPORT   wrf_bdyin.F  > wrf_bdyin.bb
/global/scratch/users/adamwise/compiling/WRFv4.4-DRM_real_GAD_slices_CPM/tools/standard.exe wrf_bdyin.bb | /lib/cpp -P -nostdinc -traditional-cpp -DUSE_NETCDF4_FEATURES -DWRFIO_NCD_LARGE_FILE_SUPPORT > wrf_bdyin.f90
rm -f wrf_bdyin.b wrf_bdyin.bb
time mpif90 -f90=ifort -c -real-size `expr 8 \* 4` -i4  -O0 -fno-inline -no-ip -ip -fp-model precise -w -ftz -align all -fno-alias -FR -convert big_endian   -I../dyn_em  -I/global/scratch/users/adamwise/compiling/WRFv4.4-DRM_real_GAD_slices_CPM/external/esmf_time_f90  -I/global/scratch/users/adamwise/compiling/WRFv4.4-DRM_real_GAD_slices_CPM/main -I/global/scratch/users/adamwise/compiling/WRFv4.4-DRM_real_GAD_slices_CPM/external/io_netcdf -I/global/scratch/users/adamwise/compiling/WRFv4.4-DRM_real_GAD_slices_CPM/external/io_int -I/global/scratch/users/adamwise/compiling/WRFv4.4-DRM_real_GAD_slices_CPM/frame -I/global/scratch/users/adamwise/compiling/WRFv4.4-DRM_real_GAD_slices_CPM/share -I/global/scratch/users/adamwise/compiling/WRFv4.4-DRM_real_GAD_slices_CPM/phys -I/global/scratch/users/adamwise/compiling/WRFv4.4-DRM_real_GAD_slices_CPM/wrftladj -I/global/scratch/users/adamwise/compiling/WRFv4.4-DRM_real_GAD_slices_CPM/chem -I/global/scratch/users/adamwise/compiling/WRFv4.4-DRM_real_GAD_slices_CPM/inc -I/global/software/sl-7.x86_64/modules/intel/2016.4.072/netcdf/4.4.1.1-intel-s/include  wrf_bdyin.f90

real	0m1.255s
user	0m0.855s
sys	0m0.158s
rm -f dfi.o
sed -e "s/^\!.*'.*//" -e "s/^ *\!.*'.*//" dfi.F > dfi.G
/lib/cpp -P -nostdinc -I/global/scratch/users/adamwise/compiling/WRFv4.4-DRM_real_GAD_slices_CPM/inc -DEM_CORE=1 -DNMM_CORE=0 -DNMM_MAX_DIM=2600 -DDA_CORE=0 -DWRFPLUS=0 -DIWORDSIZE=4 -DDWORDSIZE=8 -DRWORDSIZE=4 -DLWORDSIZE=4 -DNONSTANDARD_SYSTEM_FUNC  -DWRF_USE_CLM -DUSE_NETCDF4_FEATURES -DWRFIO_NCD_LARGE_FILE_SUPPORT  -DDM_PARALLEL -DNETCDF -DLANDREAD_STUB=1 -DUSE_ALLOCATABLES -Dwrfmodel -DGRIB1 -DINTIO -DKEEP_INT_AROUND -DLIMIT_ARGS -DBUILD_RRTMG_FAST=0 -DBUILD_RRTMK=0 -DBUILD_SBM_FAST=1 -DSHOW_ALL_VARS_USED=0 -DCONFIG_BUF_LEN=65536 -DMAX_DOMAINS_F=21 -DMAX_HISTORY=25 -DNMM_NEST=0  -I. -traditional-cpp -DUSE_NETCDF4_FEATURES -DWRFIO_NCD_LARGE_FILE_SUPPORT   dfi.G  > dfi.bb
/global/scratch/users/adamwise/compiling/WRFv4.4-DRM_real_GAD_slices_CPM/tools/standard.exe dfi.bb | /lib/cpp -P -nostdinc -traditional-cpp -DUSE_NETCDF4_FEATURES -DWRFIO_NCD_LARGE_FILE_SUPPORT > dfi.f90
rm -f dfi.G dfi.bb
time mpif90 -f90=ifort -o dfi.o -c -O3 -ip -fp-model precise -w -ftz -align all -fno-alias -FR -convert big_endian    -I../dyn_em  -I/global/scratch/users/adamwise/compiling/WRFv4.4-DRM_real_GAD_slices_CPM/external/esmf_time_f90  -I/global/scratch/users/adamwise/compiling/WRFv4.4-DRM_real_GAD_slices_CPM/main -I/global/scratch/users/adamwise/compiling/WRFv4.4-DRM_real_GAD_slices_CPM/external/io_netcdf -I/global/scratch/users/adamwise/compiling/WRFv4.4-DRM_real_GAD_slices_CPM/external/io_int -I/global/scratch/users/adamwise/compiling/WRFv4.4-DRM_real_GAD_slices_CPM/frame -I/global/scratch/users/adamwise/compiling/WRFv4.4-DRM_real_GAD_slices_CPM/share -I/global/scratch/users/adamwise/compiling/WRFv4.4-DRM_real_GAD_slices_CPM/phys -I/global/scratch/users/adamwise/compiling/WRFv4.4-DRM_real_GAD_slices_CPM/wrftladj -I/global/scratch/users/adamwise/compiling/WRFv4.4-DRM_real_GAD_slices_CPM/chem -I/global/scratch/users/adamwise/compiling/WRFv4.4-DRM_real_GAD_slices_CPM/inc -I/global/software/sl-7.x86_64/modules/intel/2016.4.072/netcdf/4.4.1.1-intel-s/include  -real-size `expr 8 \* 4` -i4  dfi.f90

real	0m1.209s
user	0m0.805s
sys	0m0.155s
rm -f mediation_integrate.o
sed -e "s/^\!.*'.*//" -e "s/^ *\!.*'.*//" mediation_integrate.F > mediation_integrate.G
/lib/cpp -P -nostdinc -I/global/scratch/users/adamwise/compiling/WRFv4.4-DRM_real_GAD_slices_CPM/inc -DEM_CORE=1 -DNMM_CORE=0 -DNMM_MAX_DIM=2600 -DDA_CORE=0 -DWRFPLUS=0 -DIWORDSIZE=4 -DDWORDSIZE=8 -DRWORDSIZE=4 -DLWORDSIZE=4 -DNONSTANDARD_SYSTEM_FUNC  -DWRF_USE_CLM -DUSE_NETCDF4_FEATURES -DWRFIO_NCD_LARGE_FILE_SUPPORT  -DDM_PARALLEL -DNETCDF -DLANDREAD_STUB=1 -DUSE_ALLOCATABLES -Dwrfmodel -DGRIB1 -DINTIO -DKEEP_INT_AROUND -DLIMIT_ARGS -DBUILD_RRTMG_FAST=0 -DBUILD_RRTMK=0 -DBUILD_SBM_FAST=1 -DSHOW_ALL_VARS_USED=0 -DCONFIG_BUF_LEN=65536 -DMAX_DOMAINS_F=21 -DMAX_HISTORY=25 -DNMM_NEST=0  -I. -traditional-cpp -DUSE_NETCDF4_FEATURES -DWRFIO_NCD_LARGE_FILE_SUPPORT   mediation_integrate.G  > mediation_integrate.bb
/global/scratch/users/adamwise/compiling/WRFv4.4-DRM_real_GAD_slices_CPM/tools/standard.exe mediation_integrate.bb | /lib/cpp -P -nostdinc -traditional-cpp -DUSE_NETCDF4_FEATURES -DWRFIO_NCD_LARGE_FILE_SUPPORT > mediation_integrate.f90
rm -f mediation_integrate.G mediation_integrate.bb
time mpif90 -f90=ifort -o mediation_integrate.o -c -O3 -ip -fp-model precise -w -ftz -align all -fno-alias -FR -convert big_endian    -I../dyn_em  -I/global/scratch/users/adamwise/compiling/WRFv4.4-DRM_real_GAD_slices_CPM/external/esmf_time_f90  -I/global/scratch/users/adamwise/compiling/WRFv4.4-DRM_real_GAD_slices_CPM/main -I/global/scratch/users/adamwise/compiling/WRFv4.4-DRM_real_GAD_slices_CPM/external/io_netcdf -I/global/scratch/users/adamwise/compiling/WRFv4.4-DRM_real_GAD_slices_CPM/external/io_int -I/global/scratch/users/adamwise/compiling/WRFv4.4-DRM_real_GAD_slices_CPM/frame -I/global/scratch/users/adamwise/compiling/WRFv4.4-DRM_real_GAD_slices_CPM/share -I/global/scratch/users/adamwise/compiling/WRFv4.4-DRM_real_GAD_slices_CPM/phys -I/global/scratch/users/adamwise/compiling/WRFv4.4-DRM_real_GAD_slices_CPM/wrftladj -I/global/scratch/users/adamwise/compiling/WRFv4.4-DRM_real_GAD_slices_CPM/chem -I/global/scratch/users/adamwise/compiling/WRFv4.4-DRM_real_GAD_slices_CPM/inc -I/global/software/sl-7.x86_64/modules/intel/2016.4.072/netcdf/4.4.1.1-intel-s/include  -real-size `expr 8 \* 4` -i4  mediation_integrate.f90

real	0m10.534s
user	0m8.682s
sys	0m1.126s
rm -f mediation_wrfmain.o
sed -e "s/^\!.*'.*//" -e "s/^ *\!.*'.*//" mediation_wrfmain.F > mediation_wrfmain.G
/lib/cpp -P -nostdinc -I/global/scratch/users/adamwise/compiling/WRFv4.4-DRM_real_GAD_slices_CPM/inc -DEM_CORE=1 -DNMM_CORE=0 -DNMM_MAX_DIM=2600 -DDA_CORE=0 -DWRFPLUS=0 -DIWORDSIZE=4 -DDWORDSIZE=8 -DRWORDSIZE=4 -DLWORDSIZE=4 -DNONSTANDARD_SYSTEM_FUNC  -DWRF_USE_CLM -DUSE_NETCDF4_FEATURES -DWRFIO_NCD_LARGE_FILE_SUPPORT  -DDM_PARALLEL -DNETCDF -DLANDREAD_STUB=1 -DUSE_ALLOCATABLES -Dwrfmodel -DGRIB1 -DINTIO -DKEEP_INT_AROUND -DLIMIT_ARGS -DBUILD_RRTMG_FAST=0 -DBUILD_RRTMK=0 -DBUILD_SBM_FAST=1 -DSHOW_ALL_VARS_USED=0 -DCONFIG_BUF_LEN=65536 -DMAX_DOMAINS_F=21 -DMAX_HISTORY=25 -DNMM_NEST=0  -I. -traditional-cpp -DUSE_NETCDF4_FEATURES -DWRFIO_NCD_LARGE_FILE_SUPPORT   mediation_wrfmain.G  > mediation_wrfmain.bb
/global/scratch/users/adamwise/compiling/WRFv4.4-DRM_real_GAD_slices_CPM/tools/standard.exe mediation_wrfmain.bb | /lib/cpp -P -nostdinc -traditional-cpp -DUSE_NETCDF4_FEATURES -DWRFIO_NCD_LARGE_FILE_SUPPORT > mediation_wrfmain.f90
rm -f mediation_wrfmain.G mediation_wrfmain.bb
time mpif90 -f90=ifort -o mediation_wrfmain.o -c -O3 -ip -fp-model precise -w -ftz -align all -fno-alias -FR -convert big_endian    -I../dyn_em  -I/global/scratch/users/adamwise/compiling/WRFv4.4-DRM_real_GAD_slices_CPM/external/esmf_time_f90  -I/global/scratch/users/adamwise/compiling/WRFv4.4-DRM_real_GAD_slices_CPM/main -I/global/scratch/users/adamwise/compiling/WRFv4.4-DRM_real_GAD_slices_CPM/external/io_netcdf -I/global/scratch/users/adamwise/compiling/WRFv4.4-DRM_real_GAD_slices_CPM/external/io_int -I/global/scratch/users/adamwise/compiling/WRFv4.4-DRM_real_GAD_slices_CPM/frame -I/global/scratch/users/adamwise/compiling/WRFv4.4-DRM_real_GAD_slices_CPM/share -I/global/scratch/users/adamwise/compiling/WRFv4.4-DRM_real_GAD_slices_CPM/phys -I/global/scratch/users/adamwise/compiling/WRFv4.4-DRM_real_GAD_slices_CPM/wrftladj -I/global/scratch/users/adamwise/compiling/WRFv4.4-DRM_real_GAD_slices_CPM/chem -I/global/scratch/users/adamwise/compiling/WRFv4.4-DRM_real_GAD_slices_CPM/inc -I/global/software/sl-7.x86_64/modules/intel/2016.4.072/netcdf/4.4.1.1-intel-s/include  -real-size `expr 8 \* 4` -i4  mediation_wrfmain.f90

real	0m6.632s
user	0m5.813s
sys	0m0.477s
rm -f module_check_a_mundo.o
sed -e "s/^\!.*'.*//" -e "s/^ *\!.*'.*//" module_check_a_mundo.F > module_check_a_mundo.G
/lib/cpp -P -nostdinc -I/global/scratch/users/adamwise/compiling/WRFv4.4-DRM_real_GAD_slices_CPM/inc -DEM_CORE=1 -DNMM_CORE=0 -DNMM_MAX_DIM=2600 -DDA_CORE=0 -DWRFPLUS=0 -DIWORDSIZE=4 -DDWORDSIZE=8 -DRWORDSIZE=4 -DLWORDSIZE=4 -DNONSTANDARD_SYSTEM_FUNC  -DWRF_USE_CLM -DUSE_NETCDF4_FEATURES -DWRFIO_NCD_LARGE_FILE_SUPPORT  -DDM_PARALLEL -DNETCDF -DLANDREAD_STUB=1 -DUSE_ALLOCATABLES -Dwrfmodel -DGRIB1 -DINTIO -DKEEP_INT_AROUND -DLIMIT_ARGS -DBUILD_RRTMG_FAST=0 -DBUILD_RRTMK=0 -DBUILD_SBM_FAST=1 -DSHOW_ALL_VARS_USED=0 -DCONFIG_BUF_LEN=65536 -DMAX_DOMAINS_F=21 -DMAX_HISTORY=25 -DNMM_NEST=0  -I. -traditional-cpp -DUSE_NETCDF4_FEATURES -DWRFIO_NCD_LARGE_FILE_SUPPORT   module_check_a_mundo.G  > module_check_a_mundo.bb
/global/scratch/users/adamwise/compiling/WRFv4.4-DRM_real_GAD_slices_CPM/tools/standard.exe module_check_a_mundo.bb | /lib/cpp -P -nostdinc -traditional-cpp -DUSE_NETCDF4_FEATURES -DWRFIO_NCD_LARGE_FILE_SUPPORT > module_check_a_mundo.f90
rm -f module_check_a_mundo.G module_check_a_mundo.bb
time mpif90 -f90=ifort -o module_check_a_mundo.o -c -O3 -ip -fp-model precise -w -ftz -align all -fno-alias -FR -convert big_endian    -I../dyn_em  -I/global/scratch/users/adamwise/compiling/WRFv4.4-DRM_real_GAD_slices_CPM/external/esmf_time_f90  -I/global/scratch/users/adamwise/compiling/WRFv4.4-DRM_real_GAD_slices_CPM/main -I/global/scratch/users/adamwise/compiling/WRFv4.4-DRM_real_GAD_slices_CPM/external/io_netcdf -I/global/scratch/users/adamwise/compiling/WRFv4.4-DRM_real_GAD_slices_CPM/external/io_int -I/global/scratch/users/adamwise/compiling/WRFv4.4-DRM_real_GAD_slices_CPM/frame -I/global/scratch/users/adamwise/compiling/WRFv4.4-DRM_real_GAD_slices_CPM/share -I/global/scratch/users/adamwise/compiling/WRFv4.4-DRM_real_GAD_slices_CPM/phys -I/global/scratch/users/adamwise/compiling/WRFv4.4-DRM_real_GAD_slices_CPM/wrftladj -I/global/scratch/users/adamwise/compiling/WRFv4.4-DRM_real_GAD_slices_CPM/chem -I/global/scratch/users/adamwise/compiling/WRFv4.4-DRM_real_GAD_slices_CPM/inc -I/global/software/sl-7.x86_64/modules/intel/2016.4.072/netcdf/4.4.1.1-intel-s/include  -real-size `expr 8 \* 4` -i4  module_check_a_mundo.f90

real	0m6.111s
user	0m5.635s
sys	0m0.231s
rm -f module_random.o
sed -e "s/^\!.*'.*//" -e "s/^ *\!.*'.*//" module_random.F > module_random.G
/lib/cpp -P -nostdinc -I/global/scratch/users/adamwise/compiling/WRFv4.4-DRM_real_GAD_slices_CPM/inc -DEM_CORE=1 -DNMM_CORE=0 -DNMM_MAX_DIM=2600 -DDA_CORE=0 -DWRFPLUS=0 -DIWORDSIZE=4 -DDWORDSIZE=8 -DRWORDSIZE=4 -DLWORDSIZE=4 -DNONSTANDARD_SYSTEM_FUNC  -DWRF_USE_CLM -DUSE_NETCDF4_FEATURES -DWRFIO_NCD_LARGE_FILE_SUPPORT  -DDM_PARALLEL -DNETCDF -DLANDREAD_STUB=1 -DUSE_ALLOCATABLES -Dwrfmodel -DGRIB1 -DINTIO -DKEEP_INT_AROUND -DLIMIT_ARGS -DBUILD_RRTMG_FAST=0 -DBUILD_RRTMK=0 -DBUILD_SBM_FAST=1 -DSHOW_ALL_VARS_USED=0 -DCONFIG_BUF_LEN=65536 -DMAX_DOMAINS_F=21 -DMAX_HISTORY=25 -DNMM_NEST=0  -I. -traditional-cpp -DUSE_NETCDF4_FEATURES -DWRFIO_NCD_LARGE_FILE_SUPPORT   module_random.G  > module_random.bb
/global/scratch/users/adamwise/compiling/WRFv4.4-DRM_real_GAD_slices_CPM/tools/standard.exe module_random.bb | /lib/cpp -P -nostdinc -traditional-cpp -DUSE_NETCDF4_FEATURES -DWRFIO_NCD_LARGE_FILE_SUPPORT > module_random.f90
rm -f module_random.G module_random.bb
time mpif90 -f90=ifort -o module_random.o -c -O3 -ip -fp-model precise -w -ftz -align all -fno-alias -FR -convert big_endian    -I../dyn_em  -I/global/scratch/users/adamwise/compiling/WRFv4.4-DRM_real_GAD_slices_CPM/external/esmf_time_f90  -I/global/scratch/users/adamwise/compiling/WRFv4.4-DRM_real_GAD_slices_CPM/main -I/global/scratch/users/adamwise/compiling/WRFv4.4-DRM_real_GAD_slices_CPM/external/io_netcdf -I/global/scratch/users/adamwise/compiling/WRFv4.4-DRM_real_GAD_slices_CPM/external/io_int -I/global/scratch/users/adamwise/compiling/WRFv4.4-DRM_real_GAD_slices_CPM/frame -I/global/scratch/users/adamwise/compiling/WRFv4.4-DRM_real_GAD_slices_CPM/share -I/global/scratch/users/adamwise/compiling/WRFv4.4-DRM_real_GAD_slices_CPM/phys -I/global/scratch/users/adamwise/compiling/WRFv4.4-DRM_real_GAD_slices_CPM/wrftladj -I/global/scratch/users/adamwise/compiling/WRFv4.4-DRM_real_GAD_slices_CPM/chem -I/global/scratch/users/adamwise/compiling/WRFv4.4-DRM_real_GAD_slices_CPM/inc -I/global/software/sl-7.x86_64/modules/intel/2016.4.072/netcdf/4.4.1.1-intel-s/include  -real-size `expr 8 \* 4` -i4  module_random.f90

real	0m0.448s
user	0m0.149s
sys	0m0.093s
rm -f module_interp_nmm.o
sed -e "s/^\!.*'.*//" -e "s/^ *\!.*'.*//" module_interp_nmm.F > module_interp_nmm.G
/lib/cpp -P -nostdinc -I/global/scratch/users/adamwise/compiling/WRFv4.4-DRM_real_GAD_slices_CPM/inc -DEM_CORE=1 -DNMM_CORE=0 -DNMM_MAX_DIM=2600 -DDA_CORE=0 -DWRFPLUS=0 -DIWORDSIZE=4 -DDWORDSIZE=8 -DRWORDSIZE=4 -DLWORDSIZE=4 -DNONSTANDARD_SYSTEM_FUNC  -DWRF_USE_CLM -DUSE_NETCDF4_FEATURES -DWRFIO_NCD_LARGE_FILE_SUPPORT  -DDM_PARALLEL -DNETCDF -DLANDREAD_STUB=1 -DUSE_ALLOCATABLES -Dwrfmodel -DGRIB1 -DINTIO -DKEEP_INT_AROUND -DLIMIT_ARGS -DBUILD_RRTMG_FAST=0 -DBUILD_RRTMK=0 -DBUILD_SBM_FAST=1 -DSHOW_ALL_VARS_USED=0 -DCONFIG_BUF_LEN=65536 -DMAX_DOMAINS_F=21 -DMAX_HISTORY=25 -DNMM_NEST=0  -I. -traditional-cpp -DUSE_NETCDF4_FEATURES -DWRFIO_NCD_LARGE_FILE_SUPPORT   module_interp_nmm.G  > module_interp_nmm.bb
/global/scratch/users/adamwise/compiling/WRFv4.4-DRM_real_GAD_slices_CPM/tools/standard.exe module_interp_nmm.bb | /lib/cpp -P -nostdinc -traditional-cpp -DUSE_NETCDF4_FEATURES -DWRFIO_NCD_LARGE_FILE_SUPPORT > module_interp_nmm.f90
rm -f module_interp_nmm.G module_interp_nmm.bb
time mpif90 -f90=ifort -o module_interp_nmm.o -c -O3 -ip -fp-model precise -w -ftz -align all -fno-alias -FR -convert big_endian    -I../dyn_em  -I/global/scratch/users/adamwise/compiling/WRFv4.4-DRM_real_GAD_slices_CPM/external/esmf_time_f90  -I/global/scratch/users/adamwise/compiling/WRFv4.4-DRM_real_GAD_slices_CPM/main -I/global/scratch/users/adamwise/compiling/WRFv4.4-DRM_real_GAD_slices_CPM/external/io_netcdf -I/global/scratch/users/adamwise/compiling/WRFv4.4-DRM_real_GAD_slices_CPM/external/io_int -I/global/scratch/users/adamwise/compiling/WRFv4.4-DRM_real_GAD_slices_CPM/frame -I/global/scratch/users/adamwise/compiling/WRFv4.4-DRM_real_GAD_slices_CPM/share -I/global/scratch/users/adamwise/compiling/WRFv4.4-DRM_real_GAD_slices_CPM/phys -I/global/scratch/users/adamwise/compiling/WRFv4.4-DRM_real_GAD_slices_CPM/wrftladj -I/global/scratch/users/adamwise/compiling/WRFv4.4-DRM_real_GAD_slices_CPM/chem -I/global/scratch/users/adamwise/compiling/WRFv4.4-DRM_real_GAD_slices_CPM/inc -I/global/software/sl-7.x86_64/modules/intel/2016.4.072/netcdf/4.4.1.1-intel-s/include  -real-size `expr 8 \* 4` -i4  module_interp_nmm.f90

real	0m29.326s
user	0m25.662s
sys	0m2.434s
rm -f module_trajectory.o
sed -e "s/^\!.*'.*//" -e "s/^ *\!.*'.*//" module_trajectory.F > module_trajectory.G
/lib/cpp -P -nostdinc -I/global/scratch/users/adamwise/compiling/WRFv4.4-DRM_real_GAD_slices_CPM/inc -DEM_CORE=1 -DNMM_CORE=0 -DNMM_MAX_DIM=2600 -DDA_CORE=0 -DWRFPLUS=0 -DIWORDSIZE=4 -DDWORDSIZE=8 -DRWORDSIZE=4 -DLWORDSIZE=4 -DNONSTANDARD_SYSTEM_FUNC  -DWRF_USE_CLM -DUSE_NETCDF4_FEATURES -DWRFIO_NCD_LARGE_FILE_SUPPORT  -DDM_PARALLEL -DNETCDF -DLANDREAD_STUB=1 -DUSE_ALLOCATABLES -Dwrfmodel -DGRIB1 -DINTIO -DKEEP_INT_AROUND -DLIMIT_ARGS -DBUILD_RRTMG_FAST=0 -DBUILD_RRTMK=0 -DBUILD_SBM_FAST=1 -DSHOW_ALL_VARS_USED=0 -DCONFIG_BUF_LEN=65536 -DMAX_DOMAINS_F=21 -DMAX_HISTORY=25 -DNMM_NEST=0  -I. -traditional-cpp -DUSE_NETCDF4_FEATURES -DWRFIO_NCD_LARGE_FILE_SUPPORT   module_trajectory.G  > module_trajectory.bb
/global/scratch/users/adamwise/compiling/WRFv4.4-DRM_real_GAD_slices_CPM/tools/standard.exe module_trajectory.bb | /lib/cpp -P -nostdinc -traditional-cpp -DUSE_NETCDF4_FEATURES -DWRFIO_NCD_LARGE_FILE_SUPPORT > module_trajectory.f90
rm -f module_trajectory.G module_trajectory.bb
time mpif90 -f90=ifort -o module_trajectory.o -c -O3 -ip -fp-model precise -w -ftz -align all -fno-alias -FR -convert big_endian    -I../dyn_em  -I/global/scratch/users/adamwise/compiling/WRFv4.4-DRM_real_GAD_slices_CPM/external/esmf_time_f90  -I/global/scratch/users/adamwise/compiling/WRFv4.4-DRM_real_GAD_slices_CPM/main -I/global/scratch/users/adamwise/compiling/WRFv4.4-DRM_real_GAD_slices_CPM/external/io_netcdf -I/global/scratch/users/adamwise/compiling/WRFv4.4-DRM_real_GAD_slices_CPM/external/io_int -I/global/scratch/users/adamwise/compiling/WRFv4.4-DRM_real_GAD_slices_CPM/frame -I/global/scratch/users/adamwise/compiling/WRFv4.4-DRM_real_GAD_slices_CPM/share -I/global/scratch/users/adamwise/compiling/WRFv4.4-DRM_real_GAD_slices_CPM/phys -I/global/scratch/users/adamwise/compiling/WRFv4.4-DRM_real_GAD_slices_CPM/wrftladj -I/global/scratch/users/adamwise/compiling/WRFv4.4-DRM_real_GAD_slices_CPM/chem -I/global/scratch/users/adamwise/compiling/WRFv4.4-DRM_real_GAD_slices_CPM/inc -I/global/software/sl-7.x86_64/modules/intel/2016.4.072/netcdf/4.4.1.1-intel-s/include  -real-size `expr 8 \* 4` -i4  module_trajectory.f90

real	0m5.975s
user	0m5.584s
sys	0m0.162s
rm -f mediation_feedback_domain.o
sed -e "s/^\!.*'.*//" -e "s/^ *\!.*'.*//" mediation_feedback_domain.F > mediation_feedback_domain.G
/lib/cpp -P -nostdinc -I/global/scratch/users/adamwise/compiling/WRFv4.4-DRM_real_GAD_slices_CPM/inc -DEM_CORE=1 -DNMM_CORE=0 -DNMM_MAX_DIM=2600 -DDA_CORE=0 -DWRFPLUS=0 -DIWORDSIZE=4 -DDWORDSIZE=8 -DRWORDSIZE=4 -DLWORDSIZE=4 -DNONSTANDARD_SYSTEM_FUNC  -DWRF_USE_CLM -DUSE_NETCDF4_FEATURES -DWRFIO_NCD_LARGE_FILE_SUPPORT  -DDM_PARALLEL -DNETCDF -DLANDREAD_STUB=1 -DUSE_ALLOCATABLES -Dwrfmodel -DGRIB1 -DINTIO -DKEEP_INT_AROUND -DLIMIT_ARGS -DBUILD_RRTMG_FAST=0 -DBUILD_RRTMK=0 -DBUILD_SBM_FAST=1 -DSHOW_ALL_VARS_USED=0 -DCONFIG_BUF_LEN=65536 -DMAX_DOMAINS_F=21 -DMAX_HISTORY=25 -DNMM_NEST=0  -I. -traditional-cpp -DUSE_NETCDF4_FEATURES -DWRFIO_NCD_LARGE_FILE_SUPPORT   mediation_feedback_domain.G  > mediation_feedback_domain.bb
/global/scratch/users/adamwise/compiling/WRFv4.4-DRM_real_GAD_slices_CPM/tools/standard.exe mediation_feedback_domain.bb | /lib/cpp -P -nostdinc -traditional-cpp -DUSE_NETCDF4_FEATURES -DWRFIO_NCD_LARGE_FILE_SUPPORT > mediation_feedback_domain.f90
rm -f mediation_feedback_domain.G mediation_feedback_domain.bb
time mpif90 -f90=ifort -o mediation_feedback_domain.o -c -O3 -ip -fp-model precise -w -ftz -align all -fno-alias -FR -convert big_endian    -I../dyn_em  -I/global/scratch/users/adamwise/compiling/WRFv4.4-DRM_real_GAD_slices_CPM/external/esmf_time_f90  -I/global/scratch/users/adamwise/compiling/WRFv4.4-DRM_real_GAD_slices_CPM/main -I/global/scratch/users/adamwise/compiling/WRFv4.4-DRM_real_GAD_slices_CPM/external/io_netcdf -I/global/scratch/users/adamwise/compiling/WRFv4.4-DRM_real_GAD_slices_CPM/external/io_int -I/global/scratch/users/adamwise/compiling/WRFv4.4-DRM_real_GAD_slices_CPM/frame -I/global/scratch/users/adamwise/compiling/WRFv4.4-DRM_real_GAD_slices_CPM/share -I/global/scratch/users/adamwise/compiling/WRFv4.4-DRM_real_GAD_slices_CPM/phys -I/global/scratch/users/adamwise/compiling/WRFv4.4-DRM_real_GAD_slices_CPM/wrftladj -I/global/scratch/users/adamwise/compiling/WRFv4.4-DRM_real_GAD_slices_CPM/chem -I/global/scratch/users/adamwise/compiling/WRFv4.4-DRM_real_GAD_slices_CPM/inc -I/global/software/sl-7.x86_64/modules/intel/2016.4.072/netcdf/4.4.1.1-intel-s/include  -real-size `expr 8 \* 4` -i4  mediation_feedback_domain.f90

real	0m2.943s
user	0m2.437s
sys	0m0.245s
rm -f wrf_timeseries.o
sed -e "s/^\!.*'.*//" -e "s/^ *\!.*'.*//" wrf_timeseries.F > wrf_timeseries.G
/lib/cpp -P -nostdinc -I/global/scratch/users/adamwise/compiling/WRFv4.4-DRM_real_GAD_slices_CPM/inc -DEM_CORE=1 -DNMM_CORE=0 -DNMM_MAX_DIM=2600 -DDA_CORE=0 -DWRFPLUS=0 -DIWORDSIZE=4 -DDWORDSIZE=8 -DRWORDSIZE=4 -DLWORDSIZE=4 -DNONSTANDARD_SYSTEM_FUNC  -DWRF_USE_CLM -DUSE_NETCDF4_FEATURES -DWRFIO_NCD_LARGE_FILE_SUPPORT  -DDM_PARALLEL -DNETCDF -DLANDREAD_STUB=1 -DUSE_ALLOCATABLES -Dwrfmodel -DGRIB1 -DINTIO -DKEEP_INT_AROUND -DLIMIT_ARGS -DBUILD_RRTMG_FAST=0 -DBUILD_RRTMK=0 -DBUILD_SBM_FAST=1 -DSHOW_ALL_VARS_USED=0 -DCONFIG_BUF_LEN=65536 -DMAX_DOMAINS_F=21 -DMAX_HISTORY=25 -DNMM_NEST=0  -I. -traditional-cpp -DUSE_NETCDF4_FEATURES -DWRFIO_NCD_LARGE_FILE_SUPPORT   wrf_timeseries.G  > wrf_timeseries.bb
/global/scratch/users/adamwise/compiling/WRFv4.4-DRM_real_GAD_slices_CPM/tools/standard.exe wrf_timeseries.bb | /lib/cpp -P -nostdinc -traditional-cpp -DUSE_NETCDF4_FEATURES -DWRFIO_NCD_LARGE_FILE_SUPPORT > wrf_timeseries.f90
rm -f wrf_timeseries.G wrf_timeseries.bb
time mpif90 -f90=ifort -o wrf_timeseries.o -c -O3 -ip -fp-model precise -w -ftz -align all -fno-alias -FR -convert big_endian    -I../dyn_em  -I/global/scratch/users/adamwise/compiling/WRFv4.4-DRM_real_GAD_slices_CPM/external/esmf_time_f90  -I/global/scratch/users/adamwise/compiling/WRFv4.4-DRM_real_GAD_slices_CPM/main -I/global/scratch/users/adamwise/compiling/WRFv4.4-DRM_real_GAD_slices_CPM/external/io_netcdf -I/global/scratch/users/adamwise/compiling/WRFv4.4-DRM_real_GAD_slices_CPM/external/io_int -I/global/scratch/users/adamwise/compiling/WRFv4.4-DRM_real_GAD_slices_CPM/frame -I/global/scratch/users/adamwise/compiling/WRFv4.4-DRM_real_GAD_slices_CPM/share -I/global/scratch/users/adamwise/compiling/WRFv4.4-DRM_real_GAD_slices_CPM/phys -I/global/scratch/users/adamwise/compiling/WRFv4.4-DRM_real_GAD_slices_CPM/wrftladj -I/global/scratch/users/adamwise/compiling/WRFv4.4-DRM_real_GAD_slices_CPM/chem -I/global/scratch/users/adamwise/compiling/WRFv4.4-DRM_real_GAD_slices_CPM/inc -I/global/software/sl-7.x86_64/modules/intel/2016.4.072/netcdf/4.4.1.1-intel-s/include  -real-size `expr 8 \* 4` -i4  wrf_timeseries.f90

real	0m19.265s
user	0m17.627s
sys	0m1.184s
rm -f track_driver.o
/global/scratch/users/adamwise/compiling/WRFv4.4-DRM_real_GAD_slices_CPM/tools/standard.exe track_driver.F > track_driver.b 
/lib/cpp -P -nostdinc -I/global/scratch/users/adamwise/compiling/WRFv4.4-DRM_real_GAD_slices_CPM/inc -DEM_CORE=1 -DNMM_CORE=0 -DNMM_MAX_DIM=2600 -DDA_CORE=0 -DWRFPLUS=0 -DIWORDSIZE=4 -DDWORDSIZE=8 -DRWORDSIZE=4 -DLWORDSIZE=4 -DNONSTANDARD_SYSTEM_FUNC  -DWRF_USE_CLM -DUSE_NETCDF4_FEATURES -DWRFIO_NCD_LARGE_FILE_SUPPORT  -DDM_PARALLEL -DNETCDF -DLANDREAD_STUB=1 -DUSE_ALLOCATABLES -Dwrfmodel -DGRIB1 -DINTIO -DKEEP_INT_AROUND -DLIMIT_ARGS -DBUILD_RRTMG_FAST=0 -DBUILD_RRTMK=0 -DBUILD_SBM_FAST=1 -DSHOW_ALL_VARS_USED=0 -DCONFIG_BUF_LEN=65536 -DMAX_DOMAINS_F=21 -DMAX_HISTORY=25 -DNMM_NEST=0  -I. -traditional-cpp -DUSE_NETCDF4_FEATURES -DWRFIO_NCD_LARGE_FILE_SUPPORT   track_driver.b  > track_driver.f90
rm -f track_driver.b
if fgrep -iq '!$OMP' track_driver.f90 ; then \
          if [ -n "" ] ; then echo COMPILING track_driver.F WITH OMP ; fi ; \
  time mpif90 -f90=ifort -c -real-size `expr 8 \* 4` -i4 -O0 -fno-inline -no-ip -ip -fp-model precise -w -ftz -align all -fno-alias -FR -convert big_endian   -I../dyn_em  -I/global/scratch/users/adamwise/compiling/WRFv4.4-DRM_real_GAD_slices_CPM/external/esmf_time_f90  -I/global/scratch/users/adamwise/compiling/WRFv4.4-DRM_real_GAD_slices_CPM/main -I/global/scratch/users/adamwise/compiling/WRFv4.4-DRM_real_GAD_slices_CPM/external/io_netcdf -I/global/scratch/users/adamwise/compiling/WRFv4.4-DRM_real_GAD_slices_CPM/external/io_int -I/global/scratch/users/adamwise/compiling/WRFv4.4-DRM_real_GAD_slices_CPM/frame -I/global/scratch/users/adamwise/compiling/WRFv4.4-DRM_real_GAD_slices_CPM/share -I/global/scratch/users/adamwise/compiling/WRFv4.4-DRM_real_GAD_slices_CPM/phys -I/global/scratch/users/adamwise/compiling/WRFv4.4-DRM_real_GAD_slices_CPM/wrftladj -I/global/scratch/users/adamwise/compiling/WRFv4.4-DRM_real_GAD_slices_CPM/chem -I/global/scratch/users/adamwise/compiling/WRFv4.4-DRM_real_GAD_slices_CPM/inc -I/global/software/sl-7.x86_64/modules/intel/2016.4.072/netcdf/4.4.1.1-intel-s/include    track_driver.f90 ; \
        else \
          if [ -n "" ] ; then echo COMPILING track_driver.F WITHOUT OMP ; fi ; \
  time mpif90 -f90=ifort -c -real-size `expr 8 \* 4` -i4 -O0 -fno-inline -no-ip -ip -fp-model precise -w -ftz -align all -fno-alias -FR -convert big_endian   -I../dyn_em  -I/global/scratch/users/adamwise/compiling/WRFv4.4-DRM_real_GAD_slices_CPM/external/esmf_time_f90  -I/global/scratch/users/adamwise/compiling/WRFv4.4-DRM_real_GAD_slices_CPM/main -I/global/scratch/users/adamwise/compiling/WRFv4.4-DRM_real_GAD_slices_CPM/external/io_netcdf -I/global/scratch/users/adamwise/compiling/WRFv4.4-DRM_real_GAD_slices_CPM/external/io_int -I/global/scratch/users/adamwise/compiling/WRFv4.4-DRM_real_GAD_slices_CPM/frame -I/global/scratch/users/adamwise/compiling/WRFv4.4-DRM_real_GAD_slices_CPM/share -I/global/scratch/users/adamwise/compiling/WRFv4.4-DRM_real_GAD_slices_CPM/phys -I/global/scratch/users/adamwise/compiling/WRFv4.4-DRM_real_GAD_slices_CPM/wrftladj -I/global/scratch/users/adamwise/compiling/WRFv4.4-DRM_real_GAD_slices_CPM/chem -I/global/scratch/users/adamwise/compiling/WRFv4.4-DRM_real_GAD_slices_CPM/inc -I/global/software/sl-7.x86_64/modules/intel/2016.4.072/netcdf/4.4.1.1-intel-s/include   track_driver.f90 ; \
        fi

real	0m1.519s
user	0m0.882s
sys	0m0.227s
rm -f init_modules.o
sed -e "s/^\!.*'.*//" -e "s/^ *\!.*'.*//" init_modules.F > init_modules.G
/lib/cpp -P -nostdinc -I/global/scratch/users/adamwise/compiling/WRFv4.4-DRM_real_GAD_slices_CPM/inc -DEM_CORE=1 -DNMM_CORE=0 -DNMM_MAX_DIM=2600 -DDA_CORE=0 -DWRFPLUS=0 -DIWORDSIZE=4 -DDWORDSIZE=8 -DRWORDSIZE=4 -DLWORDSIZE=4 -DNONSTANDARD_SYSTEM_FUNC  -DWRF_USE_CLM -DUSE_NETCDF4_FEATURES -DWRFIO_NCD_LARGE_FILE_SUPPORT  -DDM_PARALLEL -DNETCDF -DLANDREAD_STUB=1 -DUSE_ALLOCATABLES -Dwrfmodel -DGRIB1 -DINTIO -DKEEP_INT_AROUND -DLIMIT_ARGS -DBUILD_RRTMG_FAST=0 -DBUILD_RRTMK=0 -DBUILD_SBM_FAST=1 -DSHOW_ALL_VARS_USED=0 -DCONFIG_BUF_LEN=65536 -DMAX_DOMAINS_F=21 -DMAX_HISTORY=25 -DNMM_NEST=0  -I. -traditional-cpp -DUSE_NETCDF4_FEATURES -DWRFIO_NCD_LARGE_FILE_SUPPORT   init_modules.G  > init_modules.bb
/global/scratch/users/adamwise/compiling/WRFv4.4-DRM_real_GAD_slices_CPM/tools/standard.exe init_modules.bb | /lib/cpp -P -nostdinc -traditional-cpp -DUSE_NETCDF4_FEATURES -DWRFIO_NCD_LARGE_FILE_SUPPORT > init_modules.f90
rm -f init_modules.G init_modules.bb
time mpif90 -f90=ifort -o init_modules.o -c -O3 -ip -fp-model precise -w -ftz -align all -fno-alias -FR -convert big_endian    -I../dyn_em  -I/global/scratch/users/adamwise/compiling/WRFv4.4-DRM_real_GAD_slices_CPM/external/esmf_time_f90  -I/global/scratch/users/adamwise/compiling/WRFv4.4-DRM_real_GAD_slices_CPM/main -I/global/scratch/users/adamwise/compiling/WRFv4.4-DRM_real_GAD_slices_CPM/external/io_netcdf -I/global/scratch/users/adamwise/compiling/WRFv4.4-DRM_real_GAD_slices_CPM/external/io_int -I/global/scratch/users/adamwise/compiling/WRFv4.4-DRM_real_GAD_slices_CPM/frame -I/global/scratch/users/adamwise/compiling/WRFv4.4-DRM_real_GAD_slices_CPM/share -I/global/scratch/users/adamwise/compiling/WRFv4.4-DRM_real_GAD_slices_CPM/phys -I/global/scratch/users/adamwise/compiling/WRFv4.4-DRM_real_GAD_slices_CPM/wrftladj -I/global/scratch/users/adamwise/compiling/WRFv4.4-DRM_real_GAD_slices_CPM/chem -I/global/scratch/users/adamwise/compiling/WRFv4.4-DRM_real_GAD_slices_CPM/inc -I/global/software/sl-7.x86_64/modules/intel/2016.4.072/netcdf/4.4.1.1-intel-s/include  -real-size `expr 8 \* 4` -i4  init_modules.f90

real	0m0.566s
user	0m0.131s
sys	0m0.190s
rm -f interp_fcn.o
sed -e "s/^\!.*'.*//" -e "s/^ *\!.*'.*//" interp_fcn.F > interp_fcn.G
/lib/cpp -P -nostdinc -I/global/scratch/users/adamwise/compiling/WRFv4.4-DRM_real_GAD_slices_CPM/inc -DEM_CORE=1 -DNMM_CORE=0 -DNMM_MAX_DIM=2600 -DDA_CORE=0 -DWRFPLUS=0 -DIWORDSIZE=4 -DDWORDSIZE=8 -DRWORDSIZE=4 -DLWORDSIZE=4 -DNONSTANDARD_SYSTEM_FUNC  -DWRF_USE_CLM -DUSE_NETCDF4_FEATURES -DWRFIO_NCD_LARGE_FILE_SUPPORT  -DDM_PARALLEL -DNETCDF -DLANDREAD_STUB=1 -DUSE_ALLOCATABLES -Dwrfmodel -DGRIB1 -DINTIO -DKEEP_INT_AROUND -DLIMIT_ARGS -DBUILD_RRTMG_FAST=0 -DBUILD_RRTMK=0 -DBUILD_SBM_FAST=1 -DSHOW_ALL_VARS_USED=0 -DCONFIG_BUF_LEN=65536 -DMAX_DOMAINS_F=21 -DMAX_HISTORY=25 -DNMM_NEST=0  -I. -traditional-cpp -DUSE_NETCDF4_FEATURES -DWRFIO_NCD_LARGE_FILE_SUPPORT   interp_fcn.G  > interp_fcn.bb
/global/scratch/users/adamwise/compiling/WRFv4.4-DRM_real_GAD_slices_CPM/tools/standard.exe interp_fcn.bb | /lib/cpp -P -nostdinc -traditional-cpp -DUSE_NETCDF4_FEATURES -DWRFIO_NCD_LARGE_FILE_SUPPORT > interp_fcn.f90
rm -f interp_fcn.G interp_fcn.bb
time mpif90 -f90=ifort -o interp_fcn.o -c -O3 -ip -fp-model precise -w -ftz -align all -fno-alias -FR -convert big_endian    -I../dyn_em  -I/global/scratch/users/adamwise/compiling/WRFv4.4-DRM_real_GAD_slices_CPM/external/esmf_time_f90  -I/global/scratch/users/adamwise/compiling/WRFv4.4-DRM_real_GAD_slices_CPM/main -I/global/scratch/users/adamwise/compiling/WRFv4.4-DRM_real_GAD_slices_CPM/external/io_netcdf -I/global/scratch/users/adamwise/compiling/WRFv4.4-DRM_real_GAD_slices_CPM/external/io_int -I/global/scratch/users/adamwise/compiling/WRFv4.4-DRM_real_GAD_slices_CPM/frame -I/global/scratch/users/adamwise/compiling/WRFv4.4-DRM_real_GAD_slices_CPM/share -I/global/scratch/users/adamwise/compiling/WRFv4.4-DRM_real_GAD_slices_CPM/phys -I/global/scratch/users/adamwise/compiling/WRFv4.4-DRM_real_GAD_slices_CPM/wrftladj -I/global/scratch/users/adamwise/compiling/WRFv4.4-DRM_real_GAD_slices_CPM/chem -I/global/scratch/users/adamwise/compiling/WRFv4.4-DRM_real_GAD_slices_CPM/inc -I/global/software/sl-7.x86_64/modules/intel/2016.4.072/netcdf/4.4.1.1-intel-s/include  -real-size `expr 8 \* 4` -i4  interp_fcn.f90

real	0m22.804s
user	0m22.086s
sys	0m0.428s
rm -f mediation_nest_move.o
sed -e "s/^\!.*'.*//" -e "s/^ *\!.*'.*//" mediation_nest_move.F > mediation_nest_move.G
/lib/cpp -P -nostdinc -I/global/scratch/users/adamwise/compiling/WRFv4.4-DRM_real_GAD_slices_CPM/inc -DEM_CORE=1 -DNMM_CORE=0 -DNMM_MAX_DIM=2600 -DDA_CORE=0 -DWRFPLUS=0 -DIWORDSIZE=4 -DDWORDSIZE=8 -DRWORDSIZE=4 -DLWORDSIZE=4 -DNONSTANDARD_SYSTEM_FUNC  -DWRF_USE_CLM -DUSE_NETCDF4_FEATURES -DWRFIO_NCD_LARGE_FILE_SUPPORT  -DDM_PARALLEL -DNETCDF -DLANDREAD_STUB=1 -DUSE_ALLOCATABLES -Dwrfmodel -DGRIB1 -DINTIO -DKEEP_INT_AROUND -DLIMIT_ARGS -DBUILD_RRTMG_FAST=0 -DBUILD_RRTMK=0 -DBUILD_SBM_FAST=1 -DSHOW_ALL_VARS_USED=0 -DCONFIG_BUF_LEN=65536 -DMAX_DOMAINS_F=21 -DMAX_HISTORY=25 -DNMM_NEST=0  -I. -traditional-cpp -DUSE_NETCDF4_FEATURES -DWRFIO_NCD_LARGE_FILE_SUPPORT   mediation_nest_move.G  > mediation_nest_move.bb
/global/scratch/users/adamwise/compiling/WRFv4.4-DRM_real_GAD_slices_CPM/tools/standard.exe mediation_nest_move.bb | /lib/cpp -P -nostdinc -traditional-cpp -DUSE_NETCDF4_FEATURES -DWRFIO_NCD_LARGE_FILE_SUPPORT > mediation_nest_move.f90
rm -f mediation_nest_move.G mediation_nest_move.bb
time mpif90 -f90=ifort -o mediation_nest_move.o -c -O3 -ip -fp-model precise -w -ftz -align all -fno-alias -FR -convert big_endian    -I../dyn_em  -I/global/scratch/users/adamwise/compiling/WRFv4.4-DRM_real_GAD_slices_CPM/external/esmf_time_f90  -I/global/scratch/users/adamwise/compiling/WRFv4.4-DRM_real_GAD_slices_CPM/main -I/global/scratch/users/adamwise/compiling/WRFv4.4-DRM_real_GAD_slices_CPM/external/io_netcdf -I/global/scratch/users/adamwise/compiling/WRFv4.4-DRM_real_GAD_slices_CPM/external/io_int -I/global/scratch/users/adamwise/compiling/WRFv4.4-DRM_real_GAD_slices_CPM/frame -I/global/scratch/users/adamwise/compiling/WRFv4.4-DRM_real_GAD_slices_CPM/share -I/global/scratch/users/adamwise/compiling/WRFv4.4-DRM_real_GAD_slices_CPM/phys -I/global/scratch/users/adamwise/compiling/WRFv4.4-DRM_real_GAD_slices_CPM/wrftladj -I/global/scratch/users/adamwise/compiling/WRFv4.4-DRM_real_GAD_slices_CPM/chem -I/global/scratch/users/adamwise/compiling/WRFv4.4-DRM_real_GAD_slices_CPM/inc -I/global/software/sl-7.x86_64/modules/intel/2016.4.072/netcdf/4.4.1.1-intel-s/include  -real-size `expr 8 \* 4` -i4  mediation_nest_move.f90

real	0m7.128s
user	0m6.581s
sys	0m0.276s
rm -f module_optional_input.o
sed -e "s/^\!.*'.*//" -e "s/^ *\!.*'.*//" module_optional_input.F > module_optional_input.G
/lib/cpp -P -nostdinc -I/global/scratch/users/adamwise/compiling/WRFv4.4-DRM_real_GAD_slices_CPM/inc -DEM_CORE=1 -DNMM_CORE=0 -DNMM_MAX_DIM=2600 -DDA_CORE=0 -DWRFPLUS=0 -DIWORDSIZE=4 -DDWORDSIZE=8 -DRWORDSIZE=4 -DLWORDSIZE=4 -DNONSTANDARD_SYSTEM_FUNC  -DWRF_USE_CLM -DUSE_NETCDF4_FEATURES -DWRFIO_NCD_LARGE_FILE_SUPPORT  -DDM_PARALLEL -DNETCDF -DLANDREAD_STUB=1 -DUSE_ALLOCATABLES -Dwrfmodel -DGRIB1 -DINTIO -DKEEP_INT_AROUND -DLIMIT_ARGS -DBUILD_RRTMG_FAST=0 -DBUILD_RRTMK=0 -DBUILD_SBM_FAST=1 -DSHOW_ALL_VARS_USED=0 -DCONFIG_BUF_LEN=65536 -DMAX_DOMAINS_F=21 -DMAX_HISTORY=25 -DNMM_NEST=0  -I. -traditional-cpp -DUSE_NETCDF4_FEATURES -DWRFIO_NCD_LARGE_FILE_SUPPORT   module_optional_input.G  > module_optional_input.bb
/global/scratch/users/adamwise/compiling/WRFv4.4-DRM_real_GAD_slices_CPM/tools/standard.exe module_optional_input.bb | /lib/cpp -P -nostdinc -traditional-cpp -DUSE_NETCDF4_FEATURES -DWRFIO_NCD_LARGE_FILE_SUPPORT > module_optional_input.f90
rm -f module_optional_input.G module_optional_input.bb
time mpif90 -f90=ifort -o module_optional_input.o -c -O3 -ip -fp-model precise -w -ftz -align all -fno-alias -FR -convert big_endian    -I../dyn_em  -I/global/scratch/users/adamwise/compiling/WRFv4.4-DRM_real_GAD_slices_CPM/external/esmf_time_f90  -I/global/scratch/users/adamwise/compiling/WRFv4.4-DRM_real_GAD_slices_CPM/main -I/global/scratch/users/adamwise/compiling/WRFv4.4-DRM_real_GAD_slices_CPM/external/io_netcdf -I/global/scratch/users/adamwise/compiling/WRFv4.4-DRM_real_GAD_slices_CPM/external/io_int -I/global/scratch/users/adamwise/compiling/WRFv4.4-DRM_real_GAD_slices_CPM/frame -I/global/scratch/users/adamwise/compiling/WRFv4.4-DRM_real_GAD_slices_CPM/share -I/global/scratch/users/adamwise/compiling/WRFv4.4-DRM_real_GAD_slices_CPM/phys -I/global/scratch/users/adamwise/compiling/WRFv4.4-DRM_real_GAD_slices_CPM/wrftladj -I/global/scratch/users/adamwise/compiling/WRFv4.4-DRM_real_GAD_slices_CPM/chem -I/global/scratch/users/adamwise/compiling/WRFv4.4-DRM_real_GAD_slices_CPM/inc -I/global/software/sl-7.x86_64/modules/intel/2016.4.072/netcdf/4.4.1.1-intel-s/include  -real-size `expr 8 \* 4` -i4  module_optional_input.f90

real	0m2.476s
user	0m1.898s
sys	0m0.285s
rm -f solve_interface.o
/global/scratch/users/adamwise/compiling/WRFv4.4-DRM_real_GAD_slices_CPM/tools/standard.exe solve_interface.F > solve_interface.b 
/lib/cpp -P -nostdinc -I/global/scratch/users/adamwise/compiling/WRFv4.4-DRM_real_GAD_slices_CPM/inc -DEM_CORE=1 -DNMM_CORE=0 -DNMM_MAX_DIM=2600 -DDA_CORE=0 -DWRFPLUS=0 -DIWORDSIZE=4 -DDWORDSIZE=8 -DRWORDSIZE=4 -DLWORDSIZE=4 -DNONSTANDARD_SYSTEM_FUNC  -DWRF_USE_CLM -DUSE_NETCDF4_FEATURES -DWRFIO_NCD_LARGE_FILE_SUPPORT  -DDM_PARALLEL -DNETCDF -DLANDREAD_STUB=1 -DUSE_ALLOCATABLES -Dwrfmodel -DGRIB1 -DINTIO -DKEEP_INT_AROUND -DLIMIT_ARGS -DBUILD_RRTMG_FAST=0 -DBUILD_RRTMK=0 -DBUILD_SBM_FAST=1 -DSHOW_ALL_VARS_USED=0 -DCONFIG_BUF_LEN=65536 -DMAX_DOMAINS_F=21 -DMAX_HISTORY=25 -DNMM_NEST=0  -I. -traditional-cpp -DUSE_NETCDF4_FEATURES -DWRFIO_NCD_LARGE_FILE_SUPPORT   solve_interface.b  > solve_interface.f90
rm -f solve_interface.b
if fgrep -iq '!$OMP' solve_interface.f90 ; then \
          if [ -n "" ] ; then echo COMPILING solve_interface.F WITH OMP ; fi ; \
  time mpif90 -f90=ifort -c -real-size `expr 8 \* 4` -i4 -O0 -fno-inline -no-ip -ip -fp-model precise -w -ftz -align all -fno-alias -FR -convert big_endian   -I../dyn_em  -I/global/scratch/users/adamwise/compiling/WRFv4.4-DRM_real_GAD_slices_CPM/external/esmf_time_f90  -I/global/scratch/users/adamwise/compiling/WRFv4.4-DRM_real_GAD_slices_CPM/main -I/global/scratch/users/adamwise/compiling/WRFv4.4-DRM_real_GAD_slices_CPM/external/io_netcdf -I/global/scratch/users/adamwise/compiling/WRFv4.4-DRM_real_GAD_slices_CPM/external/io_int -I/global/scratch/users/adamwise/compiling/WRFv4.4-DRM_real_GAD_slices_CPM/frame -I/global/scratch/users/adamwise/compiling/WRFv4.4-DRM_real_GAD_slices_CPM/share -I/global/scratch/users/adamwise/compiling/WRFv4.4-DRM_real_GAD_slices_CPM/phys -I/global/scratch/users/adamwise/compiling/WRFv4.4-DRM_real_GAD_slices_CPM/wrftladj -I/global/scratch/users/adamwise/compiling/WRFv4.4-DRM_real_GAD_slices_CPM/chem -I/global/scratch/users/adamwise/compiling/WRFv4.4-DRM_real_GAD_slices_CPM/inc -I/global/software/sl-7.x86_64/modules/intel/2016.4.072/netcdf/4.4.1.1-intel-s/include    solve_interface.f90 ; \
        else \
          if [ -n "" ] ; then echo COMPILING solve_interface.F WITHOUT OMP ; fi ; \
  time mpif90 -f90=ifort -c -real-size `expr 8 \* 4` -i4 -O0 -fno-inline -no-ip -ip -fp-model precise -w -ftz -align all -fno-alias -FR -convert big_endian   -I../dyn_em  -I/global/scratch/users/adamwise/compiling/WRFv4.4-DRM_real_GAD_slices_CPM/external/esmf_time_f90  -I/global/scratch/users/adamwise/compiling/WRFv4.4-DRM_real_GAD_slices_CPM/main -I/global/scratch/users/adamwise/compiling/WRFv4.4-DRM_real_GAD_slices_CPM/external/io_netcdf -I/global/scratch/users/adamwise/compiling/WRFv4.4-DRM_real_GAD_slices_CPM/external/io_int -I/global/scratch/users/adamwise/compiling/WRFv4.4-DRM_real_GAD_slices_CPM/frame -I/global/scratch/users/adamwise/compiling/WRFv4.4-DRM_real_GAD_slices_CPM/share -I/global/scratch/users/adamwise/compiling/WRFv4.4-DRM_real_GAD_slices_CPM/phys -I/global/scratch/users/adamwise/compiling/WRFv4.4-DRM_real_GAD_slices_CPM/wrftladj -I/global/scratch/users/adamwise/compiling/WRFv4.4-DRM_real_GAD_slices_CPM/chem -I/global/scratch/users/adamwise/compiling/WRFv4.4-DRM_real_GAD_slices_CPM/inc -I/global/software/sl-7.x86_64/modules/intel/2016.4.072/netcdf/4.4.1.1-intel-s/include   solve_interface.f90 ; \
        fi

real	0m1.499s
user	0m1.066s
sys	0m0.193s
rm -f start_domain.o
/global/scratch/users/adamwise/compiling/WRFv4.4-DRM_real_GAD_slices_CPM/tools/standard.exe start_domain.F > start_domain.b 
/lib/cpp -P -nostdinc -I/global/scratch/users/adamwise/compiling/WRFv4.4-DRM_real_GAD_slices_CPM/inc -DEM_CORE=1 -DNMM_CORE=0 -DNMM_MAX_DIM=2600 -DDA_CORE=0 -DWRFPLUS=0 -DIWORDSIZE=4 -DDWORDSIZE=8 -DRWORDSIZE=4 -DLWORDSIZE=4 -DNONSTANDARD_SYSTEM_FUNC  -DWRF_USE_CLM -DUSE_NETCDF4_FEATURES -DWRFIO_NCD_LARGE_FILE_SUPPORT  -DDM_PARALLEL -DNETCDF -DLANDREAD_STUB=1 -DUSE_ALLOCATABLES -Dwrfmodel -DGRIB1 -DINTIO -DKEEP_INT_AROUND -DLIMIT_ARGS -DBUILD_RRTMG_FAST=0 -DBUILD_RRTMK=0 -DBUILD_SBM_FAST=1 -DSHOW_ALL_VARS_USED=0 -DCONFIG_BUF_LEN=65536 -DMAX_DOMAINS_F=21 -DMAX_HISTORY=25 -DNMM_NEST=0  -I. -traditional-cpp -DUSE_NETCDF4_FEATURES -DWRFIO_NCD_LARGE_FILE_SUPPORT   start_domain.b  > start_domain.f90
rm -f start_domain.b
if fgrep -iq '!$OMP' start_domain.f90 ; then \
          if [ -n "" ] ; then echo COMPILING start_domain.F WITH OMP ; fi ; \
  time mpif90 -f90=ifort -c -real-size `expr 8 \* 4` -i4 -O0 -fno-inline -no-ip -ip -fp-model precise -w -ftz -align all -fno-alias -FR -convert big_endian   -I../dyn_em  -I/global/scratch/users/adamwise/compiling/WRFv4.4-DRM_real_GAD_slices_CPM/external/esmf_time_f90  -I/global/scratch/users/adamwise/compiling/WRFv4.4-DRM_real_GAD_slices_CPM/main -I/global/scratch/users/adamwise/compiling/WRFv4.4-DRM_real_GAD_slices_CPM/external/io_netcdf -I/global/scratch/users/adamwise/compiling/WRFv4.4-DRM_real_GAD_slices_CPM/external/io_int -I/global/scratch/users/adamwise/compiling/WRFv4.4-DRM_real_GAD_slices_CPM/frame -I/global/scratch/users/adamwise/compiling/WRFv4.4-DRM_real_GAD_slices_CPM/share -I/global/scratch/users/adamwise/compiling/WRFv4.4-DRM_real_GAD_slices_CPM/phys -I/global/scratch/users/adamwise/compiling/WRFv4.4-DRM_real_GAD_slices_CPM/wrftladj -I/global/scratch/users/adamwise/compiling/WRFv4.4-DRM_real_GAD_slices_CPM/chem -I/global/scratch/users/adamwise/compiling/WRFv4.4-DRM_real_GAD_slices_CPM/inc -I/global/software/sl-7.x86_64/modules/intel/2016.4.072/netcdf/4.4.1.1-intel-s/include    start_domain.f90 ; \
        else \
          if [ -n "" ] ; then echo COMPILING start_domain.F WITHOUT OMP ; fi ; \
  time mpif90 -f90=ifort -c -real-size `expr 8 \* 4` -i4 -O0 -fno-inline -no-ip -ip -fp-model precise -w -ftz -align all -fno-alias -FR -convert big_endian   -I../dyn_em  -I/global/scratch/users/adamwise/compiling/WRFv4.4-DRM_real_GAD_slices_CPM/external/esmf_time_f90  -I/global/scratch/users/adamwise/compiling/WRFv4.4-DRM_real_GAD_slices_CPM/main -I/global/scratch/users/adamwise/compiling/WRFv4.4-DRM_real_GAD_slices_CPM/external/io_netcdf -I/global/scratch/users/adamwise/compiling/WRFv4.4-DRM_real_GAD_slices_CPM/external/io_int -I/global/scratch/users/adamwise/compiling/WRFv4.4-DRM_real_GAD_slices_CPM/frame -I/global/scratch/users/adamwise/compiling/WRFv4.4-DRM_real_GAD_slices_CPM/share -I/global/scratch/users/adamwise/compiling/WRFv4.4-DRM_real_GAD_slices_CPM/phys -I/global/scratch/users/adamwise/compiling/WRFv4.4-DRM_real_GAD_slices_CPM/wrftladj -I/global/scratch/users/adamwise/compiling/WRFv4.4-DRM_real_GAD_slices_CPM/chem -I/global/scratch/users/adamwise/compiling/WRFv4.4-DRM_real_GAD_slices_CPM/inc -I/global/software/sl-7.x86_64/modules/intel/2016.4.072/netcdf/4.4.1.1-intel-s/include   start_domain.f90 ; \
        fi

real	0m1.967s
user	0m1.471s
sys	0m0.224s

real	0m40.969s
user	0m39.462s
sys	0m1.020s
if [ 0 -eq 1 ] ; then \
                  make -i -r nmm_contrib                                      ; \
                  ar ru ../main/libwrflib.a module_model_constants.o module_bc_time_utilities.o module_get_file_names.o module_compute_geop.o module_chem_share.o module_check_a_mundo.o module_HLaw.o module_ctrans_aqchem.o module_random.o module_llxy.o module_interp_nmm.o module_interp_store.o module_string_tools.o module_MPP.o  module_date_time.o module_bc.o module_io_wrf.o module_soil_pre.o  module_io_domain.o               module_optional_input.o          solve_interface.o mediation_interp_domain.o mediation_force_domain.o mediation_feedback_domain.o start_domain.o init_modules.o set_timekeeping.o interp_fcn.o sint.o wrf_ext_write_field.o wrf_ext_read_field.o  wrf_tsin.o landread.o track_driver.o track_input.o module_trajectory.o bobrand.o wrf_timeseries.o track_driver.o wrf_fddaobs_in.o mediation_nest_move.o setfeenv.o input_wrf.o output_wrf.o wrf_bdyout.o wrf_bdyin.o dfi.o  mediation_integrate.o mediation_wrfmain.o    ; \
                  else                                                         \
                  ar ru ../main/libwrflib.a module_model_constants.o module_bc_time_utilities.o module_get_file_names.o module_compute_geop.o module_chem_share.o module_check_a_mundo.o module_HLaw.o module_ctrans_aqchem.o module_random.o module_llxy.o module_interp_nmm.o module_interp_store.o module_string_tools.o module_MPP.o  module_date_time.o module_bc.o module_io_wrf.o module_soil_pre.o  module_io_domain.o               module_optional_input.o          solve_interface.o mediation_interp_domain.o mediation_force_domain.o mediation_feedback_domain.o start_domain.o init_modules.o set_timekeeping.o interp_fcn.o sint.o wrf_ext_write_field.o wrf_ext_read_field.o  wrf_tsin.o landread.o track_driver.o track_input.o module_trajectory.o bobrand.o wrf_timeseries.o track_driver.o wrf_fddaobs_in.o mediation_nest_move.o setfeenv.o input_wrf.o output_wrf.o wrf_bdyout.o wrf_bdyin.o dfi.o  mediation_integrate.o mediation_wrfmain.o              ; \
                fi
make[2]: Leaving directory `/global/scratch/users/adamwise/compiling/WRFv4.4-DRM_real_GAD_slices_CPM/share'
make[1]: Leaving directory `/global/scratch/users/adamwise/compiling/WRFv4.4-DRM_real_GAD_slices_CPM'
make -i -r MODULE_DIRS="-I../dyn_em  -I/global/scratch/users/adamwise/compiling/WRFv4.4-DRM_real_GAD_slices_CPM/external/esmf_time_f90  -I/global/scratch/users/adamwise/compiling/WRFv4.4-DRM_real_GAD_slices_CPM/main -I/global/scratch/users/adamwise/compiling/WRFv4.4-DRM_real_GAD_slices_CPM/external/io_netcdf -I/global/scratch/users/adamwise/compiling/WRFv4.4-DRM_real_GAD_slices_CPM/external/io_int -I/global/scratch/users/adamwise/compiling/WRFv4.4-DRM_real_GAD_slices_CPM/frame -I/global/scratch/users/adamwise/compiling/WRFv4.4-DRM_real_GAD_slices_CPM/share -I/global/scratch/users/adamwise/compiling/WRFv4.4-DRM_real_GAD_slices_CPM/phys -I/global/scratch/users/adamwise/compiling/WRFv4.4-DRM_real_GAD_slices_CPM/wrftladj -I/global/scratch/users/adamwise/compiling/WRFv4.4-DRM_real_GAD_slices_CPM/chem -I/global/scratch/users/adamwise/compiling/WRFv4.4-DRM_real_GAD_slices_CPM/inc -I/global/software/sl-7.x86_64/modules/intel/2016.4.072/netcdf/4.4.1.1-intel-s/include " physics
make[1]: Entering directory `/global/scratch/users/adamwise/compiling/WRFv4.4-DRM_real_GAD_slices_CPM'
--------------------------------------
if [ 0  -eq 0 ] ; then \
	( cd phys ; make -i -r submodules ; make -i -r CF2=" " ) ; \
	if [  -eq 1 ] ; then \
		@ echo '----------- make cmaq ----------------' ; \
		( rm -f main/libcmaqlib.a; cd cmaq ; make -i -r -f Makefile.twoway ) ; \
	fi \
else \
	( cd phys ; make -i -r submodules ; make -i -r CF2="../chem/module_data_mosaic_asect.o" ) ; \
fi
make[2]: Entering directory `/global/scratch/users/adamwise/compiling/WRFv4.4-DRM_real_GAD_slices_CPM/phys'
No action required for NoahMP submodule
make[2]: Leaving directory `/global/scratch/users/adamwise/compiling/WRFv4.4-DRM_real_GAD_slices_CPM/phys'
make[2]: Entering directory `/global/scratch/users/adamwise/compiling/WRFv4.4-DRM_real_GAD_slices_CPM/phys'
make -i -r -j 2 non_nmm ; \
ar ru ../main/libwrflib.a module_bep_bem_helper.o complex_number_module.o module_cam_shr_kind_mod.o module_cam_support.o module_cam_shr_const_mod.o module_cam_physconst.o module_cam_cldwat.o module_cam_wv_saturation.o module_cam_esinti.o module_cam_gffgch.o module_cam_error_function.o module_cam_constituents.o module_cam_trb_mtn_stress.o module_cam_molec_diff.o module_cam_upper_bc.o module_cam_bl_diffusion_solver.o module_cam_bl_eddy_diff.o module_cam_mp_microp_aero.o module_cam_mp_cldwat2m_micro.o module_cam_mp_ndrop.o module_cam_mp_modal_aero_initialize_data_phys.o module_cam_mp_radconstants.o module_cam_mp_conv_water.o module_cam_mp_qneg3.o module_data_cam_mam_aero.o module_data_cam_mam_asect.o module_cam_infnan.o  module_bl_ysu.o module_bl_shinhong.o module_bl_mrf.o module_bl_gfs.o module_bl_gfsedmf.o module_bl_myjpbl.o module_bl_qnsepbl.o module_bl_acm.o module_bl_mynn.o module_bl_fogdes.o module_bl_gwdo.o module_bl_gwdo_gsl.o module_bl_myjurb.o module_bl_boulac.o module_checkerror.o module_bl_camuwpbl_driver.o module_bl_mfshconvpbl.o module_bl_eepsilon.o module_shcu_camuwshcu_driver.o module_shcu_camuwshcu.o module_shcu_deng.o module_shcu_grims.o module_shcu_nscv.o module_cu_camzm_driver.o module_cu_camzm.o module_bl_temf.o module_bl_gbmpbl.o module_cu_g3.o module_cu_kf.o module_cu_bmj.o module_cu_kfeta.o module_cu_mskf.o module_cu_tiedtke.o module_cu_ntiedtke.o module_cu_gd.o module_cu_gf_ctrans.o module_cu_gf_wrfdrv.o module_cu_gf_deep.o module_cu_gf_sh.o module_cu_ksas.o module_cu_nsas.o module_cu_sas.o module_gocart_coupling.o module_cu_scalesas.o module_cu_osas.o module_cu_kfcup.o module_madwrf.o module_mp_radar.o module_mp_kessler.o module_mp_lin.o module_mp_sbu_ylin.o module_mp_wsm3.o module_mp_wsm5.o module_mp_wsm6.o module_mp_wsm7.o module_mp_etanew.o module_mp_fer_hires.o module_mp_thompson.o module_fire_emis.o module_mp_SBM_polar_radar.o module_mp_full_sbm.o module_mp_fast_sbm.o module_ltng_lpi.o module_mp_gsfcgce.o module_mp_gsfcgce_4ice_nuwrf.o module_mp_morr_two_moment.o module_mp_p3.o module_mp_jensen_ishmael.o module_mp_morr_two_moment_aero.o module_mp_milbrandt2mom.o module_mp_nssl_2mom.o module_mp_wdm5.o module_mp_wdm6.o module_mp_wdm7.o module_mp_ntu.o module_mp_cammgmp_driver.o module_ra_sw.o module_ra_clWRF_support.o module_ra_gsfcsw.o module_ra_goddard.o module_ra_effective_radius.o module_ra_rrtm.o module_ra_rrtmg_lw.o module_ra_rrtmg_sw.o module_ra_rrtmg_aero_optical_util_cmaq.o module_ra_rrtmg_lwf.o module_ra_rrtmg_swf.o module_ra_rrtmg_lwk.o module_ra_rrtmg_swk.o module_ra_cam_support.o module_ra_cam.o module_ra_gfdleta.o module_ra_flg.o module_ra_hs.o module_ra_eclipse.o module_ra_aerosol.o module_ra_farms.o module_sf_sfclay.o module_sf_sfclayrev.o module_sf_gfs.o module_sf_exchcoef.o module_sf_gfdl.o module_sf_slab.o module_sf_noahdrv.o module_sf_noahlsm.o module_sf_clm.o module_sf_ctsm.o module_sf_ssib.o module_sf_noah_seaice.o module_sf_noah_seaice_drv.o module_sf_noahlsm_glacial_only.o module_sf_noahmp_groundwater.o module_sf_gecros.o module_sf_noahmpdrv.o module_sf_noahmplsm.o module_sf_noahmp_glacier.o module_sf_urban.o module_sf_bep.o module_sf_bep_bem.o module_sf_bem.o module_sf_pxlsm.o module_sf_pxlsm_data.o module_sf_ruclsm.o module_sf_sfcdiags.o module_sf_sfcdiags_ruclsm.o module_sf_sstskin.o module_sf_tmnupdate.o module_sf_ocean_driver.o module_sf_oml.o module_sf_3dpwp.o module_sf_myjsfc.o module_sf_qnsesfc.o module_sf_mynn.o module_sf_fogdes.o module_sf_pxsfclay.o module_sf_temfsfclay.o module_sf_idealscmsfclay.o module_sf_spec_ideal_tsk.o module_sf_scmflux.o module_sf_scmskintemp.o module_physics_addtendc.o module_physics_init.o module_gfs_machine.o module_gfs_funcphys.o module_gfs_physcons.o module_progtm.o module_pbl_driver.o module_data_gocart_dust.o module_dust_emis.o module_cumulus_driver.o module_shallowcu_driver.o module_microphysics_driver.o module_microphysics_zero_out.o module_mixactivate.o module_radiation_driver.o module_surface_driver.o module_lightning_driver.o module_ltng_cpmpr92z.o module_ltng_crmpr92.o module_ltng_iccg.o module_fdda_psufddagd.o module_fdda_spnudging.o module_fddagd_driver.o module_fddaobs_rtfdda.o module_fddaobs_driver.o module_wind_fitch.o module_sf_lake.o module_diagnostics_driver.o module_irrigation.o module_gen_act_disk.o module_gad_psu15.o module_gad_ge16.o module_gad_ge28.o module_gad_dtu10.o module_gad_nrel5.o module_wind_param_driver.o   \
	module_fr_fire_driver.o module_fr_fire_driver_wrf.o module_fr_fire_atm.o module_fr_fire_model.o module_fr_fire_core.o module_fr_fire_phys.o module_fr_fire_util.o module_firebrand_spotting_mpi.o module_firebrand_spotting.o module_diag_afwa.o module_diag_cl.o module_diag_functions.o module_diag_hailcast.o module_diag_misc.o module_diag_nwp.o module_diag_rasm.o module_diag_pld.o module_diag_zld.o module_diag_trad_fields.o module_diag_solar.o
make[3]: Entering directory `/global/scratch/users/adamwise/compiling/WRFv4.4-DRM_real_GAD_slices_CPM/phys'
rm -f complex_number_module.o
rm -f module_cam_shr_kind_mod.o
sed -e "s/^\!.*'.*//" -e "s/^ *\!.*'.*//" complex_number_module.F > complex_number_module.G
sed -e "s/^\!.*'.*//" -e "s/^ *\!.*'.*//" module_cam_shr_kind_mod.F > module_cam_shr_kind_mod.G
/lib/cpp -P -nostdinc -I/global/scratch/users/adamwise/compiling/WRFv4.4-DRM_real_GAD_slices_CPM/inc -DEM_CORE=1 -DNMM_CORE=0 -DNMM_MAX_DIM=2600 -DDA_CORE=0 -DWRFPLUS=0 -DIWORDSIZE=4 -DDWORDSIZE=8 -DRWORDSIZE=4 -DLWORDSIZE=4 -DNONSTANDARD_SYSTEM_FUNC  -DWRF_USE_CLM -DUSE_NETCDF4_FEATURES -DWRFIO_NCD_LARGE_FILE_SUPPORT  -DDM_PARALLEL -DNETCDF -DLANDREAD_STUB=1 -DUSE_ALLOCATABLES -Dwrfmodel -DGRIB1 -DINTIO -DKEEP_INT_AROUND -DLIMIT_ARGS -DBUILD_RRTMG_FAST=0 -DBUILD_RRTMK=0 -DBUILD_SBM_FAST=1 -DSHOW_ALL_VARS_USED=0 -DCONFIG_BUF_LEN=65536 -DMAX_DOMAINS_F=21 -DMAX_HISTORY=25 -DNMM_NEST=0  -I. -traditional-cpp -DUSE_NETCDF4_FEATURES -DWRFIO_NCD_LARGE_FILE_SUPPORT   module_cam_shr_kind_mod.G  > module_cam_shr_kind_mod.bb
/lib/cpp -P -nostdinc -I/global/scratch/users/adamwise/compiling/WRFv4.4-DRM_real_GAD_slices_CPM/inc -DEM_CORE=1 -DNMM_CORE=0 -DNMM_MAX_DIM=2600 -DDA_CORE=0 -DWRFPLUS=0 -DIWORDSIZE=4 -DDWORDSIZE=8 -DRWORDSIZE=4 -DLWORDSIZE=4 -DNONSTANDARD_SYSTEM_FUNC  -DWRF_USE_CLM -DUSE_NETCDF4_FEATURES -DWRFIO_NCD_LARGE_FILE_SUPPORT  -DDM_PARALLEL -DNETCDF -DLANDREAD_STUB=1 -DUSE_ALLOCATABLES -Dwrfmodel -DGRIB1 -DINTIO -DKEEP_INT_AROUND -DLIMIT_ARGS -DBUILD_RRTMG_FAST=0 -DBUILD_RRTMK=0 -DBUILD_SBM_FAST=1 -DSHOW_ALL_VARS_USED=0 -DCONFIG_BUF_LEN=65536 -DMAX_DOMAINS_F=21 -DMAX_HISTORY=25 -DNMM_NEST=0  -I. -traditional-cpp -DUSE_NETCDF4_FEATURES -DWRFIO_NCD_LARGE_FILE_SUPPORT   complex_number_module.G  > complex_number_module.bb
/global/scratch/users/adamwise/compiling/WRFv4.4-DRM_real_GAD_slices_CPM/tools/standard.exe module_cam_shr_kind_mod.bb | /lib/cpp -P -nostdinc -traditional-cpp -DUSE_NETCDF4_FEATURES -DWRFIO_NCD_LARGE_FILE_SUPPORT > module_cam_shr_kind_mod.f90
/global/scratch/users/adamwise/compiling/WRFv4.4-DRM_real_GAD_slices_CPM/tools/standard.exe complex_number_module.bb | /lib/cpp -P -nostdinc -traditional-cpp -DUSE_NETCDF4_FEATURES -DWRFIO_NCD_LARGE_FILE_SUPPORT > complex_number_module.f90
rm -f complex_number_module.G complex_number_module.bb
rm -f module_cam_shr_kind_mod.G module_cam_shr_kind_mod.bb
time mpif90 -f90=ifort -o complex_number_module.o -c -O3 -ip -fp-model precise -w -ftz -align all -fno-alias -FR -convert big_endian    -I../dyn_em  -I/global/scratch/users/adamwise/compiling/WRFv4.4-DRM_real_GAD_slices_CPM/external/esmf_time_f90  -I/global/scratch/users/adamwise/compiling/WRFv4.4-DRM_real_GAD_slices_CPM/main -I/global/scratch/users/adamwise/compiling/WRFv4.4-DRM_real_GAD_slices_CPM/external/io_netcdf -I/global/scratch/users/adamwise/compiling/WRFv4.4-DRM_real_GAD_slices_CPM/external/io_int -I/global/scratch/users/adamwise/compiling/WRFv4.4-DRM_real_GAD_slices_CPM/frame -I/global/scratch/users/adamwise/compiling/WRFv4.4-DRM_real_GAD_slices_CPM/share -I/global/scratch/users/adamwise/compiling/WRFv4.4-DRM_real_GAD_slices_CPM/phys -I/global/scratch/users/adamwise/compiling/WRFv4.4-DRM_real_GAD_slices_CPM/wrftladj -I/global/scratch/users/adamwise/compiling/WRFv4.4-DRM_real_GAD_slices_CPM/chem -I/global/scratch/users/adamwise/compiling/WRFv4.4-DRM_real_GAD_slices_CPM/inc -I/global/software/sl-7.x86_64/modules/intel/2016.4.072/netcdf/4.4.1.1-intel-s/include  -real-size `expr 8 \* 4` -i4  complex_number_module.f90
time mpif90 -f90=ifort -o module_cam_shr_kind_mod.o -c -O3 -ip -fp-model precise -w -ftz -align all -fno-alias -FR -convert big_endian    -I../dyn_em  -I/global/scratch/users/adamwise/compiling/WRFv4.4-DRM_real_GAD_slices_CPM/external/esmf_time_f90  -I/global/scratch/users/adamwise/compiling/WRFv4.4-DRM_real_GAD_slices_CPM/main -I/global/scratch/users/adamwise/compiling/WRFv4.4-DRM_real_GAD_slices_CPM/external/io_netcdf -I/global/scratch/users/adamwise/compiling/WRFv4.4-DRM_real_GAD_slices_CPM/external/io_int -I/global/scratch/users/adamwise/compiling/WRFv4.4-DRM_real_GAD_slices_CPM/frame -I/global/scratch/users/adamwise/compiling/WRFv4.4-DRM_real_GAD_slices_CPM/share -I/global/scratch/users/adamwise/compiling/WRFv4.4-DRM_real_GAD_slices_CPM/phys -I/global/scratch/users/adamwise/compiling/WRFv4.4-DRM_real_GAD_slices_CPM/wrftladj -I/global/scratch/users/adamwise/compiling/WRFv4.4-DRM_real_GAD_slices_CPM/chem -I/global/scratch/users/adamwise/compiling/WRFv4.4-DRM_real_GAD_slices_CPM/inc -I/global/software/sl-7.x86_64/modules/intel/2016.4.072/netcdf/4.4.1.1-intel-s/include  -real-size `expr 8 \* 4` -i4  module_cam_shr_kind_mod.f90

real	0m0.421s
user	0m0.046s
sys	0m0.106s
rm -f module_cam_error_function.o
sed -e "s/^\!.*'.*//" -e "s/^ *\!.*'.*//" module_cam_error_function.F > module_cam_error_function.G
/lib/cpp -P -nostdinc -I/global/scratch/users/adamwise/compiling/WRFv4.4-DRM_real_GAD_slices_CPM/inc -DEM_CORE=1 -DNMM_CORE=0 -DNMM_MAX_DIM=2600 -DDA_CORE=0 -DWRFPLUS=0 -DIWORDSIZE=4 -DDWORDSIZE=8 -DRWORDSIZE=4 -DLWORDSIZE=4 -DNONSTANDARD_SYSTEM_FUNC  -DWRF_USE_CLM -DUSE_NETCDF4_FEATURES -DWRFIO_NCD_LARGE_FILE_SUPPORT  -DDM_PARALLEL -DNETCDF -DLANDREAD_STUB=1 -DUSE_ALLOCATABLES -Dwrfmodel -DGRIB1 -DINTIO -DKEEP_INT_AROUND -DLIMIT_ARGS -DBUILD_RRTMG_FAST=0 -DBUILD_RRTMK=0 -DBUILD_SBM_FAST=1 -DSHOW_ALL_VARS_USED=0 -DCONFIG_BUF_LEN=65536 -DMAX_DOMAINS_F=21 -DMAX_HISTORY=25 -DNMM_NEST=0  -I. -traditional-cpp -DUSE_NETCDF4_FEATURES -DWRFIO_NCD_LARGE_FILE_SUPPORT   module_cam_error_function.G  > module_cam_error_function.bb
/global/scratch/users/adamwise/compiling/WRFv4.4-DRM_real_GAD_slices_CPM/tools/standard.exe module_cam_error_function.bb | /lib/cpp -P -nostdinc -traditional-cpp -DUSE_NETCDF4_FEATURES -DWRFIO_NCD_LARGE_FILE_SUPPORT > module_cam_error_function.f90
rm -f module_cam_error_function.G module_cam_error_function.bb

real	0m0.481s
user	0m0.084s
sys	0m0.113s
rm -f module_cam_infnan.o
sed -e "s/^\!.*'.*//" -e "s/^ *\!.*'.*//" module_cam_infnan.F > module_cam_infnan.G
time mpif90 -f90=ifort -o module_cam_error_function.o -c -O3 -ip -fp-model precise -w -ftz -align all -fno-alias -FR -convert big_endian    -I../dyn_em  -I/global/scratch/users/adamwise/compiling/WRFv4.4-DRM_real_GAD_slices_CPM/external/esmf_time_f90  -I/global/scratch/users/adamwise/compiling/WRFv4.4-DRM_real_GAD_slices_CPM/main -I/global/scratch/users/adamwise/compiling/WRFv4.4-DRM_real_GAD_slices_CPM/external/io_netcdf -I/global/scratch/users/adamwise/compiling/WRFv4.4-DRM_real_GAD_slices_CPM/external/io_int -I/global/scratch/users/adamwise/compiling/WRFv4.4-DRM_real_GAD_slices_CPM/frame -I/global/scratch/users/adamwise/compiling/WRFv4.4-DRM_real_GAD_slices_CPM/share -I/global/scratch/users/adamwise/compiling/WRFv4.4-DRM_real_GAD_slices_CPM/phys -I/global/scratch/users/adamwise/compiling/WRFv4.4-DRM_real_GAD_slices_CPM/wrftladj -I/global/scratch/users/adamwise/compiling/WRFv4.4-DRM_real_GAD_slices_CPM/chem -I/global/scratch/users/adamwise/compiling/WRFv4.4-DRM_real_GAD_slices_CPM/inc -I/global/software/sl-7.x86_64/modules/intel/2016.4.072/netcdf/4.4.1.1-intel-s/include  -real-size `expr 8 \* 4` -i4  module_cam_error_function.f90
/lib/cpp -P -nostdinc -I/global/scratch/users/adamwise/compiling/WRFv4.4-DRM_real_GAD_slices_CPM/inc -DEM_CORE=1 -DNMM_CORE=0 -DNMM_MAX_DIM=2600 -DDA_CORE=0 -DWRFPLUS=0 -DIWORDSIZE=4 -DDWORDSIZE=8 -DRWORDSIZE=4 -DLWORDSIZE=4 -DNONSTANDARD_SYSTEM_FUNC  -DWRF_USE_CLM -DUSE_NETCDF4_FEATURES -DWRFIO_NCD_LARGE_FILE_SUPPORT  -DDM_PARALLEL -DNETCDF -DLANDREAD_STUB=1 -DUSE_ALLOCATABLES -Dwrfmodel -DGRIB1 -DINTIO -DKEEP_INT_AROUND -DLIMIT_ARGS -DBUILD_RRTMG_FAST=0 -DBUILD_RRTMK=0 -DBUILD_SBM_FAST=1 -DSHOW_ALL_VARS_USED=0 -DCONFIG_BUF_LEN=65536 -DMAX_DOMAINS_F=21 -DMAX_HISTORY=25 -DNMM_NEST=0  -I. -traditional-cpp -DUSE_NETCDF4_FEATURES -DWRFIO_NCD_LARGE_FILE_SUPPORT   module_cam_infnan.G  > module_cam_infnan.bb
/global/scratch/users/adamwise/compiling/WRFv4.4-DRM_real_GAD_slices_CPM/tools/standard.exe module_cam_infnan.bb | /lib/cpp -P -nostdinc -traditional-cpp -DUSE_NETCDF4_FEATURES -DWRFIO_NCD_LARGE_FILE_SUPPORT > module_cam_infnan.f90
rm -f module_cam_infnan.G module_cam_infnan.bb
time mpif90 -f90=ifort -o module_cam_infnan.o -c -O3 -ip -fp-model precise -w -ftz -align all -fno-alias -FR -convert big_endian    -I../dyn_em  -I/global/scratch/users/adamwise/compiling/WRFv4.4-DRM_real_GAD_slices_CPM/external/esmf_time_f90  -I/global/scratch/users/adamwise/compiling/WRFv4.4-DRM_real_GAD_slices_CPM/main -I/global/scratch/users/adamwise/compiling/WRFv4.4-DRM_real_GAD_slices_CPM/external/io_netcdf -I/global/scratch/users/adamwise/compiling/WRFv4.4-DRM_real_GAD_slices_CPM/external/io_int -I/global/scratch/users/adamwise/compiling/WRFv4.4-DRM_real_GAD_slices_CPM/frame -I/global/scratch/users/adamwise/compiling/WRFv4.4-DRM_real_GAD_slices_CPM/share -I/global/scratch/users/adamwise/compiling/WRFv4.4-DRM_real_GAD_slices_CPM/phys -I/global/scratch/users/adamwise/compiling/WRFv4.4-DRM_real_GAD_slices_CPM/wrftladj -I/global/scratch/users/adamwise/compiling/WRFv4.4-DRM_real_GAD_slices_CPM/chem -I/global/scratch/users/adamwise/compiling/WRFv4.4-DRM_real_GAD_slices_CPM/inc -I/global/software/sl-7.x86_64/modules/intel/2016.4.072/netcdf/4.4.1.1-intel-s/include  -real-size `expr 8 \* 4` -i4  module_cam_infnan.f90

real	0m0.372s
user	0m0.051s
sys	0m0.089s
rm -f module_bl_ysu.o
sed -e "s/^\!.*'.*//" -e "s/^ *\!.*'.*//" module_bl_ysu.F > module_bl_ysu.G
/lib/cpp -P -nostdinc -I/global/scratch/users/adamwise/compiling/WRFv4.4-DRM_real_GAD_slices_CPM/inc -DEM_CORE=1 -DNMM_CORE=0 -DNMM_MAX_DIM=2600 -DDA_CORE=0 -DWRFPLUS=0 -DIWORDSIZE=4 -DDWORDSIZE=8 -DRWORDSIZE=4 -DLWORDSIZE=4 -DNONSTANDARD_SYSTEM_FUNC  -DWRF_USE_CLM -DUSE_NETCDF4_FEATURES -DWRFIO_NCD_LARGE_FILE_SUPPORT  -DDM_PARALLEL -DNETCDF -DLANDREAD_STUB=1 -DUSE_ALLOCATABLES -Dwrfmodel -DGRIB1 -DINTIO -DKEEP_INT_AROUND -DLIMIT_ARGS -DBUILD_RRTMG_FAST=0 -DBUILD_RRTMK=0 -DBUILD_SBM_FAST=1 -DSHOW_ALL_VARS_USED=0 -DCONFIG_BUF_LEN=65536 -DMAX_DOMAINS_F=21 -DMAX_HISTORY=25 -DNMM_NEST=0  -I. -traditional-cpp -DUSE_NETCDF4_FEATURES -DWRFIO_NCD_LARGE_FILE_SUPPORT   module_bl_ysu.G  > module_bl_ysu.bb
/global/scratch/users/adamwise/compiling/WRFv4.4-DRM_real_GAD_slices_CPM/tools/standard.exe module_bl_ysu.bb | /lib/cpp -P -nostdinc -traditional-cpp -DUSE_NETCDF4_FEATURES -DWRFIO_NCD_LARGE_FILE_SUPPORT > module_bl_ysu.f90
rm -f module_bl_ysu.G module_bl_ysu.bb
time mpif90 -f90=ifort -o module_bl_ysu.o -c -O3 -ip -fp-model precise -w -ftz -align all -fno-alias -FR -convert big_endian    -I../dyn_em  -I/global/scratch/users/adamwise/compiling/WRFv4.4-DRM_real_GAD_slices_CPM/external/esmf_time_f90  -I/global/scratch/users/adamwise/compiling/WRFv4.4-DRM_real_GAD_slices_CPM/main -I/global/scratch/users/adamwise/compiling/WRFv4.4-DRM_real_GAD_slices_CPM/external/io_netcdf -I/global/scratch/users/adamwise/compiling/WRFv4.4-DRM_real_GAD_slices_CPM/external/io_int -I/global/scratch/users/adamwise/compiling/WRFv4.4-DRM_real_GAD_slices_CPM/frame -I/global/scratch/users/adamwise/compiling/WRFv4.4-DRM_real_GAD_slices_CPM/share -I/global/scratch/users/adamwise/compiling/WRFv4.4-DRM_real_GAD_slices_CPM/phys -I/global/scratch/users/adamwise/compiling/WRFv4.4-DRM_real_GAD_slices_CPM/wrftladj -I/global/scratch/users/adamwise/compiling/WRFv4.4-DRM_real_GAD_slices_CPM/chem -I/global/scratch/users/adamwise/compiling/WRFv4.4-DRM_real_GAD_slices_CPM/inc -I/global/software/sl-7.x86_64/modules/intel/2016.4.072/netcdf/4.4.1.1-intel-s/include  -real-size `expr 8 \* 4` -i4  module_bl_ysu.f90

real	0m0.539s
user	0m0.167s
sys	0m0.112s
rm -f module_bl_shinhong.o
sed -e "s/^\!.*'.*//" -e "s/^ *\!.*'.*//" module_bl_shinhong.F > module_bl_shinhong.G
/lib/cpp -P -nostdinc -I/global/scratch/users/adamwise/compiling/WRFv4.4-DRM_real_GAD_slices_CPM/inc -DEM_CORE=1 -DNMM_CORE=0 -DNMM_MAX_DIM=2600 -DDA_CORE=0 -DWRFPLUS=0 -DIWORDSIZE=4 -DDWORDSIZE=8 -DRWORDSIZE=4 -DLWORDSIZE=4 -DNONSTANDARD_SYSTEM_FUNC  -DWRF_USE_CLM -DUSE_NETCDF4_FEATURES -DWRFIO_NCD_LARGE_FILE_SUPPORT  -DDM_PARALLEL -DNETCDF -DLANDREAD_STUB=1 -DUSE_ALLOCATABLES -Dwrfmodel -DGRIB1 -DINTIO -DKEEP_INT_AROUND -DLIMIT_ARGS -DBUILD_RRTMG_FAST=0 -DBUILD_RRTMK=0 -DBUILD_SBM_FAST=1 -DSHOW_ALL_VARS_USED=0 -DCONFIG_BUF_LEN=65536 -DMAX_DOMAINS_F=21 -DMAX_HISTORY=25 -DNMM_NEST=0  -I. -traditional-cpp -DUSE_NETCDF4_FEATURES -DWRFIO_NCD_LARGE_FILE_SUPPORT   module_bl_shinhong.G  > module_bl_shinhong.bb
/global/scratch/users/adamwise/compiling/WRFv4.4-DRM_real_GAD_slices_CPM/tools/standard.exe module_bl_shinhong.bb | /lib/cpp -P -nostdinc -traditional-cpp -DUSE_NETCDF4_FEATURES -DWRFIO_NCD_LARGE_FILE_SUPPORT > module_bl_shinhong.f90
rm -f module_bl_shinhong.G module_bl_shinhong.bb
time mpif90 -f90=ifort -o module_bl_shinhong.o -c -O3 -ip -fp-model precise -w -ftz -align all -fno-alias -FR -convert big_endian    -I../dyn_em  -I/global/scratch/users/adamwise/compiling/WRFv4.4-DRM_real_GAD_slices_CPM/external/esmf_time_f90  -I/global/scratch/users/adamwise/compiling/WRFv4.4-DRM_real_GAD_slices_CPM/main -I/global/scratch/users/adamwise/compiling/WRFv4.4-DRM_real_GAD_slices_CPM/external/io_netcdf -I/global/scratch/users/adamwise/compiling/WRFv4.4-DRM_real_GAD_slices_CPM/external/io_int -I/global/scratch/users/adamwise/compiling/WRFv4.4-DRM_real_GAD_slices_CPM/frame -I/global/scratch/users/adamwise/compiling/WRFv4.4-DRM_real_GAD_slices_CPM/share -I/global/scratch/users/adamwise/compiling/WRFv4.4-DRM_real_GAD_slices_CPM/phys -I/global/scratch/users/adamwise/compiling/WRFv4.4-DRM_real_GAD_slices_CPM/wrftladj -I/global/scratch/users/adamwise/compiling/WRFv4.4-DRM_real_GAD_slices_CPM/chem -I/global/scratch/users/adamwise/compiling/WRFv4.4-DRM_real_GAD_slices_CPM/inc -I/global/software/sl-7.x86_64/modules/intel/2016.4.072/netcdf/4.4.1.1-intel-s/include  -real-size `expr 8 \* 4` -i4  module_bl_shinhong.f90

real	0m8.268s
user	0m7.807s
sys	0m0.232s
rm -f module_bl_mrf.o
sed -e "s/^\!.*'.*//" -e "s/^ *\!.*'.*//" module_bl_mrf.F > module_bl_mrf.G
/lib/cpp -P -nostdinc -I/global/scratch/users/adamwise/compiling/WRFv4.4-DRM_real_GAD_slices_CPM/inc -DEM_CORE=1 -DNMM_CORE=0 -DNMM_MAX_DIM=2600 -DDA_CORE=0 -DWRFPLUS=0 -DIWORDSIZE=4 -DDWORDSIZE=8 -DRWORDSIZE=4 -DLWORDSIZE=4 -DNONSTANDARD_SYSTEM_FUNC  -DWRF_USE_CLM -DUSE_NETCDF4_FEATURES -DWRFIO_NCD_LARGE_FILE_SUPPORT  -DDM_PARALLEL -DNETCDF -DLANDREAD_STUB=1 -DUSE_ALLOCATABLES -Dwrfmodel -DGRIB1 -DINTIO -DKEEP_INT_AROUND -DLIMIT_ARGS -DBUILD_RRTMG_FAST=0 -DBUILD_RRTMK=0 -DBUILD_SBM_FAST=1 -DSHOW_ALL_VARS_USED=0 -DCONFIG_BUF_LEN=65536 -DMAX_DOMAINS_F=21 -DMAX_HISTORY=25 -DNMM_NEST=0  -I. -traditional-cpp -DUSE_NETCDF4_FEATURES -DWRFIO_NCD_LARGE_FILE_SUPPORT   module_bl_mrf.G  > module_bl_mrf.bb
/global/scratch/users/adamwise/compiling/WRFv4.4-DRM_real_GAD_slices_CPM/tools/standard.exe module_bl_mrf.bb | /lib/cpp -P -nostdinc -traditional-cpp -DUSE_NETCDF4_FEATURES -DWRFIO_NCD_LARGE_FILE_SUPPORT > module_bl_mrf.f90
rm -f module_bl_mrf.G module_bl_mrf.bb
time mpif90 -f90=ifort -o module_bl_mrf.o -c -O3 -ip -fp-model precise -w -ftz -align all -fno-alias -FR -convert big_endian    -I../dyn_em  -I/global/scratch/users/adamwise/compiling/WRFv4.4-DRM_real_GAD_slices_CPM/external/esmf_time_f90  -I/global/scratch/users/adamwise/compiling/WRFv4.4-DRM_real_GAD_slices_CPM/main -I/global/scratch/users/adamwise/compiling/WRFv4.4-DRM_real_GAD_slices_CPM/external/io_netcdf -I/global/scratch/users/adamwise/compiling/WRFv4.4-DRM_real_GAD_slices_CPM/external/io_int -I/global/scratch/users/adamwise/compiling/WRFv4.4-DRM_real_GAD_slices_CPM/frame -I/global/scratch/users/adamwise/compiling/WRFv4.4-DRM_real_GAD_slices_CPM/share -I/global/scratch/users/adamwise/compiling/WRFv4.4-DRM_real_GAD_slices_CPM/phys -I/global/scratch/users/adamwise/compiling/WRFv4.4-DRM_real_GAD_slices_CPM/wrftladj -I/global/scratch/users/adamwise/compiling/WRFv4.4-DRM_real_GAD_slices_CPM/chem -I/global/scratch/users/adamwise/compiling/WRFv4.4-DRM_real_GAD_slices_CPM/inc -I/global/software/sl-7.x86_64/modules/intel/2016.4.072/netcdf/4.4.1.1-intel-s/include  -real-size `expr 8 \* 4` -i4  module_bl_mrf.f90

real	0m8.504s
user	0m7.994s
sys	0m0.286s
rm -f module_gfs_machine.o
sed -e "s/^\!.*'.*//" -e "s/^ *\!.*'.*//" module_gfs_machine.F > module_gfs_machine.G
/lib/cpp -P -nostdinc -I/global/scratch/users/adamwise/compiling/WRFv4.4-DRM_real_GAD_slices_CPM/inc -DEM_CORE=1 -DNMM_CORE=0 -DNMM_MAX_DIM=2600 -DDA_CORE=0 -DWRFPLUS=0 -DIWORDSIZE=4 -DDWORDSIZE=8 -DRWORDSIZE=4 -DLWORDSIZE=4 -DNONSTANDARD_SYSTEM_FUNC  -DWRF_USE_CLM -DUSE_NETCDF4_FEATURES -DWRFIO_NCD_LARGE_FILE_SUPPORT  -DDM_PARALLEL -DNETCDF -DLANDREAD_STUB=1 -DUSE_ALLOCATABLES -Dwrfmodel -DGRIB1 -DINTIO -DKEEP_INT_AROUND -DLIMIT_ARGS -DBUILD_RRTMG_FAST=0 -DBUILD_RRTMK=0 -DBUILD_SBM_FAST=1 -DSHOW_ALL_VARS_USED=0 -DCONFIG_BUF_LEN=65536 -DMAX_DOMAINS_F=21 -DMAX_HISTORY=25 -DNMM_NEST=0  -I. -traditional-cpp -DUSE_NETCDF4_FEATURES -DWRFIO_NCD_LARGE_FILE_SUPPORT   module_gfs_machine.G  > module_gfs_machine.bb
/global/scratch/users/adamwise/compiling/WRFv4.4-DRM_real_GAD_slices_CPM/tools/standard.exe module_gfs_machine.bb | /lib/cpp -P -nostdinc -traditional-cpp -DUSE_NETCDF4_FEATURES -DWRFIO_NCD_LARGE_FILE_SUPPORT > module_gfs_machine.f90
rm -f module_gfs_machine.G module_gfs_machine.bb
time mpif90 -f90=ifort -o module_gfs_machine.o -c -O3 -ip -fp-model precise -w -ftz -align all -fno-alias -FR -convert big_endian    -I../dyn_em  -I/global/scratch/users/adamwise/compiling/WRFv4.4-DRM_real_GAD_slices_CPM/external/esmf_time_f90  -I/global/scratch/users/adamwise/compiling/WRFv4.4-DRM_real_GAD_slices_CPM/main -I/global/scratch/users/adamwise/compiling/WRFv4.4-DRM_real_GAD_slices_CPM/external/io_netcdf -I/global/scratch/users/adamwise/compiling/WRFv4.4-DRM_real_GAD_slices_CPM/external/io_int -I/global/scratch/users/adamwise/compiling/WRFv4.4-DRM_real_GAD_slices_CPM/frame -I/global/scratch/users/adamwise/compiling/WRFv4.4-DRM_real_GAD_slices_CPM/share -I/global/scratch/users/adamwise/compiling/WRFv4.4-DRM_real_GAD_slices_CPM/phys -I/global/scratch/users/adamwise/compiling/WRFv4.4-DRM_real_GAD_slices_CPM/wrftladj -I/global/scratch/users/adamwise/compiling/WRFv4.4-DRM_real_GAD_slices_CPM/chem -I/global/scratch/users/adamwise/compiling/WRFv4.4-DRM_real_GAD_slices_CPM/inc -I/global/software/sl-7.x86_64/modules/intel/2016.4.072/netcdf/4.4.1.1-intel-s/include  -real-size `expr 8 \* 4` -i4  module_gfs_machine.f90

real	0m0.346s
user	0m0.050s
sys	0m0.082s
rm -f module_bl_myjpbl.o
sed -e "s/^\!.*'.*//" -e "s/^ *\!.*'.*//" module_bl_myjpbl.F > module_bl_myjpbl.G
/lib/cpp -P -nostdinc -I/global/scratch/users/adamwise/compiling/WRFv4.4-DRM_real_GAD_slices_CPM/inc -DEM_CORE=1 -DNMM_CORE=0 -DNMM_MAX_DIM=2600 -DDA_CORE=0 -DWRFPLUS=0 -DIWORDSIZE=4 -DDWORDSIZE=8 -DRWORDSIZE=4 -DLWORDSIZE=4 -DNONSTANDARD_SYSTEM_FUNC  -DWRF_USE_CLM -DUSE_NETCDF4_FEATURES -DWRFIO_NCD_LARGE_FILE_SUPPORT  -DDM_PARALLEL -DNETCDF -DLANDREAD_STUB=1 -DUSE_ALLOCATABLES -Dwrfmodel -DGRIB1 -DINTIO -DKEEP_INT_AROUND -DLIMIT_ARGS -DBUILD_RRTMG_FAST=0 -DBUILD_RRTMK=0 -DBUILD_SBM_FAST=1 -DSHOW_ALL_VARS_USED=0 -DCONFIG_BUF_LEN=65536 -DMAX_DOMAINS_F=21 -DMAX_HISTORY=25 -DNMM_NEST=0  -I. -traditional-cpp -DUSE_NETCDF4_FEATURES -DWRFIO_NCD_LARGE_FILE_SUPPORT   module_bl_myjpbl.G  > module_bl_myjpbl.bb
/global/scratch/users/adamwise/compiling/WRFv4.4-DRM_real_GAD_slices_CPM/tools/standard.exe module_bl_myjpbl.bb | /lib/cpp -P -nostdinc -traditional-cpp -DUSE_NETCDF4_FEATURES -DWRFIO_NCD_LARGE_FILE_SUPPORT > module_bl_myjpbl.f90
rm -f module_bl_myjpbl.G module_bl_myjpbl.bb
time mpif90 -f90=ifort -o module_bl_myjpbl.o -c -O3 -ip -fp-model precise -w -ftz -align all -fno-alias -FR -convert big_endian    -I../dyn_em  -I/global/scratch/users/adamwise/compiling/WRFv4.4-DRM_real_GAD_slices_CPM/external/esmf_time_f90  -I/global/scratch/users/adamwise/compiling/WRFv4.4-DRM_real_GAD_slices_CPM/main -I/global/scratch/users/adamwise/compiling/WRFv4.4-DRM_real_GAD_slices_CPM/external/io_netcdf -I/global/scratch/users/adamwise/compiling/WRFv4.4-DRM_real_GAD_slices_CPM/external/io_int -I/global/scratch/users/adamwise/compiling/WRFv4.4-DRM_real_GAD_slices_CPM/frame -I/global/scratch/users/adamwise/compiling/WRFv4.4-DRM_real_GAD_slices_CPM/share -I/global/scratch/users/adamwise/compiling/WRFv4.4-DRM_real_GAD_slices_CPM/phys -I/global/scratch/users/adamwise/compiling/WRFv4.4-DRM_real_GAD_slices_CPM/wrftladj -I/global/scratch/users/adamwise/compiling/WRFv4.4-DRM_real_GAD_slices_CPM/chem -I/global/scratch/users/adamwise/compiling/WRFv4.4-DRM_real_GAD_slices_CPM/inc -I/global/software/sl-7.x86_64/modules/intel/2016.4.072/netcdf/4.4.1.1-intel-s/include  -real-size `expr 8 \* 4` -i4  module_bl_myjpbl.f90

real	0m2.760s
user	0m2.374s
sys	0m0.168s
rm -f module_bl_qnsepbl.o
sed -e "s/^\!.*'.*//" -e "s/^ *\!.*'.*//" module_bl_qnsepbl.F > module_bl_qnsepbl.G
/lib/cpp -P -nostdinc -I/global/scratch/users/adamwise/compiling/WRFv4.4-DRM_real_GAD_slices_CPM/inc -DEM_CORE=1 -DNMM_CORE=0 -DNMM_MAX_DIM=2600 -DDA_CORE=0 -DWRFPLUS=0 -DIWORDSIZE=4 -DDWORDSIZE=8 -DRWORDSIZE=4 -DLWORDSIZE=4 -DNONSTANDARD_SYSTEM_FUNC  -DWRF_USE_CLM -DUSE_NETCDF4_FEATURES -DWRFIO_NCD_LARGE_FILE_SUPPORT  -DDM_PARALLEL -DNETCDF -DLANDREAD_STUB=1 -DUSE_ALLOCATABLES -Dwrfmodel -DGRIB1 -DINTIO -DKEEP_INT_AROUND -DLIMIT_ARGS -DBUILD_RRTMG_FAST=0 -DBUILD_RRTMK=0 -DBUILD_SBM_FAST=1 -DSHOW_ALL_VARS_USED=0 -DCONFIG_BUF_LEN=65536 -DMAX_DOMAINS_F=21 -DMAX_HISTORY=25 -DNMM_NEST=0  -I. -traditional-cpp -DUSE_NETCDF4_FEATURES -DWRFIO_NCD_LARGE_FILE_SUPPORT   module_bl_qnsepbl.G  > module_bl_qnsepbl.bb
/global/scratch/users/adamwise/compiling/WRFv4.4-DRM_real_GAD_slices_CPM/tools/standard.exe module_bl_qnsepbl.bb | /lib/cpp -P -nostdinc -traditional-cpp -DUSE_NETCDF4_FEATURES -DWRFIO_NCD_LARGE_FILE_SUPPORT > module_bl_qnsepbl.f90
rm -f module_bl_qnsepbl.G module_bl_qnsepbl.bb
time mpif90 -f90=ifort -o module_bl_qnsepbl.o -c -O3 -ip -fp-model precise -w -ftz -align all -fno-alias -FR -convert big_endian    -I../dyn_em  -I/global/scratch/users/adamwise/compiling/WRFv4.4-DRM_real_GAD_slices_CPM/external/esmf_time_f90  -I/global/scratch/users/adamwise/compiling/WRFv4.4-DRM_real_GAD_slices_CPM/main -I/global/scratch/users/adamwise/compiling/WRFv4.4-DRM_real_GAD_slices_CPM/external/io_netcdf -I/global/scratch/users/adamwise/compiling/WRFv4.4-DRM_real_GAD_slices_CPM/external/io_int -I/global/scratch/users/adamwise/compiling/WRFv4.4-DRM_real_GAD_slices_CPM/frame -I/global/scratch/users/adamwise/compiling/WRFv4.4-DRM_real_GAD_slices_CPM/share -I/global/scratch/users/adamwise/compiling/WRFv4.4-DRM_real_GAD_slices_CPM/phys -I/global/scratch/users/adamwise/compiling/WRFv4.4-DRM_real_GAD_slices_CPM/wrftladj -I/global/scratch/users/adamwise/compiling/WRFv4.4-DRM_real_GAD_slices_CPM/chem -I/global/scratch/users/adamwise/compiling/WRFv4.4-DRM_real_GAD_slices_CPM/inc -I/global/software/sl-7.x86_64/modules/intel/2016.4.072/netcdf/4.4.1.1-intel-s/include  -real-size `expr 8 \* 4` -i4  module_bl_qnsepbl.f90

real	0m3.685s
user	0m3.132s
sys	0m0.211s
rm -f module_bl_acm.o
sed -e "s/^\!.*'.*//" -e "s/^ *\!.*'.*//" module_bl_acm.F > module_bl_acm.G
/lib/cpp -P -nostdinc -I/global/scratch/users/adamwise/compiling/WRFv4.4-DRM_real_GAD_slices_CPM/inc -DEM_CORE=1 -DNMM_CORE=0 -DNMM_MAX_DIM=2600 -DDA_CORE=0 -DWRFPLUS=0 -DIWORDSIZE=4 -DDWORDSIZE=8 -DRWORDSIZE=4 -DLWORDSIZE=4 -DNONSTANDARD_SYSTEM_FUNC  -DWRF_USE_CLM -DUSE_NETCDF4_FEATURES -DWRFIO_NCD_LARGE_FILE_SUPPORT  -DDM_PARALLEL -DNETCDF -DLANDREAD_STUB=1 -DUSE_ALLOCATABLES -Dwrfmodel -DGRIB1 -DINTIO -DKEEP_INT_AROUND -DLIMIT_ARGS -DBUILD_RRTMG_FAST=0 -DBUILD_RRTMK=0 -DBUILD_SBM_FAST=1 -DSHOW_ALL_VARS_USED=0 -DCONFIG_BUF_LEN=65536 -DMAX_DOMAINS_F=21 -DMAX_HISTORY=25 -DNMM_NEST=0  -I. -traditional-cpp -DUSE_NETCDF4_FEATURES -DWRFIO_NCD_LARGE_FILE_SUPPORT   module_bl_acm.G  > module_bl_acm.bb
/global/scratch/users/adamwise/compiling/WRFv4.4-DRM_real_GAD_slices_CPM/tools/standard.exe module_bl_acm.bb | /lib/cpp -P -nostdinc -traditional-cpp -DUSE_NETCDF4_FEATURES -DWRFIO_NCD_LARGE_FILE_SUPPORT > module_bl_acm.f90
rm -f module_bl_acm.G module_bl_acm.bb
time mpif90 -f90=ifort -o module_bl_acm.o -c -O3 -ip -fp-model precise -w -ftz -align all -fno-alias -FR -convert big_endian    -I../dyn_em  -I/global/scratch/users/adamwise/compiling/WRFv4.4-DRM_real_GAD_slices_CPM/external/esmf_time_f90  -I/global/scratch/users/adamwise/compiling/WRFv4.4-DRM_real_GAD_slices_CPM/main -I/global/scratch/users/adamwise/compiling/WRFv4.4-DRM_real_GAD_slices_CPM/external/io_netcdf -I/global/scratch/users/adamwise/compiling/WRFv4.4-DRM_real_GAD_slices_CPM/external/io_int -I/global/scratch/users/adamwise/compiling/WRFv4.4-DRM_real_GAD_slices_CPM/frame -I/global/scratch/users/adamwise/compiling/WRFv4.4-DRM_real_GAD_slices_CPM/share -I/global/scratch/users/adamwise/compiling/WRFv4.4-DRM_real_GAD_slices_CPM/phys -I/global/scratch/users/adamwise/compiling/WRFv4.4-DRM_real_GAD_slices_CPM/wrftladj -I/global/scratch/users/adamwise/compiling/WRFv4.4-DRM_real_GAD_slices_CPM/chem -I/global/scratch/users/adamwise/compiling/WRFv4.4-DRM_real_GAD_slices_CPM/inc -I/global/software/sl-7.x86_64/modules/intel/2016.4.072/netcdf/4.4.1.1-intel-s/include  -real-size `expr 8 \* 4` -i4  module_bl_acm.f90

real	0m2.402s
user	0m2.038s
sys	0m0.130s
rm -f module_bl_mynn.o
sed -e "s/^\!.*'.*//" -e "s/^ *\!.*'.*//" module_bl_mynn.F > module_bl_mynn.G
/lib/cpp -P -nostdinc -I/global/scratch/users/adamwise/compiling/WRFv4.4-DRM_real_GAD_slices_CPM/inc -DEM_CORE=1 -DNMM_CORE=0 -DNMM_MAX_DIM=2600 -DDA_CORE=0 -DWRFPLUS=0 -DIWORDSIZE=4 -DDWORDSIZE=8 -DRWORDSIZE=4 -DLWORDSIZE=4 -DNONSTANDARD_SYSTEM_FUNC  -DWRF_USE_CLM -DUSE_NETCDF4_FEATURES -DWRFIO_NCD_LARGE_FILE_SUPPORT  -DDM_PARALLEL -DNETCDF -DLANDREAD_STUB=1 -DUSE_ALLOCATABLES -Dwrfmodel -DGRIB1 -DINTIO -DKEEP_INT_AROUND -DLIMIT_ARGS -DBUILD_RRTMG_FAST=0 -DBUILD_RRTMK=0 -DBUILD_SBM_FAST=1 -DSHOW_ALL_VARS_USED=0 -DCONFIG_BUF_LEN=65536 -DMAX_DOMAINS_F=21 -DMAX_HISTORY=25 -DNMM_NEST=0  -I. -traditional-cpp -DUSE_NETCDF4_FEATURES -DWRFIO_NCD_LARGE_FILE_SUPPORT   module_bl_mynn.G  > module_bl_mynn.bb
/global/scratch/users/adamwise/compiling/WRFv4.4-DRM_real_GAD_slices_CPM/tools/standard.exe module_bl_mynn.bb | /lib/cpp -P -nostdinc -traditional-cpp -DUSE_NETCDF4_FEATURES -DWRFIO_NCD_LARGE_FILE_SUPPORT > module_bl_mynn.f90
rm -f module_bl_mynn.G module_bl_mynn.bb
time mpif90 -f90=ifort -o module_bl_mynn.o -c -O3 -ip -fp-model precise -w -ftz -align all -fno-alias -FR -convert big_endian    -I../dyn_em  -I/global/scratch/users/adamwise/compiling/WRFv4.4-DRM_real_GAD_slices_CPM/external/esmf_time_f90  -I/global/scratch/users/adamwise/compiling/WRFv4.4-DRM_real_GAD_slices_CPM/main -I/global/scratch/users/adamwise/compiling/WRFv4.4-DRM_real_GAD_slices_CPM/external/io_netcdf -I/global/scratch/users/adamwise/compiling/WRFv4.4-DRM_real_GAD_slices_CPM/external/io_int -I/global/scratch/users/adamwise/compiling/WRFv4.4-DRM_real_GAD_slices_CPM/frame -I/global/scratch/users/adamwise/compiling/WRFv4.4-DRM_real_GAD_slices_CPM/share -I/global/scratch/users/adamwise/compiling/WRFv4.4-DRM_real_GAD_slices_CPM/phys -I/global/scratch/users/adamwise/compiling/WRFv4.4-DRM_real_GAD_slices_CPM/wrftladj -I/global/scratch/users/adamwise/compiling/WRFv4.4-DRM_real_GAD_slices_CPM/chem -I/global/scratch/users/adamwise/compiling/WRFv4.4-DRM_real_GAD_slices_CPM/inc -I/global/software/sl-7.x86_64/modules/intel/2016.4.072/netcdf/4.4.1.1-intel-s/include  -real-size `expr 8 \* 4` -i4  module_bl_mynn.f90

real	0m2.905s
user	0m2.499s
sys	0m0.172s
rm -f module_bl_gwdo.o
sed -e "s/^\!.*'.*//" -e "s/^ *\!.*'.*//" module_bl_gwdo.F > module_bl_gwdo.G
/lib/cpp -P -nostdinc -I/global/scratch/users/adamwise/compiling/WRFv4.4-DRM_real_GAD_slices_CPM/inc -DEM_CORE=1 -DNMM_CORE=0 -DNMM_MAX_DIM=2600 -DDA_CORE=0 -DWRFPLUS=0 -DIWORDSIZE=4 -DDWORDSIZE=8 -DRWORDSIZE=4 -DLWORDSIZE=4 -DNONSTANDARD_SYSTEM_FUNC  -DWRF_USE_CLM -DUSE_NETCDF4_FEATURES -DWRFIO_NCD_LARGE_FILE_SUPPORT  -DDM_PARALLEL -DNETCDF -DLANDREAD_STUB=1 -DUSE_ALLOCATABLES -Dwrfmodel -DGRIB1 -DINTIO -DKEEP_INT_AROUND -DLIMIT_ARGS -DBUILD_RRTMG_FAST=0 -DBUILD_RRTMK=0 -DBUILD_SBM_FAST=1 -DSHOW_ALL_VARS_USED=0 -DCONFIG_BUF_LEN=65536 -DMAX_DOMAINS_F=21 -DMAX_HISTORY=25 -DNMM_NEST=0  -I. -traditional-cpp -DUSE_NETCDF4_FEATURES -DWRFIO_NCD_LARGE_FILE_SUPPORT   module_bl_gwdo.G  > module_bl_gwdo.bb
/global/scratch/users/adamwise/compiling/WRFv4.4-DRM_real_GAD_slices_CPM/tools/standard.exe module_bl_gwdo.bb | /lib/cpp -P -nostdinc -traditional-cpp -DUSE_NETCDF4_FEATURES -DWRFIO_NCD_LARGE_FILE_SUPPORT > module_bl_gwdo.f90
rm -f module_bl_gwdo.G module_bl_gwdo.bb
time mpif90 -f90=ifort -o module_bl_gwdo.o -c -O3 -ip -fp-model precise -w -ftz -align all -fno-alias -FR -convert big_endian    -I../dyn_em  -I/global/scratch/users/adamwise/compiling/WRFv4.4-DRM_real_GAD_slices_CPM/external/esmf_time_f90  -I/global/scratch/users/adamwise/compiling/WRFv4.4-DRM_real_GAD_slices_CPM/main -I/global/scratch/users/adamwise/compiling/WRFv4.4-DRM_real_GAD_slices_CPM/external/io_netcdf -I/global/scratch/users/adamwise/compiling/WRFv4.4-DRM_real_GAD_slices_CPM/external/io_int -I/global/scratch/users/adamwise/compiling/WRFv4.4-DRM_real_GAD_slices_CPM/frame -I/global/scratch/users/adamwise/compiling/WRFv4.4-DRM_real_GAD_slices_CPM/share -I/global/scratch/users/adamwise/compiling/WRFv4.4-DRM_real_GAD_slices_CPM/phys -I/global/scratch/users/adamwise/compiling/WRFv4.4-DRM_real_GAD_slices_CPM/wrftladj -I/global/scratch/users/adamwise/compiling/WRFv4.4-DRM_real_GAD_slices_CPM/chem -I/global/scratch/users/adamwise/compiling/WRFv4.4-DRM_real_GAD_slices_CPM/inc -I/global/software/sl-7.x86_64/modules/intel/2016.4.072/netcdf/4.4.1.1-intel-s/include  -real-size `expr 8 \* 4` -i4  module_bl_gwdo.f90

real	0m2.642s
user	0m2.280s
sys	0m0.146s
rm -f module_bl_gwdo_gsl.o
sed -e "s/^\!.*'.*//" -e "s/^ *\!.*'.*//" module_bl_gwdo_gsl.F > module_bl_gwdo_gsl.G
/lib/cpp -P -nostdinc -I/global/scratch/users/adamwise/compiling/WRFv4.4-DRM_real_GAD_slices_CPM/inc -DEM_CORE=1 -DNMM_CORE=0 -DNMM_MAX_DIM=2600 -DDA_CORE=0 -DWRFPLUS=0 -DIWORDSIZE=4 -DDWORDSIZE=8 -DRWORDSIZE=4 -DLWORDSIZE=4 -DNONSTANDARD_SYSTEM_FUNC  -DWRF_USE_CLM -DUSE_NETCDF4_FEATURES -DWRFIO_NCD_LARGE_FILE_SUPPORT  -DDM_PARALLEL -DNETCDF -DLANDREAD_STUB=1 -DUSE_ALLOCATABLES -Dwrfmodel -DGRIB1 -DINTIO -DKEEP_INT_AROUND -DLIMIT_ARGS -DBUILD_RRTMG_FAST=0 -DBUILD_RRTMK=0 -DBUILD_SBM_FAST=1 -DSHOW_ALL_VARS_USED=0 -DCONFIG_BUF_LEN=65536 -DMAX_DOMAINS_F=21 -DMAX_HISTORY=25 -DNMM_NEST=0  -I. -traditional-cpp -DUSE_NETCDF4_FEATURES -DWRFIO_NCD_LARGE_FILE_SUPPORT   module_bl_gwdo_gsl.G  > module_bl_gwdo_gsl.bb
/global/scratch/users/adamwise/compiling/WRFv4.4-DRM_real_GAD_slices_CPM/tools/standard.exe module_bl_gwdo_gsl.bb | /lib/cpp -P -nostdinc -traditional-cpp -DUSE_NETCDF4_FEATURES -DWRFIO_NCD_LARGE_FILE_SUPPORT > module_bl_gwdo_gsl.f90
rm -f module_bl_gwdo_gsl.G module_bl_gwdo_gsl.bb
time mpif90 -f90=ifort -o module_bl_gwdo_gsl.o -c -O3 -ip -fp-model precise -w -ftz -align all -fno-alias -FR -convert big_endian    -I../dyn_em  -I/global/scratch/users/adamwise/compiling/WRFv4.4-DRM_real_GAD_slices_CPM/external/esmf_time_f90  -I/global/scratch/users/adamwise/compiling/WRFv4.4-DRM_real_GAD_slices_CPM/main -I/global/scratch/users/adamwise/compiling/WRFv4.4-DRM_real_GAD_slices_CPM/external/io_netcdf -I/global/scratch/users/adamwise/compiling/WRFv4.4-DRM_real_GAD_slices_CPM/external/io_int -I/global/scratch/users/adamwise/compiling/WRFv4.4-DRM_real_GAD_slices_CPM/frame -I/global/scratch/users/adamwise/compiling/WRFv4.4-DRM_real_GAD_slices_CPM/share -I/global/scratch/users/adamwise/compiling/WRFv4.4-DRM_real_GAD_slices_CPM/phys -I/global/scratch/users/adamwise/compiling/WRFv4.4-DRM_real_GAD_slices_CPM/wrftladj -I/global/scratch/users/adamwise/compiling/WRFv4.4-DRM_real_GAD_slices_CPM/chem -I/global/scratch/users/adamwise/compiling/WRFv4.4-DRM_real_GAD_slices_CPM/inc -I/global/software/sl-7.x86_64/modules/intel/2016.4.072/netcdf/4.4.1.1-intel-s/include  -real-size `expr 8 \* 4` -i4  module_bl_gwdo_gsl.f90

real	0m4.815s
user	0m4.410s
sys	0m0.190s
rm -f module_bl_myjurb.o
sed -e "s/^\!.*'.*//" -e "s/^ *\!.*'.*//" module_bl_myjurb.F > module_bl_myjurb.G
/lib/cpp -P -nostdinc -I/global/scratch/users/adamwise/compiling/WRFv4.4-DRM_real_GAD_slices_CPM/inc -DEM_CORE=1 -DNMM_CORE=0 -DNMM_MAX_DIM=2600 -DDA_CORE=0 -DWRFPLUS=0 -DIWORDSIZE=4 -DDWORDSIZE=8 -DRWORDSIZE=4 -DLWORDSIZE=4 -DNONSTANDARD_SYSTEM_FUNC  -DWRF_USE_CLM -DUSE_NETCDF4_FEATURES -DWRFIO_NCD_LARGE_FILE_SUPPORT  -DDM_PARALLEL -DNETCDF -DLANDREAD_STUB=1 -DUSE_ALLOCATABLES -Dwrfmodel -DGRIB1 -DINTIO -DKEEP_INT_AROUND -DLIMIT_ARGS -DBUILD_RRTMG_FAST=0 -DBUILD_RRTMK=0 -DBUILD_SBM_FAST=1 -DSHOW_ALL_VARS_USED=0 -DCONFIG_BUF_LEN=65536 -DMAX_DOMAINS_F=21 -DMAX_HISTORY=25 -DNMM_NEST=0  -I. -traditional-cpp -DUSE_NETCDF4_FEATURES -DWRFIO_NCD_LARGE_FILE_SUPPORT   module_bl_myjurb.G  > module_bl_myjurb.bb
/global/scratch/users/adamwise/compiling/WRFv4.4-DRM_real_GAD_slices_CPM/tools/standard.exe module_bl_myjurb.bb | /lib/cpp -P -nostdinc -traditional-cpp -DUSE_NETCDF4_FEATURES -DWRFIO_NCD_LARGE_FILE_SUPPORT > module_bl_myjurb.f90
rm -f module_bl_myjurb.G module_bl_myjurb.bb
time mpif90 -f90=ifort -o module_bl_myjurb.o -c -O3 -ip -fp-model precise -w -ftz -align all -fno-alias -FR -convert big_endian    -I../dyn_em  -I/global/scratch/users/adamwise/compiling/WRFv4.4-DRM_real_GAD_slices_CPM/external/esmf_time_f90  -I/global/scratch/users/adamwise/compiling/WRFv4.4-DRM_real_GAD_slices_CPM/main -I/global/scratch/users/adamwise/compiling/WRFv4.4-DRM_real_GAD_slices_CPM/external/io_netcdf -I/global/scratch/users/adamwise/compiling/WRFv4.4-DRM_real_GAD_slices_CPM/external/io_int -I/global/scratch/users/adamwise/compiling/WRFv4.4-DRM_real_GAD_slices_CPM/frame -I/global/scratch/users/adamwise/compiling/WRFv4.4-DRM_real_GAD_slices_CPM/share -I/global/scratch/users/adamwise/compiling/WRFv4.4-DRM_real_GAD_slices_CPM/phys -I/global/scratch/users/adamwise/compiling/WRFv4.4-DRM_real_GAD_slices_CPM/wrftladj -I/global/scratch/users/adamwise/compiling/WRFv4.4-DRM_real_GAD_slices_CPM/chem -I/global/scratch/users/adamwise/compiling/WRFv4.4-DRM_real_GAD_slices_CPM/inc -I/global/software/sl-7.x86_64/modules/intel/2016.4.072/netcdf/4.4.1.1-intel-s/include  -real-size `expr 8 \* 4` -i4  module_bl_myjurb.f90

real	0m2.910s
user	0m2.517s
sys	0m0.174s
rm -f module_bl_boulac.o
sed -e "s/^\!.*'.*//" -e "s/^ *\!.*'.*//" module_bl_boulac.F > module_bl_boulac.G
/lib/cpp -P -nostdinc -I/global/scratch/users/adamwise/compiling/WRFv4.4-DRM_real_GAD_slices_CPM/inc -DEM_CORE=1 -DNMM_CORE=0 -DNMM_MAX_DIM=2600 -DDA_CORE=0 -DWRFPLUS=0 -DIWORDSIZE=4 -DDWORDSIZE=8 -DRWORDSIZE=4 -DLWORDSIZE=4 -DNONSTANDARD_SYSTEM_FUNC  -DWRF_USE_CLM -DUSE_NETCDF4_FEATURES -DWRFIO_NCD_LARGE_FILE_SUPPORT  -DDM_PARALLEL -DNETCDF -DLANDREAD_STUB=1 -DUSE_ALLOCATABLES -Dwrfmodel -DGRIB1 -DINTIO -DKEEP_INT_AROUND -DLIMIT_ARGS -DBUILD_RRTMG_FAST=0 -DBUILD_RRTMK=0 -DBUILD_SBM_FAST=1 -DSHOW_ALL_VARS_USED=0 -DCONFIG_BUF_LEN=65536 -DMAX_DOMAINS_F=21 -DMAX_HISTORY=25 -DNMM_NEST=0  -I. -traditional-cpp -DUSE_NETCDF4_FEATURES -DWRFIO_NCD_LARGE_FILE_SUPPORT   module_bl_boulac.G  > module_bl_boulac.bb
/global/scratch/users/adamwise/compiling/WRFv4.4-DRM_real_GAD_slices_CPM/tools/standard.exe module_bl_boulac.bb | /lib/cpp -P -nostdinc -traditional-cpp -DUSE_NETCDF4_FEATURES -DWRFIO_NCD_LARGE_FILE_SUPPORT > module_bl_boulac.f90
rm -f module_bl_boulac.G module_bl_boulac.bb
time mpif90 -f90=ifort -o module_bl_boulac.o -c -O3 -ip -fp-model precise -w -ftz -align all -fno-alias -FR -convert big_endian    -I../dyn_em  -I/global/scratch/users/adamwise/compiling/WRFv4.4-DRM_real_GAD_slices_CPM/external/esmf_time_f90  -I/global/scratch/users/adamwise/compiling/WRFv4.4-DRM_real_GAD_slices_CPM/main -I/global/scratch/users/adamwise/compiling/WRFv4.4-DRM_real_GAD_slices_CPM/external/io_netcdf -I/global/scratch/users/adamwise/compiling/WRFv4.4-DRM_real_GAD_slices_CPM/external/io_int -I/global/scratch/users/adamwise/compiling/WRFv4.4-DRM_real_GAD_slices_CPM/frame -I/global/scratch/users/adamwise/compiling/WRFv4.4-DRM_real_GAD_slices_CPM/share -I/global/scratch/users/adamwise/compiling/WRFv4.4-DRM_real_GAD_slices_CPM/phys -I/global/scratch/users/adamwise/compiling/WRFv4.4-DRM_real_GAD_slices_CPM/wrftladj -I/global/scratch/users/adamwise/compiling/WRFv4.4-DRM_real_GAD_slices_CPM/chem -I/global/scratch/users/adamwise/compiling/WRFv4.4-DRM_real_GAD_slices_CPM/inc -I/global/software/sl-7.x86_64/modules/intel/2016.4.072/netcdf/4.4.1.1-intel-s/include  -real-size `expr 8 \* 4` -i4  module_bl_boulac.f90

real	0m13.730s
user	0m13.229s
sys	0m0.265s
rm -f module_bl_mfshconvpbl.o
sed -e "s/^\!.*'.*//" -e "s/^ *\!.*'.*//" module_bl_mfshconvpbl.F > module_bl_mfshconvpbl.G
/lib/cpp -P -nostdinc -I/global/scratch/users/adamwise/compiling/WRFv4.4-DRM_real_GAD_slices_CPM/inc -DEM_CORE=1 -DNMM_CORE=0 -DNMM_MAX_DIM=2600 -DDA_CORE=0 -DWRFPLUS=0 -DIWORDSIZE=4 -DDWORDSIZE=8 -DRWORDSIZE=4 -DLWORDSIZE=4 -DNONSTANDARD_SYSTEM_FUNC  -DWRF_USE_CLM -DUSE_NETCDF4_FEATURES -DWRFIO_NCD_LARGE_FILE_SUPPORT  -DDM_PARALLEL -DNETCDF -DLANDREAD_STUB=1 -DUSE_ALLOCATABLES -Dwrfmodel -DGRIB1 -DINTIO -DKEEP_INT_AROUND -DLIMIT_ARGS -DBUILD_RRTMG_FAST=0 -DBUILD_RRTMK=0 -DBUILD_SBM_FAST=1 -DSHOW_ALL_VARS_USED=0 -DCONFIG_BUF_LEN=65536 -DMAX_DOMAINS_F=21 -DMAX_HISTORY=25 -DNMM_NEST=0  -I. -traditional-cpp -DUSE_NETCDF4_FEATURES -DWRFIO_NCD_LARGE_FILE_SUPPORT   module_bl_mfshconvpbl.G  > module_bl_mfshconvpbl.bb

real	0m2.941s
user	0m2.562s
sys	0m0.149s
rm -f module_bl_eepsilon.o
sed -e "s/^\!.*'.*//" -e "s/^ *\!.*'.*//" module_bl_eepsilon.F > module_bl_eepsilon.G
/lib/cpp -P -nostdinc -I/global/scratch/users/adamwise/compiling/WRFv4.4-DRM_real_GAD_slices_CPM/inc -DEM_CORE=1 -DNMM_CORE=0 -DNMM_MAX_DIM=2600 -DDA_CORE=0 -DWRFPLUS=0 -DIWORDSIZE=4 -DDWORDSIZE=8 -DRWORDSIZE=4 -DLWORDSIZE=4 -DNONSTANDARD_SYSTEM_FUNC  -DWRF_USE_CLM -DUSE_NETCDF4_FEATURES -DWRFIO_NCD_LARGE_FILE_SUPPORT  -DDM_PARALLEL -DNETCDF -DLANDREAD_STUB=1 -DUSE_ALLOCATABLES -Dwrfmodel -DGRIB1 -DINTIO -DKEEP_INT_AROUND -DLIMIT_ARGS -DBUILD_RRTMG_FAST=0 -DBUILD_RRTMK=0 -DBUILD_SBM_FAST=1 -DSHOW_ALL_VARS_USED=0 -DCONFIG_BUF_LEN=65536 -DMAX_DOMAINS_F=21 -DMAX_HISTORY=25 -DNMM_NEST=0  -I. -traditional-cpp -DUSE_NETCDF4_FEATURES -DWRFIO_NCD_LARGE_FILE_SUPPORT   module_bl_eepsilon.G  > module_bl_eepsilon.bb
/global/scratch/users/adamwise/compiling/WRFv4.4-DRM_real_GAD_slices_CPM/tools/standard.exe module_bl_mfshconvpbl.bb | /lib/cpp -P -nostdinc -traditional-cpp -DUSE_NETCDF4_FEATURES -DWRFIO_NCD_LARGE_FILE_SUPPORT > module_bl_mfshconvpbl.f90
/global/scratch/users/adamwise/compiling/WRFv4.4-DRM_real_GAD_slices_CPM/tools/standard.exe module_bl_eepsilon.bb | /lib/cpp -P -nostdinc -traditional-cpp -DUSE_NETCDF4_FEATURES -DWRFIO_NCD_LARGE_FILE_SUPPORT > module_bl_eepsilon.f90
rm -f module_bl_mfshconvpbl.G module_bl_mfshconvpbl.bb
rm -f module_bl_eepsilon.G module_bl_eepsilon.bb
time mpif90 -f90=ifort -o module_bl_mfshconvpbl.o -c -O3 -ip -fp-model precise -w -ftz -align all -fno-alias -FR -convert big_endian    -I../dyn_em  -I/global/scratch/users/adamwise/compiling/WRFv4.4-DRM_real_GAD_slices_CPM/external/esmf_time_f90  -I/global/scratch/users/adamwise/compiling/WRFv4.4-DRM_real_GAD_slices_CPM/main -I/global/scratch/users/adamwise/compiling/WRFv4.4-DRM_real_GAD_slices_CPM/external/io_netcdf -I/global/scratch/users/adamwise/compiling/WRFv4.4-DRM_real_GAD_slices_CPM/external/io_int -I/global/scratch/users/adamwise/compiling/WRFv4.4-DRM_real_GAD_slices_CPM/frame -I/global/scratch/users/adamwise/compiling/WRFv4.4-DRM_real_GAD_slices_CPM/share -I/global/scratch/users/adamwise/compiling/WRFv4.4-DRM_real_GAD_slices_CPM/phys -I/global/scratch/users/adamwise/compiling/WRFv4.4-DRM_real_GAD_slices_CPM/wrftladj -I/global/scratch/users/adamwise/compiling/WRFv4.4-DRM_real_GAD_slices_CPM/chem -I/global/scratch/users/adamwise/compiling/WRFv4.4-DRM_real_GAD_slices_CPM/inc -I/global/software/sl-7.x86_64/modules/intel/2016.4.072/netcdf/4.4.1.1-intel-s/include  -real-size `expr 8 \* 4` -i4  module_bl_mfshconvpbl.f90
time mpif90 -f90=ifort -o module_bl_eepsilon.o -c -O3 -ip -fp-model precise -w -ftz -align all -fno-alias -FR -convert big_endian    -I../dyn_em  -I/global/scratch/users/adamwise/compiling/WRFv4.4-DRM_real_GAD_slices_CPM/external/esmf_time_f90  -I/global/scratch/users/adamwise/compiling/WRFv4.4-DRM_real_GAD_slices_CPM/main -I/global/scratch/users/adamwise/compiling/WRFv4.4-DRM_real_GAD_slices_CPM/external/io_netcdf -I/global/scratch/users/adamwise/compiling/WRFv4.4-DRM_real_GAD_slices_CPM/external/io_int -I/global/scratch/users/adamwise/compiling/WRFv4.4-DRM_real_GAD_slices_CPM/frame -I/global/scratch/users/adamwise/compiling/WRFv4.4-DRM_real_GAD_slices_CPM/share -I/global/scratch/users/adamwise/compiling/WRFv4.4-DRM_real_GAD_slices_CPM/phys -I/global/scratch/users/adamwise/compiling/WRFv4.4-DRM_real_GAD_slices_CPM/wrftladj -I/global/scratch/users/adamwise/compiling/WRFv4.4-DRM_real_GAD_slices_CPM/chem -I/global/scratch/users/adamwise/compiling/WRFv4.4-DRM_real_GAD_slices_CPM/inc -I/global/software/sl-7.x86_64/modules/intel/2016.4.072/netcdf/4.4.1.1-intel-s/include  -real-size `expr 8 \* 4` -i4  module_bl_eepsilon.f90

real	0m7.136s
user	0m6.623s
sys	0m0.240s
rm -f module_shcu_deng.o
sed -e "s/^\!.*'.*//" -e "s/^ *\!.*'.*//" module_shcu_deng.F > module_shcu_deng.G
/lib/cpp -P -nostdinc -I/global/scratch/users/adamwise/compiling/WRFv4.4-DRM_real_GAD_slices_CPM/inc -DEM_CORE=1 -DNMM_CORE=0 -DNMM_MAX_DIM=2600 -DDA_CORE=0 -DWRFPLUS=0 -DIWORDSIZE=4 -DDWORDSIZE=8 -DRWORDSIZE=4 -DLWORDSIZE=4 -DNONSTANDARD_SYSTEM_FUNC  -DWRF_USE_CLM -DUSE_NETCDF4_FEATURES -DWRFIO_NCD_LARGE_FILE_SUPPORT  -DDM_PARALLEL -DNETCDF -DLANDREAD_STUB=1 -DUSE_ALLOCATABLES -Dwrfmodel -DGRIB1 -DINTIO -DKEEP_INT_AROUND -DLIMIT_ARGS -DBUILD_RRTMG_FAST=0 -DBUILD_RRTMK=0 -DBUILD_SBM_FAST=1 -DSHOW_ALL_VARS_USED=0 -DCONFIG_BUF_LEN=65536 -DMAX_DOMAINS_F=21 -DMAX_HISTORY=25 -DNMM_NEST=0  -I. -traditional-cpp -DUSE_NETCDF4_FEATURES -DWRFIO_NCD_LARGE_FILE_SUPPORT   module_shcu_deng.G  > module_shcu_deng.bb
/global/scratch/users/adamwise/compiling/WRFv4.4-DRM_real_GAD_slices_CPM/tools/standard.exe module_shcu_deng.bb | /lib/cpp -P -nostdinc -traditional-cpp -DUSE_NETCDF4_FEATURES -DWRFIO_NCD_LARGE_FILE_SUPPORT > module_shcu_deng.f90
rm -f module_shcu_deng.G module_shcu_deng.bb
time mpif90 -f90=ifort -o module_shcu_deng.o -c -O3 -ip -fp-model precise -w -ftz -align all -fno-alias -FR -convert big_endian    -I../dyn_em  -I/global/scratch/users/adamwise/compiling/WRFv4.4-DRM_real_GAD_slices_CPM/external/esmf_time_f90  -I/global/scratch/users/adamwise/compiling/WRFv4.4-DRM_real_GAD_slices_CPM/main -I/global/scratch/users/adamwise/compiling/WRFv4.4-DRM_real_GAD_slices_CPM/external/io_netcdf -I/global/scratch/users/adamwise/compiling/WRFv4.4-DRM_real_GAD_slices_CPM/external/io_int -I/global/scratch/users/adamwise/compiling/WRFv4.4-DRM_real_GAD_slices_CPM/frame -I/global/scratch/users/adamwise/compiling/WRFv4.4-DRM_real_GAD_slices_CPM/share -I/global/scratch/users/adamwise/compiling/WRFv4.4-DRM_real_GAD_slices_CPM/phys -I/global/scratch/users/adamwise/compiling/WRFv4.4-DRM_real_GAD_slices_CPM/wrftladj -I/global/scratch/users/adamwise/compiling/WRFv4.4-DRM_real_GAD_slices_CPM/chem -I/global/scratch/users/adamwise/compiling/WRFv4.4-DRM_real_GAD_slices_CPM/inc -I/global/software/sl-7.x86_64/modules/intel/2016.4.072/netcdf/4.4.1.1-intel-s/include  -real-size `expr 8 \* 4` -i4  module_shcu_deng.f90

real	0m9.421s
user	0m8.910s
sys	0m0.285s
rm -f module_shcu_grims.o
sed -e "s/^\!.*'.*//" -e "s/^ *\!.*'.*//" module_shcu_grims.F > module_shcu_grims.G
/lib/cpp -P -nostdinc -I/global/scratch/users/adamwise/compiling/WRFv4.4-DRM_real_GAD_slices_CPM/inc -DEM_CORE=1 -DNMM_CORE=0 -DNMM_MAX_DIM=2600 -DDA_CORE=0 -DWRFPLUS=0 -DIWORDSIZE=4 -DDWORDSIZE=8 -DRWORDSIZE=4 -DLWORDSIZE=4 -DNONSTANDARD_SYSTEM_FUNC  -DWRF_USE_CLM -DUSE_NETCDF4_FEATURES -DWRFIO_NCD_LARGE_FILE_SUPPORT  -DDM_PARALLEL -DNETCDF -DLANDREAD_STUB=1 -DUSE_ALLOCATABLES -Dwrfmodel -DGRIB1 -DINTIO -DKEEP_INT_AROUND -DLIMIT_ARGS -DBUILD_RRTMG_FAST=0 -DBUILD_RRTMK=0 -DBUILD_SBM_FAST=1 -DSHOW_ALL_VARS_USED=0 -DCONFIG_BUF_LEN=65536 -DMAX_DOMAINS_F=21 -DMAX_HISTORY=25 -DNMM_NEST=0  -I. -traditional-cpp -DUSE_NETCDF4_FEATURES -DWRFIO_NCD_LARGE_FILE_SUPPORT   module_shcu_grims.G  > module_shcu_grims.bb
/global/scratch/users/adamwise/compiling/WRFv4.4-DRM_real_GAD_slices_CPM/tools/standard.exe module_shcu_grims.bb | /lib/cpp -P -nostdinc -traditional-cpp -DUSE_NETCDF4_FEATURES -DWRFIO_NCD_LARGE_FILE_SUPPORT > module_shcu_grims.f90
rm -f module_shcu_grims.G module_shcu_grims.bb
time mpif90 -f90=ifort -o module_shcu_grims.o -c -O3 -ip -fp-model precise -w -ftz -align all -fno-alias -FR -convert big_endian    -I../dyn_em  -I/global/scratch/users/adamwise/compiling/WRFv4.4-DRM_real_GAD_slices_CPM/external/esmf_time_f90  -I/global/scratch/users/adamwise/compiling/WRFv4.4-DRM_real_GAD_slices_CPM/main -I/global/scratch/users/adamwise/compiling/WRFv4.4-DRM_real_GAD_slices_CPM/external/io_netcdf -I/global/scratch/users/adamwise/compiling/WRFv4.4-DRM_real_GAD_slices_CPM/external/io_int -I/global/scratch/users/adamwise/compiling/WRFv4.4-DRM_real_GAD_slices_CPM/frame -I/global/scratch/users/adamwise/compiling/WRFv4.4-DRM_real_GAD_slices_CPM/share -I/global/scratch/users/adamwise/compiling/WRFv4.4-DRM_real_GAD_slices_CPM/phys -I/global/scratch/users/adamwise/compiling/WRFv4.4-DRM_real_GAD_slices_CPM/wrftladj -I/global/scratch/users/adamwise/compiling/WRFv4.4-DRM_real_GAD_slices_CPM/chem -I/global/scratch/users/adamwise/compiling/WRFv4.4-DRM_real_GAD_slices_CPM/inc -I/global/software/sl-7.x86_64/modules/intel/2016.4.072/netcdf/4.4.1.1-intel-s/include  -real-size `expr 8 \* 4` -i4  module_shcu_grims.f90

real	0m1.662s
user	0m1.326s
sys	0m0.127s
rm -f module_shcu_nscv.o
sed -e "s/^\!.*'.*//" -e "s/^ *\!.*'.*//" module_shcu_nscv.F > module_shcu_nscv.G
/lib/cpp -P -nostdinc -I/global/scratch/users/adamwise/compiling/WRFv4.4-DRM_real_GAD_slices_CPM/inc -DEM_CORE=1 -DNMM_CORE=0 -DNMM_MAX_DIM=2600 -DDA_CORE=0 -DWRFPLUS=0 -DIWORDSIZE=4 -DDWORDSIZE=8 -DRWORDSIZE=4 -DLWORDSIZE=4 -DNONSTANDARD_SYSTEM_FUNC  -DWRF_USE_CLM -DUSE_NETCDF4_FEATURES -DWRFIO_NCD_LARGE_FILE_SUPPORT  -DDM_PARALLEL -DNETCDF -DLANDREAD_STUB=1 -DUSE_ALLOCATABLES -Dwrfmodel -DGRIB1 -DINTIO -DKEEP_INT_AROUND -DLIMIT_ARGS -DBUILD_RRTMG_FAST=0 -DBUILD_RRTMK=0 -DBUILD_SBM_FAST=1 -DSHOW_ALL_VARS_USED=0 -DCONFIG_BUF_LEN=65536 -DMAX_DOMAINS_F=21 -DMAX_HISTORY=25 -DNMM_NEST=0  -I. -traditional-cpp -DUSE_NETCDF4_FEATURES -DWRFIO_NCD_LARGE_FILE_SUPPORT   module_shcu_nscv.G  > module_shcu_nscv.bb
/global/scratch/users/adamwise/compiling/WRFv4.4-DRM_real_GAD_slices_CPM/tools/standard.exe module_shcu_nscv.bb | /lib/cpp -P -nostdinc -traditional-cpp -DUSE_NETCDF4_FEATURES -DWRFIO_NCD_LARGE_FILE_SUPPORT > module_shcu_nscv.f90
rm -f module_shcu_nscv.G module_shcu_nscv.bb
time mpif90 -f90=ifort -o module_shcu_nscv.o -c -O3 -ip -fp-model precise -w -ftz -align all -fno-alias -FR -convert big_endian    -I../dyn_em  -I/global/scratch/users/adamwise/compiling/WRFv4.4-DRM_real_GAD_slices_CPM/external/esmf_time_f90  -I/global/scratch/users/adamwise/compiling/WRFv4.4-DRM_real_GAD_slices_CPM/main -I/global/scratch/users/adamwise/compiling/WRFv4.4-DRM_real_GAD_slices_CPM/external/io_netcdf -I/global/scratch/users/adamwise/compiling/WRFv4.4-DRM_real_GAD_slices_CPM/external/io_int -I/global/scratch/users/adamwise/compiling/WRFv4.4-DRM_real_GAD_slices_CPM/frame -I/global/scratch/users/adamwise/compiling/WRFv4.4-DRM_real_GAD_slices_CPM/share -I/global/scratch/users/adamwise/compiling/WRFv4.4-DRM_real_GAD_slices_CPM/phys -I/global/scratch/users/adamwise/compiling/WRFv4.4-DRM_real_GAD_slices_CPM/wrftladj -I/global/scratch/users/adamwise/compiling/WRFv4.4-DRM_real_GAD_slices_CPM/chem -I/global/scratch/users/adamwise/compiling/WRFv4.4-DRM_real_GAD_slices_CPM/inc -I/global/software/sl-7.x86_64/modules/intel/2016.4.072/netcdf/4.4.1.1-intel-s/include  -real-size `expr 8 \* 4` -i4  module_shcu_nscv.f90

real	0m4.526s
user	0m4.125s
sys	0m0.188s
rm -f module_bl_temf.o
sed -e "s/^\!.*'.*//" -e "s/^ *\!.*'.*//" module_bl_temf.F > module_bl_temf.G
/lib/cpp -P -nostdinc -I/global/scratch/users/adamwise/compiling/WRFv4.4-DRM_real_GAD_slices_CPM/inc -DEM_CORE=1 -DNMM_CORE=0 -DNMM_MAX_DIM=2600 -DDA_CORE=0 -DWRFPLUS=0 -DIWORDSIZE=4 -DDWORDSIZE=8 -DRWORDSIZE=4 -DLWORDSIZE=4 -DNONSTANDARD_SYSTEM_FUNC  -DWRF_USE_CLM -DUSE_NETCDF4_FEATURES -DWRFIO_NCD_LARGE_FILE_SUPPORT  -DDM_PARALLEL -DNETCDF -DLANDREAD_STUB=1 -DUSE_ALLOCATABLES -Dwrfmodel -DGRIB1 -DINTIO -DKEEP_INT_AROUND -DLIMIT_ARGS -DBUILD_RRTMG_FAST=0 -DBUILD_RRTMK=0 -DBUILD_SBM_FAST=1 -DSHOW_ALL_VARS_USED=0 -DCONFIG_BUF_LEN=65536 -DMAX_DOMAINS_F=21 -DMAX_HISTORY=25 -DNMM_NEST=0  -I. -traditional-cpp -DUSE_NETCDF4_FEATURES -DWRFIO_NCD_LARGE_FILE_SUPPORT   module_bl_temf.G  > module_bl_temf.bb
/global/scratch/users/adamwise/compiling/WRFv4.4-DRM_real_GAD_slices_CPM/tools/standard.exe module_bl_temf.bb | /lib/cpp -P -nostdinc -traditional-cpp -DUSE_NETCDF4_FEATURES -DWRFIO_NCD_LARGE_FILE_SUPPORT > module_bl_temf.f90
rm -f module_bl_temf.G module_bl_temf.bb
time mpif90 -f90=ifort -o module_bl_temf.o -c -O3 -ip -fp-model precise -w -ftz -align all -fno-alias -FR -convert big_endian    -I../dyn_em  -I/global/scratch/users/adamwise/compiling/WRFv4.4-DRM_real_GAD_slices_CPM/external/esmf_time_f90  -I/global/scratch/users/adamwise/compiling/WRFv4.4-DRM_real_GAD_slices_CPM/main -I/global/scratch/users/adamwise/compiling/WRFv4.4-DRM_real_GAD_slices_CPM/external/io_netcdf -I/global/scratch/users/adamwise/compiling/WRFv4.4-DRM_real_GAD_slices_CPM/external/io_int -I/global/scratch/users/adamwise/compiling/WRFv4.4-DRM_real_GAD_slices_CPM/frame -I/global/scratch/users/adamwise/compiling/WRFv4.4-DRM_real_GAD_slices_CPM/share -I/global/scratch/users/adamwise/compiling/WRFv4.4-DRM_real_GAD_slices_CPM/phys -I/global/scratch/users/adamwise/compiling/WRFv4.4-DRM_real_GAD_slices_CPM/wrftladj -I/global/scratch/users/adamwise/compiling/WRFv4.4-DRM_real_GAD_slices_CPM/chem -I/global/scratch/users/adamwise/compiling/WRFv4.4-DRM_real_GAD_slices_CPM/inc -I/global/software/sl-7.x86_64/modules/intel/2016.4.072/netcdf/4.4.1.1-intel-s/include  -real-size `expr 8 \* 4` -i4  module_bl_temf.f90

real	0m23.354s
user	0m22.747s
sys	0m0.314s
rm -f module_bl_gbmpbl.o
sed -e "s/^\!.*'.*//" -e "s/^ *\!.*'.*//" module_bl_gbmpbl.F > module_bl_gbmpbl.G
/lib/cpp -P -nostdinc -I/global/scratch/users/adamwise/compiling/WRFv4.4-DRM_real_GAD_slices_CPM/inc -DEM_CORE=1 -DNMM_CORE=0 -DNMM_MAX_DIM=2600 -DDA_CORE=0 -DWRFPLUS=0 -DIWORDSIZE=4 -DDWORDSIZE=8 -DRWORDSIZE=4 -DLWORDSIZE=4 -DNONSTANDARD_SYSTEM_FUNC  -DWRF_USE_CLM -DUSE_NETCDF4_FEATURES -DWRFIO_NCD_LARGE_FILE_SUPPORT  -DDM_PARALLEL -DNETCDF -DLANDREAD_STUB=1 -DUSE_ALLOCATABLES -Dwrfmodel -DGRIB1 -DINTIO -DKEEP_INT_AROUND -DLIMIT_ARGS -DBUILD_RRTMG_FAST=0 -DBUILD_RRTMK=0 -DBUILD_SBM_FAST=1 -DSHOW_ALL_VARS_USED=0 -DCONFIG_BUF_LEN=65536 -DMAX_DOMAINS_F=21 -DMAX_HISTORY=25 -DNMM_NEST=0  -I. -traditional-cpp -DUSE_NETCDF4_FEATURES -DWRFIO_NCD_LARGE_FILE_SUPPORT   module_bl_gbmpbl.G  > module_bl_gbmpbl.bb
/global/scratch/users/adamwise/compiling/WRFv4.4-DRM_real_GAD_slices_CPM/tools/standard.exe module_bl_gbmpbl.bb | /lib/cpp -P -nostdinc -traditional-cpp -DUSE_NETCDF4_FEATURES -DWRFIO_NCD_LARGE_FILE_SUPPORT > module_bl_gbmpbl.f90
rm -f module_bl_gbmpbl.G module_bl_gbmpbl.bb
time mpif90 -f90=ifort -o module_bl_gbmpbl.o -c -O3 -ip -fp-model precise -w -ftz -align all -fno-alias -FR -convert big_endian    -I../dyn_em  -I/global/scratch/users/adamwise/compiling/WRFv4.4-DRM_real_GAD_slices_CPM/external/esmf_time_f90  -I/global/scratch/users/adamwise/compiling/WRFv4.4-DRM_real_GAD_slices_CPM/main -I/global/scratch/users/adamwise/compiling/WRFv4.4-DRM_real_GAD_slices_CPM/external/io_netcdf -I/global/scratch/users/adamwise/compiling/WRFv4.4-DRM_real_GAD_slices_CPM/external/io_int -I/global/scratch/users/adamwise/compiling/WRFv4.4-DRM_real_GAD_slices_CPM/frame -I/global/scratch/users/adamwise/compiling/WRFv4.4-DRM_real_GAD_slices_CPM/share -I/global/scratch/users/adamwise/compiling/WRFv4.4-DRM_real_GAD_slices_CPM/phys -I/global/scratch/users/adamwise/compiling/WRFv4.4-DRM_real_GAD_slices_CPM/wrftladj -I/global/scratch/users/adamwise/compiling/WRFv4.4-DRM_real_GAD_slices_CPM/chem -I/global/scratch/users/adamwise/compiling/WRFv4.4-DRM_real_GAD_slices_CPM/inc -I/global/software/sl-7.x86_64/modules/intel/2016.4.072/netcdf/4.4.1.1-intel-s/include  -real-size `expr 8 \* 4` -i4  module_bl_gbmpbl.f90

real	0m2.817s
user	0m2.434s
sys	0m0.165s
rm -f module_cu_g3.o
sed -e "s/^\!.*'.*//" -e "s/^ *\!.*'.*//" module_cu_g3.F > module_cu_g3.G
/lib/cpp -P -nostdinc -I/global/scratch/users/adamwise/compiling/WRFv4.4-DRM_real_GAD_slices_CPM/inc -DEM_CORE=1 -DNMM_CORE=0 -DNMM_MAX_DIM=2600 -DDA_CORE=0 -DWRFPLUS=0 -DIWORDSIZE=4 -DDWORDSIZE=8 -DRWORDSIZE=4 -DLWORDSIZE=4 -DNONSTANDARD_SYSTEM_FUNC  -DWRF_USE_CLM -DUSE_NETCDF4_FEATURES -DWRFIO_NCD_LARGE_FILE_SUPPORT  -DDM_PARALLEL -DNETCDF -DLANDREAD_STUB=1 -DUSE_ALLOCATABLES -Dwrfmodel -DGRIB1 -DINTIO -DKEEP_INT_AROUND -DLIMIT_ARGS -DBUILD_RRTMG_FAST=0 -DBUILD_RRTMK=0 -DBUILD_SBM_FAST=1 -DSHOW_ALL_VARS_USED=0 -DCONFIG_BUF_LEN=65536 -DMAX_DOMAINS_F=21 -DMAX_HISTORY=25 -DNMM_NEST=0  -I. -traditional-cpp -DUSE_NETCDF4_FEATURES -DWRFIO_NCD_LARGE_FILE_SUPPORT   module_cu_g3.G  > module_cu_g3.bb
/global/scratch/users/adamwise/compiling/WRFv4.4-DRM_real_GAD_slices_CPM/tools/standard.exe module_cu_g3.bb | /lib/cpp -P -nostdinc -traditional-cpp -DUSE_NETCDF4_FEATURES -DWRFIO_NCD_LARGE_FILE_SUPPORT > module_cu_g3.f90
rm -f module_cu_g3.G module_cu_g3.bb
time mpif90 -f90=ifort -o module_cu_g3.o -c -O3 -ip -fp-model precise -w -ftz -align all -fno-alias -FR -convert big_endian    -I../dyn_em  -I/global/scratch/users/adamwise/compiling/WRFv4.4-DRM_real_GAD_slices_CPM/external/esmf_time_f90  -I/global/scratch/users/adamwise/compiling/WRFv4.4-DRM_real_GAD_slices_CPM/main -I/global/scratch/users/adamwise/compiling/WRFv4.4-DRM_real_GAD_slices_CPM/external/io_netcdf -I/global/scratch/users/adamwise/compiling/WRFv4.4-DRM_real_GAD_slices_CPM/external/io_int -I/global/scratch/users/adamwise/compiling/WRFv4.4-DRM_real_GAD_slices_CPM/frame -I/global/scratch/users/adamwise/compiling/WRFv4.4-DRM_real_GAD_slices_CPM/share -I/global/scratch/users/adamwise/compiling/WRFv4.4-DRM_real_GAD_slices_CPM/phys -I/global/scratch/users/adamwise/compiling/WRFv4.4-DRM_real_GAD_slices_CPM/wrftladj -I/global/scratch/users/adamwise/compiling/WRFv4.4-DRM_real_GAD_slices_CPM/chem -I/global/scratch/users/adamwise/compiling/WRFv4.4-DRM_real_GAD_slices_CPM/inc -I/global/software/sl-7.x86_64/modules/intel/2016.4.072/netcdf/4.4.1.1-intel-s/include  -real-size `expr 8 \* 4` -i4  module_cu_g3.f90

real	0m6.418s
user	0m5.933s
sys	0m0.273s
rm -f module_cu_kf.o
sed -e "s/^\!.*'.*//" -e "s/^ *\!.*'.*//" module_cu_kf.F > module_cu_kf.G
/lib/cpp -P -nostdinc -I/global/scratch/users/adamwise/compiling/WRFv4.4-DRM_real_GAD_slices_CPM/inc -DEM_CORE=1 -DNMM_CORE=0 -DNMM_MAX_DIM=2600 -DDA_CORE=0 -DWRFPLUS=0 -DIWORDSIZE=4 -DDWORDSIZE=8 -DRWORDSIZE=4 -DLWORDSIZE=4 -DNONSTANDARD_SYSTEM_FUNC  -DWRF_USE_CLM -DUSE_NETCDF4_FEATURES -DWRFIO_NCD_LARGE_FILE_SUPPORT  -DDM_PARALLEL -DNETCDF -DLANDREAD_STUB=1 -DUSE_ALLOCATABLES -Dwrfmodel -DGRIB1 -DINTIO -DKEEP_INT_AROUND -DLIMIT_ARGS -DBUILD_RRTMG_FAST=0 -DBUILD_RRTMK=0 -DBUILD_SBM_FAST=1 -DSHOW_ALL_VARS_USED=0 -DCONFIG_BUF_LEN=65536 -DMAX_DOMAINS_F=21 -DMAX_HISTORY=25 -DNMM_NEST=0  -I. -traditional-cpp -DUSE_NETCDF4_FEATURES -DWRFIO_NCD_LARGE_FILE_SUPPORT   module_cu_kf.G  > module_cu_kf.bb
/global/scratch/users/adamwise/compiling/WRFv4.4-DRM_real_GAD_slices_CPM/tools/standard.exe module_cu_kf.bb | /lib/cpp -P -nostdinc -traditional-cpp -DUSE_NETCDF4_FEATURES -DWRFIO_NCD_LARGE_FILE_SUPPORT > module_cu_kf.f90
rm -f module_cu_kf.G module_cu_kf.bb
time mpif90 -f90=ifort -o module_cu_kf.o -c -O3 -ip -fp-model precise -w -ftz -align all -fno-alias -FR -convert big_endian    -I../dyn_em  -I/global/scratch/users/adamwise/compiling/WRFv4.4-DRM_real_GAD_slices_CPM/external/esmf_time_f90  -I/global/scratch/users/adamwise/compiling/WRFv4.4-DRM_real_GAD_slices_CPM/main -I/global/scratch/users/adamwise/compiling/WRFv4.4-DRM_real_GAD_slices_CPM/external/io_netcdf -I/global/scratch/users/adamwise/compiling/WRFv4.4-DRM_real_GAD_slices_CPM/external/io_int -I/global/scratch/users/adamwise/compiling/WRFv4.4-DRM_real_GAD_slices_CPM/frame -I/global/scratch/users/adamwise/compiling/WRFv4.4-DRM_real_GAD_slices_CPM/share -I/global/scratch/users/adamwise/compiling/WRFv4.4-DRM_real_GAD_slices_CPM/phys -I/global/scratch/users/adamwise/compiling/WRFv4.4-DRM_real_GAD_slices_CPM/wrftladj -I/global/scratch/users/adamwise/compiling/WRFv4.4-DRM_real_GAD_slices_CPM/chem -I/global/scratch/users/adamwise/compiling/WRFv4.4-DRM_real_GAD_slices_CPM/inc -I/global/software/sl-7.x86_64/modules/intel/2016.4.072/netcdf/4.4.1.1-intel-s/include  -real-size `expr 8 \* 4` -i4  module_cu_kf.f90

real	0m4.887s
user	0m4.461s
sys	0m0.207s
rm -f module_cu_bmj.o
sed -e "s/^\!.*'.*//" -e "s/^ *\!.*'.*//" module_cu_bmj.F > module_cu_bmj.G
/lib/cpp -P -nostdinc -I/global/scratch/users/adamwise/compiling/WRFv4.4-DRM_real_GAD_slices_CPM/inc -DEM_CORE=1 -DNMM_CORE=0 -DNMM_MAX_DIM=2600 -DDA_CORE=0 -DWRFPLUS=0 -DIWORDSIZE=4 -DDWORDSIZE=8 -DRWORDSIZE=4 -DLWORDSIZE=4 -DNONSTANDARD_SYSTEM_FUNC  -DWRF_USE_CLM -DUSE_NETCDF4_FEATURES -DWRFIO_NCD_LARGE_FILE_SUPPORT  -DDM_PARALLEL -DNETCDF -DLANDREAD_STUB=1 -DUSE_ALLOCATABLES -Dwrfmodel -DGRIB1 -DINTIO -DKEEP_INT_AROUND -DLIMIT_ARGS -DBUILD_RRTMG_FAST=0 -DBUILD_RRTMK=0 -DBUILD_SBM_FAST=1 -DSHOW_ALL_VARS_USED=0 -DCONFIG_BUF_LEN=65536 -DMAX_DOMAINS_F=21 -DMAX_HISTORY=25 -DNMM_NEST=0  -I. -traditional-cpp -DUSE_NETCDF4_FEATURES -DWRFIO_NCD_LARGE_FILE_SUPPORT   module_cu_bmj.G  > module_cu_bmj.bb
/global/scratch/users/adamwise/compiling/WRFv4.4-DRM_real_GAD_slices_CPM/tools/standard.exe module_cu_bmj.bb | /lib/cpp -P -nostdinc -traditional-cpp -DUSE_NETCDF4_FEATURES -DWRFIO_NCD_LARGE_FILE_SUPPORT > module_cu_bmj.f90
rm -f module_cu_bmj.G module_cu_bmj.bb
time mpif90 -f90=ifort -o module_cu_bmj.o -c -O3 -ip -fp-model precise -w -ftz -align all -fno-alias -FR -convert big_endian    -I../dyn_em  -I/global/scratch/users/adamwise/compiling/WRFv4.4-DRM_real_GAD_slices_CPM/external/esmf_time_f90  -I/global/scratch/users/adamwise/compiling/WRFv4.4-DRM_real_GAD_slices_CPM/main -I/global/scratch/users/adamwise/compiling/WRFv4.4-DRM_real_GAD_slices_CPM/external/io_netcdf -I/global/scratch/users/adamwise/compiling/WRFv4.4-DRM_real_GAD_slices_CPM/external/io_int -I/global/scratch/users/adamwise/compiling/WRFv4.4-DRM_real_GAD_slices_CPM/frame -I/global/scratch/users/adamwise/compiling/WRFv4.4-DRM_real_GAD_slices_CPM/share -I/global/scratch/users/adamwise/compiling/WRFv4.4-DRM_real_GAD_slices_CPM/phys -I/global/scratch/users/adamwise/compiling/WRFv4.4-DRM_real_GAD_slices_CPM/wrftladj -I/global/scratch/users/adamwise/compiling/WRFv4.4-DRM_real_GAD_slices_CPM/chem -I/global/scratch/users/adamwise/compiling/WRFv4.4-DRM_real_GAD_slices_CPM/inc -I/global/software/sl-7.x86_64/modules/intel/2016.4.072/netcdf/4.4.1.1-intel-s/include  -real-size `expr 8 \* 4` -i4  module_cu_bmj.f90

real	0m1.912s
user	0m1.563s
sys	0m0.134s
rm -f module_cu_kfeta.o
sed -e "s/^\!.*'.*//" -e "s/^ *\!.*'.*//" module_cu_kfeta.F > module_cu_kfeta.G
/lib/cpp -P -nostdinc -I/global/scratch/users/adamwise/compiling/WRFv4.4-DRM_real_GAD_slices_CPM/inc -DEM_CORE=1 -DNMM_CORE=0 -DNMM_MAX_DIM=2600 -DDA_CORE=0 -DWRFPLUS=0 -DIWORDSIZE=4 -DDWORDSIZE=8 -DRWORDSIZE=4 -DLWORDSIZE=4 -DNONSTANDARD_SYSTEM_FUNC  -DWRF_USE_CLM -DUSE_NETCDF4_FEATURES -DWRFIO_NCD_LARGE_FILE_SUPPORT  -DDM_PARALLEL -DNETCDF -DLANDREAD_STUB=1 -DUSE_ALLOCATABLES -Dwrfmodel -DGRIB1 -DINTIO -DKEEP_INT_AROUND -DLIMIT_ARGS -DBUILD_RRTMG_FAST=0 -DBUILD_RRTMK=0 -DBUILD_SBM_FAST=1 -DSHOW_ALL_VARS_USED=0 -DCONFIG_BUF_LEN=65536 -DMAX_DOMAINS_F=21 -DMAX_HISTORY=25 -DNMM_NEST=0  -I. -traditional-cpp -DUSE_NETCDF4_FEATURES -DWRFIO_NCD_LARGE_FILE_SUPPORT   module_cu_kfeta.G  > module_cu_kfeta.bb
/global/scratch/users/adamwise/compiling/WRFv4.4-DRM_real_GAD_slices_CPM/tools/standard.exe module_cu_kfeta.bb | /lib/cpp -P -nostdinc -traditional-cpp -DUSE_NETCDF4_FEATURES -DWRFIO_NCD_LARGE_FILE_SUPPORT > module_cu_kfeta.f90
rm -f module_cu_kfeta.G module_cu_kfeta.bb
time mpif90 -f90=ifort -o module_cu_kfeta.o -c -O3 -ip -fp-model precise -w -ftz -align all -fno-alias -FR -convert big_endian    -I../dyn_em  -I/global/scratch/users/adamwise/compiling/WRFv4.4-DRM_real_GAD_slices_CPM/external/esmf_time_f90  -I/global/scratch/users/adamwise/compiling/WRFv4.4-DRM_real_GAD_slices_CPM/main -I/global/scratch/users/adamwise/compiling/WRFv4.4-DRM_real_GAD_slices_CPM/external/io_netcdf -I/global/scratch/users/adamwise/compiling/WRFv4.4-DRM_real_GAD_slices_CPM/external/io_int -I/global/scratch/users/adamwise/compiling/WRFv4.4-DRM_real_GAD_slices_CPM/frame -I/global/scratch/users/adamwise/compiling/WRFv4.4-DRM_real_GAD_slices_CPM/share -I/global/scratch/users/adamwise/compiling/WRFv4.4-DRM_real_GAD_slices_CPM/phys -I/global/scratch/users/adamwise/compiling/WRFv4.4-DRM_real_GAD_slices_CPM/wrftladj -I/global/scratch/users/adamwise/compiling/WRFv4.4-DRM_real_GAD_slices_CPM/chem -I/global/scratch/users/adamwise/compiling/WRFv4.4-DRM_real_GAD_slices_CPM/inc -I/global/software/sl-7.x86_64/modules/intel/2016.4.072/netcdf/4.4.1.1-intel-s/include  -real-size `expr 8 \* 4` -i4  module_cu_kfeta.f90

real	0m11.194s
user	0m10.700s
sys	0m0.274s
rm -f module_cu_mskf.o
sed -e "s/^\!.*'.*//" -e "s/^ *\!.*'.*//" module_cu_mskf.F > module_cu_mskf.G
/lib/cpp -P -nostdinc -I/global/scratch/users/adamwise/compiling/WRFv4.4-DRM_real_GAD_slices_CPM/inc -DEM_CORE=1 -DNMM_CORE=0 -DNMM_MAX_DIM=2600 -DDA_CORE=0 -DWRFPLUS=0 -DIWORDSIZE=4 -DDWORDSIZE=8 -DRWORDSIZE=4 -DLWORDSIZE=4 -DNONSTANDARD_SYSTEM_FUNC  -DWRF_USE_CLM -DUSE_NETCDF4_FEATURES -DWRFIO_NCD_LARGE_FILE_SUPPORT  -DDM_PARALLEL -DNETCDF -DLANDREAD_STUB=1 -DUSE_ALLOCATABLES -Dwrfmodel -DGRIB1 -DINTIO -DKEEP_INT_AROUND -DLIMIT_ARGS -DBUILD_RRTMG_FAST=0 -DBUILD_RRTMK=0 -DBUILD_SBM_FAST=1 -DSHOW_ALL_VARS_USED=0 -DCONFIG_BUF_LEN=65536 -DMAX_DOMAINS_F=21 -DMAX_HISTORY=25 -DNMM_NEST=0  -I. -traditional-cpp -DUSE_NETCDF4_FEATURES -DWRFIO_NCD_LARGE_FILE_SUPPORT   module_cu_mskf.G  > module_cu_mskf.bb
/global/scratch/users/adamwise/compiling/WRFv4.4-DRM_real_GAD_slices_CPM/tools/standard.exe module_cu_mskf.bb | /lib/cpp -P -nostdinc -traditional-cpp -DUSE_NETCDF4_FEATURES -DWRFIO_NCD_LARGE_FILE_SUPPORT > module_cu_mskf.f90
rm -f module_cu_mskf.G module_cu_mskf.bb
time mpif90 -f90=ifort -o module_cu_mskf.o -c -O3 -ip -fp-model precise -w -ftz -align all -fno-alias -FR -convert big_endian    -I../dyn_em  -I/global/scratch/users/adamwise/compiling/WRFv4.4-DRM_real_GAD_slices_CPM/external/esmf_time_f90  -I/global/scratch/users/adamwise/compiling/WRFv4.4-DRM_real_GAD_slices_CPM/main -I/global/scratch/users/adamwise/compiling/WRFv4.4-DRM_real_GAD_slices_CPM/external/io_netcdf -I/global/scratch/users/adamwise/compiling/WRFv4.4-DRM_real_GAD_slices_CPM/external/io_int -I/global/scratch/users/adamwise/compiling/WRFv4.4-DRM_real_GAD_slices_CPM/frame -I/global/scratch/users/adamwise/compiling/WRFv4.4-DRM_real_GAD_slices_CPM/share -I/global/scratch/users/adamwise/compiling/WRFv4.4-DRM_real_GAD_slices_CPM/phys -I/global/scratch/users/adamwise/compiling/WRFv4.4-DRM_real_GAD_slices_CPM/wrftladj -I/global/scratch/users/adamwise/compiling/WRFv4.4-DRM_real_GAD_slices_CPM/chem -I/global/scratch/users/adamwise/compiling/WRFv4.4-DRM_real_GAD_slices_CPM/inc -I/global/software/sl-7.x86_64/modules/intel/2016.4.072/netcdf/4.4.1.1-intel-s/include  -real-size `expr 8 \* 4` -i4  module_cu_mskf.f90

real	0m9.210s
user	0m8.718s
sys	0m0.246s
rm -f module_cu_ntiedtke.o
sed -e "s/^\!.*'.*//" -e "s/^ *\!.*'.*//" module_cu_ntiedtke.F > module_cu_ntiedtke.G
/lib/cpp -P -nostdinc -I/global/scratch/users/adamwise/compiling/WRFv4.4-DRM_real_GAD_slices_CPM/inc -DEM_CORE=1 -DNMM_CORE=0 -DNMM_MAX_DIM=2600 -DDA_CORE=0 -DWRFPLUS=0 -DIWORDSIZE=4 -DDWORDSIZE=8 -DRWORDSIZE=4 -DLWORDSIZE=4 -DNONSTANDARD_SYSTEM_FUNC  -DWRF_USE_CLM -DUSE_NETCDF4_FEATURES -DWRFIO_NCD_LARGE_FILE_SUPPORT  -DDM_PARALLEL -DNETCDF -DLANDREAD_STUB=1 -DUSE_ALLOCATABLES -Dwrfmodel -DGRIB1 -DINTIO -DKEEP_INT_AROUND -DLIMIT_ARGS -DBUILD_RRTMG_FAST=0 -DBUILD_RRTMK=0 -DBUILD_SBM_FAST=1 -DSHOW_ALL_VARS_USED=0 -DCONFIG_BUF_LEN=65536 -DMAX_DOMAINS_F=21 -DMAX_HISTORY=25 -DNMM_NEST=0  -I. -traditional-cpp -DUSE_NETCDF4_FEATURES -DWRFIO_NCD_LARGE_FILE_SUPPORT   module_cu_ntiedtke.G  > module_cu_ntiedtke.bb
/global/scratch/users/adamwise/compiling/WRFv4.4-DRM_real_GAD_slices_CPM/tools/standard.exe module_cu_ntiedtke.bb | /lib/cpp -P -nostdinc -traditional-cpp -DUSE_NETCDF4_FEATURES -DWRFIO_NCD_LARGE_FILE_SUPPORT > module_cu_ntiedtke.f90
rm -f module_cu_ntiedtke.G module_cu_ntiedtke.bb
time mpif90 -f90=ifort -o module_cu_ntiedtke.o -c -O3 -ip -fp-model precise -w -ftz -align all -fno-alias -FR -convert big_endian    -I../dyn_em  -I/global/scratch/users/adamwise/compiling/WRFv4.4-DRM_real_GAD_slices_CPM/external/esmf_time_f90  -I/global/scratch/users/adamwise/compiling/WRFv4.4-DRM_real_GAD_slices_CPM/main -I/global/scratch/users/adamwise/compiling/WRFv4.4-DRM_real_GAD_slices_CPM/external/io_netcdf -I/global/scratch/users/adamwise/compiling/WRFv4.4-DRM_real_GAD_slices_CPM/external/io_int -I/global/scratch/users/adamwise/compiling/WRFv4.4-DRM_real_GAD_slices_CPM/frame -I/global/scratch/users/adamwise/compiling/WRFv4.4-DRM_real_GAD_slices_CPM/share -I/global/scratch/users/adamwise/compiling/WRFv4.4-DRM_real_GAD_slices_CPM/phys -I/global/scratch/users/adamwise/compiling/WRFv4.4-DRM_real_GAD_slices_CPM/wrftladj -I/global/scratch/users/adamwise/compiling/WRFv4.4-DRM_real_GAD_slices_CPM/chem -I/global/scratch/users/adamwise/compiling/WRFv4.4-DRM_real_GAD_slices_CPM/inc -I/global/software/sl-7.x86_64/modules/intel/2016.4.072/netcdf/4.4.1.1-intel-s/include  -real-size `expr 8 \* 4` -i4  module_cu_ntiedtke.f90

real	0m6.694s
user	0m6.125s
sys	0m0.215s
rm -f module_cu_gd.o
sed -e "s/^\!.*'.*//" -e "s/^ *\!.*'.*//" module_cu_gd.F > module_cu_gd.G
/lib/cpp -P -nostdinc -I/global/scratch/users/adamwise/compiling/WRFv4.4-DRM_real_GAD_slices_CPM/inc -DEM_CORE=1 -DNMM_CORE=0 -DNMM_MAX_DIM=2600 -DDA_CORE=0 -DWRFPLUS=0 -DIWORDSIZE=4 -DDWORDSIZE=8 -DRWORDSIZE=4 -DLWORDSIZE=4 -DNONSTANDARD_SYSTEM_FUNC  -DWRF_USE_CLM -DUSE_NETCDF4_FEATURES -DWRFIO_NCD_LARGE_FILE_SUPPORT  -DDM_PARALLEL -DNETCDF -DLANDREAD_STUB=1 -DUSE_ALLOCATABLES -Dwrfmodel -DGRIB1 -DINTIO -DKEEP_INT_AROUND -DLIMIT_ARGS -DBUILD_RRTMG_FAST=0 -DBUILD_RRTMK=0 -DBUILD_SBM_FAST=1 -DSHOW_ALL_VARS_USED=0 -DCONFIG_BUF_LEN=65536 -DMAX_DOMAINS_F=21 -DMAX_HISTORY=25 -DNMM_NEST=0  -I. -traditional-cpp -DUSE_NETCDF4_FEATURES -DWRFIO_NCD_LARGE_FILE_SUPPORT   module_cu_gd.G  > module_cu_gd.bb
/global/scratch/users/adamwise/compiling/WRFv4.4-DRM_real_GAD_slices_CPM/tools/standard.exe module_cu_gd.bb | /lib/cpp -P -nostdinc -traditional-cpp -DUSE_NETCDF4_FEATURES -DWRFIO_NCD_LARGE_FILE_SUPPORT > module_cu_gd.f90
rm -f module_cu_gd.G module_cu_gd.bb
time mpif90 -f90=ifort -o module_cu_gd.o -c -O3 -ip -fp-model precise -w -ftz -align all -fno-alias -FR -convert big_endian    -I../dyn_em  -I/global/scratch/users/adamwise/compiling/WRFv4.4-DRM_real_GAD_slices_CPM/external/esmf_time_f90  -I/global/scratch/users/adamwise/compiling/WRFv4.4-DRM_real_GAD_slices_CPM/main -I/global/scratch/users/adamwise/compiling/WRFv4.4-DRM_real_GAD_slices_CPM/external/io_netcdf -I/global/scratch/users/adamwise/compiling/WRFv4.4-DRM_real_GAD_slices_CPM/external/io_int -I/global/scratch/users/adamwise/compiling/WRFv4.4-DRM_real_GAD_slices_CPM/frame -I/global/scratch/users/adamwise/compiling/WRFv4.4-DRM_real_GAD_slices_CPM/share -I/global/scratch/users/adamwise/compiling/WRFv4.4-DRM_real_GAD_slices_CPM/phys -I/global/scratch/users/adamwise/compiling/WRFv4.4-DRM_real_GAD_slices_CPM/wrftladj -I/global/scratch/users/adamwise/compiling/WRFv4.4-DRM_real_GAD_slices_CPM/chem -I/global/scratch/users/adamwise/compiling/WRFv4.4-DRM_real_GAD_slices_CPM/inc -I/global/software/sl-7.x86_64/modules/intel/2016.4.072/netcdf/4.4.1.1-intel-s/include  -real-size `expr 8 \* 4` -i4  module_cu_gd.f90

real	0m15.693s
user	0m15.167s
sys	0m0.289s
rm -f ../chem/module_chem_utilities.o
sed -e "s/^\!.*'.*//" -e "s/^ *\!.*'.*//" ../chem/module_chem_utilities.F > ../chem/module_chem_utilities.G
/lib/cpp -P -nostdinc -I/global/scratch/users/adamwise/compiling/WRFv4.4-DRM_real_GAD_slices_CPM/inc -DEM_CORE=1 -DNMM_CORE=0 -DNMM_MAX_DIM=2600 -DDA_CORE=0 -DWRFPLUS=0 -DIWORDSIZE=4 -DDWORDSIZE=8 -DRWORDSIZE=4 -DLWORDSIZE=4 -DNONSTANDARD_SYSTEM_FUNC  -DWRF_USE_CLM -DUSE_NETCDF4_FEATURES -DWRFIO_NCD_LARGE_FILE_SUPPORT  -DDM_PARALLEL -DNETCDF -DLANDREAD_STUB=1 -DUSE_ALLOCATABLES -Dwrfmodel -DGRIB1 -DINTIO -DKEEP_INT_AROUND -DLIMIT_ARGS -DBUILD_RRTMG_FAST=0 -DBUILD_RRTMK=0 -DBUILD_SBM_FAST=1 -DSHOW_ALL_VARS_USED=0 -DCONFIG_BUF_LEN=65536 -DMAX_DOMAINS_F=21 -DMAX_HISTORY=25 -DNMM_NEST=0  -I. -traditional-cpp -DUSE_NETCDF4_FEATURES -DWRFIO_NCD_LARGE_FILE_SUPPORT   ../chem/module_chem_utilities.G  > ../chem/module_chem_utilities.bb
/global/scratch/users/adamwise/compiling/WRFv4.4-DRM_real_GAD_slices_CPM/tools/standard.exe ../chem/module_chem_utilities.bb | /lib/cpp -P -nostdinc -traditional-cpp -DUSE_NETCDF4_FEATURES -DWRFIO_NCD_LARGE_FILE_SUPPORT > ../chem/module_chem_utilities.f90
rm -f ../chem/module_chem_utilities.G ../chem/module_chem_utilities.bb
time mpif90 -f90=ifort -o ../chem/module_chem_utilities.o -c -O3 -ip -fp-model precise -w -ftz -align all -fno-alias -FR -convert big_endian    -I../dyn_em  -I/global/scratch/users/adamwise/compiling/WRFv4.4-DRM_real_GAD_slices_CPM/external/esmf_time_f90  -I/global/scratch/users/adamwise/compiling/WRFv4.4-DRM_real_GAD_slices_CPM/main -I/global/scratch/users/adamwise/compiling/WRFv4.4-DRM_real_GAD_slices_CPM/external/io_netcdf -I/global/scratch/users/adamwise/compiling/WRFv4.4-DRM_real_GAD_slices_CPM/external/io_int -I/global/scratch/users/adamwise/compiling/WRFv4.4-DRM_real_GAD_slices_CPM/frame -I/global/scratch/users/adamwise/compiling/WRFv4.4-DRM_real_GAD_slices_CPM/share -I/global/scratch/users/adamwise/compiling/WRFv4.4-DRM_real_GAD_slices_CPM/phys -I/global/scratch/users/adamwise/compiling/WRFv4.4-DRM_real_GAD_slices_CPM/wrftladj -I/global/scratch/users/adamwise/compiling/WRFv4.4-DRM_real_GAD_slices_CPM/chem -I/global/scratch/users/adamwise/compiling/WRFv4.4-DRM_real_GAD_slices_CPM/inc -I/global/software/sl-7.x86_64/modules/intel/2016.4.072/netcdf/4.4.1.1-intel-s/include  -real-size `expr 8 \* 4` -i4  ../chem/module_chem_utilities.f90

real	0m1.598s
user	0m1.210s
sys	0m0.141s
rm -f module_cu_ksas.o
sed -e "s/^\!.*'.*//" -e "s/^ *\!.*'.*//" module_cu_ksas.F > module_cu_ksas.G
/lib/cpp -P -nostdinc -I/global/scratch/users/adamwise/compiling/WRFv4.4-DRM_real_GAD_slices_CPM/inc -DEM_CORE=1 -DNMM_CORE=0 -DNMM_MAX_DIM=2600 -DDA_CORE=0 -DWRFPLUS=0 -DIWORDSIZE=4 -DDWORDSIZE=8 -DRWORDSIZE=4 -DLWORDSIZE=4 -DNONSTANDARD_SYSTEM_FUNC  -DWRF_USE_CLM -DUSE_NETCDF4_FEATURES -DWRFIO_NCD_LARGE_FILE_SUPPORT  -DDM_PARALLEL -DNETCDF -DLANDREAD_STUB=1 -DUSE_ALLOCATABLES -Dwrfmodel -DGRIB1 -DINTIO -DKEEP_INT_AROUND -DLIMIT_ARGS -DBUILD_RRTMG_FAST=0 -DBUILD_RRTMK=0 -DBUILD_SBM_FAST=1 -DSHOW_ALL_VARS_USED=0 -DCONFIG_BUF_LEN=65536 -DMAX_DOMAINS_F=21 -DMAX_HISTORY=25 -DNMM_NEST=0  -I. -traditional-cpp -DUSE_NETCDF4_FEATURES -DWRFIO_NCD_LARGE_FILE_SUPPORT   module_cu_ksas.G  > module_cu_ksas.bb
/global/scratch/users/adamwise/compiling/WRFv4.4-DRM_real_GAD_slices_CPM/tools/standard.exe module_cu_ksas.bb | /lib/cpp -P -nostdinc -traditional-cpp -DUSE_NETCDF4_FEATURES -DWRFIO_NCD_LARGE_FILE_SUPPORT > module_cu_ksas.f90
rm -f module_cu_ksas.G module_cu_ksas.bb
time mpif90 -f90=ifort -o module_cu_ksas.o -c -O3 -ip -fp-model precise -w -ftz -align all -fno-alias -FR -convert big_endian    -I../dyn_em  -I/global/scratch/users/adamwise/compiling/WRFv4.4-DRM_real_GAD_slices_CPM/external/esmf_time_f90  -I/global/scratch/users/adamwise/compiling/WRFv4.4-DRM_real_GAD_slices_CPM/main -I/global/scratch/users/adamwise/compiling/WRFv4.4-DRM_real_GAD_slices_CPM/external/io_netcdf -I/global/scratch/users/adamwise/compiling/WRFv4.4-DRM_real_GAD_slices_CPM/external/io_int -I/global/scratch/users/adamwise/compiling/WRFv4.4-DRM_real_GAD_slices_CPM/frame -I/global/scratch/users/adamwise/compiling/WRFv4.4-DRM_real_GAD_slices_CPM/share -I/global/scratch/users/adamwise/compiling/WRFv4.4-DRM_real_GAD_slices_CPM/phys -I/global/scratch/users/adamwise/compiling/WRFv4.4-DRM_real_GAD_slices_CPM/wrftladj -I/global/scratch/users/adamwise/compiling/WRFv4.4-DRM_real_GAD_slices_CPM/chem -I/global/scratch/users/adamwise/compiling/WRFv4.4-DRM_real_GAD_slices_CPM/inc -I/global/software/sl-7.x86_64/modules/intel/2016.4.072/netcdf/4.4.1.1-intel-s/include  -real-size `expr 8 \* 4` -i4  module_cu_ksas.f90

real	0m8.480s
user	0m8.044s
sys	0m0.208s
rm -f module_cu_nsas.o
sed -e "s/^\!.*'.*//" -e "s/^ *\!.*'.*//" module_cu_nsas.F > module_cu_nsas.G
/lib/cpp -P -nostdinc -I/global/scratch/users/adamwise/compiling/WRFv4.4-DRM_real_GAD_slices_CPM/inc -DEM_CORE=1 -DNMM_CORE=0 -DNMM_MAX_DIM=2600 -DDA_CORE=0 -DWRFPLUS=0 -DIWORDSIZE=4 -DDWORDSIZE=8 -DRWORDSIZE=4 -DLWORDSIZE=4 -DNONSTANDARD_SYSTEM_FUNC  -DWRF_USE_CLM -DUSE_NETCDF4_FEATURES -DWRFIO_NCD_LARGE_FILE_SUPPORT  -DDM_PARALLEL -DNETCDF -DLANDREAD_STUB=1 -DUSE_ALLOCATABLES -Dwrfmodel -DGRIB1 -DINTIO -DKEEP_INT_AROUND -DLIMIT_ARGS -DBUILD_RRTMG_FAST=0 -DBUILD_RRTMK=0 -DBUILD_SBM_FAST=1 -DSHOW_ALL_VARS_USED=0 -DCONFIG_BUF_LEN=65536 -DMAX_DOMAINS_F=21 -DMAX_HISTORY=25 -DNMM_NEST=0  -I. -traditional-cpp -DUSE_NETCDF4_FEATURES -DWRFIO_NCD_LARGE_FILE_SUPPORT   module_cu_nsas.G  > module_cu_nsas.bb
/global/scratch/users/adamwise/compiling/WRFv4.4-DRM_real_GAD_slices_CPM/tools/standard.exe module_cu_nsas.bb | /lib/cpp -P -nostdinc -traditional-cpp -DUSE_NETCDF4_FEATURES -DWRFIO_NCD_LARGE_FILE_SUPPORT > module_cu_nsas.f90
rm -f module_cu_nsas.G module_cu_nsas.bb
time mpif90 -f90=ifort -o module_cu_nsas.o -c -O3 -ip -fp-model precise -w -ftz -align all -fno-alias -FR -convert big_endian    -I../dyn_em  -I/global/scratch/users/adamwise/compiling/WRFv4.4-DRM_real_GAD_slices_CPM/external/esmf_time_f90  -I/global/scratch/users/adamwise/compiling/WRFv4.4-DRM_real_GAD_slices_CPM/main -I/global/scratch/users/adamwise/compiling/WRFv4.4-DRM_real_GAD_slices_CPM/external/io_netcdf -I/global/scratch/users/adamwise/compiling/WRFv4.4-DRM_real_GAD_slices_CPM/external/io_int -I/global/scratch/users/adamwise/compiling/WRFv4.4-DRM_real_GAD_slices_CPM/frame -I/global/scratch/users/adamwise/compiling/WRFv4.4-DRM_real_GAD_slices_CPM/share -I/global/scratch/users/adamwise/compiling/WRFv4.4-DRM_real_GAD_slices_CPM/phys -I/global/scratch/users/adamwise/compiling/WRFv4.4-DRM_real_GAD_slices_CPM/wrftladj -I/global/scratch/users/adamwise/compiling/WRFv4.4-DRM_real_GAD_slices_CPM/chem -I/global/scratch/users/adamwise/compiling/WRFv4.4-DRM_real_GAD_slices_CPM/inc -I/global/software/sl-7.x86_64/modules/intel/2016.4.072/netcdf/4.4.1.1-intel-s/include  -real-size `expr 8 \* 4` -i4  module_cu_nsas.f90

real	0m9.298s
user	0m8.807s
sys	0m0.277s
rm -f module_gocart_coupling.o
sed -e "s/^\!.*'.*//" -e "s/^ *\!.*'.*//" module_gocart_coupling.F > module_gocart_coupling.G
/lib/cpp -P -nostdinc -I/global/scratch/users/adamwise/compiling/WRFv4.4-DRM_real_GAD_slices_CPM/inc -DEM_CORE=1 -DNMM_CORE=0 -DNMM_MAX_DIM=2600 -DDA_CORE=0 -DWRFPLUS=0 -DIWORDSIZE=4 -DDWORDSIZE=8 -DRWORDSIZE=4 -DLWORDSIZE=4 -DNONSTANDARD_SYSTEM_FUNC  -DWRF_USE_CLM -DUSE_NETCDF4_FEATURES -DWRFIO_NCD_LARGE_FILE_SUPPORT  -DDM_PARALLEL -DNETCDF -DLANDREAD_STUB=1 -DUSE_ALLOCATABLES -Dwrfmodel -DGRIB1 -DINTIO -DKEEP_INT_AROUND -DLIMIT_ARGS -DBUILD_RRTMG_FAST=0 -DBUILD_RRTMK=0 -DBUILD_SBM_FAST=1 -DSHOW_ALL_VARS_USED=0 -DCONFIG_BUF_LEN=65536 -DMAX_DOMAINS_F=21 -DMAX_HISTORY=25 -DNMM_NEST=0  -I. -traditional-cpp -DUSE_NETCDF4_FEATURES -DWRFIO_NCD_LARGE_FILE_SUPPORT   module_gocart_coupling.G  > module_gocart_coupling.bb
/global/scratch/users/adamwise/compiling/WRFv4.4-DRM_real_GAD_slices_CPM/tools/standard.exe module_gocart_coupling.bb | /lib/cpp -P -nostdinc -traditional-cpp -DUSE_NETCDF4_FEATURES -DWRFIO_NCD_LARGE_FILE_SUPPORT > module_gocart_coupling.f90
rm -f module_gocart_coupling.G module_gocart_coupling.bb
time mpif90 -f90=ifort -o module_gocart_coupling.o -c -O3 -ip -fp-model precise -w -ftz -align all -fno-alias -FR -convert big_endian    -I../dyn_em  -I/global/scratch/users/adamwise/compiling/WRFv4.4-DRM_real_GAD_slices_CPM/external/esmf_time_f90  -I/global/scratch/users/adamwise/compiling/WRFv4.4-DRM_real_GAD_slices_CPM/main -I/global/scratch/users/adamwise/compiling/WRFv4.4-DRM_real_GAD_slices_CPM/external/io_netcdf -I/global/scratch/users/adamwise/compiling/WRFv4.4-DRM_real_GAD_slices_CPM/external/io_int -I/global/scratch/users/adamwise/compiling/WRFv4.4-DRM_real_GAD_slices_CPM/frame -I/global/scratch/users/adamwise/compiling/WRFv4.4-DRM_real_GAD_slices_CPM/share -I/global/scratch/users/adamwise/compiling/WRFv4.4-DRM_real_GAD_slices_CPM/phys -I/global/scratch/users/adamwise/compiling/WRFv4.4-DRM_real_GAD_slices_CPM/wrftladj -I/global/scratch/users/adamwise/compiling/WRFv4.4-DRM_real_GAD_slices_CPM/chem -I/global/scratch/users/adamwise/compiling/WRFv4.4-DRM_real_GAD_slices_CPM/inc -I/global/software/sl-7.x86_64/modules/intel/2016.4.072/netcdf/4.4.1.1-intel-s/include  -real-size `expr 8 \* 4` -i4  module_gocart_coupling.f90

real	0m0.339s
user	0m0.047s
sys	0m0.083s
rm -f module_ra_sw.o
sed -e "s/^\!.*'.*//" -e "s/^ *\!.*'.*//" module_ra_sw.F > module_ra_sw.G
/lib/cpp -P -nostdinc -I/global/scratch/users/adamwise/compiling/WRFv4.4-DRM_real_GAD_slices_CPM/inc -DEM_CORE=1 -DNMM_CORE=0 -DNMM_MAX_DIM=2600 -DDA_CORE=0 -DWRFPLUS=0 -DIWORDSIZE=4 -DDWORDSIZE=8 -DRWORDSIZE=4 -DLWORDSIZE=4 -DNONSTANDARD_SYSTEM_FUNC  -DWRF_USE_CLM -DUSE_NETCDF4_FEATURES -DWRFIO_NCD_LARGE_FILE_SUPPORT  -DDM_PARALLEL -DNETCDF -DLANDREAD_STUB=1 -DUSE_ALLOCATABLES -Dwrfmodel -DGRIB1 -DINTIO -DKEEP_INT_AROUND -DLIMIT_ARGS -DBUILD_RRTMG_FAST=0 -DBUILD_RRTMK=0 -DBUILD_SBM_FAST=1 -DSHOW_ALL_VARS_USED=0 -DCONFIG_BUF_LEN=65536 -DMAX_DOMAINS_F=21 -DMAX_HISTORY=25 -DNMM_NEST=0  -I. -traditional-cpp -DUSE_NETCDF4_FEATURES -DWRFIO_NCD_LARGE_FILE_SUPPORT   module_ra_sw.G  > module_ra_sw.bb
/global/scratch/users/adamwise/compiling/WRFv4.4-DRM_real_GAD_slices_CPM/tools/standard.exe module_ra_sw.bb | /lib/cpp -P -nostdinc -traditional-cpp -DUSE_NETCDF4_FEATURES -DWRFIO_NCD_LARGE_FILE_SUPPORT > module_ra_sw.f90
rm -f module_ra_sw.G module_ra_sw.bb
time mpif90 -f90=ifort -o module_ra_sw.o -c -O3 -ip -fp-model precise -w -ftz -align all -fno-alias -FR -convert big_endian    -I../dyn_em  -I/global/scratch/users/adamwise/compiling/WRFv4.4-DRM_real_GAD_slices_CPM/external/esmf_time_f90  -I/global/scratch/users/adamwise/compiling/WRFv4.4-DRM_real_GAD_slices_CPM/main -I/global/scratch/users/adamwise/compiling/WRFv4.4-DRM_real_GAD_slices_CPM/external/io_netcdf -I/global/scratch/users/adamwise/compiling/WRFv4.4-DRM_real_GAD_slices_CPM/external/io_int -I/global/scratch/users/adamwise/compiling/WRFv4.4-DRM_real_GAD_slices_CPM/frame -I/global/scratch/users/adamwise/compiling/WRFv4.4-DRM_real_GAD_slices_CPM/share -I/global/scratch/users/adamwise/compiling/WRFv4.4-DRM_real_GAD_slices_CPM/phys -I/global/scratch/users/adamwise/compiling/WRFv4.4-DRM_real_GAD_slices_CPM/wrftladj -I/global/scratch/users/adamwise/compiling/WRFv4.4-DRM_real_GAD_slices_CPM/chem -I/global/scratch/users/adamwise/compiling/WRFv4.4-DRM_real_GAD_slices_CPM/inc -I/global/software/sl-7.x86_64/modules/intel/2016.4.072/netcdf/4.4.1.1-intel-s/include  -real-size `expr 8 \* 4` -i4  module_ra_sw.f90

real	0m0.977s
user	0m0.663s
sys	0m0.108s
rm -f module_ra_gsfcsw.o
sed -e "s/^\!.*'.*//" -e "s/^ *\!.*'.*//" module_ra_gsfcsw.F > module_ra_gsfcsw.G
/lib/cpp -P -nostdinc -I/global/scratch/users/adamwise/compiling/WRFv4.4-DRM_real_GAD_slices_CPM/inc -DEM_CORE=1 -DNMM_CORE=0 -DNMM_MAX_DIM=2600 -DDA_CORE=0 -DWRFPLUS=0 -DIWORDSIZE=4 -DDWORDSIZE=8 -DRWORDSIZE=4 -DLWORDSIZE=4 -DNONSTANDARD_SYSTEM_FUNC  -DWRF_USE_CLM -DUSE_NETCDF4_FEATURES -DWRFIO_NCD_LARGE_FILE_SUPPORT  -DDM_PARALLEL -DNETCDF -DLANDREAD_STUB=1 -DUSE_ALLOCATABLES -Dwrfmodel -DGRIB1 -DINTIO -DKEEP_INT_AROUND -DLIMIT_ARGS -DBUILD_RRTMG_FAST=0 -DBUILD_RRTMK=0 -DBUILD_SBM_FAST=1 -DSHOW_ALL_VARS_USED=0 -DCONFIG_BUF_LEN=65536 -DMAX_DOMAINS_F=21 -DMAX_HISTORY=25 -DNMM_NEST=0  -I. -traditional-cpp -DUSE_NETCDF4_FEATURES -DWRFIO_NCD_LARGE_FILE_SUPPORT   module_ra_gsfcsw.G  > module_ra_gsfcsw.bb
/global/scratch/users/adamwise/compiling/WRFv4.4-DRM_real_GAD_slices_CPM/tools/standard.exe module_ra_gsfcsw.bb | /lib/cpp -P -nostdinc -traditional-cpp -DUSE_NETCDF4_FEATURES -DWRFIO_NCD_LARGE_FILE_SUPPORT > module_ra_gsfcsw.f90
rm -f module_ra_gsfcsw.G module_ra_gsfcsw.bb
time mpif90 -f90=ifort -o module_ra_gsfcsw.o -c -O3 -ip -fp-model precise -w -ftz -align all -fno-alias -FR -convert big_endian    -I../dyn_em  -I/global/scratch/users/adamwise/compiling/WRFv4.4-DRM_real_GAD_slices_CPM/external/esmf_time_f90  -I/global/scratch/users/adamwise/compiling/WRFv4.4-DRM_real_GAD_slices_CPM/main -I/global/scratch/users/adamwise/compiling/WRFv4.4-DRM_real_GAD_slices_CPM/external/io_netcdf -I/global/scratch/users/adamwise/compiling/WRFv4.4-DRM_real_GAD_slices_CPM/external/io_int -I/global/scratch/users/adamwise/compiling/WRFv4.4-DRM_real_GAD_slices_CPM/frame -I/global/scratch/users/adamwise/compiling/WRFv4.4-DRM_real_GAD_slices_CPM/share -I/global/scratch/users/adamwise/compiling/WRFv4.4-DRM_real_GAD_slices_CPM/phys -I/global/scratch/users/adamwise/compiling/WRFv4.4-DRM_real_GAD_slices_CPM/wrftladj -I/global/scratch/users/adamwise/compiling/WRFv4.4-DRM_real_GAD_slices_CPM/chem -I/global/scratch/users/adamwise/compiling/WRFv4.4-DRM_real_GAD_slices_CPM/inc -I/global/software/sl-7.x86_64/modules/intel/2016.4.072/netcdf/4.4.1.1-intel-s/include  -real-size `expr 8 \* 4` -i4  module_ra_gsfcsw.f90

real	0m5.560s
user	0m5.163s
sys	0m0.171s
rm -f module_ra_clWRF_support.o
sed -e "s/^\!.*'.*//" -e "s/^ *\!.*'.*//" module_ra_clWRF_support.F > module_ra_clWRF_support.G
/lib/cpp -P -nostdinc -I/global/scratch/users/adamwise/compiling/WRFv4.4-DRM_real_GAD_slices_CPM/inc -DEM_CORE=1 -DNMM_CORE=0 -DNMM_MAX_DIM=2600 -DDA_CORE=0 -DWRFPLUS=0 -DIWORDSIZE=4 -DDWORDSIZE=8 -DRWORDSIZE=4 -DLWORDSIZE=4 -DNONSTANDARD_SYSTEM_FUNC  -DWRF_USE_CLM -DUSE_NETCDF4_FEATURES -DWRFIO_NCD_LARGE_FILE_SUPPORT  -DDM_PARALLEL -DNETCDF -DLANDREAD_STUB=1 -DUSE_ALLOCATABLES -Dwrfmodel -DGRIB1 -DINTIO -DKEEP_INT_AROUND -DLIMIT_ARGS -DBUILD_RRTMG_FAST=0 -DBUILD_RRTMK=0 -DBUILD_SBM_FAST=1 -DSHOW_ALL_VARS_USED=0 -DCONFIG_BUF_LEN=65536 -DMAX_DOMAINS_F=21 -DMAX_HISTORY=25 -DNMM_NEST=0  -I. -traditional-cpp -DUSE_NETCDF4_FEATURES -DWRFIO_NCD_LARGE_FILE_SUPPORT   module_ra_clWRF_support.G  > module_ra_clWRF_support.bb
/global/scratch/users/adamwise/compiling/WRFv4.4-DRM_real_GAD_slices_CPM/tools/standard.exe module_ra_clWRF_support.bb | /lib/cpp -P -nostdinc -traditional-cpp -DUSE_NETCDF4_FEATURES -DWRFIO_NCD_LARGE_FILE_SUPPORT > module_ra_clWRF_support.f90
rm -f module_ra_clWRF_support.G module_ra_clWRF_support.bb
time mpif90 -f90=ifort -o module_ra_clWRF_support.o -c -O3 -ip -fp-model precise -w -ftz -align all -fno-alias -FR -convert big_endian    -I../dyn_em  -I/global/scratch/users/adamwise/compiling/WRFv4.4-DRM_real_GAD_slices_CPM/external/esmf_time_f90  -I/global/scratch/users/adamwise/compiling/WRFv4.4-DRM_real_GAD_slices_CPM/main -I/global/scratch/users/adamwise/compiling/WRFv4.4-DRM_real_GAD_slices_CPM/external/io_netcdf -I/global/scratch/users/adamwise/compiling/WRFv4.4-DRM_real_GAD_slices_CPM/external/io_int -I/global/scratch/users/adamwise/compiling/WRFv4.4-DRM_real_GAD_slices_CPM/frame -I/global/scratch/users/adamwise/compiling/WRFv4.4-DRM_real_GAD_slices_CPM/share -I/global/scratch/users/adamwise/compiling/WRFv4.4-DRM_real_GAD_slices_CPM/phys -I/global/scratch/users/adamwise/compiling/WRFv4.4-DRM_real_GAD_slices_CPM/wrftladj -I/global/scratch/users/adamwise/compiling/WRFv4.4-DRM_real_GAD_slices_CPM/chem -I/global/scratch/users/adamwise/compiling/WRFv4.4-DRM_real_GAD_slices_CPM/inc -I/global/software/sl-7.x86_64/modules/intel/2016.4.072/netcdf/4.4.1.1-intel-s/include  -real-size `expr 8 \* 4` -i4  module_ra_clWRF_support.f90

real	0m0.660s
user	0m0.332s
sys	0m0.103s
rm -f module_ra_rrtmg_aero_optical_util_cmaq.o
sed -e "s/^\!.*'.*//" -e "s/^ *\!.*'.*//" module_ra_rrtmg_aero_optical_util_cmaq.F > module_ra_rrtmg_aero_optical_util_cmaq.G
/lib/cpp -P -nostdinc -I/global/scratch/users/adamwise/compiling/WRFv4.4-DRM_real_GAD_slices_CPM/inc -DEM_CORE=1 -DNMM_CORE=0 -DNMM_MAX_DIM=2600 -DDA_CORE=0 -DWRFPLUS=0 -DIWORDSIZE=4 -DDWORDSIZE=8 -DRWORDSIZE=4 -DLWORDSIZE=4 -DNONSTANDARD_SYSTEM_FUNC  -DWRF_USE_CLM -DUSE_NETCDF4_FEATURES -DWRFIO_NCD_LARGE_FILE_SUPPORT  -DDM_PARALLEL -DNETCDF -DLANDREAD_STUB=1 -DUSE_ALLOCATABLES -Dwrfmodel -DGRIB1 -DINTIO -DKEEP_INT_AROUND -DLIMIT_ARGS -DBUILD_RRTMG_FAST=0 -DBUILD_RRTMK=0 -DBUILD_SBM_FAST=1 -DSHOW_ALL_VARS_USED=0 -DCONFIG_BUF_LEN=65536 -DMAX_DOMAINS_F=21 -DMAX_HISTORY=25 -DNMM_NEST=0  -I. -traditional-cpp -DUSE_NETCDF4_FEATURES -DWRFIO_NCD_LARGE_FILE_SUPPORT   module_ra_rrtmg_aero_optical_util_cmaq.G  > module_ra_rrtmg_aero_optical_util_cmaq.bb
/global/scratch/users/adamwise/compiling/WRFv4.4-DRM_real_GAD_slices_CPM/tools/standard.exe module_ra_rrtmg_aero_optical_util_cmaq.bb | /lib/cpp -P -nostdinc -traditional-cpp -DUSE_NETCDF4_FEATURES -DWRFIO_NCD_LARGE_FILE_SUPPORT > module_ra_rrtmg_aero_optical_util_cmaq.f90
rm -f module_ra_rrtmg_aero_optical_util_cmaq.G module_ra_rrtmg_aero_optical_util_cmaq.bb
time mpif90 -f90=ifort -o module_ra_rrtmg_aero_optical_util_cmaq.o -c -O3 -ip -fp-model precise -w -ftz -align all -fno-alias -FR -convert big_endian    -I../dyn_em  -I/global/scratch/users/adamwise/compiling/WRFv4.4-DRM_real_GAD_slices_CPM/external/esmf_time_f90  -I/global/scratch/users/adamwise/compiling/WRFv4.4-DRM_real_GAD_slices_CPM/main -I/global/scratch/users/adamwise/compiling/WRFv4.4-DRM_real_GAD_slices_CPM/external/io_netcdf -I/global/scratch/users/adamwise/compiling/WRFv4.4-DRM_real_GAD_slices_CPM/external/io_int -I/global/scratch/users/adamwise/compiling/WRFv4.4-DRM_real_GAD_slices_CPM/frame -I/global/scratch/users/adamwise/compiling/WRFv4.4-DRM_real_GAD_slices_CPM/share -I/global/scratch/users/adamwise/compiling/WRFv4.4-DRM_real_GAD_slices_CPM/phys -I/global/scratch/users/adamwise/compiling/WRFv4.4-DRM_real_GAD_slices_CPM/wrftladj -I/global/scratch/users/adamwise/compiling/WRFv4.4-DRM_real_GAD_slices_CPM/chem -I/global/scratch/users/adamwise/compiling/WRFv4.4-DRM_real_GAD_slices_CPM/inc -I/global/software/sl-7.x86_64/modules/intel/2016.4.072/netcdf/4.4.1.1-intel-s/include  -real-size `expr 8 \* 4` -i4  module_ra_rrtmg_aero_optical_util_cmaq.f90

real	0m12.136s
user	0m11.606s
sys	0m0.311s
rm -f module_ra_rrtmg_lwf.o
sed -e "s/^\!.*'.*//" -e "s/^ *\!.*'.*//" module_ra_rrtmg_lwf.F > module_ra_rrtmg_lwf.G
/lib/cpp -P -nostdinc -I/global/scratch/users/adamwise/compiling/WRFv4.4-DRM_real_GAD_slices_CPM/inc -DEM_CORE=1 -DNMM_CORE=0 -DNMM_MAX_DIM=2600 -DDA_CORE=0 -DWRFPLUS=0 -DIWORDSIZE=4 -DDWORDSIZE=8 -DRWORDSIZE=4 -DLWORDSIZE=4 -DNONSTANDARD_SYSTEM_FUNC  -DWRF_USE_CLM -DUSE_NETCDF4_FEATURES -DWRFIO_NCD_LARGE_FILE_SUPPORT  -DDM_PARALLEL -DNETCDF -DLANDREAD_STUB=1 -DUSE_ALLOCATABLES -Dwrfmodel -DGRIB1 -DINTIO -DKEEP_INT_AROUND -DLIMIT_ARGS -DBUILD_RRTMG_FAST=0 -DBUILD_RRTMK=0 -DBUILD_SBM_FAST=1 -DSHOW_ALL_VARS_USED=0 -DCONFIG_BUF_LEN=65536 -DMAX_DOMAINS_F=21 -DMAX_HISTORY=25 -DNMM_NEST=0  -I. -traditional-cpp -DUSE_NETCDF4_FEATURES -DWRFIO_NCD_LARGE_FILE_SUPPORT   module_ra_rrtmg_lwf.G  > module_ra_rrtmg_lwf.bb
/global/scratch/users/adamwise/compiling/WRFv4.4-DRM_real_GAD_slices_CPM/tools/standard.exe module_ra_rrtmg_lwf.bb | /lib/cpp -P -nostdinc -traditional-cpp -DUSE_NETCDF4_FEATURES -DWRFIO_NCD_LARGE_FILE_SUPPORT > module_ra_rrtmg_lwf.f90
rm -f module_ra_rrtmg_lwf.G module_ra_rrtmg_lwf.bb
time mpif90 -f90=ifort -o module_ra_rrtmg_lwf.o -c -O3 -ip -fp-model precise -w -ftz -align all -fno-alias -FR -convert big_endian    -I../dyn_em  -I/global/scratch/users/adamwise/compiling/WRFv4.4-DRM_real_GAD_slices_CPM/external/esmf_time_f90  -I/global/scratch/users/adamwise/compiling/WRFv4.4-DRM_real_GAD_slices_CPM/main -I/global/scratch/users/adamwise/compiling/WRFv4.4-DRM_real_GAD_slices_CPM/external/io_netcdf -I/global/scratch/users/adamwise/compiling/WRFv4.4-DRM_real_GAD_slices_CPM/external/io_int -I/global/scratch/users/adamwise/compiling/WRFv4.4-DRM_real_GAD_slices_CPM/frame -I/global/scratch/users/adamwise/compiling/WRFv4.4-DRM_real_GAD_slices_CPM/share -I/global/scratch/users/adamwise/compiling/WRFv4.4-DRM_real_GAD_slices_CPM/phys -I/global/scratch/users/adamwise/compiling/WRFv4.4-DRM_real_GAD_slices_CPM/wrftladj -I/global/scratch/users/adamwise/compiling/WRFv4.4-DRM_real_GAD_slices_CPM/chem -I/global/scratch/users/adamwise/compiling/WRFv4.4-DRM_real_GAD_slices_CPM/inc -I/global/software/sl-7.x86_64/modules/intel/2016.4.072/netcdf/4.4.1.1-intel-s/include  -real-size `expr 8 \* 4` -i4  module_ra_rrtmg_lwf.f90

real	0m0.377s
user	0m0.049s
sys	0m0.092s
rm -f module_ra_rrtmg_lwk.o
sed -e "s/^\!.*'.*//" -e "s/^ *\!.*'.*//" module_ra_rrtmg_lwk.F > module_ra_rrtmg_lwk.G
/lib/cpp -P -nostdinc -I/global/scratch/users/adamwise/compiling/WRFv4.4-DRM_real_GAD_slices_CPM/inc -DEM_CORE=1 -DNMM_CORE=0 -DNMM_MAX_DIM=2600 -DDA_CORE=0 -DWRFPLUS=0 -DIWORDSIZE=4 -DDWORDSIZE=8 -DRWORDSIZE=4 -DLWORDSIZE=4 -DNONSTANDARD_SYSTEM_FUNC  -DWRF_USE_CLM -DUSE_NETCDF4_FEATURES -DWRFIO_NCD_LARGE_FILE_SUPPORT  -DDM_PARALLEL -DNETCDF -DLANDREAD_STUB=1 -DUSE_ALLOCATABLES -Dwrfmodel -DGRIB1 -DINTIO -DKEEP_INT_AROUND -DLIMIT_ARGS -DBUILD_RRTMG_FAST=0 -DBUILD_RRTMK=0 -DBUILD_SBM_FAST=1 -DSHOW_ALL_VARS_USED=0 -DCONFIG_BUF_LEN=65536 -DMAX_DOMAINS_F=21 -DMAX_HISTORY=25 -DNMM_NEST=0  -I. -traditional-cpp -DUSE_NETCDF4_FEATURES -DWRFIO_NCD_LARGE_FILE_SUPPORT   module_ra_rrtmg_lwk.G  > module_ra_rrtmg_lwk.bb
/global/scratch/users/adamwise/compiling/WRFv4.4-DRM_real_GAD_slices_CPM/tools/standard.exe module_ra_rrtmg_lwk.bb | /lib/cpp -P -nostdinc -traditional-cpp -DUSE_NETCDF4_FEATURES -DWRFIO_NCD_LARGE_FILE_SUPPORT > module_ra_rrtmg_lwk.f90
rm -f module_ra_rrtmg_lwk.G module_ra_rrtmg_lwk.bb
time mpif90 -f90=ifort -o module_ra_rrtmg_lwk.o -c -O3 -ip -fp-model precise -w -ftz -align all -fno-alias -FR -convert big_endian    -I../dyn_em  -I/global/scratch/users/adamwise/compiling/WRFv4.4-DRM_real_GAD_slices_CPM/external/esmf_time_f90  -I/global/scratch/users/adamwise/compiling/WRFv4.4-DRM_real_GAD_slices_CPM/main -I/global/scratch/users/adamwise/compiling/WRFv4.4-DRM_real_GAD_slices_CPM/external/io_netcdf -I/global/scratch/users/adamwise/compiling/WRFv4.4-DRM_real_GAD_slices_CPM/external/io_int -I/global/scratch/users/adamwise/compiling/WRFv4.4-DRM_real_GAD_slices_CPM/frame -I/global/scratch/users/adamwise/compiling/WRFv4.4-DRM_real_GAD_slices_CPM/share -I/global/scratch/users/adamwise/compiling/WRFv4.4-DRM_real_GAD_slices_CPM/phys -I/global/scratch/users/adamwise/compiling/WRFv4.4-DRM_real_GAD_slices_CPM/wrftladj -I/global/scratch/users/adamwise/compiling/WRFv4.4-DRM_real_GAD_slices_CPM/chem -I/global/scratch/users/adamwise/compiling/WRFv4.4-DRM_real_GAD_slices_CPM/inc -I/global/software/sl-7.x86_64/modules/intel/2016.4.072/netcdf/4.4.1.1-intel-s/include  -real-size `expr 8 \* 4` -i4  module_ra_rrtmg_lwk.f90

real	0m0.357s
user	0m0.046s
sys	0m0.101s
rm -f module_ra_effective_radius.o
sed -e "s/^\!.*'.*//" -e "s/^ *\!.*'.*//" module_ra_effective_radius.F > module_ra_effective_radius.G
/lib/cpp -P -nostdinc -I/global/scratch/users/adamwise/compiling/WRFv4.4-DRM_real_GAD_slices_CPM/inc -DEM_CORE=1 -DNMM_CORE=0 -DNMM_MAX_DIM=2600 -DDA_CORE=0 -DWRFPLUS=0 -DIWORDSIZE=4 -DDWORDSIZE=8 -DRWORDSIZE=4 -DLWORDSIZE=4 -DNONSTANDARD_SYSTEM_FUNC  -DWRF_USE_CLM -DUSE_NETCDF4_FEATURES -DWRFIO_NCD_LARGE_FILE_SUPPORT  -DDM_PARALLEL -DNETCDF -DLANDREAD_STUB=1 -DUSE_ALLOCATABLES -Dwrfmodel -DGRIB1 -DINTIO -DKEEP_INT_AROUND -DLIMIT_ARGS -DBUILD_RRTMG_FAST=0 -DBUILD_RRTMK=0 -DBUILD_SBM_FAST=1 -DSHOW_ALL_VARS_USED=0 -DCONFIG_BUF_LEN=65536 -DMAX_DOMAINS_F=21 -DMAX_HISTORY=25 -DNMM_NEST=0  -I. -traditional-cpp -DUSE_NETCDF4_FEATURES -DWRFIO_NCD_LARGE_FILE_SUPPORT   module_ra_effective_radius.G  > module_ra_effective_radius.bb
/global/scratch/users/adamwise/compiling/WRFv4.4-DRM_real_GAD_slices_CPM/tools/standard.exe module_ra_effective_radius.bb | /lib/cpp -P -nostdinc -traditional-cpp -DUSE_NETCDF4_FEATURES -DWRFIO_NCD_LARGE_FILE_SUPPORT > module_ra_effective_radius.f90
rm -f module_ra_effective_radius.G module_ra_effective_radius.bb
time mpif90 -f90=ifort -o module_ra_effective_radius.o -c -O3 -ip -fp-model precise -w -ftz -align all -fno-alias -FR -convert big_endian    -I../dyn_em  -I/global/scratch/users/adamwise/compiling/WRFv4.4-DRM_real_GAD_slices_CPM/external/esmf_time_f90  -I/global/scratch/users/adamwise/compiling/WRFv4.4-DRM_real_GAD_slices_CPM/main -I/global/scratch/users/adamwise/compiling/WRFv4.4-DRM_real_GAD_slices_CPM/external/io_netcdf -I/global/scratch/users/adamwise/compiling/WRFv4.4-DRM_real_GAD_slices_CPM/external/io_int -I/global/scratch/users/adamwise/compiling/WRFv4.4-DRM_real_GAD_slices_CPM/frame -I/global/scratch/users/adamwise/compiling/WRFv4.4-DRM_real_GAD_slices_CPM/share -I/global/scratch/users/adamwise/compiling/WRFv4.4-DRM_real_GAD_slices_CPM/phys -I/global/scratch/users/adamwise/compiling/WRFv4.4-DRM_real_GAD_slices_CPM/wrftladj -I/global/scratch/users/adamwise/compiling/WRFv4.4-DRM_real_GAD_slices_CPM/chem -I/global/scratch/users/adamwise/compiling/WRFv4.4-DRM_real_GAD_slices_CPM/inc -I/global/software/sl-7.x86_64/modules/intel/2016.4.072/netcdf/4.4.1.1-intel-s/include  -real-size `expr 8 \* 4` -i4  module_ra_effective_radius.f90

real	0m0.590s
user	0m0.256s
sys	0m0.099s
rm -f module_ra_farms.o
sed -e "s/^\!.*'.*//" -e "s/^ *\!.*'.*//" module_ra_farms.F > module_ra_farms.G
/lib/cpp -P -nostdinc -I/global/scratch/users/adamwise/compiling/WRFv4.4-DRM_real_GAD_slices_CPM/inc -DEM_CORE=1 -DNMM_CORE=0 -DNMM_MAX_DIM=2600 -DDA_CORE=0 -DWRFPLUS=0 -DIWORDSIZE=4 -DDWORDSIZE=8 -DRWORDSIZE=4 -DLWORDSIZE=4 -DNONSTANDARD_SYSTEM_FUNC  -DWRF_USE_CLM -DUSE_NETCDF4_FEATURES -DWRFIO_NCD_LARGE_FILE_SUPPORT  -DDM_PARALLEL -DNETCDF -DLANDREAD_STUB=1 -DUSE_ALLOCATABLES -Dwrfmodel -DGRIB1 -DINTIO -DKEEP_INT_AROUND -DLIMIT_ARGS -DBUILD_RRTMG_FAST=0 -DBUILD_RRTMK=0 -DBUILD_SBM_FAST=1 -DSHOW_ALL_VARS_USED=0 -DCONFIG_BUF_LEN=65536 -DMAX_DOMAINS_F=21 -DMAX_HISTORY=25 -DNMM_NEST=0  -I. -traditional-cpp -DUSE_NETCDF4_FEATURES -DWRFIO_NCD_LARGE_FILE_SUPPORT   module_ra_farms.G  > module_ra_farms.bb
/global/scratch/users/adamwise/compiling/WRFv4.4-DRM_real_GAD_slices_CPM/tools/standard.exe module_ra_farms.bb | /lib/cpp -P -nostdinc -traditional-cpp -DUSE_NETCDF4_FEATURES -DWRFIO_NCD_LARGE_FILE_SUPPORT > module_ra_farms.f90
rm -f module_ra_farms.G module_ra_farms.bb
time mpif90 -f90=ifort -o module_ra_farms.o -c -O3 -ip -fp-model precise -w -ftz -align all -fno-alias -FR -convert big_endian    -I../dyn_em  -I/global/scratch/users/adamwise/compiling/WRFv4.4-DRM_real_GAD_slices_CPM/external/esmf_time_f90  -I/global/scratch/users/adamwise/compiling/WRFv4.4-DRM_real_GAD_slices_CPM/main -I/global/scratch/users/adamwise/compiling/WRFv4.4-DRM_real_GAD_slices_CPM/external/io_netcdf -I/global/scratch/users/adamwise/compiling/WRFv4.4-DRM_real_GAD_slices_CPM/external/io_int -I/global/scratch/users/adamwise/compiling/WRFv4.4-DRM_real_GAD_slices_CPM/frame -I/global/scratch/users/adamwise/compiling/WRFv4.4-DRM_real_GAD_slices_CPM/share -I/global/scratch/users/adamwise/compiling/WRFv4.4-DRM_real_GAD_slices_CPM/phys -I/global/scratch/users/adamwise/compiling/WRFv4.4-DRM_real_GAD_slices_CPM/wrftladj -I/global/scratch/users/adamwise/compiling/WRFv4.4-DRM_real_GAD_slices_CPM/chem -I/global/scratch/users/adamwise/compiling/WRFv4.4-DRM_real_GAD_slices_CPM/inc -I/global/software/sl-7.x86_64/modules/intel/2016.4.072/netcdf/4.4.1.1-intel-s/include  -real-size `expr 8 \* 4` -i4  module_ra_farms.f90

real	0m2.920s
user	0m2.555s
sys	0m0.146s
rm -f module_mp_etanew.o
sed -e "s/^\!.*'.*//" -e "s/^ *\!.*'.*//" module_mp_etanew.F > module_mp_etanew.G
/lib/cpp -P -nostdinc -I/global/scratch/users/adamwise/compiling/WRFv4.4-DRM_real_GAD_slices_CPM/inc -DEM_CORE=1 -DNMM_CORE=0 -DNMM_MAX_DIM=2600 -DDA_CORE=0 -DWRFPLUS=0 -DIWORDSIZE=4 -DDWORDSIZE=8 -DRWORDSIZE=4 -DLWORDSIZE=4 -DNONSTANDARD_SYSTEM_FUNC  -DWRF_USE_CLM -DUSE_NETCDF4_FEATURES -DWRFIO_NCD_LARGE_FILE_SUPPORT  -DDM_PARALLEL -DNETCDF -DLANDREAD_STUB=1 -DUSE_ALLOCATABLES -Dwrfmodel -DGRIB1 -DINTIO -DKEEP_INT_AROUND -DLIMIT_ARGS -DBUILD_RRTMG_FAST=0 -DBUILD_RRTMK=0 -DBUILD_SBM_FAST=1 -DSHOW_ALL_VARS_USED=0 -DCONFIG_BUF_LEN=65536 -DMAX_DOMAINS_F=21 -DMAX_HISTORY=25 -DNMM_NEST=0  -I. -traditional-cpp -DUSE_NETCDF4_FEATURES -DWRFIO_NCD_LARGE_FILE_SUPPORT   module_mp_etanew.G  > module_mp_etanew.bb
/global/scratch/users/adamwise/compiling/WRFv4.4-DRM_real_GAD_slices_CPM/tools/standard.exe module_mp_etanew.bb | /lib/cpp -P -nostdinc -traditional-cpp -DUSE_NETCDF4_FEATURES -DWRFIO_NCD_LARGE_FILE_SUPPORT > module_mp_etanew.f90
rm -f module_mp_etanew.G module_mp_etanew.bb
time mpif90 -f90=ifort -o module_mp_etanew.o -c -O3 -ip -fp-model precise -w -ftz -align all -fno-alias -FR -convert big_endian    -I../dyn_em  -I/global/scratch/users/adamwise/compiling/WRFv4.4-DRM_real_GAD_slices_CPM/external/esmf_time_f90  -I/global/scratch/users/adamwise/compiling/WRFv4.4-DRM_real_GAD_slices_CPM/main -I/global/scratch/users/adamwise/compiling/WRFv4.4-DRM_real_GAD_slices_CPM/external/io_netcdf -I/global/scratch/users/adamwise/compiling/WRFv4.4-DRM_real_GAD_slices_CPM/external/io_int -I/global/scratch/users/adamwise/compiling/WRFv4.4-DRM_real_GAD_slices_CPM/frame -I/global/scratch/users/adamwise/compiling/WRFv4.4-DRM_real_GAD_slices_CPM/share -I/global/scratch/users/adamwise/compiling/WRFv4.4-DRM_real_GAD_slices_CPM/phys -I/global/scratch/users/adamwise/compiling/WRFv4.4-DRM_real_GAD_slices_CPM/wrftladj -I/global/scratch/users/adamwise/compiling/WRFv4.4-DRM_real_GAD_slices_CPM/chem -I/global/scratch/users/adamwise/compiling/WRFv4.4-DRM_real_GAD_slices_CPM/inc -I/global/software/sl-7.x86_64/modules/intel/2016.4.072/netcdf/4.4.1.1-intel-s/include  -real-size `expr 8 \* 4` -i4  module_mp_etanew.f90

real	0m1.217s
user	0m0.872s
sys	0m0.131s
rm -f module_ra_hs.o
sed -e "s/^\!.*'.*//" -e "s/^ *\!.*'.*//" module_ra_hs.F > module_ra_hs.G
/lib/cpp -P -nostdinc -I/global/scratch/users/adamwise/compiling/WRFv4.4-DRM_real_GAD_slices_CPM/inc -DEM_CORE=1 -DNMM_CORE=0 -DNMM_MAX_DIM=2600 -DDA_CORE=0 -DWRFPLUS=0 -DIWORDSIZE=4 -DDWORDSIZE=8 -DRWORDSIZE=4 -DLWORDSIZE=4 -DNONSTANDARD_SYSTEM_FUNC  -DWRF_USE_CLM -DUSE_NETCDF4_FEATURES -DWRFIO_NCD_LARGE_FILE_SUPPORT  -DDM_PARALLEL -DNETCDF -DLANDREAD_STUB=1 -DUSE_ALLOCATABLES -Dwrfmodel -DGRIB1 -DINTIO -DKEEP_INT_AROUND -DLIMIT_ARGS -DBUILD_RRTMG_FAST=0 -DBUILD_RRTMK=0 -DBUILD_SBM_FAST=1 -DSHOW_ALL_VARS_USED=0 -DCONFIG_BUF_LEN=65536 -DMAX_DOMAINS_F=21 -DMAX_HISTORY=25 -DNMM_NEST=0  -I. -traditional-cpp -DUSE_NETCDF4_FEATURES -DWRFIO_NCD_LARGE_FILE_SUPPORT   module_ra_hs.G  > module_ra_hs.bb
/global/scratch/users/adamwise/compiling/WRFv4.4-DRM_real_GAD_slices_CPM/tools/standard.exe module_ra_hs.bb | /lib/cpp -P -nostdinc -traditional-cpp -DUSE_NETCDF4_FEATURES -DWRFIO_NCD_LARGE_FILE_SUPPORT > module_ra_hs.f90
rm -f module_ra_hs.G module_ra_hs.bb
time mpif90 -f90=ifort -o module_ra_hs.o -c -O3 -ip -fp-model precise -w -ftz -align all -fno-alias -FR -convert big_endian    -I../dyn_em  -I/global/scratch/users/adamwise/compiling/WRFv4.4-DRM_real_GAD_slices_CPM/external/esmf_time_f90  -I/global/scratch/users/adamwise/compiling/WRFv4.4-DRM_real_GAD_slices_CPM/main -I/global/scratch/users/adamwise/compiling/WRFv4.4-DRM_real_GAD_slices_CPM/external/io_netcdf -I/global/scratch/users/adamwise/compiling/WRFv4.4-DRM_real_GAD_slices_CPM/external/io_int -I/global/scratch/users/adamwise/compiling/WRFv4.4-DRM_real_GAD_slices_CPM/frame -I/global/scratch/users/adamwise/compiling/WRFv4.4-DRM_real_GAD_slices_CPM/share -I/global/scratch/users/adamwise/compiling/WRFv4.4-DRM_real_GAD_slices_CPM/phys -I/global/scratch/users/adamwise/compiling/WRFv4.4-DRM_real_GAD_slices_CPM/wrftladj -I/global/scratch/users/adamwise/compiling/WRFv4.4-DRM_real_GAD_slices_CPM/chem -I/global/scratch/users/adamwise/compiling/WRFv4.4-DRM_real_GAD_slices_CPM/inc -I/global/software/sl-7.x86_64/modules/intel/2016.4.072/netcdf/4.4.1.1-intel-s/include  -real-size `expr 8 \* 4` -i4  module_ra_hs.f90

real	0m0.405s
user	0m0.095s
sys	0m0.101s
rm -f module_ra_goddard.o
sed -e "s/^\!.*'.*//" -e "s/^ *\!.*'.*//" module_ra_goddard.F > module_ra_goddard.G
/lib/cpp -P -nostdinc -I/global/scratch/users/adamwise/compiling/WRFv4.4-DRM_real_GAD_slices_CPM/inc -DEM_CORE=1 -DNMM_CORE=0 -DNMM_MAX_DIM=2600 -DDA_CORE=0 -DWRFPLUS=0 -DIWORDSIZE=4 -DDWORDSIZE=8 -DRWORDSIZE=4 -DLWORDSIZE=4 -DNONSTANDARD_SYSTEM_FUNC  -DWRF_USE_CLM -DUSE_NETCDF4_FEATURES -DWRFIO_NCD_LARGE_FILE_SUPPORT  -DDM_PARALLEL -DNETCDF -DLANDREAD_STUB=1 -DUSE_ALLOCATABLES -Dwrfmodel -DGRIB1 -DINTIO -DKEEP_INT_AROUND -DLIMIT_ARGS -DBUILD_RRTMG_FAST=0 -DBUILD_RRTMK=0 -DBUILD_SBM_FAST=1 -DSHOW_ALL_VARS_USED=0 -DCONFIG_BUF_LEN=65536 -DMAX_DOMAINS_F=21 -DMAX_HISTORY=25 -DNMM_NEST=0  -I. -traditional-cpp -DUSE_NETCDF4_FEATURES -DWRFIO_NCD_LARGE_FILE_SUPPORT   module_ra_goddard.G  > module_ra_goddard.bb
/global/scratch/users/adamwise/compiling/WRFv4.4-DRM_real_GAD_slices_CPM/tools/standard.exe module_ra_goddard.bb | /lib/cpp -P -nostdinc -traditional-cpp -DUSE_NETCDF4_FEATURES -DWRFIO_NCD_LARGE_FILE_SUPPORT > module_ra_goddard.f90
rm -f module_ra_goddard.G module_ra_goddard.bb
time mpif90 -f90=ifort -o module_ra_goddard.o -c -O3 -ip -fp-model precise -w -ftz -align all -fno-alias -FR -convert big_endian    -I../dyn_em  -I/global/scratch/users/adamwise/compiling/WRFv4.4-DRM_real_GAD_slices_CPM/external/esmf_time_f90  -I/global/scratch/users/adamwise/compiling/WRFv4.4-DRM_real_GAD_slices_CPM/main -I/global/scratch/users/adamwise/compiling/WRFv4.4-DRM_real_GAD_slices_CPM/external/io_netcdf -I/global/scratch/users/adamwise/compiling/WRFv4.4-DRM_real_GAD_slices_CPM/external/io_int -I/global/scratch/users/adamwise/compiling/WRFv4.4-DRM_real_GAD_slices_CPM/frame -I/global/scratch/users/adamwise/compiling/WRFv4.4-DRM_real_GAD_slices_CPM/share -I/global/scratch/users/adamwise/compiling/WRFv4.4-DRM_real_GAD_slices_CPM/phys -I/global/scratch/users/adamwise/compiling/WRFv4.4-DRM_real_GAD_slices_CPM/wrftladj -I/global/scratch/users/adamwise/compiling/WRFv4.4-DRM_real_GAD_slices_CPM/chem -I/global/scratch/users/adamwise/compiling/WRFv4.4-DRM_real_GAD_slices_CPM/inc -I/global/software/sl-7.x86_64/modules/intel/2016.4.072/netcdf/4.4.1.1-intel-s/include  -real-size `expr 8 \* 4` -i4  module_ra_goddard.f90

real	0m2.936s
user	0m2.577s
sys	0m0.150s
rm -f module_ra_flg.o
sed -e "s/^\!.*'.*//" -e "s/^ *\!.*'.*//" module_ra_flg.F > module_ra_flg.G
/lib/cpp -P -nostdinc -I/global/scratch/users/adamwise/compiling/WRFv4.4-DRM_real_GAD_slices_CPM/inc -DEM_CORE=1 -DNMM_CORE=0 -DNMM_MAX_DIM=2600 -DDA_CORE=0 -DWRFPLUS=0 -DIWORDSIZE=4 -DDWORDSIZE=8 -DRWORDSIZE=4 -DLWORDSIZE=4 -DNONSTANDARD_SYSTEM_FUNC  -DWRF_USE_CLM -DUSE_NETCDF4_FEATURES -DWRFIO_NCD_LARGE_FILE_SUPPORT  -DDM_PARALLEL -DNETCDF -DLANDREAD_STUB=1 -DUSE_ALLOCATABLES -Dwrfmodel -DGRIB1 -DINTIO -DKEEP_INT_AROUND -DLIMIT_ARGS -DBUILD_RRTMG_FAST=0 -DBUILD_RRTMK=0 -DBUILD_SBM_FAST=1 -DSHOW_ALL_VARS_USED=0 -DCONFIG_BUF_LEN=65536 -DMAX_DOMAINS_F=21 -DMAX_HISTORY=25 -DNMM_NEST=0  -I. -traditional-cpp -DUSE_NETCDF4_FEATURES -DWRFIO_NCD_LARGE_FILE_SUPPORT   module_ra_flg.G  > module_ra_flg.bb
/global/scratch/users/adamwise/compiling/WRFv4.4-DRM_real_GAD_slices_CPM/tools/standard.exe module_ra_flg.bb | /lib/cpp -P -nostdinc -traditional-cpp -DUSE_NETCDF4_FEATURES -DWRFIO_NCD_LARGE_FILE_SUPPORT > module_ra_flg.f90
rm -f module_ra_flg.G module_ra_flg.bb
time mpif90 -f90=ifort -o module_ra_flg.o -c -O3 -ip -fp-model precise -w -ftz -align all -fno-alias -FR -convert big_endian    -I../dyn_em  -I/global/scratch/users/adamwise/compiling/WRFv4.4-DRM_real_GAD_slices_CPM/external/esmf_time_f90  -I/global/scratch/users/adamwise/compiling/WRFv4.4-DRM_real_GAD_slices_CPM/main -I/global/scratch/users/adamwise/compiling/WRFv4.4-DRM_real_GAD_slices_CPM/external/io_netcdf -I/global/scratch/users/adamwise/compiling/WRFv4.4-DRM_real_GAD_slices_CPM/external/io_int -I/global/scratch/users/adamwise/compiling/WRFv4.4-DRM_real_GAD_slices_CPM/frame -I/global/scratch/users/adamwise/compiling/WRFv4.4-DRM_real_GAD_slices_CPM/share -I/global/scratch/users/adamwise/compiling/WRFv4.4-DRM_real_GAD_slices_CPM/phys -I/global/scratch/users/adamwise/compiling/WRFv4.4-DRM_real_GAD_slices_CPM/wrftladj -I/global/scratch/users/adamwise/compiling/WRFv4.4-DRM_real_GAD_slices_CPM/chem -I/global/scratch/users/adamwise/compiling/WRFv4.4-DRM_real_GAD_slices_CPM/inc -I/global/software/sl-7.x86_64/modules/intel/2016.4.072/netcdf/4.4.1.1-intel-s/include  -real-size `expr 8 \* 4` -i4  module_ra_flg.f90

real	0m9.439s
user	0m8.884s
sys	0m0.275s
rm -f module_ra_eclipse.o
sed -e "s/^\!.*'.*//" -e "s/^ *\!.*'.*//" module_ra_eclipse.F > module_ra_eclipse.G
/lib/cpp -P -nostdinc -I/global/scratch/users/adamwise/compiling/WRFv4.4-DRM_real_GAD_slices_CPM/inc -DEM_CORE=1 -DNMM_CORE=0 -DNMM_MAX_DIM=2600 -DDA_CORE=0 -DWRFPLUS=0 -DIWORDSIZE=4 -DDWORDSIZE=8 -DRWORDSIZE=4 -DLWORDSIZE=4 -DNONSTANDARD_SYSTEM_FUNC  -DWRF_USE_CLM -DUSE_NETCDF4_FEATURES -DWRFIO_NCD_LARGE_FILE_SUPPORT  -DDM_PARALLEL -DNETCDF -DLANDREAD_STUB=1 -DUSE_ALLOCATABLES -Dwrfmodel -DGRIB1 -DINTIO -DKEEP_INT_AROUND -DLIMIT_ARGS -DBUILD_RRTMG_FAST=0 -DBUILD_RRTMK=0 -DBUILD_SBM_FAST=1 -DSHOW_ALL_VARS_USED=0 -DCONFIG_BUF_LEN=65536 -DMAX_DOMAINS_F=21 -DMAX_HISTORY=25 -DNMM_NEST=0  -I. -traditional-cpp -DUSE_NETCDF4_FEATURES -DWRFIO_NCD_LARGE_FILE_SUPPORT   module_ra_eclipse.G  > module_ra_eclipse.bb
/global/scratch/users/adamwise/compiling/WRFv4.4-DRM_real_GAD_slices_CPM/tools/standard.exe module_ra_eclipse.bb | /lib/cpp -P -nostdinc -traditional-cpp -DUSE_NETCDF4_FEATURES -DWRFIO_NCD_LARGE_FILE_SUPPORT > module_ra_eclipse.f90
rm -f module_ra_eclipse.G module_ra_eclipse.bb
time mpif90 -f90=ifort -o module_ra_eclipse.o -c -O3 -ip -fp-model precise -w -ftz -align all -fno-alias -FR -convert big_endian    -I../dyn_em  -I/global/scratch/users/adamwise/compiling/WRFv4.4-DRM_real_GAD_slices_CPM/external/esmf_time_f90  -I/global/scratch/users/adamwise/compiling/WRFv4.4-DRM_real_GAD_slices_CPM/main -I/global/scratch/users/adamwise/compiling/WRFv4.4-DRM_real_GAD_slices_CPM/external/io_netcdf -I/global/scratch/users/adamwise/compiling/WRFv4.4-DRM_real_GAD_slices_CPM/external/io_int -I/global/scratch/users/adamwise/compiling/WRFv4.4-DRM_real_GAD_slices_CPM/frame -I/global/scratch/users/adamwise/compiling/WRFv4.4-DRM_real_GAD_slices_CPM/share -I/global/scratch/users/adamwise/compiling/WRFv4.4-DRM_real_GAD_slices_CPM/phys -I/global/scratch/users/adamwise/compiling/WRFv4.4-DRM_real_GAD_slices_CPM/wrftladj -I/global/scratch/users/adamwise/compiling/WRFv4.4-DRM_real_GAD_slices_CPM/chem -I/global/scratch/users/adamwise/compiling/WRFv4.4-DRM_real_GAD_slices_CPM/inc -I/global/software/sl-7.x86_64/modules/intel/2016.4.072/netcdf/4.4.1.1-intel-s/include  -real-size `expr 8 \* 4` -i4  module_ra_eclipse.f90

real	0m0.629s
user	0m0.318s
sys	0m0.102s
rm -f module_ra_aerosol.o
sed -e "s/^\!.*'.*//" -e "s/^ *\!.*'.*//" module_ra_aerosol.F > module_ra_aerosol.G
/lib/cpp -P -nostdinc -I/global/scratch/users/adamwise/compiling/WRFv4.4-DRM_real_GAD_slices_CPM/inc -DEM_CORE=1 -DNMM_CORE=0 -DNMM_MAX_DIM=2600 -DDA_CORE=0 -DWRFPLUS=0 -DIWORDSIZE=4 -DDWORDSIZE=8 -DRWORDSIZE=4 -DLWORDSIZE=4 -DNONSTANDARD_SYSTEM_FUNC  -DWRF_USE_CLM -DUSE_NETCDF4_FEATURES -DWRFIO_NCD_LARGE_FILE_SUPPORT  -DDM_PARALLEL -DNETCDF -DLANDREAD_STUB=1 -DUSE_ALLOCATABLES -Dwrfmodel -DGRIB1 -DINTIO -DKEEP_INT_AROUND -DLIMIT_ARGS -DBUILD_RRTMG_FAST=0 -DBUILD_RRTMK=0 -DBUILD_SBM_FAST=1 -DSHOW_ALL_VARS_USED=0 -DCONFIG_BUF_LEN=65536 -DMAX_DOMAINS_F=21 -DMAX_HISTORY=25 -DNMM_NEST=0  -I. -traditional-cpp -DUSE_NETCDF4_FEATURES -DWRFIO_NCD_LARGE_FILE_SUPPORT   module_ra_aerosol.G  > module_ra_aerosol.bb
/global/scratch/users/adamwise/compiling/WRFv4.4-DRM_real_GAD_slices_CPM/tools/standard.exe module_ra_aerosol.bb | /lib/cpp -P -nostdinc -traditional-cpp -DUSE_NETCDF4_FEATURES -DWRFIO_NCD_LARGE_FILE_SUPPORT > module_ra_aerosol.f90
rm -f module_ra_aerosol.G module_ra_aerosol.bb
time mpif90 -f90=ifort -o module_ra_aerosol.o -c -O3 -ip -fp-model precise -w -ftz -align all -fno-alias -FR -convert big_endian    -I../dyn_em  -I/global/scratch/users/adamwise/compiling/WRFv4.4-DRM_real_GAD_slices_CPM/external/esmf_time_f90  -I/global/scratch/users/adamwise/compiling/WRFv4.4-DRM_real_GAD_slices_CPM/main -I/global/scratch/users/adamwise/compiling/WRFv4.4-DRM_real_GAD_slices_CPM/external/io_netcdf -I/global/scratch/users/adamwise/compiling/WRFv4.4-DRM_real_GAD_slices_CPM/external/io_int -I/global/scratch/users/adamwise/compiling/WRFv4.4-DRM_real_GAD_slices_CPM/frame -I/global/scratch/users/adamwise/compiling/WRFv4.4-DRM_real_GAD_slices_CPM/share -I/global/scratch/users/adamwise/compiling/WRFv4.4-DRM_real_GAD_slices_CPM/phys -I/global/scratch/users/adamwise/compiling/WRFv4.4-DRM_real_GAD_slices_CPM/wrftladj -I/global/scratch/users/adamwise/compiling/WRFv4.4-DRM_real_GAD_slices_CPM/chem -I/global/scratch/users/adamwise/compiling/WRFv4.4-DRM_real_GAD_slices_CPM/inc -I/global/software/sl-7.x86_64/modules/intel/2016.4.072/netcdf/4.4.1.1-intel-s/include  -real-size `expr 8 \* 4` -i4  module_ra_aerosol.f90

real	0m3.327s
user	0m2.961s
sys	0m0.152s
rm -f module_mp_radar.o
sed -e "s/^\!.*'.*//" -e "s/^ *\!.*'.*//" module_mp_radar.F > module_mp_radar.G
/lib/cpp -P -nostdinc -I/global/scratch/users/adamwise/compiling/WRFv4.4-DRM_real_GAD_slices_CPM/inc -DEM_CORE=1 -DNMM_CORE=0 -DNMM_MAX_DIM=2600 -DDA_CORE=0 -DWRFPLUS=0 -DIWORDSIZE=4 -DDWORDSIZE=8 -DRWORDSIZE=4 -DLWORDSIZE=4 -DNONSTANDARD_SYSTEM_FUNC  -DWRF_USE_CLM -DUSE_NETCDF4_FEATURES -DWRFIO_NCD_LARGE_FILE_SUPPORT  -DDM_PARALLEL -DNETCDF -DLANDREAD_STUB=1 -DUSE_ALLOCATABLES -Dwrfmodel -DGRIB1 -DINTIO -DKEEP_INT_AROUND -DLIMIT_ARGS -DBUILD_RRTMG_FAST=0 -DBUILD_RRTMK=0 -DBUILD_SBM_FAST=1 -DSHOW_ALL_VARS_USED=0 -DCONFIG_BUF_LEN=65536 -DMAX_DOMAINS_F=21 -DMAX_HISTORY=25 -DNMM_NEST=0  -I. -traditional-cpp -DUSE_NETCDF4_FEATURES -DWRFIO_NCD_LARGE_FILE_SUPPORT   module_mp_radar.G  > module_mp_radar.bb
/global/scratch/users/adamwise/compiling/WRFv4.4-DRM_real_GAD_slices_CPM/tools/standard.exe module_mp_radar.bb | /lib/cpp -P -nostdinc -traditional-cpp -DUSE_NETCDF4_FEATURES -DWRFIO_NCD_LARGE_FILE_SUPPORT > module_mp_radar.f90
rm -f module_mp_radar.G module_mp_radar.bb
time mpif90 -f90=ifort -o module_mp_radar.o -c -O3 -ip -fp-model precise -w -ftz -align all -fno-alias -FR -convert big_endian    -I../dyn_em  -I/global/scratch/users/adamwise/compiling/WRFv4.4-DRM_real_GAD_slices_CPM/external/esmf_time_f90  -I/global/scratch/users/adamwise/compiling/WRFv4.4-DRM_real_GAD_slices_CPM/main -I/global/scratch/users/adamwise/compiling/WRFv4.4-DRM_real_GAD_slices_CPM/external/io_netcdf -I/global/scratch/users/adamwise/compiling/WRFv4.4-DRM_real_GAD_slices_CPM/external/io_int -I/global/scratch/users/adamwise/compiling/WRFv4.4-DRM_real_GAD_slices_CPM/frame -I/global/scratch/users/adamwise/compiling/WRFv4.4-DRM_real_GAD_slices_CPM/share -I/global/scratch/users/adamwise/compiling/WRFv4.4-DRM_real_GAD_slices_CPM/phys -I/global/scratch/users/adamwise/compiling/WRFv4.4-DRM_real_GAD_slices_CPM/wrftladj -I/global/scratch/users/adamwise/compiling/WRFv4.4-DRM_real_GAD_slices_CPM/chem -I/global/scratch/users/adamwise/compiling/WRFv4.4-DRM_real_GAD_slices_CPM/inc -I/global/software/sl-7.x86_64/modules/intel/2016.4.072/netcdf/4.4.1.1-intel-s/include  -real-size `expr 8 \* 4` -i4  module_mp_radar.f90

real	0m0.937s
user	0m0.462s
sys	0m0.103s
rm -f ../phys/module_mp_thompson.o
sed -e "s/^\!.*'.*//" -e "s/^ *\!.*'.*//" ../phys/module_mp_thompson.F > ../phys/module_mp_thompson.G
/lib/cpp -P -nostdinc -I/global/scratch/users/adamwise/compiling/WRFv4.4-DRM_real_GAD_slices_CPM/inc -DEM_CORE=1 -DNMM_CORE=0 -DNMM_MAX_DIM=2600 -DDA_CORE=0 -DWRFPLUS=0 -DIWORDSIZE=4 -DDWORDSIZE=8 -DRWORDSIZE=4 -DLWORDSIZE=4 -DNONSTANDARD_SYSTEM_FUNC  -DWRF_USE_CLM -DUSE_NETCDF4_FEATURES -DWRFIO_NCD_LARGE_FILE_SUPPORT  -DDM_PARALLEL -DNETCDF -DLANDREAD_STUB=1 -DUSE_ALLOCATABLES -Dwrfmodel -DGRIB1 -DINTIO -DKEEP_INT_AROUND -DLIMIT_ARGS -DBUILD_RRTMG_FAST=0 -DBUILD_RRTMK=0 -DBUILD_SBM_FAST=1 -DSHOW_ALL_VARS_USED=0 -DCONFIG_BUF_LEN=65536 -DMAX_DOMAINS_F=21 -DMAX_HISTORY=25 -DNMM_NEST=0  -I. -traditional-cpp -DUSE_NETCDF4_FEATURES -DWRFIO_NCD_LARGE_FILE_SUPPORT   ../phys/module_mp_thompson.G  > ../phys/module_mp_thompson.bb
/global/scratch/users/adamwise/compiling/WRFv4.4-DRM_real_GAD_slices_CPM/tools/standard.exe ../phys/module_mp_thompson.bb | /lib/cpp -P -nostdinc -traditional-cpp -DUSE_NETCDF4_FEATURES -DWRFIO_NCD_LARGE_FILE_SUPPORT > ../phys/module_mp_thompson.f90
rm -f ../phys/module_mp_thompson.G ../phys/module_mp_thompson.bb
time mpif90 -f90=ifort -o ../phys/module_mp_thompson.o -c -O3 -ip -fp-model precise -w -ftz -align all -fno-alias -FR -convert big_endian    -I../dyn_em  -I/global/scratch/users/adamwise/compiling/WRFv4.4-DRM_real_GAD_slices_CPM/external/esmf_time_f90  -I/global/scratch/users/adamwise/compiling/WRFv4.4-DRM_real_GAD_slices_CPM/main -I/global/scratch/users/adamwise/compiling/WRFv4.4-DRM_real_GAD_slices_CPM/external/io_netcdf -I/global/scratch/users/adamwise/compiling/WRFv4.4-DRM_real_GAD_slices_CPM/external/io_int -I/global/scratch/users/adamwise/compiling/WRFv4.4-DRM_real_GAD_slices_CPM/frame -I/global/scratch/users/adamwise/compiling/WRFv4.4-DRM_real_GAD_slices_CPM/share -I/global/scratch/users/adamwise/compiling/WRFv4.4-DRM_real_GAD_slices_CPM/phys -I/global/scratch/users/adamwise/compiling/WRFv4.4-DRM_real_GAD_slices_CPM/wrftladj -I/global/scratch/users/adamwise/compiling/WRFv4.4-DRM_real_GAD_slices_CPM/chem -I/global/scratch/users/adamwise/compiling/WRFv4.4-DRM_real_GAD_slices_CPM/inc -I/global/software/sl-7.x86_64/modules/intel/2016.4.072/netcdf/4.4.1.1-intel-s/include  -real-size `expr 8 \* 4` -i4  ../phys/module_mp_thompson.f90

real	0m19.096s
user	0m18.387s
sys	0m0.445s
rm -f module_mp_kessler.o
sed -e "s/^\!.*'.*//" -e "s/^ *\!.*'.*//" module_mp_kessler.F > module_mp_kessler.G
/lib/cpp -P -nostdinc -I/global/scratch/users/adamwise/compiling/WRFv4.4-DRM_real_GAD_slices_CPM/inc -DEM_CORE=1 -DNMM_CORE=0 -DNMM_MAX_DIM=2600 -DDA_CORE=0 -DWRFPLUS=0 -DIWORDSIZE=4 -DDWORDSIZE=8 -DRWORDSIZE=4 -DLWORDSIZE=4 -DNONSTANDARD_SYSTEM_FUNC  -DWRF_USE_CLM -DUSE_NETCDF4_FEATURES -DWRFIO_NCD_LARGE_FILE_SUPPORT  -DDM_PARALLEL -DNETCDF -DLANDREAD_STUB=1 -DUSE_ALLOCATABLES -Dwrfmodel -DGRIB1 -DINTIO -DKEEP_INT_AROUND -DLIMIT_ARGS -DBUILD_RRTMG_FAST=0 -DBUILD_RRTMK=0 -DBUILD_SBM_FAST=1 -DSHOW_ALL_VARS_USED=0 -DCONFIG_BUF_LEN=65536 -DMAX_DOMAINS_F=21 -DMAX_HISTORY=25 -DNMM_NEST=0  -I. -traditional-cpp -DUSE_NETCDF4_FEATURES -DWRFIO_NCD_LARGE_FILE_SUPPORT   module_mp_kessler.G  > module_mp_kessler.bb
/global/scratch/users/adamwise/compiling/WRFv4.4-DRM_real_GAD_slices_CPM/tools/standard.exe module_mp_kessler.bb | /lib/cpp -P -nostdinc -traditional-cpp -DUSE_NETCDF4_FEATURES -DWRFIO_NCD_LARGE_FILE_SUPPORT > module_mp_kessler.f90
rm -f module_mp_kessler.G module_mp_kessler.bb
time mpif90 -f90=ifort -o module_mp_kessler.o -c -O3 -ip -fp-model precise -w -ftz -align all -fno-alias -FR -convert big_endian    -I../dyn_em  -I/global/scratch/users/adamwise/compiling/WRFv4.4-DRM_real_GAD_slices_CPM/external/esmf_time_f90  -I/global/scratch/users/adamwise/compiling/WRFv4.4-DRM_real_GAD_slices_CPM/main -I/global/scratch/users/adamwise/compiling/WRFv4.4-DRM_real_GAD_slices_CPM/external/io_netcdf -I/global/scratch/users/adamwise/compiling/WRFv4.4-DRM_real_GAD_slices_CPM/external/io_int -I/global/scratch/users/adamwise/compiling/WRFv4.4-DRM_real_GAD_slices_CPM/frame -I/global/scratch/users/adamwise/compiling/WRFv4.4-DRM_real_GAD_slices_CPM/share -I/global/scratch/users/adamwise/compiling/WRFv4.4-DRM_real_GAD_slices_CPM/phys -I/global/scratch/users/adamwise/compiling/WRFv4.4-DRM_real_GAD_slices_CPM/wrftladj -I/global/scratch/users/adamwise/compiling/WRFv4.4-DRM_real_GAD_slices_CPM/chem -I/global/scratch/users/adamwise/compiling/WRFv4.4-DRM_real_GAD_slices_CPM/inc -I/global/software/sl-7.x86_64/modules/intel/2016.4.072/netcdf/4.4.1.1-intel-s/include  -real-size `expr 8 \* 4` -i4  module_mp_kessler.f90

real	0m0.595s
user	0m0.276s
sys	0m0.110s
rm -f module_mp_lin.o
sed -e "s/^\!.*'.*//" -e "s/^ *\!.*'.*//" module_mp_lin.F > module_mp_lin.G
/lib/cpp -P -nostdinc -I/global/scratch/users/adamwise/compiling/WRFv4.4-DRM_real_GAD_slices_CPM/inc -DEM_CORE=1 -DNMM_CORE=0 -DNMM_MAX_DIM=2600 -DDA_CORE=0 -DWRFPLUS=0 -DIWORDSIZE=4 -DDWORDSIZE=8 -DRWORDSIZE=4 -DLWORDSIZE=4 -DNONSTANDARD_SYSTEM_FUNC  -DWRF_USE_CLM -DUSE_NETCDF4_FEATURES -DWRFIO_NCD_LARGE_FILE_SUPPORT  -DDM_PARALLEL -DNETCDF -DLANDREAD_STUB=1 -DUSE_ALLOCATABLES -Dwrfmodel -DGRIB1 -DINTIO -DKEEP_INT_AROUND -DLIMIT_ARGS -DBUILD_RRTMG_FAST=0 -DBUILD_RRTMK=0 -DBUILD_SBM_FAST=1 -DSHOW_ALL_VARS_USED=0 -DCONFIG_BUF_LEN=65536 -DMAX_DOMAINS_F=21 -DMAX_HISTORY=25 -DNMM_NEST=0  -I. -traditional-cpp -DUSE_NETCDF4_FEATURES -DWRFIO_NCD_LARGE_FILE_SUPPORT   module_mp_lin.G  > module_mp_lin.bb
/global/scratch/users/adamwise/compiling/WRFv4.4-DRM_real_GAD_slices_CPM/tools/standard.exe module_mp_lin.bb | /lib/cpp -P -nostdinc -traditional-cpp -DUSE_NETCDF4_FEATURES -DWRFIO_NCD_LARGE_FILE_SUPPORT > module_mp_lin.f90
rm -f module_mp_lin.G module_mp_lin.bb
time mpif90 -f90=ifort -o module_mp_lin.o -c -O3 -ip -fp-model precise -w -ftz -align all -fno-alias -FR -convert big_endian    -I../dyn_em  -I/global/scratch/users/adamwise/compiling/WRFv4.4-DRM_real_GAD_slices_CPM/external/esmf_time_f90  -I/global/scratch/users/adamwise/compiling/WRFv4.4-DRM_real_GAD_slices_CPM/main -I/global/scratch/users/adamwise/compiling/WRFv4.4-DRM_real_GAD_slices_CPM/external/io_netcdf -I/global/scratch/users/adamwise/compiling/WRFv4.4-DRM_real_GAD_slices_CPM/external/io_int -I/global/scratch/users/adamwise/compiling/WRFv4.4-DRM_real_GAD_slices_CPM/frame -I/global/scratch/users/adamwise/compiling/WRFv4.4-DRM_real_GAD_slices_CPM/share -I/global/scratch/users/adamwise/compiling/WRFv4.4-DRM_real_GAD_slices_CPM/phys -I/global/scratch/users/adamwise/compiling/WRFv4.4-DRM_real_GAD_slices_CPM/wrftladj -I/global/scratch/users/adamwise/compiling/WRFv4.4-DRM_real_GAD_slices_CPM/chem -I/global/scratch/users/adamwise/compiling/WRFv4.4-DRM_real_GAD_slices_CPM/inc -I/global/software/sl-7.x86_64/modules/intel/2016.4.072/netcdf/4.4.1.1-intel-s/include  -real-size `expr 8 \* 4` -i4  module_mp_lin.f90

real	0m3.206s
user	0m2.830s
sys	0m0.158s
rm -f module_mp_sbu_ylin.o
sed -e "s/^\!.*'.*//" -e "s/^ *\!.*'.*//" module_mp_sbu_ylin.F > module_mp_sbu_ylin.G
/lib/cpp -P -nostdinc -I/global/scratch/users/adamwise/compiling/WRFv4.4-DRM_real_GAD_slices_CPM/inc -DEM_CORE=1 -DNMM_CORE=0 -DNMM_MAX_DIM=2600 -DDA_CORE=0 -DWRFPLUS=0 -DIWORDSIZE=4 -DDWORDSIZE=8 -DRWORDSIZE=4 -DLWORDSIZE=4 -DNONSTANDARD_SYSTEM_FUNC  -DWRF_USE_CLM -DUSE_NETCDF4_FEATURES -DWRFIO_NCD_LARGE_FILE_SUPPORT  -DDM_PARALLEL -DNETCDF -DLANDREAD_STUB=1 -DUSE_ALLOCATABLES -Dwrfmodel -DGRIB1 -DINTIO -DKEEP_INT_AROUND -DLIMIT_ARGS -DBUILD_RRTMG_FAST=0 -DBUILD_RRTMK=0 -DBUILD_SBM_FAST=1 -DSHOW_ALL_VARS_USED=0 -DCONFIG_BUF_LEN=65536 -DMAX_DOMAINS_F=21 -DMAX_HISTORY=25 -DNMM_NEST=0  -I. -traditional-cpp -DUSE_NETCDF4_FEATURES -DWRFIO_NCD_LARGE_FILE_SUPPORT   module_mp_sbu_ylin.G  > module_mp_sbu_ylin.bb
/global/scratch/users/adamwise/compiling/WRFv4.4-DRM_real_GAD_slices_CPM/tools/standard.exe module_mp_sbu_ylin.bb | /lib/cpp -P -nostdinc -traditional-cpp -DUSE_NETCDF4_FEATURES -DWRFIO_NCD_LARGE_FILE_SUPPORT > module_mp_sbu_ylin.f90
rm -f module_mp_sbu_ylin.G module_mp_sbu_ylin.bb
time mpif90 -f90=ifort -o module_mp_sbu_ylin.o -c -O3 -ip -fp-model precise -w -ftz -align all -fno-alias -FR -convert big_endian    -I../dyn_em  -I/global/scratch/users/adamwise/compiling/WRFv4.4-DRM_real_GAD_slices_CPM/external/esmf_time_f90  -I/global/scratch/users/adamwise/compiling/WRFv4.4-DRM_real_GAD_slices_CPM/main -I/global/scratch/users/adamwise/compiling/WRFv4.4-DRM_real_GAD_slices_CPM/external/io_netcdf -I/global/scratch/users/adamwise/compiling/WRFv4.4-DRM_real_GAD_slices_CPM/external/io_int -I/global/scratch/users/adamwise/compiling/WRFv4.4-DRM_real_GAD_slices_CPM/frame -I/global/scratch/users/adamwise/compiling/WRFv4.4-DRM_real_GAD_slices_CPM/share -I/global/scratch/users/adamwise/compiling/WRFv4.4-DRM_real_GAD_slices_CPM/phys -I/global/scratch/users/adamwise/compiling/WRFv4.4-DRM_real_GAD_slices_CPM/wrftladj -I/global/scratch/users/adamwise/compiling/WRFv4.4-DRM_real_GAD_slices_CPM/chem -I/global/scratch/users/adamwise/compiling/WRFv4.4-DRM_real_GAD_slices_CPM/inc -I/global/software/sl-7.x86_64/modules/intel/2016.4.072/netcdf/4.4.1.1-intel-s/include  -real-size `expr 8 \* 4` -i4  module_mp_sbu_ylin.f90

real	0m2.042s
user	0m1.655s
sys	0m0.151s
rm -f module_mp_wsm3.o
sed -e "s/^\!.*'.*//" -e "s/^ *\!.*'.*//" module_mp_wsm3.F > module_mp_wsm3.G
/lib/cpp -P -nostdinc -I/global/scratch/users/adamwise/compiling/WRFv4.4-DRM_real_GAD_slices_CPM/inc -DEM_CORE=1 -DNMM_CORE=0 -DNMM_MAX_DIM=2600 -DDA_CORE=0 -DWRFPLUS=0 -DIWORDSIZE=4 -DDWORDSIZE=8 -DRWORDSIZE=4 -DLWORDSIZE=4 -DNONSTANDARD_SYSTEM_FUNC  -DWRF_USE_CLM -DUSE_NETCDF4_FEATURES -DWRFIO_NCD_LARGE_FILE_SUPPORT  -DDM_PARALLEL -DNETCDF -DLANDREAD_STUB=1 -DUSE_ALLOCATABLES -Dwrfmodel -DGRIB1 -DINTIO -DKEEP_INT_AROUND -DLIMIT_ARGS -DBUILD_RRTMG_FAST=0 -DBUILD_RRTMK=0 -DBUILD_SBM_FAST=1 -DSHOW_ALL_VARS_USED=0 -DCONFIG_BUF_LEN=65536 -DMAX_DOMAINS_F=21 -DMAX_HISTORY=25 -DNMM_NEST=0  -I. -traditional-cpp -DUSE_NETCDF4_FEATURES -DWRFIO_NCD_LARGE_FILE_SUPPORT   module_mp_wsm3.G  > module_mp_wsm3.bb
/global/scratch/users/adamwise/compiling/WRFv4.4-DRM_real_GAD_slices_CPM/tools/standard.exe module_mp_wsm3.bb | /lib/cpp -P -nostdinc -traditional-cpp -DUSE_NETCDF4_FEATURES -DWRFIO_NCD_LARGE_FILE_SUPPORT > module_mp_wsm3.f90
rm -f module_mp_wsm3.G module_mp_wsm3.bb
time mpif90 -f90=ifort -o module_mp_wsm3.o -c -O3 -ip -fp-model precise -w -ftz -align all -fno-alias -FR -convert big_endian    -I../dyn_em  -I/global/scratch/users/adamwise/compiling/WRFv4.4-DRM_real_GAD_slices_CPM/external/esmf_time_f90  -I/global/scratch/users/adamwise/compiling/WRFv4.4-DRM_real_GAD_slices_CPM/main -I/global/scratch/users/adamwise/compiling/WRFv4.4-DRM_real_GAD_slices_CPM/external/io_netcdf -I/global/scratch/users/adamwise/compiling/WRFv4.4-DRM_real_GAD_slices_CPM/external/io_int -I/global/scratch/users/adamwise/compiling/WRFv4.4-DRM_real_GAD_slices_CPM/frame -I/global/scratch/users/adamwise/compiling/WRFv4.4-DRM_real_GAD_slices_CPM/share -I/global/scratch/users/adamwise/compiling/WRFv4.4-DRM_real_GAD_slices_CPM/phys -I/global/scratch/users/adamwise/compiling/WRFv4.4-DRM_real_GAD_slices_CPM/wrftladj -I/global/scratch/users/adamwise/compiling/WRFv4.4-DRM_real_GAD_slices_CPM/chem -I/global/scratch/users/adamwise/compiling/WRFv4.4-DRM_real_GAD_slices_CPM/inc -I/global/software/sl-7.x86_64/modules/intel/2016.4.072/netcdf/4.4.1.1-intel-s/include  -real-size `expr 8 \* 4` -i4  module_mp_wsm3.f90

real	0m11.665s
user	0m11.134s
sys	0m0.279s
rm -f module_mp_wsm5.o
sed -e "s/^\!.*'.*//" -e "s/^ *\!.*'.*//" module_mp_wsm5.F > module_mp_wsm5.G
/lib/cpp -P -nostdinc -I/global/scratch/users/adamwise/compiling/WRFv4.4-DRM_real_GAD_slices_CPM/inc -DEM_CORE=1 -DNMM_CORE=0 -DNMM_MAX_DIM=2600 -DDA_CORE=0 -DWRFPLUS=0 -DIWORDSIZE=4 -DDWORDSIZE=8 -DRWORDSIZE=4 -DLWORDSIZE=4 -DNONSTANDARD_SYSTEM_FUNC  -DWRF_USE_CLM -DUSE_NETCDF4_FEATURES -DWRFIO_NCD_LARGE_FILE_SUPPORT  -DDM_PARALLEL -DNETCDF -DLANDREAD_STUB=1 -DUSE_ALLOCATABLES -Dwrfmodel -DGRIB1 -DINTIO -DKEEP_INT_AROUND -DLIMIT_ARGS -DBUILD_RRTMG_FAST=0 -DBUILD_RRTMK=0 -DBUILD_SBM_FAST=1 -DSHOW_ALL_VARS_USED=0 -DCONFIG_BUF_LEN=65536 -DMAX_DOMAINS_F=21 -DMAX_HISTORY=25 -DNMM_NEST=0  -I. -traditional-cpp -DUSE_NETCDF4_FEATURES -DWRFIO_NCD_LARGE_FILE_SUPPORT   module_mp_wsm5.G  > module_mp_wsm5.bb
/global/scratch/users/adamwise/compiling/WRFv4.4-DRM_real_GAD_slices_CPM/tools/standard.exe module_mp_wsm5.bb | /lib/cpp -P -nostdinc -traditional-cpp -DUSE_NETCDF4_FEATURES -DWRFIO_NCD_LARGE_FILE_SUPPORT > module_mp_wsm5.f90
rm -f module_mp_wsm5.G module_mp_wsm5.bb
time mpif90 -f90=ifort -o module_mp_wsm5.o -c -O3 -ip -fp-model precise -w -ftz -align all -fno-alias -FR -convert big_endian    -I../dyn_em  -I/global/scratch/users/adamwise/compiling/WRFv4.4-DRM_real_GAD_slices_CPM/external/esmf_time_f90  -I/global/scratch/users/adamwise/compiling/WRFv4.4-DRM_real_GAD_slices_CPM/main -I/global/scratch/users/adamwise/compiling/WRFv4.4-DRM_real_GAD_slices_CPM/external/io_netcdf -I/global/scratch/users/adamwise/compiling/WRFv4.4-DRM_real_GAD_slices_CPM/external/io_int -I/global/scratch/users/adamwise/compiling/WRFv4.4-DRM_real_GAD_slices_CPM/frame -I/global/scratch/users/adamwise/compiling/WRFv4.4-DRM_real_GAD_slices_CPM/share -I/global/scratch/users/adamwise/compiling/WRFv4.4-DRM_real_GAD_slices_CPM/phys -I/global/scratch/users/adamwise/compiling/WRFv4.4-DRM_real_GAD_slices_CPM/wrftladj -I/global/scratch/users/adamwise/compiling/WRFv4.4-DRM_real_GAD_slices_CPM/chem -I/global/scratch/users/adamwise/compiling/WRFv4.4-DRM_real_GAD_slices_CPM/inc -I/global/software/sl-7.x86_64/modules/intel/2016.4.072/netcdf/4.4.1.1-intel-s/include  -real-size `expr 8 \* 4` -i4  module_mp_wsm5.f90

real	0m3.517s
user	0m3.132s
sys	0m0.170s
rm -f module_mp_wsm6.o
sed -e "s/^\!.*'.*//" -e "s/^ *\!.*'.*//" module_mp_wsm6.F > module_mp_wsm6.G
/lib/cpp -P -nostdinc -I/global/scratch/users/adamwise/compiling/WRFv4.4-DRM_real_GAD_slices_CPM/inc -DEM_CORE=1 -DNMM_CORE=0 -DNMM_MAX_DIM=2600 -DDA_CORE=0 -DWRFPLUS=0 -DIWORDSIZE=4 -DDWORDSIZE=8 -DRWORDSIZE=4 -DLWORDSIZE=4 -DNONSTANDARD_SYSTEM_FUNC  -DWRF_USE_CLM -DUSE_NETCDF4_FEATURES -DWRFIO_NCD_LARGE_FILE_SUPPORT  -DDM_PARALLEL -DNETCDF -DLANDREAD_STUB=1 -DUSE_ALLOCATABLES -Dwrfmodel -DGRIB1 -DINTIO -DKEEP_INT_AROUND -DLIMIT_ARGS -DBUILD_RRTMG_FAST=0 -DBUILD_RRTMK=0 -DBUILD_SBM_FAST=1 -DSHOW_ALL_VARS_USED=0 -DCONFIG_BUF_LEN=65536 -DMAX_DOMAINS_F=21 -DMAX_HISTORY=25 -DNMM_NEST=0  -I. -traditional-cpp -DUSE_NETCDF4_FEATURES -DWRFIO_NCD_LARGE_FILE_SUPPORT   module_mp_wsm6.G  > module_mp_wsm6.bb
/global/scratch/users/adamwise/compiling/WRFv4.4-DRM_real_GAD_slices_CPM/tools/standard.exe module_mp_wsm6.bb | /lib/cpp -P -nostdinc -traditional-cpp -DUSE_NETCDF4_FEATURES -DWRFIO_NCD_LARGE_FILE_SUPPORT > module_mp_wsm6.f90
rm -f module_mp_wsm6.G module_mp_wsm6.bb
time mpif90 -f90=ifort -o module_mp_wsm6.o -c -O3 -ip -fp-model precise -w -ftz -align all -fno-alias -FR -convert big_endian    -I../dyn_em  -I/global/scratch/users/adamwise/compiling/WRFv4.4-DRM_real_GAD_slices_CPM/external/esmf_time_f90  -I/global/scratch/users/adamwise/compiling/WRFv4.4-DRM_real_GAD_slices_CPM/main -I/global/scratch/users/adamwise/compiling/WRFv4.4-DRM_real_GAD_slices_CPM/external/io_netcdf -I/global/scratch/users/adamwise/compiling/WRFv4.4-DRM_real_GAD_slices_CPM/external/io_int -I/global/scratch/users/adamwise/compiling/WRFv4.4-DRM_real_GAD_slices_CPM/frame -I/global/scratch/users/adamwise/compiling/WRFv4.4-DRM_real_GAD_slices_CPM/share -I/global/scratch/users/adamwise/compiling/WRFv4.4-DRM_real_GAD_slices_CPM/phys -I/global/scratch/users/adamwise/compiling/WRFv4.4-DRM_real_GAD_slices_CPM/wrftladj -I/global/scratch/users/adamwise/compiling/WRFv4.4-DRM_real_GAD_slices_CPM/chem -I/global/scratch/users/adamwise/compiling/WRFv4.4-DRM_real_GAD_slices_CPM/inc -I/global/software/sl-7.x86_64/modules/intel/2016.4.072/netcdf/4.4.1.1-intel-s/include  -real-size `expr 8 \* 4` -i4  module_mp_wsm6.f90

real	0m5.502s
user	0m5.094s
sys	0m0.191s
rm -f module_mp_wsm7.o
sed -e "s/^\!.*'.*//" -e "s/^ *\!.*'.*//" module_mp_wsm7.F > module_mp_wsm7.G
/lib/cpp -P -nostdinc -I/global/scratch/users/adamwise/compiling/WRFv4.4-DRM_real_GAD_slices_CPM/inc -DEM_CORE=1 -DNMM_CORE=0 -DNMM_MAX_DIM=2600 -DDA_CORE=0 -DWRFPLUS=0 -DIWORDSIZE=4 -DDWORDSIZE=8 -DRWORDSIZE=4 -DLWORDSIZE=4 -DNONSTANDARD_SYSTEM_FUNC  -DWRF_USE_CLM -DUSE_NETCDF4_FEATURES -DWRFIO_NCD_LARGE_FILE_SUPPORT  -DDM_PARALLEL -DNETCDF -DLANDREAD_STUB=1 -DUSE_ALLOCATABLES -Dwrfmodel -DGRIB1 -DINTIO -DKEEP_INT_AROUND -DLIMIT_ARGS -DBUILD_RRTMG_FAST=0 -DBUILD_RRTMK=0 -DBUILD_SBM_FAST=1 -DSHOW_ALL_VARS_USED=0 -DCONFIG_BUF_LEN=65536 -DMAX_DOMAINS_F=21 -DMAX_HISTORY=25 -DNMM_NEST=0  -I. -traditional-cpp -DUSE_NETCDF4_FEATURES -DWRFIO_NCD_LARGE_FILE_SUPPORT   module_mp_wsm7.G  > module_mp_wsm7.bb
/global/scratch/users/adamwise/compiling/WRFv4.4-DRM_real_GAD_slices_CPM/tools/standard.exe module_mp_wsm7.bb | /lib/cpp -P -nostdinc -traditional-cpp -DUSE_NETCDF4_FEATURES -DWRFIO_NCD_LARGE_FILE_SUPPORT > module_mp_wsm7.f90
rm -f module_mp_wsm7.G module_mp_wsm7.bb
time mpif90 -f90=ifort -o module_mp_wsm7.o -c -O3 -ip -fp-model precise -w -ftz -align all -fno-alias -FR -convert big_endian    -I../dyn_em  -I/global/scratch/users/adamwise/compiling/WRFv4.4-DRM_real_GAD_slices_CPM/external/esmf_time_f90  -I/global/scratch/users/adamwise/compiling/WRFv4.4-DRM_real_GAD_slices_CPM/main -I/global/scratch/users/adamwise/compiling/WRFv4.4-DRM_real_GAD_slices_CPM/external/io_netcdf -I/global/scratch/users/adamwise/compiling/WRFv4.4-DRM_real_GAD_slices_CPM/external/io_int -I/global/scratch/users/adamwise/compiling/WRFv4.4-DRM_real_GAD_slices_CPM/frame -I/global/scratch/users/adamwise/compiling/WRFv4.4-DRM_real_GAD_slices_CPM/share -I/global/scratch/users/adamwise/compiling/WRFv4.4-DRM_real_GAD_slices_CPM/phys -I/global/scratch/users/adamwise/compiling/WRFv4.4-DRM_real_GAD_slices_CPM/wrftladj -I/global/scratch/users/adamwise/compiling/WRFv4.4-DRM_real_GAD_slices_CPM/chem -I/global/scratch/users/adamwise/compiling/WRFv4.4-DRM_real_GAD_slices_CPM/inc -I/global/software/sl-7.x86_64/modules/intel/2016.4.072/netcdf/4.4.1.1-intel-s/include  -real-size `expr 8 \* 4` -i4  module_mp_wsm7.f90

real	0m8.347s
user	0m7.880s
sys	0m0.227s
rm -f module_mp_fer_hires.o
sed -e "s/^\!.*'.*//" -e "s/^ *\!.*'.*//" module_mp_fer_hires.F > module_mp_fer_hires.G
/lib/cpp -P -nostdinc -I/global/scratch/users/adamwise/compiling/WRFv4.4-DRM_real_GAD_slices_CPM/inc -DEM_CORE=1 -DNMM_CORE=0 -DNMM_MAX_DIM=2600 -DDA_CORE=0 -DWRFPLUS=0 -DIWORDSIZE=4 -DDWORDSIZE=8 -DRWORDSIZE=4 -DLWORDSIZE=4 -DNONSTANDARD_SYSTEM_FUNC  -DWRF_USE_CLM -DUSE_NETCDF4_FEATURES -DWRFIO_NCD_LARGE_FILE_SUPPORT  -DDM_PARALLEL -DNETCDF -DLANDREAD_STUB=1 -DUSE_ALLOCATABLES -Dwrfmodel -DGRIB1 -DINTIO -DKEEP_INT_AROUND -DLIMIT_ARGS -DBUILD_RRTMG_FAST=0 -DBUILD_RRTMK=0 -DBUILD_SBM_FAST=1 -DSHOW_ALL_VARS_USED=0 -DCONFIG_BUF_LEN=65536 -DMAX_DOMAINS_F=21 -DMAX_HISTORY=25 -DNMM_NEST=0  -I. -traditional-cpp -DUSE_NETCDF4_FEATURES -DWRFIO_NCD_LARGE_FILE_SUPPORT   module_mp_fer_hires.G  > module_mp_fer_hires.bb
/global/scratch/users/adamwise/compiling/WRFv4.4-DRM_real_GAD_slices_CPM/tools/standard.exe module_mp_fer_hires.bb | /lib/cpp -P -nostdinc -traditional-cpp -DUSE_NETCDF4_FEATURES -DWRFIO_NCD_LARGE_FILE_SUPPORT > module_mp_fer_hires.f90
rm -f module_mp_fer_hires.G module_mp_fer_hires.bb
time mpif90 -f90=ifort -o module_mp_fer_hires.o -c -O3 -ip -fp-model precise -w -ftz -align all -fno-alias -FR -convert big_endian    -I../dyn_em  -I/global/scratch/users/adamwise/compiling/WRFv4.4-DRM_real_GAD_slices_CPM/external/esmf_time_f90  -I/global/scratch/users/adamwise/compiling/WRFv4.4-DRM_real_GAD_slices_CPM/main -I/global/scratch/users/adamwise/compiling/WRFv4.4-DRM_real_GAD_slices_CPM/external/io_netcdf -I/global/scratch/users/adamwise/compiling/WRFv4.4-DRM_real_GAD_slices_CPM/external/io_int -I/global/scratch/users/adamwise/compiling/WRFv4.4-DRM_real_GAD_slices_CPM/frame -I/global/scratch/users/adamwise/compiling/WRFv4.4-DRM_real_GAD_slices_CPM/share -I/global/scratch/users/adamwise/compiling/WRFv4.4-DRM_real_GAD_slices_CPM/phys -I/global/scratch/users/adamwise/compiling/WRFv4.4-DRM_real_GAD_slices_CPM/wrftladj -I/global/scratch/users/adamwise/compiling/WRFv4.4-DRM_real_GAD_slices_CPM/chem -I/global/scratch/users/adamwise/compiling/WRFv4.4-DRM_real_GAD_slices_CPM/inc -I/global/software/sl-7.x86_64/modules/intel/2016.4.072/netcdf/4.4.1.1-intel-s/include  -real-size `expr 8 \* 4` -i4  module_mp_fer_hires.f90

real	0m2.865s
user	0m2.496s
sys	0m0.146s
rm -f module_fire_emis.o
sed -e "s/^\!.*'.*//" -e "s/^ *\!.*'.*//" module_fire_emis.F > module_fire_emis.G
/lib/cpp -P -nostdinc -I/global/scratch/users/adamwise/compiling/WRFv4.4-DRM_real_GAD_slices_CPM/inc -DEM_CORE=1 -DNMM_CORE=0 -DNMM_MAX_DIM=2600 -DDA_CORE=0 -DWRFPLUS=0 -DIWORDSIZE=4 -DDWORDSIZE=8 -DRWORDSIZE=4 -DLWORDSIZE=4 -DNONSTANDARD_SYSTEM_FUNC  -DWRF_USE_CLM -DUSE_NETCDF4_FEATURES -DWRFIO_NCD_LARGE_FILE_SUPPORT  -DDM_PARALLEL -DNETCDF -DLANDREAD_STUB=1 -DUSE_ALLOCATABLES -Dwrfmodel -DGRIB1 -DINTIO -DKEEP_INT_AROUND -DLIMIT_ARGS -DBUILD_RRTMG_FAST=0 -DBUILD_RRTMK=0 -DBUILD_SBM_FAST=1 -DSHOW_ALL_VARS_USED=0 -DCONFIG_BUF_LEN=65536 -DMAX_DOMAINS_F=21 -DMAX_HISTORY=25 -DNMM_NEST=0  -I. -traditional-cpp -DUSE_NETCDF4_FEATURES -DWRFIO_NCD_LARGE_FILE_SUPPORT   module_fire_emis.G  > module_fire_emis.bb
/global/scratch/users/adamwise/compiling/WRFv4.4-DRM_real_GAD_slices_CPM/tools/standard.exe module_fire_emis.bb | /lib/cpp -P -nostdinc -traditional-cpp -DUSE_NETCDF4_FEATURES -DWRFIO_NCD_LARGE_FILE_SUPPORT > module_fire_emis.f90
rm -f module_fire_emis.G module_fire_emis.bb
time mpif90 -f90=ifort -o module_fire_emis.o -c -O3 -ip -fp-model precise -w -ftz -align all -fno-alias -FR -convert big_endian    -I../dyn_em  -I/global/scratch/users/adamwise/compiling/WRFv4.4-DRM_real_GAD_slices_CPM/external/esmf_time_f90  -I/global/scratch/users/adamwise/compiling/WRFv4.4-DRM_real_GAD_slices_CPM/main -I/global/scratch/users/adamwise/compiling/WRFv4.4-DRM_real_GAD_slices_CPM/external/io_netcdf -I/global/scratch/users/adamwise/compiling/WRFv4.4-DRM_real_GAD_slices_CPM/external/io_int -I/global/scratch/users/adamwise/compiling/WRFv4.4-DRM_real_GAD_slices_CPM/frame -I/global/scratch/users/adamwise/compiling/WRFv4.4-DRM_real_GAD_slices_CPM/share -I/global/scratch/users/adamwise/compiling/WRFv4.4-DRM_real_GAD_slices_CPM/phys -I/global/scratch/users/adamwise/compiling/WRFv4.4-DRM_real_GAD_slices_CPM/wrftladj -I/global/scratch/users/adamwise/compiling/WRFv4.4-DRM_real_GAD_slices_CPM/chem -I/global/scratch/users/adamwise/compiling/WRFv4.4-DRM_real_GAD_slices_CPM/inc -I/global/software/sl-7.x86_64/modules/intel/2016.4.072/netcdf/4.4.1.1-intel-s/include  -real-size `expr 8 \* 4` -i4  module_fire_emis.f90

real	0m0.454s
user	0m0.145s
sys	0m0.101s
rm -f module_mp_SBM_polar_radar.o
sed -e "s/^\!.*'.*//" -e "s/^ *\!.*'.*//" module_mp_SBM_polar_radar.F > module_mp_SBM_polar_radar.G
/lib/cpp -P -nostdinc -I/global/scratch/users/adamwise/compiling/WRFv4.4-DRM_real_GAD_slices_CPM/inc -DEM_CORE=1 -DNMM_CORE=0 -DNMM_MAX_DIM=2600 -DDA_CORE=0 -DWRFPLUS=0 -DIWORDSIZE=4 -DDWORDSIZE=8 -DRWORDSIZE=4 -DLWORDSIZE=4 -DNONSTANDARD_SYSTEM_FUNC  -DWRF_USE_CLM -DUSE_NETCDF4_FEATURES -DWRFIO_NCD_LARGE_FILE_SUPPORT  -DDM_PARALLEL -DNETCDF -DLANDREAD_STUB=1 -DUSE_ALLOCATABLES -Dwrfmodel -DGRIB1 -DINTIO -DKEEP_INT_AROUND -DLIMIT_ARGS -DBUILD_RRTMG_FAST=0 -DBUILD_RRTMK=0 -DBUILD_SBM_FAST=1 -DSHOW_ALL_VARS_USED=0 -DCONFIG_BUF_LEN=65536 -DMAX_DOMAINS_F=21 -DMAX_HISTORY=25 -DNMM_NEST=0  -I. -traditional-cpp -DUSE_NETCDF4_FEATURES -DWRFIO_NCD_LARGE_FILE_SUPPORT   module_mp_SBM_polar_radar.G  > module_mp_SBM_polar_radar.bb
/global/scratch/users/adamwise/compiling/WRFv4.4-DRM_real_GAD_slices_CPM/tools/standard.exe module_mp_SBM_polar_radar.bb | /lib/cpp -P -nostdinc -traditional-cpp -DUSE_NETCDF4_FEATURES -DWRFIO_NCD_LARGE_FILE_SUPPORT > module_mp_SBM_polar_radar.f90
rm -f module_mp_SBM_polar_radar.G module_mp_SBM_polar_radar.bb
time mpif90 -f90=ifort -o module_mp_SBM_polar_radar.o -c -O3 -ip -fp-model precise -w -ftz -align all -fno-alias -FR -convert big_endian    -I../dyn_em  -I/global/scratch/users/adamwise/compiling/WRFv4.4-DRM_real_GAD_slices_CPM/external/esmf_time_f90  -I/global/scratch/users/adamwise/compiling/WRFv4.4-DRM_real_GAD_slices_CPM/main -I/global/scratch/users/adamwise/compiling/WRFv4.4-DRM_real_GAD_slices_CPM/external/io_netcdf -I/global/scratch/users/adamwise/compiling/WRFv4.4-DRM_real_GAD_slices_CPM/external/io_int -I/global/scratch/users/adamwise/compiling/WRFv4.4-DRM_real_GAD_slices_CPM/frame -I/global/scratch/users/adamwise/compiling/WRFv4.4-DRM_real_GAD_slices_CPM/share -I/global/scratch/users/adamwise/compiling/WRFv4.4-DRM_real_GAD_slices_CPM/phys -I/global/scratch/users/adamwise/compiling/WRFv4.4-DRM_real_GAD_slices_CPM/wrftladj -I/global/scratch/users/adamwise/compiling/WRFv4.4-DRM_real_GAD_slices_CPM/chem -I/global/scratch/users/adamwise/compiling/WRFv4.4-DRM_real_GAD_slices_CPM/inc -I/global/software/sl-7.x86_64/modules/intel/2016.4.072/netcdf/4.4.1.1-intel-s/include  -real-size `expr 8 \* 4` -i4  module_mp_SBM_polar_radar.f90

real	0m3.107s
user	0m2.659s
sys	0m0.147s
rm -f module_mp_full_sbm.o
sed -e "s/^\!.*'.*//" -e "s/^ *\!.*'.*//" module_mp_full_sbm.F > module_mp_full_sbm.G
/lib/cpp -P -nostdinc -I/global/scratch/users/adamwise/compiling/WRFv4.4-DRM_real_GAD_slices_CPM/inc -DEM_CORE=1 -DNMM_CORE=0 -DNMM_MAX_DIM=2600 -DDA_CORE=0 -DWRFPLUS=0 -DIWORDSIZE=4 -DDWORDSIZE=8 -DRWORDSIZE=4 -DLWORDSIZE=4 -DNONSTANDARD_SYSTEM_FUNC  -DWRF_USE_CLM -DUSE_NETCDF4_FEATURES -DWRFIO_NCD_LARGE_FILE_SUPPORT  -DDM_PARALLEL -DNETCDF -DLANDREAD_STUB=1 -DUSE_ALLOCATABLES -Dwrfmodel -DGRIB1 -DINTIO -DKEEP_INT_AROUND -DLIMIT_ARGS -DBUILD_RRTMG_FAST=0 -DBUILD_RRTMK=0 -DBUILD_SBM_FAST=1 -DSHOW_ALL_VARS_USED=0 -DCONFIG_BUF_LEN=65536 -DMAX_DOMAINS_F=21 -DMAX_HISTORY=25 -DNMM_NEST=0  -I. -traditional-cpp -DUSE_NETCDF4_FEATURES -DWRFIO_NCD_LARGE_FILE_SUPPORT   module_mp_full_sbm.G  > module_mp_full_sbm.bb
/global/scratch/users/adamwise/compiling/WRFv4.4-DRM_real_GAD_slices_CPM/tools/standard.exe module_mp_full_sbm.bb | /lib/cpp -P -nostdinc -traditional-cpp -DUSE_NETCDF4_FEATURES -DWRFIO_NCD_LARGE_FILE_SUPPORT > module_mp_full_sbm.f90
rm -f module_mp_full_sbm.G module_mp_full_sbm.bb
time mpif90 -f90=ifort -o module_mp_full_sbm.o -c -O3 -ip -fp-model precise -w -ftz -align all -fno-alias -FR -convert big_endian    -I../dyn_em  -I/global/scratch/users/adamwise/compiling/WRFv4.4-DRM_real_GAD_slices_CPM/external/esmf_time_f90  -I/global/scratch/users/adamwise/compiling/WRFv4.4-DRM_real_GAD_slices_CPM/main -I/global/scratch/users/adamwise/compiling/WRFv4.4-DRM_real_GAD_slices_CPM/external/io_netcdf -I/global/scratch/users/adamwise/compiling/WRFv4.4-DRM_real_GAD_slices_CPM/external/io_int -I/global/scratch/users/adamwise/compiling/WRFv4.4-DRM_real_GAD_slices_CPM/frame -I/global/scratch/users/adamwise/compiling/WRFv4.4-DRM_real_GAD_slices_CPM/share -I/global/scratch/users/adamwise/compiling/WRFv4.4-DRM_real_GAD_slices_CPM/phys -I/global/scratch/users/adamwise/compiling/WRFv4.4-DRM_real_GAD_slices_CPM/wrftladj -I/global/scratch/users/adamwise/compiling/WRFv4.4-DRM_real_GAD_slices_CPM/chem -I/global/scratch/users/adamwise/compiling/WRFv4.4-DRM_real_GAD_slices_CPM/inc -I/global/software/sl-7.x86_64/modules/intel/2016.4.072/netcdf/4.4.1.1-intel-s/include  -real-size `expr 8 \* 4` -i4  module_mp_full_sbm.f90

real	0m13.282s
user	0m12.612s
sys	0m0.321s
rm -f module_mp_fast_sbm.o
sed -e "s/^\!.*'.*//" -e "s/^ *\!.*'.*//" module_mp_fast_sbm.F > module_mp_fast_sbm.G
/lib/cpp -P -nostdinc -I/global/scratch/users/adamwise/compiling/WRFv4.4-DRM_real_GAD_slices_CPM/inc -DEM_CORE=1 -DNMM_CORE=0 -DNMM_MAX_DIM=2600 -DDA_CORE=0 -DWRFPLUS=0 -DIWORDSIZE=4 -DDWORDSIZE=8 -DRWORDSIZE=4 -DLWORDSIZE=4 -DNONSTANDARD_SYSTEM_FUNC  -DWRF_USE_CLM -DUSE_NETCDF4_FEATURES -DWRFIO_NCD_LARGE_FILE_SUPPORT  -DDM_PARALLEL -DNETCDF -DLANDREAD_STUB=1 -DUSE_ALLOCATABLES -Dwrfmodel -DGRIB1 -DINTIO -DKEEP_INT_AROUND -DLIMIT_ARGS -DBUILD_RRTMG_FAST=0 -DBUILD_RRTMK=0 -DBUILD_SBM_FAST=1 -DSHOW_ALL_VARS_USED=0 -DCONFIG_BUF_LEN=65536 -DMAX_DOMAINS_F=21 -DMAX_HISTORY=25 -DNMM_NEST=0  -I. -traditional-cpp -DUSE_NETCDF4_FEATURES -DWRFIO_NCD_LARGE_FILE_SUPPORT   module_mp_fast_sbm.G  > module_mp_fast_sbm.bb
/global/scratch/users/adamwise/compiling/WRFv4.4-DRM_real_GAD_slices_CPM/tools/standard.exe module_mp_fast_sbm.bb | /lib/cpp -P -nostdinc -traditional-cpp -DUSE_NETCDF4_FEATURES -DWRFIO_NCD_LARGE_FILE_SUPPORT > module_mp_fast_sbm.f90
rm -f module_mp_fast_sbm.G module_mp_fast_sbm.bb
time mpif90 -f90=ifort -o module_mp_fast_sbm.o -c -O3 -ip -fp-model precise -w -ftz -align all -fno-alias -FR -convert big_endian    -I../dyn_em  -I/global/scratch/users/adamwise/compiling/WRFv4.4-DRM_real_GAD_slices_CPM/external/esmf_time_f90  -I/global/scratch/users/adamwise/compiling/WRFv4.4-DRM_real_GAD_slices_CPM/main -I/global/scratch/users/adamwise/compiling/WRFv4.4-DRM_real_GAD_slices_CPM/external/io_netcdf -I/global/scratch/users/adamwise/compiling/WRFv4.4-DRM_real_GAD_slices_CPM/external/io_int -I/global/scratch/users/adamwise/compiling/WRFv4.4-DRM_real_GAD_slices_CPM/frame -I/global/scratch/users/adamwise/compiling/WRFv4.4-DRM_real_GAD_slices_CPM/share -I/global/scratch/users/adamwise/compiling/WRFv4.4-DRM_real_GAD_slices_CPM/phys -I/global/scratch/users/adamwise/compiling/WRFv4.4-DRM_real_GAD_slices_CPM/wrftladj -I/global/scratch/users/adamwise/compiling/WRFv4.4-DRM_real_GAD_slices_CPM/chem -I/global/scratch/users/adamwise/compiling/WRFv4.4-DRM_real_GAD_slices_CPM/inc -I/global/software/sl-7.x86_64/modules/intel/2016.4.072/netcdf/4.4.1.1-intel-s/include  -real-size `expr 8 \* 4` -i4  module_mp_fast_sbm.f90

real	0m26.130s
user	0m25.374s
sys	0m0.525s
rm -f module_ltng_lpi.o
sed -e "s/^\!.*'.*//" -e "s/^ *\!.*'.*//" module_ltng_lpi.F > module_ltng_lpi.G
/lib/cpp -P -nostdinc -I/global/scratch/users/adamwise/compiling/WRFv4.4-DRM_real_GAD_slices_CPM/inc -DEM_CORE=1 -DNMM_CORE=0 -DNMM_MAX_DIM=2600 -DDA_CORE=0 -DWRFPLUS=0 -DIWORDSIZE=4 -DDWORDSIZE=8 -DRWORDSIZE=4 -DLWORDSIZE=4 -DNONSTANDARD_SYSTEM_FUNC  -DWRF_USE_CLM -DUSE_NETCDF4_FEATURES -DWRFIO_NCD_LARGE_FILE_SUPPORT  -DDM_PARALLEL -DNETCDF -DLANDREAD_STUB=1 -DUSE_ALLOCATABLES -Dwrfmodel -DGRIB1 -DINTIO -DKEEP_INT_AROUND -DLIMIT_ARGS -DBUILD_RRTMG_FAST=0 -DBUILD_RRTMK=0 -DBUILD_SBM_FAST=1 -DSHOW_ALL_VARS_USED=0 -DCONFIG_BUF_LEN=65536 -DMAX_DOMAINS_F=21 -DMAX_HISTORY=25 -DNMM_NEST=0  -I. -traditional-cpp -DUSE_NETCDF4_FEATURES -DWRFIO_NCD_LARGE_FILE_SUPPORT   module_ltng_lpi.G  > module_ltng_lpi.bb
/global/scratch/users/adamwise/compiling/WRFv4.4-DRM_real_GAD_slices_CPM/tools/standard.exe module_ltng_lpi.bb | /lib/cpp -P -nostdinc -traditional-cpp -DUSE_NETCDF4_FEATURES -DWRFIO_NCD_LARGE_FILE_SUPPORT > module_ltng_lpi.f90
rm -f module_ltng_lpi.G module_ltng_lpi.bb
time mpif90 -f90=ifort -o module_ltng_lpi.o -c -O3 -ip -fp-model precise -w -ftz -align all -fno-alias -FR -convert big_endian    -I../dyn_em  -I/global/scratch/users/adamwise/compiling/WRFv4.4-DRM_real_GAD_slices_CPM/external/esmf_time_f90  -I/global/scratch/users/adamwise/compiling/WRFv4.4-DRM_real_GAD_slices_CPM/main -I/global/scratch/users/adamwise/compiling/WRFv4.4-DRM_real_GAD_slices_CPM/external/io_netcdf -I/global/scratch/users/adamwise/compiling/WRFv4.4-DRM_real_GAD_slices_CPM/external/io_int -I/global/scratch/users/adamwise/compiling/WRFv4.4-DRM_real_GAD_slices_CPM/frame -I/global/scratch/users/adamwise/compiling/WRFv4.4-DRM_real_GAD_slices_CPM/share -I/global/scratch/users/adamwise/compiling/WRFv4.4-DRM_real_GAD_slices_CPM/phys -I/global/scratch/users/adamwise/compiling/WRFv4.4-DRM_real_GAD_slices_CPM/wrftladj -I/global/scratch/users/adamwise/compiling/WRFv4.4-DRM_real_GAD_slices_CPM/chem -I/global/scratch/users/adamwise/compiling/WRFv4.4-DRM_real_GAD_slices_CPM/inc -I/global/software/sl-7.x86_64/modules/intel/2016.4.072/netcdf/4.4.1.1-intel-s/include  -real-size `expr 8 \* 4` -i4  module_ltng_lpi.f90

real	0m0.485s
user	0m0.172s
sys	0m0.103s
rm -f module_mp_gsfcgce.o
sed -e "s/^\!.*'.*//" -e "s/^ *\!.*'.*//" module_mp_gsfcgce.F > module_mp_gsfcgce.G
/lib/cpp -P -nostdinc -I/global/scratch/users/adamwise/compiling/WRFv4.4-DRM_real_GAD_slices_CPM/inc -DEM_CORE=1 -DNMM_CORE=0 -DNMM_MAX_DIM=2600 -DDA_CORE=0 -DWRFPLUS=0 -DIWORDSIZE=4 -DDWORDSIZE=8 -DRWORDSIZE=4 -DLWORDSIZE=4 -DNONSTANDARD_SYSTEM_FUNC  -DWRF_USE_CLM -DUSE_NETCDF4_FEATURES -DWRFIO_NCD_LARGE_FILE_SUPPORT  -DDM_PARALLEL -DNETCDF -DLANDREAD_STUB=1 -DUSE_ALLOCATABLES -Dwrfmodel -DGRIB1 -DINTIO -DKEEP_INT_AROUND -DLIMIT_ARGS -DBUILD_RRTMG_FAST=0 -DBUILD_RRTMK=0 -DBUILD_SBM_FAST=1 -DSHOW_ALL_VARS_USED=0 -DCONFIG_BUF_LEN=65536 -DMAX_DOMAINS_F=21 -DMAX_HISTORY=25 -DNMM_NEST=0  -I. -traditional-cpp -DUSE_NETCDF4_FEATURES -DWRFIO_NCD_LARGE_FILE_SUPPORT   module_mp_gsfcgce.G  > module_mp_gsfcgce.bb
/global/scratch/users/adamwise/compiling/WRFv4.4-DRM_real_GAD_slices_CPM/tools/standard.exe module_mp_gsfcgce.bb | /lib/cpp -P -nostdinc -traditional-cpp -DUSE_NETCDF4_FEATURES -DWRFIO_NCD_LARGE_FILE_SUPPORT > module_mp_gsfcgce.f90
rm -f module_mp_gsfcgce.G module_mp_gsfcgce.bb
time mpif90 -f90=ifort -o module_mp_gsfcgce.o -c -O3 -ip -fp-model precise -w -ftz -align all -fno-alias -FR -convert big_endian    -I../dyn_em  -I/global/scratch/users/adamwise/compiling/WRFv4.4-DRM_real_GAD_slices_CPM/external/esmf_time_f90  -I/global/scratch/users/adamwise/compiling/WRFv4.4-DRM_real_GAD_slices_CPM/main -I/global/scratch/users/adamwise/compiling/WRFv4.4-DRM_real_GAD_slices_CPM/external/io_netcdf -I/global/scratch/users/adamwise/compiling/WRFv4.4-DRM_real_GAD_slices_CPM/external/io_int -I/global/scratch/users/adamwise/compiling/WRFv4.4-DRM_real_GAD_slices_CPM/frame -I/global/scratch/users/adamwise/compiling/WRFv4.4-DRM_real_GAD_slices_CPM/share -I/global/scratch/users/adamwise/compiling/WRFv4.4-DRM_real_GAD_slices_CPM/phys -I/global/scratch/users/adamwise/compiling/WRFv4.4-DRM_real_GAD_slices_CPM/wrftladj -I/global/scratch/users/adamwise/compiling/WRFv4.4-DRM_real_GAD_slices_CPM/chem -I/global/scratch/users/adamwise/compiling/WRFv4.4-DRM_real_GAD_slices_CPM/inc -I/global/software/sl-7.x86_64/modules/intel/2016.4.072/netcdf/4.4.1.1-intel-s/include  -real-size `expr 8 \* 4` -i4  module_mp_gsfcgce.f90

real	0m6.864s
user	0m6.456s
sys	0m0.181s
rm -f module_mp_gsfcgce_4ice_nuwrf.o
sed -e "s/^\!.*'.*//" -e "s/^ *\!.*'.*//" module_mp_gsfcgce_4ice_nuwrf.F > module_mp_gsfcgce_4ice_nuwrf.G
/lib/cpp -P -nostdinc -I/global/scratch/users/adamwise/compiling/WRFv4.4-DRM_real_GAD_slices_CPM/inc -DEM_CORE=1 -DNMM_CORE=0 -DNMM_MAX_DIM=2600 -DDA_CORE=0 -DWRFPLUS=0 -DIWORDSIZE=4 -DDWORDSIZE=8 -DRWORDSIZE=4 -DLWORDSIZE=4 -DNONSTANDARD_SYSTEM_FUNC  -DWRF_USE_CLM -DUSE_NETCDF4_FEATURES -DWRFIO_NCD_LARGE_FILE_SUPPORT  -DDM_PARALLEL -DNETCDF -DLANDREAD_STUB=1 -DUSE_ALLOCATABLES -Dwrfmodel -DGRIB1 -DINTIO -DKEEP_INT_AROUND -DLIMIT_ARGS -DBUILD_RRTMG_FAST=0 -DBUILD_RRTMK=0 -DBUILD_SBM_FAST=1 -DSHOW_ALL_VARS_USED=0 -DCONFIG_BUF_LEN=65536 -DMAX_DOMAINS_F=21 -DMAX_HISTORY=25 -DNMM_NEST=0  -I. -traditional-cpp -DUSE_NETCDF4_FEATURES -DWRFIO_NCD_LARGE_FILE_SUPPORT   module_mp_gsfcgce_4ice_nuwrf.G  > module_mp_gsfcgce_4ice_nuwrf.bb
/global/scratch/users/adamwise/compiling/WRFv4.4-DRM_real_GAD_slices_CPM/tools/standard.exe module_mp_gsfcgce_4ice_nuwrf.bb | /lib/cpp -P -nostdinc -traditional-cpp -DUSE_NETCDF4_FEATURES -DWRFIO_NCD_LARGE_FILE_SUPPORT > module_mp_gsfcgce_4ice_nuwrf.f90
rm -f module_mp_gsfcgce_4ice_nuwrf.G module_mp_gsfcgce_4ice_nuwrf.bb
time mpif90 -f90=ifort -o module_mp_gsfcgce_4ice_nuwrf.o -c -O3 -ip -fp-model precise -w -ftz -align all -fno-alias -FR -convert big_endian    -I../dyn_em  -I/global/scratch/users/adamwise/compiling/WRFv4.4-DRM_real_GAD_slices_CPM/external/esmf_time_f90  -I/global/scratch/users/adamwise/compiling/WRFv4.4-DRM_real_GAD_slices_CPM/main -I/global/scratch/users/adamwise/compiling/WRFv4.4-DRM_real_GAD_slices_CPM/external/io_netcdf -I/global/scratch/users/adamwise/compiling/WRFv4.4-DRM_real_GAD_slices_CPM/external/io_int -I/global/scratch/users/adamwise/compiling/WRFv4.4-DRM_real_GAD_slices_CPM/frame -I/global/scratch/users/adamwise/compiling/WRFv4.4-DRM_real_GAD_slices_CPM/share -I/global/scratch/users/adamwise/compiling/WRFv4.4-DRM_real_GAD_slices_CPM/phys -I/global/scratch/users/adamwise/compiling/WRFv4.4-DRM_real_GAD_slices_CPM/wrftladj -I/global/scratch/users/adamwise/compiling/WRFv4.4-DRM_real_GAD_slices_CPM/chem -I/global/scratch/users/adamwise/compiling/WRFv4.4-DRM_real_GAD_slices_CPM/inc -I/global/software/sl-7.x86_64/modules/intel/2016.4.072/netcdf/4.4.1.1-intel-s/include  -real-size `expr 8 \* 4` -i4  module_mp_gsfcgce_4ice_nuwrf.f90

real	0m35.495s
user	0m34.690s
sys	0m0.519s
rm -f module_mp_morr_two_moment.o
sed -e "s/^\!.*'.*//" -e "s/^ *\!.*'.*//" module_mp_morr_two_moment.F > module_mp_morr_two_moment.G
/lib/cpp -P -nostdinc -I/global/scratch/users/adamwise/compiling/WRFv4.4-DRM_real_GAD_slices_CPM/inc -DEM_CORE=1 -DNMM_CORE=0 -DNMM_MAX_DIM=2600 -DDA_CORE=0 -DWRFPLUS=0 -DIWORDSIZE=4 -DDWORDSIZE=8 -DRWORDSIZE=4 -DLWORDSIZE=4 -DNONSTANDARD_SYSTEM_FUNC  -DWRF_USE_CLM -DUSE_NETCDF4_FEATURES -DWRFIO_NCD_LARGE_FILE_SUPPORT  -DDM_PARALLEL -DNETCDF -DLANDREAD_STUB=1 -DUSE_ALLOCATABLES -Dwrfmodel -DGRIB1 -DINTIO -DKEEP_INT_AROUND -DLIMIT_ARGS -DBUILD_RRTMG_FAST=0 -DBUILD_RRTMK=0 -DBUILD_SBM_FAST=1 -DSHOW_ALL_VARS_USED=0 -DCONFIG_BUF_LEN=65536 -DMAX_DOMAINS_F=21 -DMAX_HISTORY=25 -DNMM_NEST=0  -I. -traditional-cpp -DUSE_NETCDF4_FEATURES -DWRFIO_NCD_LARGE_FILE_SUPPORT   module_mp_morr_two_moment.G  > module_mp_morr_two_moment.bb
/global/scratch/users/adamwise/compiling/WRFv4.4-DRM_real_GAD_slices_CPM/tools/standard.exe module_mp_morr_two_moment.bb | /lib/cpp -P -nostdinc -traditional-cpp -DUSE_NETCDF4_FEATURES -DWRFIO_NCD_LARGE_FILE_SUPPORT > module_mp_morr_two_moment.f90
rm -f module_mp_morr_two_moment.G module_mp_morr_two_moment.bb
time mpif90 -f90=ifort -o module_mp_morr_two_moment.o -c -O3 -ip -fp-model precise -w -ftz -align all -fno-alias -FR -convert big_endian    -I../dyn_em  -I/global/scratch/users/adamwise/compiling/WRFv4.4-DRM_real_GAD_slices_CPM/external/esmf_time_f90  -I/global/scratch/users/adamwise/compiling/WRFv4.4-DRM_real_GAD_slices_CPM/main -I/global/scratch/users/adamwise/compiling/WRFv4.4-DRM_real_GAD_slices_CPM/external/io_netcdf -I/global/scratch/users/adamwise/compiling/WRFv4.4-DRM_real_GAD_slices_CPM/external/io_int -I/global/scratch/users/adamwise/compiling/WRFv4.4-DRM_real_GAD_slices_CPM/frame -I/global/scratch/users/adamwise/compiling/WRFv4.4-DRM_real_GAD_slices_CPM/share -I/global/scratch/users/adamwise/compiling/WRFv4.4-DRM_real_GAD_slices_CPM/phys -I/global/scratch/users/adamwise/compiling/WRFv4.4-DRM_real_GAD_slices_CPM/wrftladj -I/global/scratch/users/adamwise/compiling/WRFv4.4-DRM_real_GAD_slices_CPM/chem -I/global/scratch/users/adamwise/compiling/WRFv4.4-DRM_real_GAD_slices_CPM/inc -I/global/software/sl-7.x86_64/modules/intel/2016.4.072/netcdf/4.4.1.1-intel-s/include  -real-size `expr 8 \* 4` -i4  module_mp_morr_two_moment.f90

real	0m5.648s
user	0m5.180s
sys	0m0.229s
rm -f module_mp_p3.o
sed -e "s/^\!.*'.*//" -e "s/^ *\!.*'.*//" module_mp_p3.F > module_mp_p3.G
/lib/cpp -P -nostdinc -I/global/scratch/users/adamwise/compiling/WRFv4.4-DRM_real_GAD_slices_CPM/inc -DEM_CORE=1 -DNMM_CORE=0 -DNMM_MAX_DIM=2600 -DDA_CORE=0 -DWRFPLUS=0 -DIWORDSIZE=4 -DDWORDSIZE=8 -DRWORDSIZE=4 -DLWORDSIZE=4 -DNONSTANDARD_SYSTEM_FUNC  -DWRF_USE_CLM -DUSE_NETCDF4_FEATURES -DWRFIO_NCD_LARGE_FILE_SUPPORT  -DDM_PARALLEL -DNETCDF -DLANDREAD_STUB=1 -DUSE_ALLOCATABLES -Dwrfmodel -DGRIB1 -DINTIO -DKEEP_INT_AROUND -DLIMIT_ARGS -DBUILD_RRTMG_FAST=0 -DBUILD_RRTMK=0 -DBUILD_SBM_FAST=1 -DSHOW_ALL_VARS_USED=0 -DCONFIG_BUF_LEN=65536 -DMAX_DOMAINS_F=21 -DMAX_HISTORY=25 -DNMM_NEST=0  -I. -traditional-cpp -DUSE_NETCDF4_FEATURES -DWRFIO_NCD_LARGE_FILE_SUPPORT   module_mp_p3.G  > module_mp_p3.bb
/global/scratch/users/adamwise/compiling/WRFv4.4-DRM_real_GAD_slices_CPM/tools/standard.exe module_mp_p3.bb | /lib/cpp -P -nostdinc -traditional-cpp -DUSE_NETCDF4_FEATURES -DWRFIO_NCD_LARGE_FILE_SUPPORT > module_mp_p3.f90
rm -f module_mp_p3.G module_mp_p3.bb
time mpif90 -f90=ifort -o module_mp_p3.o -c -O3 -ip -fp-model precise -w -ftz -align all -fno-alias -FR -convert big_endian    -I../dyn_em  -I/global/scratch/users/adamwise/compiling/WRFv4.4-DRM_real_GAD_slices_CPM/external/esmf_time_f90  -I/global/scratch/users/adamwise/compiling/WRFv4.4-DRM_real_GAD_slices_CPM/main -I/global/scratch/users/adamwise/compiling/WRFv4.4-DRM_real_GAD_slices_CPM/external/io_netcdf -I/global/scratch/users/adamwise/compiling/WRFv4.4-DRM_real_GAD_slices_CPM/external/io_int -I/global/scratch/users/adamwise/compiling/WRFv4.4-DRM_real_GAD_slices_CPM/frame -I/global/scratch/users/adamwise/compiling/WRFv4.4-DRM_real_GAD_slices_CPM/share -I/global/scratch/users/adamwise/compiling/WRFv4.4-DRM_real_GAD_slices_CPM/phys -I/global/scratch/users/adamwise/compiling/WRFv4.4-DRM_real_GAD_slices_CPM/wrftladj -I/global/scratch/users/adamwise/compiling/WRFv4.4-DRM_real_GAD_slices_CPM/chem -I/global/scratch/users/adamwise/compiling/WRFv4.4-DRM_real_GAD_slices_CPM/inc -I/global/software/sl-7.x86_64/modules/intel/2016.4.072/netcdf/4.4.1.1-intel-s/include  -real-size `expr 8 \* 4` -i4  module_mp_p3.f90

real	0m6.705s
user	0m6.273s
sys	0m0.208s
rm -f module_mp_jensen_ishmael.o
sed -e "s/^\!.*'.*//" -e "s/^ *\!.*'.*//" module_mp_jensen_ishmael.F > module_mp_jensen_ishmael.G
/lib/cpp -P -nostdinc -I/global/scratch/users/adamwise/compiling/WRFv4.4-DRM_real_GAD_slices_CPM/inc -DEM_CORE=1 -DNMM_CORE=0 -DNMM_MAX_DIM=2600 -DDA_CORE=0 -DWRFPLUS=0 -DIWORDSIZE=4 -DDWORDSIZE=8 -DRWORDSIZE=4 -DLWORDSIZE=4 -DNONSTANDARD_SYSTEM_FUNC  -DWRF_USE_CLM -DUSE_NETCDF4_FEATURES -DWRFIO_NCD_LARGE_FILE_SUPPORT  -DDM_PARALLEL -DNETCDF -DLANDREAD_STUB=1 -DUSE_ALLOCATABLES -Dwrfmodel -DGRIB1 -DINTIO -DKEEP_INT_AROUND -DLIMIT_ARGS -DBUILD_RRTMG_FAST=0 -DBUILD_RRTMK=0 -DBUILD_SBM_FAST=1 -DSHOW_ALL_VARS_USED=0 -DCONFIG_BUF_LEN=65536 -DMAX_DOMAINS_F=21 -DMAX_HISTORY=25 -DNMM_NEST=0  -I. -traditional-cpp -DUSE_NETCDF4_FEATURES -DWRFIO_NCD_LARGE_FILE_SUPPORT   module_mp_jensen_ishmael.G  > module_mp_jensen_ishmael.bb
/global/scratch/users/adamwise/compiling/WRFv4.4-DRM_real_GAD_slices_CPM/tools/standard.exe module_mp_jensen_ishmael.bb | /lib/cpp -P -nostdinc -traditional-cpp -DUSE_NETCDF4_FEATURES -DWRFIO_NCD_LARGE_FILE_SUPPORT > module_mp_jensen_ishmael.f90
rm -f module_mp_jensen_ishmael.G module_mp_jensen_ishmael.bb
time mpif90 -f90=ifort -o module_mp_jensen_ishmael.o -c -O3 -ip -fp-model precise -w -ftz -align all -fno-alias -FR -convert big_endian    -I../dyn_em  -I/global/scratch/users/adamwise/compiling/WRFv4.4-DRM_real_GAD_slices_CPM/external/esmf_time_f90  -I/global/scratch/users/adamwise/compiling/WRFv4.4-DRM_real_GAD_slices_CPM/main -I/global/scratch/users/adamwise/compiling/WRFv4.4-DRM_real_GAD_slices_CPM/external/io_netcdf -I/global/scratch/users/adamwise/compiling/WRFv4.4-DRM_real_GAD_slices_CPM/external/io_int -I/global/scratch/users/adamwise/compiling/WRFv4.4-DRM_real_GAD_slices_CPM/frame -I/global/scratch/users/adamwise/compiling/WRFv4.4-DRM_real_GAD_slices_CPM/share -I/global/scratch/users/adamwise/compiling/WRFv4.4-DRM_real_GAD_slices_CPM/phys -I/global/scratch/users/adamwise/compiling/WRFv4.4-DRM_real_GAD_slices_CPM/wrftladj -I/global/scratch/users/adamwise/compiling/WRFv4.4-DRM_real_GAD_slices_CPM/chem -I/global/scratch/users/adamwise/compiling/WRFv4.4-DRM_real_GAD_slices_CPM/inc -I/global/software/sl-7.x86_64/modules/intel/2016.4.072/netcdf/4.4.1.1-intel-s/include  -real-size `expr 8 \* 4` -i4  module_mp_jensen_ishmael.f90

real	0m11.564s
user	0m11.057s
sys	0m0.283s
rm -f module_mp_morr_two_moment_aero.o
sed -e "s/^\!.*'.*//" -e "s/^ *\!.*'.*//" module_mp_morr_two_moment_aero.F > module_mp_morr_two_moment_aero.G
/lib/cpp -P -nostdinc -I/global/scratch/users/adamwise/compiling/WRFv4.4-DRM_real_GAD_slices_CPM/inc -DEM_CORE=1 -DNMM_CORE=0 -DNMM_MAX_DIM=2600 -DDA_CORE=0 -DWRFPLUS=0 -DIWORDSIZE=4 -DDWORDSIZE=8 -DRWORDSIZE=4 -DLWORDSIZE=4 -DNONSTANDARD_SYSTEM_FUNC  -DWRF_USE_CLM -DUSE_NETCDF4_FEATURES -DWRFIO_NCD_LARGE_FILE_SUPPORT  -DDM_PARALLEL -DNETCDF -DLANDREAD_STUB=1 -DUSE_ALLOCATABLES -Dwrfmodel -DGRIB1 -DINTIO -DKEEP_INT_AROUND -DLIMIT_ARGS -DBUILD_RRTMG_FAST=0 -DBUILD_RRTMK=0 -DBUILD_SBM_FAST=1 -DSHOW_ALL_VARS_USED=0 -DCONFIG_BUF_LEN=65536 -DMAX_DOMAINS_F=21 -DMAX_HISTORY=25 -DNMM_NEST=0  -I. -traditional-cpp -DUSE_NETCDF4_FEATURES -DWRFIO_NCD_LARGE_FILE_SUPPORT   module_mp_morr_two_moment_aero.G  > module_mp_morr_two_moment_aero.bb
/global/scratch/users/adamwise/compiling/WRFv4.4-DRM_real_GAD_slices_CPM/tools/standard.exe module_mp_morr_two_moment_aero.bb | /lib/cpp -P -nostdinc -traditional-cpp -DUSE_NETCDF4_FEATURES -DWRFIO_NCD_LARGE_FILE_SUPPORT > module_mp_morr_two_moment_aero.f90
rm -f module_mp_morr_two_moment_aero.G module_mp_morr_two_moment_aero.bb
time mpif90 -f90=ifort -o module_mp_morr_two_moment_aero.o -c -O3 -ip -fp-model precise -w -ftz -align all -fno-alias -FR -convert big_endian    -I../dyn_em  -I/global/scratch/users/adamwise/compiling/WRFv4.4-DRM_real_GAD_slices_CPM/external/esmf_time_f90  -I/global/scratch/users/adamwise/compiling/WRFv4.4-DRM_real_GAD_slices_CPM/main -I/global/scratch/users/adamwise/compiling/WRFv4.4-DRM_real_GAD_slices_CPM/external/io_netcdf -I/global/scratch/users/adamwise/compiling/WRFv4.4-DRM_real_GAD_slices_CPM/external/io_int -I/global/scratch/users/adamwise/compiling/WRFv4.4-DRM_real_GAD_slices_CPM/frame -I/global/scratch/users/adamwise/compiling/WRFv4.4-DRM_real_GAD_slices_CPM/share -I/global/scratch/users/adamwise/compiling/WRFv4.4-DRM_real_GAD_slices_CPM/phys -I/global/scratch/users/adamwise/compiling/WRFv4.4-DRM_real_GAD_slices_CPM/wrftladj -I/global/scratch/users/adamwise/compiling/WRFv4.4-DRM_real_GAD_slices_CPM/chem -I/global/scratch/users/adamwise/compiling/WRFv4.4-DRM_real_GAD_slices_CPM/inc -I/global/software/sl-7.x86_64/modules/intel/2016.4.072/netcdf/4.4.1.1-intel-s/include  -real-size `expr 8 \* 4` -i4  module_mp_morr_two_moment_aero.f90

real	0m8.162s
user	0m7.558s
sys	0m0.242s
rm -f module_mp_milbrandt2mom.o
sed -e "s/^\!.*'.*//" -e "s/^ *\!.*'.*//" module_mp_milbrandt2mom.F > module_mp_milbrandt2mom.G
/lib/cpp -P -nostdinc -I/global/scratch/users/adamwise/compiling/WRFv4.4-DRM_real_GAD_slices_CPM/inc -DEM_CORE=1 -DNMM_CORE=0 -DNMM_MAX_DIM=2600 -DDA_CORE=0 -DWRFPLUS=0 -DIWORDSIZE=4 -DDWORDSIZE=8 -DRWORDSIZE=4 -DLWORDSIZE=4 -DNONSTANDARD_SYSTEM_FUNC  -DWRF_USE_CLM -DUSE_NETCDF4_FEATURES -DWRFIO_NCD_LARGE_FILE_SUPPORT  -DDM_PARALLEL -DNETCDF -DLANDREAD_STUB=1 -DUSE_ALLOCATABLES -Dwrfmodel -DGRIB1 -DINTIO -DKEEP_INT_AROUND -DLIMIT_ARGS -DBUILD_RRTMG_FAST=0 -DBUILD_RRTMK=0 -DBUILD_SBM_FAST=1 -DSHOW_ALL_VARS_USED=0 -DCONFIG_BUF_LEN=65536 -DMAX_DOMAINS_F=21 -DMAX_HISTORY=25 -DNMM_NEST=0  -I. -traditional-cpp -DUSE_NETCDF4_FEATURES -DWRFIO_NCD_LARGE_FILE_SUPPORT   module_mp_milbrandt2mom.G  > module_mp_milbrandt2mom.bb
/global/scratch/users/adamwise/compiling/WRFv4.4-DRM_real_GAD_slices_CPM/tools/standard.exe module_mp_milbrandt2mom.bb | /lib/cpp -P -nostdinc -traditional-cpp -DUSE_NETCDF4_FEATURES -DWRFIO_NCD_LARGE_FILE_SUPPORT > module_mp_milbrandt2mom.f90
rm -f module_mp_milbrandt2mom.G module_mp_milbrandt2mom.bb
time mpif90 -f90=ifort -o module_mp_milbrandt2mom.o -c -O3 -ip -fp-model precise -w -ftz -align all -fno-alias -FR -convert big_endian    -I../dyn_em  -I/global/scratch/users/adamwise/compiling/WRFv4.4-DRM_real_GAD_slices_CPM/external/esmf_time_f90  -I/global/scratch/users/adamwise/compiling/WRFv4.4-DRM_real_GAD_slices_CPM/main -I/global/scratch/users/adamwise/compiling/WRFv4.4-DRM_real_GAD_slices_CPM/external/io_netcdf -I/global/scratch/users/adamwise/compiling/WRFv4.4-DRM_real_GAD_slices_CPM/external/io_int -I/global/scratch/users/adamwise/compiling/WRFv4.4-DRM_real_GAD_slices_CPM/frame -I/global/scratch/users/adamwise/compiling/WRFv4.4-DRM_real_GAD_slices_CPM/share -I/global/scratch/users/adamwise/compiling/WRFv4.4-DRM_real_GAD_slices_CPM/phys -I/global/scratch/users/adamwise/compiling/WRFv4.4-DRM_real_GAD_slices_CPM/wrftladj -I/global/scratch/users/adamwise/compiling/WRFv4.4-DRM_real_GAD_slices_CPM/chem -I/global/scratch/users/adamwise/compiling/WRFv4.4-DRM_real_GAD_slices_CPM/inc -I/global/software/sl-7.x86_64/modules/intel/2016.4.072/netcdf/4.4.1.1-intel-s/include  -real-size `expr 8 \* 4` -i4  module_mp_milbrandt2mom.f90

real	0m31.336s
user	0m30.594s
sys	0m0.515s
rm -f module_mp_nssl_2mom.o
sed -e "s/^\!.*'.*//" -e "s/^ *\!.*'.*//" module_mp_nssl_2mom.F > module_mp_nssl_2mom.G
/lib/cpp -P -nostdinc -I/global/scratch/users/adamwise/compiling/WRFv4.4-DRM_real_GAD_slices_CPM/inc -DEM_CORE=1 -DNMM_CORE=0 -DNMM_MAX_DIM=2600 -DDA_CORE=0 -DWRFPLUS=0 -DIWORDSIZE=4 -DDWORDSIZE=8 -DRWORDSIZE=4 -DLWORDSIZE=4 -DNONSTANDARD_SYSTEM_FUNC  -DWRF_USE_CLM -DUSE_NETCDF4_FEATURES -DWRFIO_NCD_LARGE_FILE_SUPPORT  -DDM_PARALLEL -DNETCDF -DLANDREAD_STUB=1 -DUSE_ALLOCATABLES -Dwrfmodel -DGRIB1 -DINTIO -DKEEP_INT_AROUND -DLIMIT_ARGS -DBUILD_RRTMG_FAST=0 -DBUILD_RRTMK=0 -DBUILD_SBM_FAST=1 -DSHOW_ALL_VARS_USED=0 -DCONFIG_BUF_LEN=65536 -DMAX_DOMAINS_F=21 -DMAX_HISTORY=25 -DNMM_NEST=0  -I. -traditional-cpp -DUSE_NETCDF4_FEATURES -DWRFIO_NCD_LARGE_FILE_SUPPORT   module_mp_nssl_2mom.G  > module_mp_nssl_2mom.bb
/global/scratch/users/adamwise/compiling/WRFv4.4-DRM_real_GAD_slices_CPM/tools/standard.exe module_mp_nssl_2mom.bb | /lib/cpp -P -nostdinc -traditional-cpp -DUSE_NETCDF4_FEATURES -DWRFIO_NCD_LARGE_FILE_SUPPORT > module_mp_nssl_2mom.f90
rm -f module_mp_nssl_2mom.G module_mp_nssl_2mom.bb
time mpif90 -f90=ifort -o module_mp_nssl_2mom.o -c -O3 -ip -fp-model precise -w -ftz -align all -fno-alias -FR -convert big_endian    -I../dyn_em  -I/global/scratch/users/adamwise/compiling/WRFv4.4-DRM_real_GAD_slices_CPM/external/esmf_time_f90  -I/global/scratch/users/adamwise/compiling/WRFv4.4-DRM_real_GAD_slices_CPM/main -I/global/scratch/users/adamwise/compiling/WRFv4.4-DRM_real_GAD_slices_CPM/external/io_netcdf -I/global/scratch/users/adamwise/compiling/WRFv4.4-DRM_real_GAD_slices_CPM/external/io_int -I/global/scratch/users/adamwise/compiling/WRFv4.4-DRM_real_GAD_slices_CPM/frame -I/global/scratch/users/adamwise/compiling/WRFv4.4-DRM_real_GAD_slices_CPM/share -I/global/scratch/users/adamwise/compiling/WRFv4.4-DRM_real_GAD_slices_CPM/phys -I/global/scratch/users/adamwise/compiling/WRFv4.4-DRM_real_GAD_slices_CPM/wrftladj -I/global/scratch/users/adamwise/compiling/WRFv4.4-DRM_real_GAD_slices_CPM/chem -I/global/scratch/users/adamwise/compiling/WRFv4.4-DRM_real_GAD_slices_CPM/inc -I/global/software/sl-7.x86_64/modules/intel/2016.4.072/netcdf/4.4.1.1-intel-s/include  -real-size `expr 8 \* 4` -i4  module_mp_nssl_2mom.f90

real	0m11.451s
user	0m10.948s
sys	0m0.273s
rm -f module_mp_wdm5.o
sed -e "s/^\!.*'.*//" -e "s/^ *\!.*'.*//" module_mp_wdm5.F > module_mp_wdm5.G
/lib/cpp -P -nostdinc -I/global/scratch/users/adamwise/compiling/WRFv4.4-DRM_real_GAD_slices_CPM/inc -DEM_CORE=1 -DNMM_CORE=0 -DNMM_MAX_DIM=2600 -DDA_CORE=0 -DWRFPLUS=0 -DIWORDSIZE=4 -DDWORDSIZE=8 -DRWORDSIZE=4 -DLWORDSIZE=4 -DNONSTANDARD_SYSTEM_FUNC  -DWRF_USE_CLM -DUSE_NETCDF4_FEATURES -DWRFIO_NCD_LARGE_FILE_SUPPORT  -DDM_PARALLEL -DNETCDF -DLANDREAD_STUB=1 -DUSE_ALLOCATABLES -Dwrfmodel -DGRIB1 -DINTIO -DKEEP_INT_AROUND -DLIMIT_ARGS -DBUILD_RRTMG_FAST=0 -DBUILD_RRTMK=0 -DBUILD_SBM_FAST=1 -DSHOW_ALL_VARS_USED=0 -DCONFIG_BUF_LEN=65536 -DMAX_DOMAINS_F=21 -DMAX_HISTORY=25 -DNMM_NEST=0  -I. -traditional-cpp -DUSE_NETCDF4_FEATURES -DWRFIO_NCD_LARGE_FILE_SUPPORT   module_mp_wdm5.G  > module_mp_wdm5.bb
/global/scratch/users/adamwise/compiling/WRFv4.4-DRM_real_GAD_slices_CPM/tools/standard.exe module_mp_wdm5.bb | /lib/cpp -P -nostdinc -traditional-cpp -DUSE_NETCDF4_FEATURES -DWRFIO_NCD_LARGE_FILE_SUPPORT > module_mp_wdm5.f90
rm -f module_mp_wdm5.G module_mp_wdm5.bb
time mpif90 -f90=ifort -o module_mp_wdm5.o -c -O3 -ip -fp-model precise -w -ftz -align all -fno-alias -FR -convert big_endian    -I../dyn_em  -I/global/scratch/users/adamwise/compiling/WRFv4.4-DRM_real_GAD_slices_CPM/external/esmf_time_f90  -I/global/scratch/users/adamwise/compiling/WRFv4.4-DRM_real_GAD_slices_CPM/main -I/global/scratch/users/adamwise/compiling/WRFv4.4-DRM_real_GAD_slices_CPM/external/io_netcdf -I/global/scratch/users/adamwise/compiling/WRFv4.4-DRM_real_GAD_slices_CPM/external/io_int -I/global/scratch/users/adamwise/compiling/WRFv4.4-DRM_real_GAD_slices_CPM/frame -I/global/scratch/users/adamwise/compiling/WRFv4.4-DRM_real_GAD_slices_CPM/share -I/global/scratch/users/adamwise/compiling/WRFv4.4-DRM_real_GAD_slices_CPM/phys -I/global/scratch/users/adamwise/compiling/WRFv4.4-DRM_real_GAD_slices_CPM/wrftladj -I/global/scratch/users/adamwise/compiling/WRFv4.4-DRM_real_GAD_slices_CPM/chem -I/global/scratch/users/adamwise/compiling/WRFv4.4-DRM_real_GAD_slices_CPM/inc -I/global/software/sl-7.x86_64/modules/intel/2016.4.072/netcdf/4.4.1.1-intel-s/include  -real-size `expr 8 \* 4` -i4  module_mp_wdm5.f90

real	0m7.730s
user	0m7.274s
sys	0m0.233s
rm -f module_mp_wdm6.o
sed -e "s/^\!.*'.*//" -e "s/^ *\!.*'.*//" module_mp_wdm6.F > module_mp_wdm6.G
/lib/cpp -P -nostdinc -I/global/scratch/users/adamwise/compiling/WRFv4.4-DRM_real_GAD_slices_CPM/inc -DEM_CORE=1 -DNMM_CORE=0 -DNMM_MAX_DIM=2600 -DDA_CORE=0 -DWRFPLUS=0 -DIWORDSIZE=4 -DDWORDSIZE=8 -DRWORDSIZE=4 -DLWORDSIZE=4 -DNONSTANDARD_SYSTEM_FUNC  -DWRF_USE_CLM -DUSE_NETCDF4_FEATURES -DWRFIO_NCD_LARGE_FILE_SUPPORT  -DDM_PARALLEL -DNETCDF -DLANDREAD_STUB=1 -DUSE_ALLOCATABLES -Dwrfmodel -DGRIB1 -DINTIO -DKEEP_INT_AROUND -DLIMIT_ARGS -DBUILD_RRTMG_FAST=0 -DBUILD_RRTMK=0 -DBUILD_SBM_FAST=1 -DSHOW_ALL_VARS_USED=0 -DCONFIG_BUF_LEN=65536 -DMAX_DOMAINS_F=21 -DMAX_HISTORY=25 -DNMM_NEST=0  -I. -traditional-cpp -DUSE_NETCDF4_FEATURES -DWRFIO_NCD_LARGE_FILE_SUPPORT   module_mp_wdm6.G  > module_mp_wdm6.bb
/global/scratch/users/adamwise/compiling/WRFv4.4-DRM_real_GAD_slices_CPM/tools/standard.exe module_mp_wdm6.bb | /lib/cpp -P -nostdinc -traditional-cpp -DUSE_NETCDF4_FEATURES -DWRFIO_NCD_LARGE_FILE_SUPPORT > module_mp_wdm6.f90
rm -f module_mp_wdm6.G module_mp_wdm6.bb
time mpif90 -f90=ifort -o module_mp_wdm6.o -c -O3 -ip -fp-model precise -w -ftz -align all -fno-alias -FR -convert big_endian    -I../dyn_em  -I/global/scratch/users/adamwise/compiling/WRFv4.4-DRM_real_GAD_slices_CPM/external/esmf_time_f90  -I/global/scratch/users/adamwise/compiling/WRFv4.4-DRM_real_GAD_slices_CPM/main -I/global/scratch/users/adamwise/compiling/WRFv4.4-DRM_real_GAD_slices_CPM/external/io_netcdf -I/global/scratch/users/adamwise/compiling/WRFv4.4-DRM_real_GAD_slices_CPM/external/io_int -I/global/scratch/users/adamwise/compiling/WRFv4.4-DRM_real_GAD_slices_CPM/frame -I/global/scratch/users/adamwise/compiling/WRFv4.4-DRM_real_GAD_slices_CPM/share -I/global/scratch/users/adamwise/compiling/WRFv4.4-DRM_real_GAD_slices_CPM/phys -I/global/scratch/users/adamwise/compiling/WRFv4.4-DRM_real_GAD_slices_CPM/wrftladj -I/global/scratch/users/adamwise/compiling/WRFv4.4-DRM_real_GAD_slices_CPM/chem -I/global/scratch/users/adamwise/compiling/WRFv4.4-DRM_real_GAD_slices_CPM/inc -I/global/software/sl-7.x86_64/modules/intel/2016.4.072/netcdf/4.4.1.1-intel-s/include  -real-size `expr 8 \* 4` -i4  module_mp_wdm6.f90

real	0m22.810s
user	0m22.041s
sys	0m0.544s
rm -f module_mp_wdm7.o
sed -e "s/^\!.*'.*//" -e "s/^ *\!.*'.*//" module_mp_wdm7.F > module_mp_wdm7.G
/lib/cpp -P -nostdinc -I/global/scratch/users/adamwise/compiling/WRFv4.4-DRM_real_GAD_slices_CPM/inc -DEM_CORE=1 -DNMM_CORE=0 -DNMM_MAX_DIM=2600 -DDA_CORE=0 -DWRFPLUS=0 -DIWORDSIZE=4 -DDWORDSIZE=8 -DRWORDSIZE=4 -DLWORDSIZE=4 -DNONSTANDARD_SYSTEM_FUNC  -DWRF_USE_CLM -DUSE_NETCDF4_FEATURES -DWRFIO_NCD_LARGE_FILE_SUPPORT  -DDM_PARALLEL -DNETCDF -DLANDREAD_STUB=1 -DUSE_ALLOCATABLES -Dwrfmodel -DGRIB1 -DINTIO -DKEEP_INT_AROUND -DLIMIT_ARGS -DBUILD_RRTMG_FAST=0 -DBUILD_RRTMK=0 -DBUILD_SBM_FAST=1 -DSHOW_ALL_VARS_USED=0 -DCONFIG_BUF_LEN=65536 -DMAX_DOMAINS_F=21 -DMAX_HISTORY=25 -DNMM_NEST=0  -I. -traditional-cpp -DUSE_NETCDF4_FEATURES -DWRFIO_NCD_LARGE_FILE_SUPPORT   module_mp_wdm7.G  > module_mp_wdm7.bb
/global/scratch/users/adamwise/compiling/WRFv4.4-DRM_real_GAD_slices_CPM/tools/standard.exe module_mp_wdm7.bb | /lib/cpp -P -nostdinc -traditional-cpp -DUSE_NETCDF4_FEATURES -DWRFIO_NCD_LARGE_FILE_SUPPORT > module_mp_wdm7.f90
rm -f module_mp_wdm7.G module_mp_wdm7.bb
time mpif90 -f90=ifort -o module_mp_wdm7.o -c -O3 -ip -fp-model precise -w -ftz -align all -fno-alias -FR -convert big_endian    -I../dyn_em  -I/global/scratch/users/adamwise/compiling/WRFv4.4-DRM_real_GAD_slices_CPM/external/esmf_time_f90  -I/global/scratch/users/adamwise/compiling/WRFv4.4-DRM_real_GAD_slices_CPM/main -I/global/scratch/users/adamwise/compiling/WRFv4.4-DRM_real_GAD_slices_CPM/external/io_netcdf -I/global/scratch/users/adamwise/compiling/WRFv4.4-DRM_real_GAD_slices_CPM/external/io_int -I/global/scratch/users/adamwise/compiling/WRFv4.4-DRM_real_GAD_slices_CPM/frame -I/global/scratch/users/adamwise/compiling/WRFv4.4-DRM_real_GAD_slices_CPM/share -I/global/scratch/users/adamwise/compiling/WRFv4.4-DRM_real_GAD_slices_CPM/phys -I/global/scratch/users/adamwise/compiling/WRFv4.4-DRM_real_GAD_slices_CPM/wrftladj -I/global/scratch/users/adamwise/compiling/WRFv4.4-DRM_real_GAD_slices_CPM/chem -I/global/scratch/users/adamwise/compiling/WRFv4.4-DRM_real_GAD_slices_CPM/inc -I/global/software/sl-7.x86_64/modules/intel/2016.4.072/netcdf/4.4.1.1-intel-s/include  -real-size `expr 8 \* 4` -i4  module_mp_wdm7.f90
Space exceeded in Data Dependence Test in module_mp_wdm7_mp_wdm72d_
Subdivide routine into smaller ones to avoid optimization loss

real	0m11.578s
user	0m11.057s
sys	0m0.295s
rm -f module_mp_ntu.o
sed -e "s/^\!.*'.*//" -e "s/^ *\!.*'.*//" module_mp_ntu.F > module_mp_ntu.G
/lib/cpp -P -nostdinc -I/global/scratch/users/adamwise/compiling/WRFv4.4-DRM_real_GAD_slices_CPM/inc -DEM_CORE=1 -DNMM_CORE=0 -DNMM_MAX_DIM=2600 -DDA_CORE=0 -DWRFPLUS=0 -DIWORDSIZE=4 -DDWORDSIZE=8 -DRWORDSIZE=4 -DLWORDSIZE=4 -DNONSTANDARD_SYSTEM_FUNC  -DWRF_USE_CLM -DUSE_NETCDF4_FEATURES -DWRFIO_NCD_LARGE_FILE_SUPPORT  -DDM_PARALLEL -DNETCDF -DLANDREAD_STUB=1 -DUSE_ALLOCATABLES -Dwrfmodel -DGRIB1 -DINTIO -DKEEP_INT_AROUND -DLIMIT_ARGS -DBUILD_RRTMG_FAST=0 -DBUILD_RRTMK=0 -DBUILD_SBM_FAST=1 -DSHOW_ALL_VARS_USED=0 -DCONFIG_BUF_LEN=65536 -DMAX_DOMAINS_F=21 -DMAX_HISTORY=25 -DNMM_NEST=0  -I. -traditional-cpp -DUSE_NETCDF4_FEATURES -DWRFIO_NCD_LARGE_FILE_SUPPORT   module_mp_ntu.G  > module_mp_ntu.bb
/global/scratch/users/adamwise/compiling/WRFv4.4-DRM_real_GAD_slices_CPM/tools/standard.exe module_mp_ntu.bb | /lib/cpp -P -nostdinc -traditional-cpp -DUSE_NETCDF4_FEATURES -DWRFIO_NCD_LARGE_FILE_SUPPORT > module_mp_ntu.f90
rm -f module_mp_ntu.G module_mp_ntu.bb
time mpif90 -f90=ifort -o module_mp_ntu.o -c -O3 -ip -fp-model precise -w -ftz -align all -fno-alias -FR -convert big_endian    -I../dyn_em  -I/global/scratch/users/adamwise/compiling/WRFv4.4-DRM_real_GAD_slices_CPM/external/esmf_time_f90  -I/global/scratch/users/adamwise/compiling/WRFv4.4-DRM_real_GAD_slices_CPM/main -I/global/scratch/users/adamwise/compiling/WRFv4.4-DRM_real_GAD_slices_CPM/external/io_netcdf -I/global/scratch/users/adamwise/compiling/WRFv4.4-DRM_real_GAD_slices_CPM/external/io_int -I/global/scratch/users/adamwise/compiling/WRFv4.4-DRM_real_GAD_slices_CPM/frame -I/global/scratch/users/adamwise/compiling/WRFv4.4-DRM_real_GAD_slices_CPM/share -I/global/scratch/users/adamwise/compiling/WRFv4.4-DRM_real_GAD_slices_CPM/phys -I/global/scratch/users/adamwise/compiling/WRFv4.4-DRM_real_GAD_slices_CPM/wrftladj -I/global/scratch/users/adamwise/compiling/WRFv4.4-DRM_real_GAD_slices_CPM/chem -I/global/scratch/users/adamwise/compiling/WRFv4.4-DRM_real_GAD_slices_CPM/inc -I/global/software/sl-7.x86_64/modules/intel/2016.4.072/netcdf/4.4.1.1-intel-s/include  -real-size `expr 8 \* 4` -i4  module_mp_ntu.f90

real	0m6.434s
user	0m5.991s
sys	0m0.221s
rm -f module_sf_sfclay.o
sed -e "s/^\!.*'.*//" -e "s/^ *\!.*'.*//" module_sf_sfclay.F > module_sf_sfclay.G
/lib/cpp -P -nostdinc -I/global/scratch/users/adamwise/compiling/WRFv4.4-DRM_real_GAD_slices_CPM/inc -DEM_CORE=1 -DNMM_CORE=0 -DNMM_MAX_DIM=2600 -DDA_CORE=0 -DWRFPLUS=0 -DIWORDSIZE=4 -DDWORDSIZE=8 -DRWORDSIZE=4 -DLWORDSIZE=4 -DNONSTANDARD_SYSTEM_FUNC  -DWRF_USE_CLM -DUSE_NETCDF4_FEATURES -DWRFIO_NCD_LARGE_FILE_SUPPORT  -DDM_PARALLEL -DNETCDF -DLANDREAD_STUB=1 -DUSE_ALLOCATABLES -Dwrfmodel -DGRIB1 -DINTIO -DKEEP_INT_AROUND -DLIMIT_ARGS -DBUILD_RRTMG_FAST=0 -DBUILD_RRTMK=0 -DBUILD_SBM_FAST=1 -DSHOW_ALL_VARS_USED=0 -DCONFIG_BUF_LEN=65536 -DMAX_DOMAINS_F=21 -DMAX_HISTORY=25 -DNMM_NEST=0  -I. -traditional-cpp -DUSE_NETCDF4_FEATURES -DWRFIO_NCD_LARGE_FILE_SUPPORT   module_sf_sfclay.G  > module_sf_sfclay.bb
/global/scratch/users/adamwise/compiling/WRFv4.4-DRM_real_GAD_slices_CPM/tools/standard.exe module_sf_sfclay.bb | /lib/cpp -P -nostdinc -traditional-cpp -DUSE_NETCDF4_FEATURES -DWRFIO_NCD_LARGE_FILE_SUPPORT > module_sf_sfclay.f90
rm -f module_sf_sfclay.G module_sf_sfclay.bb
time mpif90 -f90=ifort -o module_sf_sfclay.o -c -O3 -ip -fp-model precise -w -ftz -align all -fno-alias -FR -convert big_endian    -I../dyn_em  -I/global/scratch/users/adamwise/compiling/WRFv4.4-DRM_real_GAD_slices_CPM/external/esmf_time_f90  -I/global/scratch/users/adamwise/compiling/WRFv4.4-DRM_real_GAD_slices_CPM/main -I/global/scratch/users/adamwise/compiling/WRFv4.4-DRM_real_GAD_slices_CPM/external/io_netcdf -I/global/scratch/users/adamwise/compiling/WRFv4.4-DRM_real_GAD_slices_CPM/external/io_int -I/global/scratch/users/adamwise/compiling/WRFv4.4-DRM_real_GAD_slices_CPM/frame -I/global/scratch/users/adamwise/compiling/WRFv4.4-DRM_real_GAD_slices_CPM/share -I/global/scratch/users/adamwise/compiling/WRFv4.4-DRM_real_GAD_slices_CPM/phys -I/global/scratch/users/adamwise/compiling/WRFv4.4-DRM_real_GAD_slices_CPM/wrftladj -I/global/scratch/users/adamwise/compiling/WRFv4.4-DRM_real_GAD_slices_CPM/chem -I/global/scratch/users/adamwise/compiling/WRFv4.4-DRM_real_GAD_slices_CPM/inc -I/global/software/sl-7.x86_64/modules/intel/2016.4.072/netcdf/4.4.1.1-intel-s/include  -real-size `expr 8 \* 4` -i4  module_sf_sfclay.f90

real	0m1.015s
user	0m0.694s
sys	0m0.115s
rm -f module_sf_sfclayrev.o
sed -e "s/^\!.*'.*//" -e "s/^ *\!.*'.*//" module_sf_sfclayrev.F > module_sf_sfclayrev.G
/lib/cpp -P -nostdinc -I/global/scratch/users/adamwise/compiling/WRFv4.4-DRM_real_GAD_slices_CPM/inc -DEM_CORE=1 -DNMM_CORE=0 -DNMM_MAX_DIM=2600 -DDA_CORE=0 -DWRFPLUS=0 -DIWORDSIZE=4 -DDWORDSIZE=8 -DRWORDSIZE=4 -DLWORDSIZE=4 -DNONSTANDARD_SYSTEM_FUNC  -DWRF_USE_CLM -DUSE_NETCDF4_FEATURES -DWRFIO_NCD_LARGE_FILE_SUPPORT  -DDM_PARALLEL -DNETCDF -DLANDREAD_STUB=1 -DUSE_ALLOCATABLES -Dwrfmodel -DGRIB1 -DINTIO -DKEEP_INT_AROUND -DLIMIT_ARGS -DBUILD_RRTMG_FAST=0 -DBUILD_RRTMK=0 -DBUILD_SBM_FAST=1 -DSHOW_ALL_VARS_USED=0 -DCONFIG_BUF_LEN=65536 -DMAX_DOMAINS_F=21 -DMAX_HISTORY=25 -DNMM_NEST=0  -I. -traditional-cpp -DUSE_NETCDF4_FEATURES -DWRFIO_NCD_LARGE_FILE_SUPPORT   module_sf_sfclayrev.G  > module_sf_sfclayrev.bb
/global/scratch/users/adamwise/compiling/WRFv4.4-DRM_real_GAD_slices_CPM/tools/standard.exe module_sf_sfclayrev.bb | /lib/cpp -P -nostdinc -traditional-cpp -DUSE_NETCDF4_FEATURES -DWRFIO_NCD_LARGE_FILE_SUPPORT > module_sf_sfclayrev.f90
rm -f module_sf_sfclayrev.G module_sf_sfclayrev.bb
time mpif90 -f90=ifort -o module_sf_sfclayrev.o -c -O3 -ip -fp-model precise -w -ftz -align all -fno-alias -FR -convert big_endian    -I../dyn_em  -I/global/scratch/users/adamwise/compiling/WRFv4.4-DRM_real_GAD_slices_CPM/external/esmf_time_f90  -I/global/scratch/users/adamwise/compiling/WRFv4.4-DRM_real_GAD_slices_CPM/main -I/global/scratch/users/adamwise/compiling/WRFv4.4-DRM_real_GAD_slices_CPM/external/io_netcdf -I/global/scratch/users/adamwise/compiling/WRFv4.4-DRM_real_GAD_slices_CPM/external/io_int -I/global/scratch/users/adamwise/compiling/WRFv4.4-DRM_real_GAD_slices_CPM/frame -I/global/scratch/users/adamwise/compiling/WRFv4.4-DRM_real_GAD_slices_CPM/share -I/global/scratch/users/adamwise/compiling/WRFv4.4-DRM_real_GAD_slices_CPM/phys -I/global/scratch/users/adamwise/compiling/WRFv4.4-DRM_real_GAD_slices_CPM/wrftladj -I/global/scratch/users/adamwise/compiling/WRFv4.4-DRM_real_GAD_slices_CPM/chem -I/global/scratch/users/adamwise/compiling/WRFv4.4-DRM_real_GAD_slices_CPM/inc -I/global/software/sl-7.x86_64/modules/intel/2016.4.072/netcdf/4.4.1.1-intel-s/include  -real-size `expr 8 \* 4` -i4  module_sf_sfclayrev.f90

real	0m1.882s
user	0m1.550s
sys	0m0.123s
rm -f module_progtm.o
sed -e "s/^\!.*'.*//" -e "s/^ *\!.*'.*//" module_progtm.F > module_progtm.G
/lib/cpp -P -nostdinc -I/global/scratch/users/adamwise/compiling/WRFv4.4-DRM_real_GAD_slices_CPM/inc -DEM_CORE=1 -DNMM_CORE=0 -DNMM_MAX_DIM=2600 -DDA_CORE=0 -DWRFPLUS=0 -DIWORDSIZE=4 -DDWORDSIZE=8 -DRWORDSIZE=4 -DLWORDSIZE=4 -DNONSTANDARD_SYSTEM_FUNC  -DWRF_USE_CLM -DUSE_NETCDF4_FEATURES -DWRFIO_NCD_LARGE_FILE_SUPPORT  -DDM_PARALLEL -DNETCDF -DLANDREAD_STUB=1 -DUSE_ALLOCATABLES -Dwrfmodel -DGRIB1 -DINTIO -DKEEP_INT_AROUND -DLIMIT_ARGS -DBUILD_RRTMG_FAST=0 -DBUILD_RRTMK=0 -DBUILD_SBM_FAST=1 -DSHOW_ALL_VARS_USED=0 -DCONFIG_BUF_LEN=65536 -DMAX_DOMAINS_F=21 -DMAX_HISTORY=25 -DNMM_NEST=0  -I. -traditional-cpp -DUSE_NETCDF4_FEATURES -DWRFIO_NCD_LARGE_FILE_SUPPORT   module_progtm.G  > module_progtm.bb
/global/scratch/users/adamwise/compiling/WRFv4.4-DRM_real_GAD_slices_CPM/tools/standard.exe module_progtm.bb | /lib/cpp -P -nostdinc -traditional-cpp -DUSE_NETCDF4_FEATURES -DWRFIO_NCD_LARGE_FILE_SUPPORT > module_progtm.f90
rm -f module_progtm.G module_progtm.bb
time mpif90 -f90=ifort -o module_progtm.o -c -O3 -ip -fp-model precise -w -ftz -align all -fno-alias -FR -convert big_endian    -I../dyn_em  -I/global/scratch/users/adamwise/compiling/WRFv4.4-DRM_real_GAD_slices_CPM/external/esmf_time_f90  -I/global/scratch/users/adamwise/compiling/WRFv4.4-DRM_real_GAD_slices_CPM/main -I/global/scratch/users/adamwise/compiling/WRFv4.4-DRM_real_GAD_slices_CPM/external/io_netcdf -I/global/scratch/users/adamwise/compiling/WRFv4.4-DRM_real_GAD_slices_CPM/external/io_int -I/global/scratch/users/adamwise/compiling/WRFv4.4-DRM_real_GAD_slices_CPM/frame -I/global/scratch/users/adamwise/compiling/WRFv4.4-DRM_real_GAD_slices_CPM/share -I/global/scratch/users/adamwise/compiling/WRFv4.4-DRM_real_GAD_slices_CPM/phys -I/global/scratch/users/adamwise/compiling/WRFv4.4-DRM_real_GAD_slices_CPM/wrftladj -I/global/scratch/users/adamwise/compiling/WRFv4.4-DRM_real_GAD_slices_CPM/chem -I/global/scratch/users/adamwise/compiling/WRFv4.4-DRM_real_GAD_slices_CPM/inc -I/global/software/sl-7.x86_64/modules/intel/2016.4.072/netcdf/4.4.1.1-intel-s/include  -real-size `expr 8 \* 4` -i4  module_progtm.f90

real	0m0.367s
user	0m0.066s
sys	0m0.092s
rm -f module_sf_exchcoef.o
sed -e "s/^\!.*'.*//" -e "s/^ *\!.*'.*//" module_sf_exchcoef.F > module_sf_exchcoef.G
/lib/cpp -P -nostdinc -I/global/scratch/users/adamwise/compiling/WRFv4.4-DRM_real_GAD_slices_CPM/inc -DEM_CORE=1 -DNMM_CORE=0 -DNMM_MAX_DIM=2600 -DDA_CORE=0 -DWRFPLUS=0 -DIWORDSIZE=4 -DDWORDSIZE=8 -DRWORDSIZE=4 -DLWORDSIZE=4 -DNONSTANDARD_SYSTEM_FUNC  -DWRF_USE_CLM -DUSE_NETCDF4_FEATURES -DWRFIO_NCD_LARGE_FILE_SUPPORT  -DDM_PARALLEL -DNETCDF -DLANDREAD_STUB=1 -DUSE_ALLOCATABLES -Dwrfmodel -DGRIB1 -DINTIO -DKEEP_INT_AROUND -DLIMIT_ARGS -DBUILD_RRTMG_FAST=0 -DBUILD_RRTMK=0 -DBUILD_SBM_FAST=1 -DSHOW_ALL_VARS_USED=0 -DCONFIG_BUF_LEN=65536 -DMAX_DOMAINS_F=21 -DMAX_HISTORY=25 -DNMM_NEST=0  -I. -traditional-cpp -DUSE_NETCDF4_FEATURES -DWRFIO_NCD_LARGE_FILE_SUPPORT   module_sf_exchcoef.G  > module_sf_exchcoef.bb
/global/scratch/users/adamwise/compiling/WRFv4.4-DRM_real_GAD_slices_CPM/tools/standard.exe module_sf_exchcoef.bb | /lib/cpp -P -nostdinc -traditional-cpp -DUSE_NETCDF4_FEATURES -DWRFIO_NCD_LARGE_FILE_SUPPORT > module_sf_exchcoef.f90
rm -f module_sf_exchcoef.G module_sf_exchcoef.bb
time mpif90 -f90=ifort -o module_sf_exchcoef.o -c -O3 -ip -fp-model precise -w -ftz -align all -fno-alias -FR -convert big_endian    -I../dyn_em  -I/global/scratch/users/adamwise/compiling/WRFv4.4-DRM_real_GAD_slices_CPM/external/esmf_time_f90  -I/global/scratch/users/adamwise/compiling/WRFv4.4-DRM_real_GAD_slices_CPM/main -I/global/scratch/users/adamwise/compiling/WRFv4.4-DRM_real_GAD_slices_CPM/external/io_netcdf -I/global/scratch/users/adamwise/compiling/WRFv4.4-DRM_real_GAD_slices_CPM/external/io_int -I/global/scratch/users/adamwise/compiling/WRFv4.4-DRM_real_GAD_slices_CPM/frame -I/global/scratch/users/adamwise/compiling/WRFv4.4-DRM_real_GAD_slices_CPM/share -I/global/scratch/users/adamwise/compiling/WRFv4.4-DRM_real_GAD_slices_CPM/phys -I/global/scratch/users/adamwise/compiling/WRFv4.4-DRM_real_GAD_slices_CPM/wrftladj -I/global/scratch/users/adamwise/compiling/WRFv4.4-DRM_real_GAD_slices_CPM/chem -I/global/scratch/users/adamwise/compiling/WRFv4.4-DRM_real_GAD_slices_CPM/inc -I/global/software/sl-7.x86_64/modules/intel/2016.4.072/netcdf/4.4.1.1-intel-s/include  -real-size `expr 8 \* 4` -i4  module_sf_exchcoef.f90

real	0m0.533s
user	0m0.218s
sys	0m0.108s
rm -f module_sf_slab.o
sed -e "s/^\!.*'.*//" -e "s/^ *\!.*'.*//" module_sf_slab.F > module_sf_slab.G
/lib/cpp -P -nostdinc -I/global/scratch/users/adamwise/compiling/WRFv4.4-DRM_real_GAD_slices_CPM/inc -DEM_CORE=1 -DNMM_CORE=0 -DNMM_MAX_DIM=2600 -DDA_CORE=0 -DWRFPLUS=0 -DIWORDSIZE=4 -DDWORDSIZE=8 -DRWORDSIZE=4 -DLWORDSIZE=4 -DNONSTANDARD_SYSTEM_FUNC  -DWRF_USE_CLM -DUSE_NETCDF4_FEATURES -DWRFIO_NCD_LARGE_FILE_SUPPORT  -DDM_PARALLEL -DNETCDF -DLANDREAD_STUB=1 -DUSE_ALLOCATABLES -Dwrfmodel -DGRIB1 -DINTIO -DKEEP_INT_AROUND -DLIMIT_ARGS -DBUILD_RRTMG_FAST=0 -DBUILD_RRTMK=0 -DBUILD_SBM_FAST=1 -DSHOW_ALL_VARS_USED=0 -DCONFIG_BUF_LEN=65536 -DMAX_DOMAINS_F=21 -DMAX_HISTORY=25 -DNMM_NEST=0  -I. -traditional-cpp -DUSE_NETCDF4_FEATURES -DWRFIO_NCD_LARGE_FILE_SUPPORT   module_sf_slab.G  > module_sf_slab.bb
/global/scratch/users/adamwise/compiling/WRFv4.4-DRM_real_GAD_slices_CPM/tools/standard.exe module_sf_slab.bb | /lib/cpp -P -nostdinc -traditional-cpp -DUSE_NETCDF4_FEATURES -DWRFIO_NCD_LARGE_FILE_SUPPORT > module_sf_slab.f90
rm -f module_sf_slab.G module_sf_slab.bb
time mpif90 -f90=ifort -o module_sf_slab.o -c -O3 -ip -fp-model precise -w -ftz -align all -fno-alias -FR -convert big_endian    -I../dyn_em  -I/global/scratch/users/adamwise/compiling/WRFv4.4-DRM_real_GAD_slices_CPM/external/esmf_time_f90  -I/global/scratch/users/adamwise/compiling/WRFv4.4-DRM_real_GAD_slices_CPM/main -I/global/scratch/users/adamwise/compiling/WRFv4.4-DRM_real_GAD_slices_CPM/external/io_netcdf -I/global/scratch/users/adamwise/compiling/WRFv4.4-DRM_real_GAD_slices_CPM/external/io_int -I/global/scratch/users/adamwise/compiling/WRFv4.4-DRM_real_GAD_slices_CPM/frame -I/global/scratch/users/adamwise/compiling/WRFv4.4-DRM_real_GAD_slices_CPM/share -I/global/scratch/users/adamwise/compiling/WRFv4.4-DRM_real_GAD_slices_CPM/phys -I/global/scratch/users/adamwise/compiling/WRFv4.4-DRM_real_GAD_slices_CPM/wrftladj -I/global/scratch/users/adamwise/compiling/WRFv4.4-DRM_real_GAD_slices_CPM/chem -I/global/scratch/users/adamwise/compiling/WRFv4.4-DRM_real_GAD_slices_CPM/inc -I/global/software/sl-7.x86_64/modules/intel/2016.4.072/netcdf/4.4.1.1-intel-s/include  -real-size `expr 8 \* 4` -i4  module_sf_slab.f90

real	0m0.992s
user	0m0.679s
sys	0m0.103s
rm -f module_sf_noahlsm.o
sed -e "s/^\!.*'.*//" -e "s/^ *\!.*'.*//" module_sf_noahlsm.F > module_sf_noahlsm.G
/lib/cpp -P -nostdinc -I/global/scratch/users/adamwise/compiling/WRFv4.4-DRM_real_GAD_slices_CPM/inc -DEM_CORE=1 -DNMM_CORE=0 -DNMM_MAX_DIM=2600 -DDA_CORE=0 -DWRFPLUS=0 -DIWORDSIZE=4 -DDWORDSIZE=8 -DRWORDSIZE=4 -DLWORDSIZE=4 -DNONSTANDARD_SYSTEM_FUNC  -DWRF_USE_CLM -DUSE_NETCDF4_FEATURES -DWRFIO_NCD_LARGE_FILE_SUPPORT  -DDM_PARALLEL -DNETCDF -DLANDREAD_STUB=1 -DUSE_ALLOCATABLES -Dwrfmodel -DGRIB1 -DINTIO -DKEEP_INT_AROUND -DLIMIT_ARGS -DBUILD_RRTMG_FAST=0 -DBUILD_RRTMK=0 -DBUILD_SBM_FAST=1 -DSHOW_ALL_VARS_USED=0 -DCONFIG_BUF_LEN=65536 -DMAX_DOMAINS_F=21 -DMAX_HISTORY=25 -DNMM_NEST=0  -I. -traditional-cpp -DUSE_NETCDF4_FEATURES -DWRFIO_NCD_LARGE_FILE_SUPPORT   module_sf_noahlsm.G  > module_sf_noahlsm.bb
/global/scratch/users/adamwise/compiling/WRFv4.4-DRM_real_GAD_slices_CPM/tools/standard.exe module_sf_noahlsm.bb | /lib/cpp -P -nostdinc -traditional-cpp -DUSE_NETCDF4_FEATURES -DWRFIO_NCD_LARGE_FILE_SUPPORT > module_sf_noahlsm.f90
rm -f module_sf_noahlsm.G module_sf_noahlsm.bb
time mpif90 -f90=ifort -o module_sf_noahlsm.o -c -O3 -ip -fp-model precise -w -ftz -align all -fno-alias -FR -convert big_endian    -I../dyn_em  -I/global/scratch/users/adamwise/compiling/WRFv4.4-DRM_real_GAD_slices_CPM/external/esmf_time_f90  -I/global/scratch/users/adamwise/compiling/WRFv4.4-DRM_real_GAD_slices_CPM/main -I/global/scratch/users/adamwise/compiling/WRFv4.4-DRM_real_GAD_slices_CPM/external/io_netcdf -I/global/scratch/users/adamwise/compiling/WRFv4.4-DRM_real_GAD_slices_CPM/external/io_int -I/global/scratch/users/adamwise/compiling/WRFv4.4-DRM_real_GAD_slices_CPM/frame -I/global/scratch/users/adamwise/compiling/WRFv4.4-DRM_real_GAD_slices_CPM/share -I/global/scratch/users/adamwise/compiling/WRFv4.4-DRM_real_GAD_slices_CPM/phys -I/global/scratch/users/adamwise/compiling/WRFv4.4-DRM_real_GAD_slices_CPM/wrftladj -I/global/scratch/users/adamwise/compiling/WRFv4.4-DRM_real_GAD_slices_CPM/chem -I/global/scratch/users/adamwise/compiling/WRFv4.4-DRM_real_GAD_slices_CPM/inc -I/global/software/sl-7.x86_64/modules/intel/2016.4.072/netcdf/4.4.1.1-intel-s/include  -real-size `expr 8 \* 4` -i4  module_sf_noahlsm.f90

real	0m1.862s
user	0m1.509s
sys	0m0.135s
rm -f module_sf_gecros.o
sed -e "s/^\!.*'.*//" -e "s/^ *\!.*'.*//" module_sf_gecros.F > module_sf_gecros.G
/lib/cpp -P -nostdinc -I/global/scratch/users/adamwise/compiling/WRFv4.4-DRM_real_GAD_slices_CPM/inc -DEM_CORE=1 -DNMM_CORE=0 -DNMM_MAX_DIM=2600 -DDA_CORE=0 -DWRFPLUS=0 -DIWORDSIZE=4 -DDWORDSIZE=8 -DRWORDSIZE=4 -DLWORDSIZE=4 -DNONSTANDARD_SYSTEM_FUNC  -DWRF_USE_CLM -DUSE_NETCDF4_FEATURES -DWRFIO_NCD_LARGE_FILE_SUPPORT  -DDM_PARALLEL -DNETCDF -DLANDREAD_STUB=1 -DUSE_ALLOCATABLES -Dwrfmodel -DGRIB1 -DINTIO -DKEEP_INT_AROUND -DLIMIT_ARGS -DBUILD_RRTMG_FAST=0 -DBUILD_RRTMK=0 -DBUILD_SBM_FAST=1 -DSHOW_ALL_VARS_USED=0 -DCONFIG_BUF_LEN=65536 -DMAX_DOMAINS_F=21 -DMAX_HISTORY=25 -DNMM_NEST=0  -I. -traditional-cpp -DUSE_NETCDF4_FEATURES -DWRFIO_NCD_LARGE_FILE_SUPPORT   module_sf_gecros.G  > module_sf_gecros.bb
/global/scratch/users/adamwise/compiling/WRFv4.4-DRM_real_GAD_slices_CPM/tools/standard.exe module_sf_gecros.bb | /lib/cpp -P -nostdinc -traditional-cpp -DUSE_NETCDF4_FEATURES -DWRFIO_NCD_LARGE_FILE_SUPPORT > module_sf_gecros.f90
rm -f module_sf_gecros.G module_sf_gecros.bb
time mpif90 -f90=ifort -o module_sf_gecros.o -c -O3 -ip -fp-model precise -w -ftz -align all -fno-alias -FR -convert big_endian    -I../dyn_em  -I/global/scratch/users/adamwise/compiling/WRFv4.4-DRM_real_GAD_slices_CPM/external/esmf_time_f90  -I/global/scratch/users/adamwise/compiling/WRFv4.4-DRM_real_GAD_slices_CPM/main -I/global/scratch/users/adamwise/compiling/WRFv4.4-DRM_real_GAD_slices_CPM/external/io_netcdf -I/global/scratch/users/adamwise/compiling/WRFv4.4-DRM_real_GAD_slices_CPM/external/io_int -I/global/scratch/users/adamwise/compiling/WRFv4.4-DRM_real_GAD_slices_CPM/frame -I/global/scratch/users/adamwise/compiling/WRFv4.4-DRM_real_GAD_slices_CPM/share -I/global/scratch/users/adamwise/compiling/WRFv4.4-DRM_real_GAD_slices_CPM/phys -I/global/scratch/users/adamwise/compiling/WRFv4.4-DRM_real_GAD_slices_CPM/wrftladj -I/global/scratch/users/adamwise/compiling/WRFv4.4-DRM_real_GAD_slices_CPM/chem -I/global/scratch/users/adamwise/compiling/WRFv4.4-DRM_real_GAD_slices_CPM/inc -I/global/software/sl-7.x86_64/modules/intel/2016.4.072/netcdf/4.4.1.1-intel-s/include  -real-size `expr 8 \* 4` -i4  module_sf_gecros.f90

real	0m0.817s
user	0m0.485s
sys	0m0.123s
rm -f module_sf_myjsfc.o
sed -e "s/^\!.*'.*//" -e "s/^ *\!.*'.*//" module_sf_myjsfc.F > module_sf_myjsfc.G
/lib/cpp -P -nostdinc -I/global/scratch/users/adamwise/compiling/WRFv4.4-DRM_real_GAD_slices_CPM/inc -DEM_CORE=1 -DNMM_CORE=0 -DNMM_MAX_DIM=2600 -DDA_CORE=0 -DWRFPLUS=0 -DIWORDSIZE=4 -DDWORDSIZE=8 -DRWORDSIZE=4 -DLWORDSIZE=4 -DNONSTANDARD_SYSTEM_FUNC  -DWRF_USE_CLM -DUSE_NETCDF4_FEATURES -DWRFIO_NCD_LARGE_FILE_SUPPORT  -DDM_PARALLEL -DNETCDF -DLANDREAD_STUB=1 -DUSE_ALLOCATABLES -Dwrfmodel -DGRIB1 -DINTIO -DKEEP_INT_AROUND -DLIMIT_ARGS -DBUILD_RRTMG_FAST=0 -DBUILD_RRTMK=0 -DBUILD_SBM_FAST=1 -DSHOW_ALL_VARS_USED=0 -DCONFIG_BUF_LEN=65536 -DMAX_DOMAINS_F=21 -DMAX_HISTORY=25 -DNMM_NEST=0  -I. -traditional-cpp -DUSE_NETCDF4_FEATURES -DWRFIO_NCD_LARGE_FILE_SUPPORT   module_sf_myjsfc.G  > module_sf_myjsfc.bb
/global/scratch/users/adamwise/compiling/WRFv4.4-DRM_real_GAD_slices_CPM/tools/standard.exe module_sf_myjsfc.bb | /lib/cpp -P -nostdinc -traditional-cpp -DUSE_NETCDF4_FEATURES -DWRFIO_NCD_LARGE_FILE_SUPPORT > module_sf_myjsfc.f90
rm -f module_sf_myjsfc.G module_sf_myjsfc.bb
time mpif90 -f90=ifort -o module_sf_myjsfc.o -c -O3 -ip -fp-model precise -w -ftz -align all -fno-alias -FR -convert big_endian    -I../dyn_em  -I/global/scratch/users/adamwise/compiling/WRFv4.4-DRM_real_GAD_slices_CPM/external/esmf_time_f90  -I/global/scratch/users/adamwise/compiling/WRFv4.4-DRM_real_GAD_slices_CPM/main -I/global/scratch/users/adamwise/compiling/WRFv4.4-DRM_real_GAD_slices_CPM/external/io_netcdf -I/global/scratch/users/adamwise/compiling/WRFv4.4-DRM_real_GAD_slices_CPM/external/io_int -I/global/scratch/users/adamwise/compiling/WRFv4.4-DRM_real_GAD_slices_CPM/frame -I/global/scratch/users/adamwise/compiling/WRFv4.4-DRM_real_GAD_slices_CPM/share -I/global/scratch/users/adamwise/compiling/WRFv4.4-DRM_real_GAD_slices_CPM/phys -I/global/scratch/users/adamwise/compiling/WRFv4.4-DRM_real_GAD_slices_CPM/wrftladj -I/global/scratch/users/adamwise/compiling/WRFv4.4-DRM_real_GAD_slices_CPM/chem -I/global/scratch/users/adamwise/compiling/WRFv4.4-DRM_real_GAD_slices_CPM/inc -I/global/software/sl-7.x86_64/modules/intel/2016.4.072/netcdf/4.4.1.1-intel-s/include  -real-size `expr 8 \* 4` -i4  module_sf_myjsfc.f90

real	0m12.050s
user	0m11.569s
sys	0m0.241s
rm -f module_data_gocart_dust.o
sed -e "s/^\!.*'.*//" -e "s/^ *\!.*'.*//" module_data_gocart_dust.F > module_data_gocart_dust.G
/lib/cpp -P -nostdinc -I/global/scratch/users/adamwise/compiling/WRFv4.4-DRM_real_GAD_slices_CPM/inc -DEM_CORE=1 -DNMM_CORE=0 -DNMM_MAX_DIM=2600 -DDA_CORE=0 -DWRFPLUS=0 -DIWORDSIZE=4 -DDWORDSIZE=8 -DRWORDSIZE=4 -DLWORDSIZE=4 -DNONSTANDARD_SYSTEM_FUNC  -DWRF_USE_CLM -DUSE_NETCDF4_FEATURES -DWRFIO_NCD_LARGE_FILE_SUPPORT  -DDM_PARALLEL -DNETCDF -DLANDREAD_STUB=1 -DUSE_ALLOCATABLES -Dwrfmodel -DGRIB1 -DINTIO -DKEEP_INT_AROUND -DLIMIT_ARGS -DBUILD_RRTMG_FAST=0 -DBUILD_RRTMK=0 -DBUILD_SBM_FAST=1 -DSHOW_ALL_VARS_USED=0 -DCONFIG_BUF_LEN=65536 -DMAX_DOMAINS_F=21 -DMAX_HISTORY=25 -DNMM_NEST=0  -I. -traditional-cpp -DUSE_NETCDF4_FEATURES -DWRFIO_NCD_LARGE_FILE_SUPPORT   module_data_gocart_dust.G  > module_data_gocart_dust.bb
/global/scratch/users/adamwise/compiling/WRFv4.4-DRM_real_GAD_slices_CPM/tools/standard.exe module_data_gocart_dust.bb | /lib/cpp -P -nostdinc -traditional-cpp -DUSE_NETCDF4_FEATURES -DWRFIO_NCD_LARGE_FILE_SUPPORT > module_data_gocart_dust.f90
rm -f module_data_gocart_dust.G module_data_gocart_dust.bb
time mpif90 -f90=ifort -o module_data_gocart_dust.o -c -O3 -ip -fp-model precise -w -ftz -align all -fno-alias -FR -convert big_endian    -I../dyn_em  -I/global/scratch/users/adamwise/compiling/WRFv4.4-DRM_real_GAD_slices_CPM/external/esmf_time_f90  -I/global/scratch/users/adamwise/compiling/WRFv4.4-DRM_real_GAD_slices_CPM/main -I/global/scratch/users/adamwise/compiling/WRFv4.4-DRM_real_GAD_slices_CPM/external/io_netcdf -I/global/scratch/users/adamwise/compiling/WRFv4.4-DRM_real_GAD_slices_CPM/external/io_int -I/global/scratch/users/adamwise/compiling/WRFv4.4-DRM_real_GAD_slices_CPM/frame -I/global/scratch/users/adamwise/compiling/WRFv4.4-DRM_real_GAD_slices_CPM/share -I/global/scratch/users/adamwise/compiling/WRFv4.4-DRM_real_GAD_slices_CPM/phys -I/global/scratch/users/adamwise/compiling/WRFv4.4-DRM_real_GAD_slices_CPM/wrftladj -I/global/scratch/users/adamwise/compiling/WRFv4.4-DRM_real_GAD_slices_CPM/chem -I/global/scratch/users/adamwise/compiling/WRFv4.4-DRM_real_GAD_slices_CPM/inc -I/global/software/sl-7.x86_64/modules/intel/2016.4.072/netcdf/4.4.1.1-intel-s/include  -real-size `expr 8 \* 4` -i4  module_data_gocart_dust.f90

real	0m0.356s
user	0m0.042s
sys	0m0.100s
rm -f module_sf_urban.o
sed -e "s/^\!.*'.*//" -e "s/^ *\!.*'.*//" module_sf_urban.F > module_sf_urban.G
/lib/cpp -P -nostdinc -I/global/scratch/users/adamwise/compiling/WRFv4.4-DRM_real_GAD_slices_CPM/inc -DEM_CORE=1 -DNMM_CORE=0 -DNMM_MAX_DIM=2600 -DDA_CORE=0 -DWRFPLUS=0 -DIWORDSIZE=4 -DDWORDSIZE=8 -DRWORDSIZE=4 -DLWORDSIZE=4 -DNONSTANDARD_SYSTEM_FUNC  -DWRF_USE_CLM -DUSE_NETCDF4_FEATURES -DWRFIO_NCD_LARGE_FILE_SUPPORT  -DDM_PARALLEL -DNETCDF -DLANDREAD_STUB=1 -DUSE_ALLOCATABLES -Dwrfmodel -DGRIB1 -DINTIO -DKEEP_INT_AROUND -DLIMIT_ARGS -DBUILD_RRTMG_FAST=0 -DBUILD_RRTMK=0 -DBUILD_SBM_FAST=1 -DSHOW_ALL_VARS_USED=0 -DCONFIG_BUF_LEN=65536 -DMAX_DOMAINS_F=21 -DMAX_HISTORY=25 -DNMM_NEST=0  -I. -traditional-cpp -DUSE_NETCDF4_FEATURES -DWRFIO_NCD_LARGE_FILE_SUPPORT   module_sf_urban.G  > module_sf_urban.bb
/global/scratch/users/adamwise/compiling/WRFv4.4-DRM_real_GAD_slices_CPM/tools/standard.exe module_sf_urban.bb | /lib/cpp -P -nostdinc -traditional-cpp -DUSE_NETCDF4_FEATURES -DWRFIO_NCD_LARGE_FILE_SUPPORT > module_sf_urban.f90
rm -f module_sf_urban.G module_sf_urban.bb
time mpif90 -f90=ifort -o module_sf_urban.o -c -O3 -ip -fp-model precise -w -ftz -align all -fno-alias -FR -convert big_endian    -I../dyn_em  -I/global/scratch/users/adamwise/compiling/WRFv4.4-DRM_real_GAD_slices_CPM/external/esmf_time_f90  -I/global/scratch/users/adamwise/compiling/WRFv4.4-DRM_real_GAD_slices_CPM/main -I/global/scratch/users/adamwise/compiling/WRFv4.4-DRM_real_GAD_slices_CPM/external/io_netcdf -I/global/scratch/users/adamwise/compiling/WRFv4.4-DRM_real_GAD_slices_CPM/external/io_int -I/global/scratch/users/adamwise/compiling/WRFv4.4-DRM_real_GAD_slices_CPM/frame -I/global/scratch/users/adamwise/compiling/WRFv4.4-DRM_real_GAD_slices_CPM/share -I/global/scratch/users/adamwise/compiling/WRFv4.4-DRM_real_GAD_slices_CPM/phys -I/global/scratch/users/adamwise/compiling/WRFv4.4-DRM_real_GAD_slices_CPM/wrftladj -I/global/scratch/users/adamwise/compiling/WRFv4.4-DRM_real_GAD_slices_CPM/chem -I/global/scratch/users/adamwise/compiling/WRFv4.4-DRM_real_GAD_slices_CPM/inc -I/global/software/sl-7.x86_64/modules/intel/2016.4.072/netcdf/4.4.1.1-intel-s/include  -real-size `expr 8 \* 4` -i4  module_sf_urban.f90

real	0m1.146s
user	0m0.758s
sys	0m0.164s
rm -f module_sf_bem.o
sed -e "s/^\!.*'.*//" -e "s/^ *\!.*'.*//" module_sf_bem.F > module_sf_bem.G
/lib/cpp -P -nostdinc -I/global/scratch/users/adamwise/compiling/WRFv4.4-DRM_real_GAD_slices_CPM/inc -DEM_CORE=1 -DNMM_CORE=0 -DNMM_MAX_DIM=2600 -DDA_CORE=0 -DWRFPLUS=0 -DIWORDSIZE=4 -DDWORDSIZE=8 -DRWORDSIZE=4 -DLWORDSIZE=4 -DNONSTANDARD_SYSTEM_FUNC  -DWRF_USE_CLM -DUSE_NETCDF4_FEATURES -DWRFIO_NCD_LARGE_FILE_SUPPORT  -DDM_PARALLEL -DNETCDF -DLANDREAD_STUB=1 -DUSE_ALLOCATABLES -Dwrfmodel -DGRIB1 -DINTIO -DKEEP_INT_AROUND -DLIMIT_ARGS -DBUILD_RRTMG_FAST=0 -DBUILD_RRTMK=0 -DBUILD_SBM_FAST=1 -DSHOW_ALL_VARS_USED=0 -DCONFIG_BUF_LEN=65536 -DMAX_DOMAINS_F=21 -DMAX_HISTORY=25 -DNMM_NEST=0  -I. -traditional-cpp -DUSE_NETCDF4_FEATURES -DWRFIO_NCD_LARGE_FILE_SUPPORT   module_sf_bem.G  > module_sf_bem.bb
/global/scratch/users/adamwise/compiling/WRFv4.4-DRM_real_GAD_slices_CPM/tools/standard.exe module_sf_bem.bb | /lib/cpp -P -nostdinc -traditional-cpp -DUSE_NETCDF4_FEATURES -DWRFIO_NCD_LARGE_FILE_SUPPORT > module_sf_bem.f90
rm -f module_sf_bem.G module_sf_bem.bb
time mpif90 -f90=ifort -o module_sf_bem.o -c -O3 -ip -fp-model precise -w -ftz -align all -fno-alias -FR -convert big_endian    -I../dyn_em  -I/global/scratch/users/adamwise/compiling/WRFv4.4-DRM_real_GAD_slices_CPM/external/esmf_time_f90  -I/global/scratch/users/adamwise/compiling/WRFv4.4-DRM_real_GAD_slices_CPM/main -I/global/scratch/users/adamwise/compiling/WRFv4.4-DRM_real_GAD_slices_CPM/external/io_netcdf -I/global/scratch/users/adamwise/compiling/WRFv4.4-DRM_real_GAD_slices_CPM/external/io_int -I/global/scratch/users/adamwise/compiling/WRFv4.4-DRM_real_GAD_slices_CPM/frame -I/global/scratch/users/adamwise/compiling/WRFv4.4-DRM_real_GAD_slices_CPM/share -I/global/scratch/users/adamwise/compiling/WRFv4.4-DRM_real_GAD_slices_CPM/phys -I/global/scratch/users/adamwise/compiling/WRFv4.4-DRM_real_GAD_slices_CPM/wrftladj -I/global/scratch/users/adamwise/compiling/WRFv4.4-DRM_real_GAD_slices_CPM/chem -I/global/scratch/users/adamwise/compiling/WRFv4.4-DRM_real_GAD_slices_CPM/inc -I/global/software/sl-7.x86_64/modules/intel/2016.4.072/netcdf/4.4.1.1-intel-s/include  -real-size `expr 8 \* 4` -i4  module_sf_bem.f90

real	0m1.882s
user	0m1.515s
sys	0m0.141s
rm -f module_sf_ctsm.o
sed -e "s/^\!.*'.*//" -e "s/^ *\!.*'.*//" module_sf_ctsm.F > module_sf_ctsm.G
/lib/cpp -P -nostdinc -I/global/scratch/users/adamwise/compiling/WRFv4.4-DRM_real_GAD_slices_CPM/inc -DEM_CORE=1 -DNMM_CORE=0 -DNMM_MAX_DIM=2600 -DDA_CORE=0 -DWRFPLUS=0 -DIWORDSIZE=4 -DDWORDSIZE=8 -DRWORDSIZE=4 -DLWORDSIZE=4 -DNONSTANDARD_SYSTEM_FUNC  -DWRF_USE_CLM -DUSE_NETCDF4_FEATURES -DWRFIO_NCD_LARGE_FILE_SUPPORT  -DDM_PARALLEL -DNETCDF -DLANDREAD_STUB=1 -DUSE_ALLOCATABLES -Dwrfmodel -DGRIB1 -DINTIO -DKEEP_INT_AROUND -DLIMIT_ARGS -DBUILD_RRTMG_FAST=0 -DBUILD_RRTMK=0 -DBUILD_SBM_FAST=1 -DSHOW_ALL_VARS_USED=0 -DCONFIG_BUF_LEN=65536 -DMAX_DOMAINS_F=21 -DMAX_HISTORY=25 -DNMM_NEST=0  -I. -traditional-cpp -DUSE_NETCDF4_FEATURES -DWRFIO_NCD_LARGE_FILE_SUPPORT   module_sf_ctsm.G  > module_sf_ctsm.bb
/global/scratch/users/adamwise/compiling/WRFv4.4-DRM_real_GAD_slices_CPM/tools/standard.exe module_sf_ctsm.bb | /lib/cpp -P -nostdinc -traditional-cpp -DUSE_NETCDF4_FEATURES -DWRFIO_NCD_LARGE_FILE_SUPPORT > module_sf_ctsm.f90
rm -f module_sf_ctsm.G module_sf_ctsm.bb
time mpif90 -f90=ifort -o module_sf_ctsm.o -c -O3 -ip -fp-model precise -w -ftz -align all -fno-alias -FR -convert big_endian    -I../dyn_em  -I/global/scratch/users/adamwise/compiling/WRFv4.4-DRM_real_GAD_slices_CPM/external/esmf_time_f90  -I/global/scratch/users/adamwise/compiling/WRFv4.4-DRM_real_GAD_slices_CPM/main -I/global/scratch/users/adamwise/compiling/WRFv4.4-DRM_real_GAD_slices_CPM/external/io_netcdf -I/global/scratch/users/adamwise/compiling/WRFv4.4-DRM_real_GAD_slices_CPM/external/io_int -I/global/scratch/users/adamwise/compiling/WRFv4.4-DRM_real_GAD_slices_CPM/frame -I/global/scratch/users/adamwise/compiling/WRFv4.4-DRM_real_GAD_slices_CPM/share -I/global/scratch/users/adamwise/compiling/WRFv4.4-DRM_real_GAD_slices_CPM/phys -I/global/scratch/users/adamwise/compiling/WRFv4.4-DRM_real_GAD_slices_CPM/wrftladj -I/global/scratch/users/adamwise/compiling/WRFv4.4-DRM_real_GAD_slices_CPM/chem -I/global/scratch/users/adamwise/compiling/WRFv4.4-DRM_real_GAD_slices_CPM/inc -I/global/software/sl-7.x86_64/modules/intel/2016.4.072/netcdf/4.4.1.1-intel-s/include  -real-size `expr 8 \* 4` -i4  module_sf_ctsm.f90

real	0m0.349s
user	0m0.055s
sys	0m0.084s
rm -f module_sf_ssib.o
sed -e "s/^\!.*'.*//" -e "s/^ *\!.*'.*//" module_sf_ssib.F > module_sf_ssib.G
/lib/cpp -P -nostdinc -I/global/scratch/users/adamwise/compiling/WRFv4.4-DRM_real_GAD_slices_CPM/inc -DEM_CORE=1 -DNMM_CORE=0 -DNMM_MAX_DIM=2600 -DDA_CORE=0 -DWRFPLUS=0 -DIWORDSIZE=4 -DDWORDSIZE=8 -DRWORDSIZE=4 -DLWORDSIZE=4 -DNONSTANDARD_SYSTEM_FUNC  -DWRF_USE_CLM -DUSE_NETCDF4_FEATURES -DWRFIO_NCD_LARGE_FILE_SUPPORT  -DDM_PARALLEL -DNETCDF -DLANDREAD_STUB=1 -DUSE_ALLOCATABLES -Dwrfmodel -DGRIB1 -DINTIO -DKEEP_INT_AROUND -DLIMIT_ARGS -DBUILD_RRTMG_FAST=0 -DBUILD_RRTMK=0 -DBUILD_SBM_FAST=1 -DSHOW_ALL_VARS_USED=0 -DCONFIG_BUF_LEN=65536 -DMAX_DOMAINS_F=21 -DMAX_HISTORY=25 -DNMM_NEST=0  -I. -traditional-cpp -DUSE_NETCDF4_FEATURES -DWRFIO_NCD_LARGE_FILE_SUPPORT   module_sf_ssib.G  > module_sf_ssib.bb
/global/scratch/users/adamwise/compiling/WRFv4.4-DRM_real_GAD_slices_CPM/tools/standard.exe module_sf_ssib.bb | /lib/cpp -P -nostdinc -traditional-cpp -DUSE_NETCDF4_FEATURES -DWRFIO_NCD_LARGE_FILE_SUPPORT > module_sf_ssib.f90
rm -f module_sf_ssib.G module_sf_ssib.bb
time mpif90 -f90=ifort -o module_sf_ssib.o -c -O3 -ip -fp-model precise -w -ftz -align all -fno-alias -FR -convert big_endian    -I../dyn_em  -I/global/scratch/users/adamwise/compiling/WRFv4.4-DRM_real_GAD_slices_CPM/external/esmf_time_f90  -I/global/scratch/users/adamwise/compiling/WRFv4.4-DRM_real_GAD_slices_CPM/main -I/global/scratch/users/adamwise/compiling/WRFv4.4-DRM_real_GAD_slices_CPM/external/io_netcdf -I/global/scratch/users/adamwise/compiling/WRFv4.4-DRM_real_GAD_slices_CPM/external/io_int -I/global/scratch/users/adamwise/compiling/WRFv4.4-DRM_real_GAD_slices_CPM/frame -I/global/scratch/users/adamwise/compiling/WRFv4.4-DRM_real_GAD_slices_CPM/share -I/global/scratch/users/adamwise/compiling/WRFv4.4-DRM_real_GAD_slices_CPM/phys -I/global/scratch/users/adamwise/compiling/WRFv4.4-DRM_real_GAD_slices_CPM/wrftladj -I/global/scratch/users/adamwise/compiling/WRFv4.4-DRM_real_GAD_slices_CPM/chem -I/global/scratch/users/adamwise/compiling/WRFv4.4-DRM_real_GAD_slices_CPM/inc -I/global/software/sl-7.x86_64/modules/intel/2016.4.072/netcdf/4.4.1.1-intel-s/include  -real-size `expr 8 \* 4` -i4  module_sf_ssib.f90

real	0m5.480s
user	0m5.041s
sys	0m0.193s
rm -f module_sf_noah_seaice.o
sed -e "s/^\!.*'.*//" -e "s/^ *\!.*'.*//" module_sf_noah_seaice.F > module_sf_noah_seaice.G
/lib/cpp -P -nostdinc -I/global/scratch/users/adamwise/compiling/WRFv4.4-DRM_real_GAD_slices_CPM/inc -DEM_CORE=1 -DNMM_CORE=0 -DNMM_MAX_DIM=2600 -DDA_CORE=0 -DWRFPLUS=0 -DIWORDSIZE=4 -DDWORDSIZE=8 -DRWORDSIZE=4 -DLWORDSIZE=4 -DNONSTANDARD_SYSTEM_FUNC  -DWRF_USE_CLM -DUSE_NETCDF4_FEATURES -DWRFIO_NCD_LARGE_FILE_SUPPORT  -DDM_PARALLEL -DNETCDF -DLANDREAD_STUB=1 -DUSE_ALLOCATABLES -Dwrfmodel -DGRIB1 -DINTIO -DKEEP_INT_AROUND -DLIMIT_ARGS -DBUILD_RRTMG_FAST=0 -DBUILD_RRTMK=0 -DBUILD_SBM_FAST=1 -DSHOW_ALL_VARS_USED=0 -DCONFIG_BUF_LEN=65536 -DMAX_DOMAINS_F=21 -DMAX_HISTORY=25 -DNMM_NEST=0  -I. -traditional-cpp -DUSE_NETCDF4_FEATURES -DWRFIO_NCD_LARGE_FILE_SUPPORT   module_sf_noah_seaice.G  > module_sf_noah_seaice.bb
/global/scratch/users/adamwise/compiling/WRFv4.4-DRM_real_GAD_slices_CPM/tools/standard.exe module_sf_noah_seaice.bb | /lib/cpp -P -nostdinc -traditional-cpp -DUSE_NETCDF4_FEATURES -DWRFIO_NCD_LARGE_FILE_SUPPORT > module_sf_noah_seaice.f90
rm -f module_sf_noah_seaice.G module_sf_noah_seaice.bb
time mpif90 -f90=ifort -o module_sf_noah_seaice.o -c -O3 -ip -fp-model precise -w -ftz -align all -fno-alias -FR -convert big_endian    -I../dyn_em  -I/global/scratch/users/adamwise/compiling/WRFv4.4-DRM_real_GAD_slices_CPM/external/esmf_time_f90  -I/global/scratch/users/adamwise/compiling/WRFv4.4-DRM_real_GAD_slices_CPM/main -I/global/scratch/users/adamwise/compiling/WRFv4.4-DRM_real_GAD_slices_CPM/external/io_netcdf -I/global/scratch/users/adamwise/compiling/WRFv4.4-DRM_real_GAD_slices_CPM/external/io_int -I/global/scratch/users/adamwise/compiling/WRFv4.4-DRM_real_GAD_slices_CPM/frame -I/global/scratch/users/adamwise/compiling/WRFv4.4-DRM_real_GAD_slices_CPM/share -I/global/scratch/users/adamwise/compiling/WRFv4.4-DRM_real_GAD_slices_CPM/phys -I/global/scratch/users/adamwise/compiling/WRFv4.4-DRM_real_GAD_slices_CPM/wrftladj -I/global/scratch/users/adamwise/compiling/WRFv4.4-DRM_real_GAD_slices_CPM/chem -I/global/scratch/users/adamwise/compiling/WRFv4.4-DRM_real_GAD_slices_CPM/inc -I/global/software/sl-7.x86_64/modules/intel/2016.4.072/netcdf/4.4.1.1-intel-s/include  -real-size `expr 8 \* 4` -i4  module_sf_noah_seaice.f90

real	0m0.675s
user	0m0.356s
sys	0m0.107s
rm -f module_sf_noahmp_glacier.o
sed -e "s/^\!.*'.*//" -e "s/^ *\!.*'.*//" module_sf_noahmp_glacier.F > module_sf_noahmp_glacier.G
/lib/cpp -P -nostdinc -I/global/scratch/users/adamwise/compiling/WRFv4.4-DRM_real_GAD_slices_CPM/inc -DEM_CORE=1 -DNMM_CORE=0 -DNMM_MAX_DIM=2600 -DDA_CORE=0 -DWRFPLUS=0 -DIWORDSIZE=4 -DDWORDSIZE=8 -DRWORDSIZE=4 -DLWORDSIZE=4 -DNONSTANDARD_SYSTEM_FUNC  -DWRF_USE_CLM -DUSE_NETCDF4_FEATURES -DWRFIO_NCD_LARGE_FILE_SUPPORT  -DDM_PARALLEL -DNETCDF -DLANDREAD_STUB=1 -DUSE_ALLOCATABLES -Dwrfmodel -DGRIB1 -DINTIO -DKEEP_INT_AROUND -DLIMIT_ARGS -DBUILD_RRTMG_FAST=0 -DBUILD_RRTMK=0 -DBUILD_SBM_FAST=1 -DSHOW_ALL_VARS_USED=0 -DCONFIG_BUF_LEN=65536 -DMAX_DOMAINS_F=21 -DMAX_HISTORY=25 -DNMM_NEST=0  -I. -traditional-cpp -DUSE_NETCDF4_FEATURES -DWRFIO_NCD_LARGE_FILE_SUPPORT   module_sf_noahmp_glacier.G  > module_sf_noahmp_glacier.bb
/global/scratch/users/adamwise/compiling/WRFv4.4-DRM_real_GAD_slices_CPM/tools/standard.exe module_sf_noahmp_glacier.bb | /lib/cpp -P -nostdinc -traditional-cpp -DUSE_NETCDF4_FEATURES -DWRFIO_NCD_LARGE_FILE_SUPPORT > module_sf_noahmp_glacier.f90
rm -f module_sf_noahmp_glacier.G module_sf_noahmp_glacier.bb
time mpif90 -f90=ifort -o module_sf_noahmp_glacier.o -c -O3 -ip -fp-model precise -w -ftz -align all -fno-alias -FR -convert big_endian    -I../dyn_em  -I/global/scratch/users/adamwise/compiling/WRFv4.4-DRM_real_GAD_slices_CPM/external/esmf_time_f90  -I/global/scratch/users/adamwise/compiling/WRFv4.4-DRM_real_GAD_slices_CPM/main -I/global/scratch/users/adamwise/compiling/WRFv4.4-DRM_real_GAD_slices_CPM/external/io_netcdf -I/global/scratch/users/adamwise/compiling/WRFv4.4-DRM_real_GAD_slices_CPM/external/io_int -I/global/scratch/users/adamwise/compiling/WRFv4.4-DRM_real_GAD_slices_CPM/frame -I/global/scratch/users/adamwise/compiling/WRFv4.4-DRM_real_GAD_slices_CPM/share -I/global/scratch/users/adamwise/compiling/WRFv4.4-DRM_real_GAD_slices_CPM/phys -I/global/scratch/users/adamwise/compiling/WRFv4.4-DRM_real_GAD_slices_CPM/wrftladj -I/global/scratch/users/adamwise/compiling/WRFv4.4-DRM_real_GAD_slices_CPM/chem -I/global/scratch/users/adamwise/compiling/WRFv4.4-DRM_real_GAD_slices_CPM/inc -I/global/software/sl-7.x86_64/modules/intel/2016.4.072/netcdf/4.4.1.1-intel-s/include  -real-size `expr 8 \* 4` -i4  module_sf_noahmp_glacier.f90

real	0m3.466s
user	0m3.079s
sys	0m0.160s
rm -f module_sf_pxlsm_data.o
sed -e "s/^\!.*'.*//" -e "s/^ *\!.*'.*//" module_sf_pxlsm_data.F > module_sf_pxlsm_data.G
/lib/cpp -P -nostdinc -I/global/scratch/users/adamwise/compiling/WRFv4.4-DRM_real_GAD_slices_CPM/inc -DEM_CORE=1 -DNMM_CORE=0 -DNMM_MAX_DIM=2600 -DDA_CORE=0 -DWRFPLUS=0 -DIWORDSIZE=4 -DDWORDSIZE=8 -DRWORDSIZE=4 -DLWORDSIZE=4 -DNONSTANDARD_SYSTEM_FUNC  -DWRF_USE_CLM -DUSE_NETCDF4_FEATURES -DWRFIO_NCD_LARGE_FILE_SUPPORT  -DDM_PARALLEL -DNETCDF -DLANDREAD_STUB=1 -DUSE_ALLOCATABLES -Dwrfmodel -DGRIB1 -DINTIO -DKEEP_INT_AROUND -DLIMIT_ARGS -DBUILD_RRTMG_FAST=0 -DBUILD_RRTMK=0 -DBUILD_SBM_FAST=1 -DSHOW_ALL_VARS_USED=0 -DCONFIG_BUF_LEN=65536 -DMAX_DOMAINS_F=21 -DMAX_HISTORY=25 -DNMM_NEST=0  -I. -traditional-cpp -DUSE_NETCDF4_FEATURES -DWRFIO_NCD_LARGE_FILE_SUPPORT   module_sf_pxlsm_data.G  > module_sf_pxlsm_data.bb
/global/scratch/users/adamwise/compiling/WRFv4.4-DRM_real_GAD_slices_CPM/tools/standard.exe module_sf_pxlsm_data.bb | /lib/cpp -P -nostdinc -traditional-cpp -DUSE_NETCDF4_FEATURES -DWRFIO_NCD_LARGE_FILE_SUPPORT > module_sf_pxlsm_data.f90
rm -f module_sf_pxlsm_data.G module_sf_pxlsm_data.bb
time mpif90 -f90=ifort -o module_sf_pxlsm_data.o -c -O3 -ip -fp-model precise -w -ftz -align all -fno-alias -FR -convert big_endian    -I../dyn_em  -I/global/scratch/users/adamwise/compiling/WRFv4.4-DRM_real_GAD_slices_CPM/external/esmf_time_f90  -I/global/scratch/users/adamwise/compiling/WRFv4.4-DRM_real_GAD_slices_CPM/main -I/global/scratch/users/adamwise/compiling/WRFv4.4-DRM_real_GAD_slices_CPM/external/io_netcdf -I/global/scratch/users/adamwise/compiling/WRFv4.4-DRM_real_GAD_slices_CPM/external/io_int -I/global/scratch/users/adamwise/compiling/WRFv4.4-DRM_real_GAD_slices_CPM/frame -I/global/scratch/users/adamwise/compiling/WRFv4.4-DRM_real_GAD_slices_CPM/share -I/global/scratch/users/adamwise/compiling/WRFv4.4-DRM_real_GAD_slices_CPM/phys -I/global/scratch/users/adamwise/compiling/WRFv4.4-DRM_real_GAD_slices_CPM/wrftladj -I/global/scratch/users/adamwise/compiling/WRFv4.4-DRM_real_GAD_slices_CPM/chem -I/global/scratch/users/adamwise/compiling/WRFv4.4-DRM_real_GAD_slices_CPM/inc -I/global/software/sl-7.x86_64/modules/intel/2016.4.072/netcdf/4.4.1.1-intel-s/include  -real-size `expr 8 \* 4` -i4  module_sf_pxlsm_data.f90

real	0m0.340s
user	0m0.041s
sys	0m0.088s
rm -f module_sf_ruclsm.o
/global/scratch/users/adamwise/compiling/WRFv4.4-DRM_real_GAD_slices_CPM/tools/standard.exe module_sf_ruclsm.F > module_sf_ruclsm.b 
/lib/cpp -P -nostdinc -I/global/scratch/users/adamwise/compiling/WRFv4.4-DRM_real_GAD_slices_CPM/inc -DEM_CORE=1 -DNMM_CORE=0 -DNMM_MAX_DIM=2600 -DDA_CORE=0 -DWRFPLUS=0 -DIWORDSIZE=4 -DDWORDSIZE=8 -DRWORDSIZE=4 -DLWORDSIZE=4 -DNONSTANDARD_SYSTEM_FUNC  -DWRF_USE_CLM -DUSE_NETCDF4_FEATURES -DWRFIO_NCD_LARGE_FILE_SUPPORT  -DDM_PARALLEL -DNETCDF -DLANDREAD_STUB=1 -DUSE_ALLOCATABLES -Dwrfmodel -DGRIB1 -DINTIO -DKEEP_INT_AROUND -DLIMIT_ARGS -DBUILD_RRTMG_FAST=0 -DBUILD_RRTMK=0 -DBUILD_SBM_FAST=1 -DSHOW_ALL_VARS_USED=0 -DCONFIG_BUF_LEN=65536 -DMAX_DOMAINS_F=21 -DMAX_HISTORY=25 -DNMM_NEST=0  -I. -traditional-cpp -DUSE_NETCDF4_FEATURES -DWRFIO_NCD_LARGE_FILE_SUPPORT   module_sf_ruclsm.b  > module_sf_ruclsm.f90
rm -f module_sf_ruclsm.b
if fgrep -iq '!$OMP' module_sf_ruclsm.f90 ; then \
          echo COMPILING module_sf_ruclsm.F WITH OMP ; \
          if [ -n "" ] ; then echo COMPILING module_sf_ruclsm.F WITH OMP ; fi ; \
  time mpif90 -f90=ifort -c -real-size `expr 8 \* 4` -i4 -O3 -ip -fp-model precise -w -ftz -align all -fno-alias -FR -convert big_endian   -I../dyn_em  -I/global/scratch/users/adamwise/compiling/WRFv4.4-DRM_real_GAD_slices_CPM/external/esmf_time_f90  -I/global/scratch/users/adamwise/compiling/WRFv4.4-DRM_real_GAD_slices_CPM/main -I/global/scratch/users/adamwise/compiling/WRFv4.4-DRM_real_GAD_slices_CPM/external/io_netcdf -I/global/scratch/users/adamwise/compiling/WRFv4.4-DRM_real_GAD_slices_CPM/external/io_int -I/global/scratch/users/adamwise/compiling/WRFv4.4-DRM_real_GAD_slices_CPM/frame -I/global/scratch/users/adamwise/compiling/WRFv4.4-DRM_real_GAD_slices_CPM/share -I/global/scratch/users/adamwise/compiling/WRFv4.4-DRM_real_GAD_slices_CPM/phys -I/global/scratch/users/adamwise/compiling/WRFv4.4-DRM_real_GAD_slices_CPM/wrftladj -I/global/scratch/users/adamwise/compiling/WRFv4.4-DRM_real_GAD_slices_CPM/chem -I/global/scratch/users/adamwise/compiling/WRFv4.4-DRM_real_GAD_slices_CPM/inc -I/global/software/sl-7.x86_64/modules/intel/2016.4.072/netcdf/4.4.1.1-intel-s/include    module_sf_ruclsm.f90 ; \
        else \
          if [ -n "" ] ; then echo COMPILING module_sf_ruclsm.F WITHOUT OMP ; fi ; \
  time mpif90 -f90=ifort -c -real-size `expr 8 \* 4` -i4 -O3 -ip -fp-model precise -w -ftz -align all -fno-alias -FR -convert big_endian   -I../dyn_em  -I/global/scratch/users/adamwise/compiling/WRFv4.4-DRM_real_GAD_slices_CPM/external/esmf_time_f90  -I/global/scratch/users/adamwise/compiling/WRFv4.4-DRM_real_GAD_slices_CPM/main -I/global/scratch/users/adamwise/compiling/WRFv4.4-DRM_real_GAD_slices_CPM/external/io_netcdf -I/global/scratch/users/adamwise/compiling/WRFv4.4-DRM_real_GAD_slices_CPM/external/io_int -I/global/scratch/users/adamwise/compiling/WRFv4.4-DRM_real_GAD_slices_CPM/frame -I/global/scratch/users/adamwise/compiling/WRFv4.4-DRM_real_GAD_slices_CPM/share -I/global/scratch/users/adamwise/compiling/WRFv4.4-DRM_real_GAD_slices_CPM/phys -I/global/scratch/users/adamwise/compiling/WRFv4.4-DRM_real_GAD_slices_CPM/wrftladj -I/global/scratch/users/adamwise/compiling/WRFv4.4-DRM_real_GAD_slices_CPM/chem -I/global/scratch/users/adamwise/compiling/WRFv4.4-DRM_real_GAD_slices_CPM/inc -I/global/software/sl-7.x86_64/modules/intel/2016.4.072/netcdf/4.4.1.1-intel-s/include   module_sf_ruclsm.f90 ; \
        fi

real	0m2.768s
user	0m2.390s
sys	0m0.142s
rm -f module_sf_sfcdiags.o
sed -e "s/^\!.*'.*//" -e "s/^ *\!.*'.*//" module_sf_sfcdiags.F > module_sf_sfcdiags.G
/lib/cpp -P -nostdinc -I/global/scratch/users/adamwise/compiling/WRFv4.4-DRM_real_GAD_slices_CPM/inc -DEM_CORE=1 -DNMM_CORE=0 -DNMM_MAX_DIM=2600 -DDA_CORE=0 -DWRFPLUS=0 -DIWORDSIZE=4 -DDWORDSIZE=8 -DRWORDSIZE=4 -DLWORDSIZE=4 -DNONSTANDARD_SYSTEM_FUNC  -DWRF_USE_CLM -DUSE_NETCDF4_FEATURES -DWRFIO_NCD_LARGE_FILE_SUPPORT  -DDM_PARALLEL -DNETCDF -DLANDREAD_STUB=1 -DUSE_ALLOCATABLES -Dwrfmodel -DGRIB1 -DINTIO -DKEEP_INT_AROUND -DLIMIT_ARGS -DBUILD_RRTMG_FAST=0 -DBUILD_RRTMK=0 -DBUILD_SBM_FAST=1 -DSHOW_ALL_VARS_USED=0 -DCONFIG_BUF_LEN=65536 -DMAX_DOMAINS_F=21 -DMAX_HISTORY=25 -DNMM_NEST=0  -I. -traditional-cpp -DUSE_NETCDF4_FEATURES -DWRFIO_NCD_LARGE_FILE_SUPPORT   module_sf_sfcdiags.G  > module_sf_sfcdiags.bb
/global/scratch/users/adamwise/compiling/WRFv4.4-DRM_real_GAD_slices_CPM/tools/standard.exe module_sf_sfcdiags.bb | /lib/cpp -P -nostdinc -traditional-cpp -DUSE_NETCDF4_FEATURES -DWRFIO_NCD_LARGE_FILE_SUPPORT > module_sf_sfcdiags.f90
rm -f module_sf_sfcdiags.G module_sf_sfcdiags.bb
time mpif90 -f90=ifort -o module_sf_sfcdiags.o -c -O3 -ip -fp-model precise -w -ftz -align all -fno-alias -FR -convert big_endian    -I../dyn_em  -I/global/scratch/users/adamwise/compiling/WRFv4.4-DRM_real_GAD_slices_CPM/external/esmf_time_f90  -I/global/scratch/users/adamwise/compiling/WRFv4.4-DRM_real_GAD_slices_CPM/main -I/global/scratch/users/adamwise/compiling/WRFv4.4-DRM_real_GAD_slices_CPM/external/io_netcdf -I/global/scratch/users/adamwise/compiling/WRFv4.4-DRM_real_GAD_slices_CPM/external/io_int -I/global/scratch/users/adamwise/compiling/WRFv4.4-DRM_real_GAD_slices_CPM/frame -I/global/scratch/users/adamwise/compiling/WRFv4.4-DRM_real_GAD_slices_CPM/share -I/global/scratch/users/adamwise/compiling/WRFv4.4-DRM_real_GAD_slices_CPM/phys -I/global/scratch/users/adamwise/compiling/WRFv4.4-DRM_real_GAD_slices_CPM/wrftladj -I/global/scratch/users/adamwise/compiling/WRFv4.4-DRM_real_GAD_slices_CPM/chem -I/global/scratch/users/adamwise/compiling/WRFv4.4-DRM_real_GAD_slices_CPM/inc -I/global/software/sl-7.x86_64/modules/intel/2016.4.072/netcdf/4.4.1.1-intel-s/include  -real-size `expr 8 \* 4` -i4  module_sf_sfcdiags.f90

real	0m0.535s
user	0m0.084s
sys	0m0.117s
rm -f module_sf_sfcdiags_ruclsm.o
sed -e "s/^\!.*'.*//" -e "s/^ *\!.*'.*//" module_sf_sfcdiags_ruclsm.F > module_sf_sfcdiags_ruclsm.G
/lib/cpp -P -nostdinc -I/global/scratch/users/adamwise/compiling/WRFv4.4-DRM_real_GAD_slices_CPM/inc -DEM_CORE=1 -DNMM_CORE=0 -DNMM_MAX_DIM=2600 -DDA_CORE=0 -DWRFPLUS=0 -DIWORDSIZE=4 -DDWORDSIZE=8 -DRWORDSIZE=4 -DLWORDSIZE=4 -DNONSTANDARD_SYSTEM_FUNC  -DWRF_USE_CLM -DUSE_NETCDF4_FEATURES -DWRFIO_NCD_LARGE_FILE_SUPPORT  -DDM_PARALLEL -DNETCDF -DLANDREAD_STUB=1 -DUSE_ALLOCATABLES -Dwrfmodel -DGRIB1 -DINTIO -DKEEP_INT_AROUND -DLIMIT_ARGS -DBUILD_RRTMG_FAST=0 -DBUILD_RRTMK=0 -DBUILD_SBM_FAST=1 -DSHOW_ALL_VARS_USED=0 -DCONFIG_BUF_LEN=65536 -DMAX_DOMAINS_F=21 -DMAX_HISTORY=25 -DNMM_NEST=0  -I. -traditional-cpp -DUSE_NETCDF4_FEATURES -DWRFIO_NCD_LARGE_FILE_SUPPORT   module_sf_sfcdiags_ruclsm.G  > module_sf_sfcdiags_ruclsm.bb
/global/scratch/users/adamwise/compiling/WRFv4.4-DRM_real_GAD_slices_CPM/tools/standard.exe module_sf_sfcdiags_ruclsm.bb | /lib/cpp -P -nostdinc -traditional-cpp -DUSE_NETCDF4_FEATURES -DWRFIO_NCD_LARGE_FILE_SUPPORT > module_sf_sfcdiags_ruclsm.f90
rm -f module_sf_sfcdiags_ruclsm.G module_sf_sfcdiags_ruclsm.bb
time mpif90 -f90=ifort -o module_sf_sfcdiags_ruclsm.o -c -O3 -ip -fp-model precise -w -ftz -align all -fno-alias -FR -convert big_endian    -I../dyn_em  -I/global/scratch/users/adamwise/compiling/WRFv4.4-DRM_real_GAD_slices_CPM/external/esmf_time_f90  -I/global/scratch/users/adamwise/compiling/WRFv4.4-DRM_real_GAD_slices_CPM/main -I/global/scratch/users/adamwise/compiling/WRFv4.4-DRM_real_GAD_slices_CPM/external/io_netcdf -I/global/scratch/users/adamwise/compiling/WRFv4.4-DRM_real_GAD_slices_CPM/external/io_int -I/global/scratch/users/adamwise/compiling/WRFv4.4-DRM_real_GAD_slices_CPM/frame -I/global/scratch/users/adamwise/compiling/WRFv4.4-DRM_real_GAD_slices_CPM/share -I/global/scratch/users/adamwise/compiling/WRFv4.4-DRM_real_GAD_slices_CPM/phys -I/global/scratch/users/adamwise/compiling/WRFv4.4-DRM_real_GAD_slices_CPM/wrftladj -I/global/scratch/users/adamwise/compiling/WRFv4.4-DRM_real_GAD_slices_CPM/chem -I/global/scratch/users/adamwise/compiling/WRFv4.4-DRM_real_GAD_slices_CPM/inc -I/global/software/sl-7.x86_64/modules/intel/2016.4.072/netcdf/4.4.1.1-intel-s/include  -real-size `expr 8 \* 4` -i4  module_sf_sfcdiags_ruclsm.f90

real	0m0.401s
user	0m0.099s
sys	0m0.091s
rm -f module_sf_sstskin.o
sed -e "s/^\!.*'.*//" -e "s/^ *\!.*'.*//" module_sf_sstskin.F > module_sf_sstskin.G
/lib/cpp -P -nostdinc -I/global/scratch/users/adamwise/compiling/WRFv4.4-DRM_real_GAD_slices_CPM/inc -DEM_CORE=1 -DNMM_CORE=0 -DNMM_MAX_DIM=2600 -DDA_CORE=0 -DWRFPLUS=0 -DIWORDSIZE=4 -DDWORDSIZE=8 -DRWORDSIZE=4 -DLWORDSIZE=4 -DNONSTANDARD_SYSTEM_FUNC  -DWRF_USE_CLM -DUSE_NETCDF4_FEATURES -DWRFIO_NCD_LARGE_FILE_SUPPORT  -DDM_PARALLEL -DNETCDF -DLANDREAD_STUB=1 -DUSE_ALLOCATABLES -Dwrfmodel -DGRIB1 -DINTIO -DKEEP_INT_AROUND -DLIMIT_ARGS -DBUILD_RRTMG_FAST=0 -DBUILD_RRTMK=0 -DBUILD_SBM_FAST=1 -DSHOW_ALL_VARS_USED=0 -DCONFIG_BUF_LEN=65536 -DMAX_DOMAINS_F=21 -DMAX_HISTORY=25 -DNMM_NEST=0  -I. -traditional-cpp -DUSE_NETCDF4_FEATURES -DWRFIO_NCD_LARGE_FILE_SUPPORT   module_sf_sstskin.G  > module_sf_sstskin.bb
/global/scratch/users/adamwise/compiling/WRFv4.4-DRM_real_GAD_slices_CPM/tools/standard.exe module_sf_sstskin.bb | /lib/cpp -P -nostdinc -traditional-cpp -DUSE_NETCDF4_FEATURES -DWRFIO_NCD_LARGE_FILE_SUPPORT > module_sf_sstskin.f90
rm -f module_sf_sstskin.G module_sf_sstskin.bb
time mpif90 -f90=ifort -o module_sf_sstskin.o -c -O3 -ip -fp-model precise -w -ftz -align all -fno-alias -FR -convert big_endian    -I../dyn_em  -I/global/scratch/users/adamwise/compiling/WRFv4.4-DRM_real_GAD_slices_CPM/external/esmf_time_f90  -I/global/scratch/users/adamwise/compiling/WRFv4.4-DRM_real_GAD_slices_CPM/main -I/global/scratch/users/adamwise/compiling/WRFv4.4-DRM_real_GAD_slices_CPM/external/io_netcdf -I/global/scratch/users/adamwise/compiling/WRFv4.4-DRM_real_GAD_slices_CPM/external/io_int -I/global/scratch/users/adamwise/compiling/WRFv4.4-DRM_real_GAD_slices_CPM/frame -I/global/scratch/users/adamwise/compiling/WRFv4.4-DRM_real_GAD_slices_CPM/share -I/global/scratch/users/adamwise/compiling/WRFv4.4-DRM_real_GAD_slices_CPM/phys -I/global/scratch/users/adamwise/compiling/WRFv4.4-DRM_real_GAD_slices_CPM/wrftladj -I/global/scratch/users/adamwise/compiling/WRFv4.4-DRM_real_GAD_slices_CPM/chem -I/global/scratch/users/adamwise/compiling/WRFv4.4-DRM_real_GAD_slices_CPM/inc -I/global/software/sl-7.x86_64/modules/intel/2016.4.072/netcdf/4.4.1.1-intel-s/include  -real-size `expr 8 \* 4` -i4  module_sf_sstskin.f90

real	0m0.396s
user	0m0.074s
sys	0m0.108s
rm -f module_sf_tmnupdate.o
sed -e "s/^\!.*'.*//" -e "s/^ *\!.*'.*//" module_sf_tmnupdate.F > module_sf_tmnupdate.G
/lib/cpp -P -nostdinc -I/global/scratch/users/adamwise/compiling/WRFv4.4-DRM_real_GAD_slices_CPM/inc -DEM_CORE=1 -DNMM_CORE=0 -DNMM_MAX_DIM=2600 -DDA_CORE=0 -DWRFPLUS=0 -DIWORDSIZE=4 -DDWORDSIZE=8 -DRWORDSIZE=4 -DLWORDSIZE=4 -DNONSTANDARD_SYSTEM_FUNC  -DWRF_USE_CLM -DUSE_NETCDF4_FEATURES -DWRFIO_NCD_LARGE_FILE_SUPPORT  -DDM_PARALLEL -DNETCDF -DLANDREAD_STUB=1 -DUSE_ALLOCATABLES -Dwrfmodel -DGRIB1 -DINTIO -DKEEP_INT_AROUND -DLIMIT_ARGS -DBUILD_RRTMG_FAST=0 -DBUILD_RRTMK=0 -DBUILD_SBM_FAST=1 -DSHOW_ALL_VARS_USED=0 -DCONFIG_BUF_LEN=65536 -DMAX_DOMAINS_F=21 -DMAX_HISTORY=25 -DNMM_NEST=0  -I. -traditional-cpp -DUSE_NETCDF4_FEATURES -DWRFIO_NCD_LARGE_FILE_SUPPORT   module_sf_tmnupdate.G  > module_sf_tmnupdate.bb
/global/scratch/users/adamwise/compiling/WRFv4.4-DRM_real_GAD_slices_CPM/tools/standard.exe module_sf_tmnupdate.bb | /lib/cpp -P -nostdinc -traditional-cpp -DUSE_NETCDF4_FEATURES -DWRFIO_NCD_LARGE_FILE_SUPPORT > module_sf_tmnupdate.f90
rm -f module_sf_tmnupdate.G module_sf_tmnupdate.bb
time mpif90 -f90=ifort -o module_sf_tmnupdate.o -c -O3 -ip -fp-model precise -w -ftz -align all -fno-alias -FR -convert big_endian    -I../dyn_em  -I/global/scratch/users/adamwise/compiling/WRFv4.4-DRM_real_GAD_slices_CPM/external/esmf_time_f90  -I/global/scratch/users/adamwise/compiling/WRFv4.4-DRM_real_GAD_slices_CPM/main -I/global/scratch/users/adamwise/compiling/WRFv4.4-DRM_real_GAD_slices_CPM/external/io_netcdf -I/global/scratch/users/adamwise/compiling/WRFv4.4-DRM_real_GAD_slices_CPM/external/io_int -I/global/scratch/users/adamwise/compiling/WRFv4.4-DRM_real_GAD_slices_CPM/frame -I/global/scratch/users/adamwise/compiling/WRFv4.4-DRM_real_GAD_slices_CPM/share -I/global/scratch/users/adamwise/compiling/WRFv4.4-DRM_real_GAD_slices_CPM/phys -I/global/scratch/users/adamwise/compiling/WRFv4.4-DRM_real_GAD_slices_CPM/wrftladj -I/global/scratch/users/adamwise/compiling/WRFv4.4-DRM_real_GAD_slices_CPM/chem -I/global/scratch/users/adamwise/compiling/WRFv4.4-DRM_real_GAD_slices_CPM/inc -I/global/software/sl-7.x86_64/modules/intel/2016.4.072/netcdf/4.4.1.1-intel-s/include  -real-size `expr 8 \* 4` -i4  module_sf_tmnupdate.f90

real	0m0.498s
user	0m0.173s
sys	0m0.113s
rm -f module_sf_oml.o
sed -e "s/^\!.*'.*//" -e "s/^ *\!.*'.*//" module_sf_oml.F > module_sf_oml.G
/lib/cpp -P -nostdinc -I/global/scratch/users/adamwise/compiling/WRFv4.4-DRM_real_GAD_slices_CPM/inc -DEM_CORE=1 -DNMM_CORE=0 -DNMM_MAX_DIM=2600 -DDA_CORE=0 -DWRFPLUS=0 -DIWORDSIZE=4 -DDWORDSIZE=8 -DRWORDSIZE=4 -DLWORDSIZE=4 -DNONSTANDARD_SYSTEM_FUNC  -DWRF_USE_CLM -DUSE_NETCDF4_FEATURES -DWRFIO_NCD_LARGE_FILE_SUPPORT  -DDM_PARALLEL -DNETCDF -DLANDREAD_STUB=1 -DUSE_ALLOCATABLES -Dwrfmodel -DGRIB1 -DINTIO -DKEEP_INT_AROUND -DLIMIT_ARGS -DBUILD_RRTMG_FAST=0 -DBUILD_RRTMK=0 -DBUILD_SBM_FAST=1 -DSHOW_ALL_VARS_USED=0 -DCONFIG_BUF_LEN=65536 -DMAX_DOMAINS_F=21 -DMAX_HISTORY=25 -DNMM_NEST=0  -I. -traditional-cpp -DUSE_NETCDF4_FEATURES -DWRFIO_NCD_LARGE_FILE_SUPPORT   module_sf_oml.G  > module_sf_oml.bb
/global/scratch/users/adamwise/compiling/WRFv4.4-DRM_real_GAD_slices_CPM/tools/standard.exe module_sf_oml.bb | /lib/cpp -P -nostdinc -traditional-cpp -DUSE_NETCDF4_FEATURES -DWRFIO_NCD_LARGE_FILE_SUPPORT > module_sf_oml.f90
rm -f module_sf_oml.G module_sf_oml.bb
time mpif90 -f90=ifort -o module_sf_oml.o -c -O3 -ip -fp-model precise -w -ftz -align all -fno-alias -FR -convert big_endian    -I../dyn_em  -I/global/scratch/users/adamwise/compiling/WRFv4.4-DRM_real_GAD_slices_CPM/external/esmf_time_f90  -I/global/scratch/users/adamwise/compiling/WRFv4.4-DRM_real_GAD_slices_CPM/main -I/global/scratch/users/adamwise/compiling/WRFv4.4-DRM_real_GAD_slices_CPM/external/io_netcdf -I/global/scratch/users/adamwise/compiling/WRFv4.4-DRM_real_GAD_slices_CPM/external/io_int -I/global/scratch/users/adamwise/compiling/WRFv4.4-DRM_real_GAD_slices_CPM/frame -I/global/scratch/users/adamwise/compiling/WRFv4.4-DRM_real_GAD_slices_CPM/share -I/global/scratch/users/adamwise/compiling/WRFv4.4-DRM_real_GAD_slices_CPM/phys -I/global/scratch/users/adamwise/compiling/WRFv4.4-DRM_real_GAD_slices_CPM/wrftladj -I/global/scratch/users/adamwise/compiling/WRFv4.4-DRM_real_GAD_slices_CPM/chem -I/global/scratch/users/adamwise/compiling/WRFv4.4-DRM_real_GAD_slices_CPM/inc -I/global/software/sl-7.x86_64/modules/intel/2016.4.072/netcdf/4.4.1.1-intel-s/include  -real-size `expr 8 \* 4` -i4  module_sf_oml.f90

real	0m0.521s
user	0m0.200s
sys	0m0.109s
rm -f module_sf_3dpwp.o
sed -e "s/^\!.*'.*//" -e "s/^ *\!.*'.*//" module_sf_3dpwp.F > module_sf_3dpwp.G
/lib/cpp -P -nostdinc -I/global/scratch/users/adamwise/compiling/WRFv4.4-DRM_real_GAD_slices_CPM/inc -DEM_CORE=1 -DNMM_CORE=0 -DNMM_MAX_DIM=2600 -DDA_CORE=0 -DWRFPLUS=0 -DIWORDSIZE=4 -DDWORDSIZE=8 -DRWORDSIZE=4 -DLWORDSIZE=4 -DNONSTANDARD_SYSTEM_FUNC  -DWRF_USE_CLM -DUSE_NETCDF4_FEATURES -DWRFIO_NCD_LARGE_FILE_SUPPORT  -DDM_PARALLEL -DNETCDF -DLANDREAD_STUB=1 -DUSE_ALLOCATABLES -Dwrfmodel -DGRIB1 -DINTIO -DKEEP_INT_AROUND -DLIMIT_ARGS -DBUILD_RRTMG_FAST=0 -DBUILD_RRTMK=0 -DBUILD_SBM_FAST=1 -DSHOW_ALL_VARS_USED=0 -DCONFIG_BUF_LEN=65536 -DMAX_DOMAINS_F=21 -DMAX_HISTORY=25 -DNMM_NEST=0  -I. -traditional-cpp -DUSE_NETCDF4_FEATURES -DWRFIO_NCD_LARGE_FILE_SUPPORT   module_sf_3dpwp.G  > module_sf_3dpwp.bb
/global/scratch/users/adamwise/compiling/WRFv4.4-DRM_real_GAD_slices_CPM/tools/standard.exe module_sf_3dpwp.bb | /lib/cpp -P -nostdinc -traditional-cpp -DUSE_NETCDF4_FEATURES -DWRFIO_NCD_LARGE_FILE_SUPPORT > module_sf_3dpwp.f90
rm -f module_sf_3dpwp.G module_sf_3dpwp.bb
time mpif90 -f90=ifort -o module_sf_3dpwp.o -c -O3 -ip -fp-model precise -w -ftz -align all -fno-alias -FR -convert big_endian    -I../dyn_em  -I/global/scratch/users/adamwise/compiling/WRFv4.4-DRM_real_GAD_slices_CPM/external/esmf_time_f90  -I/global/scratch/users/adamwise/compiling/WRFv4.4-DRM_real_GAD_slices_CPM/main -I/global/scratch/users/adamwise/compiling/WRFv4.4-DRM_real_GAD_slices_CPM/external/io_netcdf -I/global/scratch/users/adamwise/compiling/WRFv4.4-DRM_real_GAD_slices_CPM/external/io_int -I/global/scratch/users/adamwise/compiling/WRFv4.4-DRM_real_GAD_slices_CPM/frame -I/global/scratch/users/adamwise/compiling/WRFv4.4-DRM_real_GAD_slices_CPM/share -I/global/scratch/users/adamwise/compiling/WRFv4.4-DRM_real_GAD_slices_CPM/phys -I/global/scratch/users/adamwise/compiling/WRFv4.4-DRM_real_GAD_slices_CPM/wrftladj -I/global/scratch/users/adamwise/compiling/WRFv4.4-DRM_real_GAD_slices_CPM/chem -I/global/scratch/users/adamwise/compiling/WRFv4.4-DRM_real_GAD_slices_CPM/inc -I/global/software/sl-7.x86_64/modules/intel/2016.4.072/netcdf/4.4.1.1-intel-s/include  -real-size `expr 8 \* 4` -i4  module_sf_3dpwp.f90

real	0m7.455s
user	0m7.029s
sys	0m0.200s
rm -f module_sf_qnsesfc.o
sed -e "s/^\!.*'.*//" -e "s/^ *\!.*'.*//" module_sf_qnsesfc.F > module_sf_qnsesfc.G
/lib/cpp -P -nostdinc -I/global/scratch/users/adamwise/compiling/WRFv4.4-DRM_real_GAD_slices_CPM/inc -DEM_CORE=1 -DNMM_CORE=0 -DNMM_MAX_DIM=2600 -DDA_CORE=0 -DWRFPLUS=0 -DIWORDSIZE=4 -DDWORDSIZE=8 -DRWORDSIZE=4 -DLWORDSIZE=4 -DNONSTANDARD_SYSTEM_FUNC  -DWRF_USE_CLM -DUSE_NETCDF4_FEATURES -DWRFIO_NCD_LARGE_FILE_SUPPORT  -DDM_PARALLEL -DNETCDF -DLANDREAD_STUB=1 -DUSE_ALLOCATABLES -Dwrfmodel -DGRIB1 -DINTIO -DKEEP_INT_AROUND -DLIMIT_ARGS -DBUILD_RRTMG_FAST=0 -DBUILD_RRTMK=0 -DBUILD_SBM_FAST=1 -DSHOW_ALL_VARS_USED=0 -DCONFIG_BUF_LEN=65536 -DMAX_DOMAINS_F=21 -DMAX_HISTORY=25 -DNMM_NEST=0  -I. -traditional-cpp -DUSE_NETCDF4_FEATURES -DWRFIO_NCD_LARGE_FILE_SUPPORT   module_sf_qnsesfc.G  > module_sf_qnsesfc.bb
/global/scratch/users/adamwise/compiling/WRFv4.4-DRM_real_GAD_slices_CPM/tools/standard.exe module_sf_qnsesfc.bb | /lib/cpp -P -nostdinc -traditional-cpp -DUSE_NETCDF4_FEATURES -DWRFIO_NCD_LARGE_FILE_SUPPORT > module_sf_qnsesfc.f90
rm -f module_sf_qnsesfc.G module_sf_qnsesfc.bb
time mpif90 -f90=ifort -o module_sf_qnsesfc.o -c -O3 -ip -fp-model precise -w -ftz -align all -fno-alias -FR -convert big_endian    -I../dyn_em  -I/global/scratch/users/adamwise/compiling/WRFv4.4-DRM_real_GAD_slices_CPM/external/esmf_time_f90  -I/global/scratch/users/adamwise/compiling/WRFv4.4-DRM_real_GAD_slices_CPM/main -I/global/scratch/users/adamwise/compiling/WRFv4.4-DRM_real_GAD_slices_CPM/external/io_netcdf -I/global/scratch/users/adamwise/compiling/WRFv4.4-DRM_real_GAD_slices_CPM/external/io_int -I/global/scratch/users/adamwise/compiling/WRFv4.4-DRM_real_GAD_slices_CPM/frame -I/global/scratch/users/adamwise/compiling/WRFv4.4-DRM_real_GAD_slices_CPM/share -I/global/scratch/users/adamwise/compiling/WRFv4.4-DRM_real_GAD_slices_CPM/phys -I/global/scratch/users/adamwise/compiling/WRFv4.4-DRM_real_GAD_slices_CPM/wrftladj -I/global/scratch/users/adamwise/compiling/WRFv4.4-DRM_real_GAD_slices_CPM/chem -I/global/scratch/users/adamwise/compiling/WRFv4.4-DRM_real_GAD_slices_CPM/inc -I/global/software/sl-7.x86_64/modules/intel/2016.4.072/netcdf/4.4.1.1-intel-s/include  -real-size `expr 8 \* 4` -i4  module_sf_qnsesfc.f90

real	0m1.098s
user	0m0.745s
sys	0m0.130s
rm -f module_sf_mynn.o
sed -e "s/^\!.*'.*//" -e "s/^ *\!.*'.*//" module_sf_mynn.F > module_sf_mynn.G
/lib/cpp -P -nostdinc -I/global/scratch/users/adamwise/compiling/WRFv4.4-DRM_real_GAD_slices_CPM/inc -DEM_CORE=1 -DNMM_CORE=0 -DNMM_MAX_DIM=2600 -DDA_CORE=0 -DWRFPLUS=0 -DIWORDSIZE=4 -DDWORDSIZE=8 -DRWORDSIZE=4 -DLWORDSIZE=4 -DNONSTANDARD_SYSTEM_FUNC  -DWRF_USE_CLM -DUSE_NETCDF4_FEATURES -DWRFIO_NCD_LARGE_FILE_SUPPORT  -DDM_PARALLEL -DNETCDF -DLANDREAD_STUB=1 -DUSE_ALLOCATABLES -Dwrfmodel -DGRIB1 -DINTIO -DKEEP_INT_AROUND -DLIMIT_ARGS -DBUILD_RRTMG_FAST=0 -DBUILD_RRTMK=0 -DBUILD_SBM_FAST=1 -DSHOW_ALL_VARS_USED=0 -DCONFIG_BUF_LEN=65536 -DMAX_DOMAINS_F=21 -DMAX_HISTORY=25 -DNMM_NEST=0  -I. -traditional-cpp -DUSE_NETCDF4_FEATURES -DWRFIO_NCD_LARGE_FILE_SUPPORT   module_sf_mynn.G  > module_sf_mynn.bb
/global/scratch/users/adamwise/compiling/WRFv4.4-DRM_real_GAD_slices_CPM/tools/standard.exe module_sf_mynn.bb | /lib/cpp -P -nostdinc -traditional-cpp -DUSE_NETCDF4_FEATURES -DWRFIO_NCD_LARGE_FILE_SUPPORT > module_sf_mynn.f90
rm -f module_sf_mynn.G module_sf_mynn.bb
time mpif90 -f90=ifort -o module_sf_mynn.o -c -O3 -ip -fp-model precise -w -ftz -align all -fno-alias -FR -convert big_endian    -I../dyn_em  -I/global/scratch/users/adamwise/compiling/WRFv4.4-DRM_real_GAD_slices_CPM/external/esmf_time_f90  -I/global/scratch/users/adamwise/compiling/WRFv4.4-DRM_real_GAD_slices_CPM/main -I/global/scratch/users/adamwise/compiling/WRFv4.4-DRM_real_GAD_slices_CPM/external/io_netcdf -I/global/scratch/users/adamwise/compiling/WRFv4.4-DRM_real_GAD_slices_CPM/external/io_int -I/global/scratch/users/adamwise/compiling/WRFv4.4-DRM_real_GAD_slices_CPM/frame -I/global/scratch/users/adamwise/compiling/WRFv4.4-DRM_real_GAD_slices_CPM/share -I/global/scratch/users/adamwise/compiling/WRFv4.4-DRM_real_GAD_slices_CPM/phys -I/global/scratch/users/adamwise/compiling/WRFv4.4-DRM_real_GAD_slices_CPM/wrftladj -I/global/scratch/users/adamwise/compiling/WRFv4.4-DRM_real_GAD_slices_CPM/chem -I/global/scratch/users/adamwise/compiling/WRFv4.4-DRM_real_GAD_slices_CPM/inc -I/global/software/sl-7.x86_64/modules/intel/2016.4.072/netcdf/4.4.1.1-intel-s/include  -real-size `expr 8 \* 4` -i4  module_sf_mynn.f90

real	0m5.087s
user	0m4.689s
sys	0m0.182s
rm -f module_sf_fogdes.o
sed -e "s/^\!.*'.*//" -e "s/^ *\!.*'.*//" module_sf_fogdes.F > module_sf_fogdes.G
/lib/cpp -P -nostdinc -I/global/scratch/users/adamwise/compiling/WRFv4.4-DRM_real_GAD_slices_CPM/inc -DEM_CORE=1 -DNMM_CORE=0 -DNMM_MAX_DIM=2600 -DDA_CORE=0 -DWRFPLUS=0 -DIWORDSIZE=4 -DDWORDSIZE=8 -DRWORDSIZE=4 -DLWORDSIZE=4 -DNONSTANDARD_SYSTEM_FUNC  -DWRF_USE_CLM -DUSE_NETCDF4_FEATURES -DWRFIO_NCD_LARGE_FILE_SUPPORT  -DDM_PARALLEL -DNETCDF -DLANDREAD_STUB=1 -DUSE_ALLOCATABLES -Dwrfmodel -DGRIB1 -DINTIO -DKEEP_INT_AROUND -DLIMIT_ARGS -DBUILD_RRTMG_FAST=0 -DBUILD_RRTMK=0 -DBUILD_SBM_FAST=1 -DSHOW_ALL_VARS_USED=0 -DCONFIG_BUF_LEN=65536 -DMAX_DOMAINS_F=21 -DMAX_HISTORY=25 -DNMM_NEST=0  -I. -traditional-cpp -DUSE_NETCDF4_FEATURES -DWRFIO_NCD_LARGE_FILE_SUPPORT   module_sf_fogdes.G  > module_sf_fogdes.bb
/global/scratch/users/adamwise/compiling/WRFv4.4-DRM_real_GAD_slices_CPM/tools/standard.exe module_sf_fogdes.bb | /lib/cpp -P -nostdinc -traditional-cpp -DUSE_NETCDF4_FEATURES -DWRFIO_NCD_LARGE_FILE_SUPPORT > module_sf_fogdes.f90
rm -f module_sf_fogdes.G module_sf_fogdes.bb
time mpif90 -f90=ifort -o module_sf_fogdes.o -c -O3 -ip -fp-model precise -w -ftz -align all -fno-alias -FR -convert big_endian    -I../dyn_em  -I/global/scratch/users/adamwise/compiling/WRFv4.4-DRM_real_GAD_slices_CPM/external/esmf_time_f90  -I/global/scratch/users/adamwise/compiling/WRFv4.4-DRM_real_GAD_slices_CPM/main -I/global/scratch/users/adamwise/compiling/WRFv4.4-DRM_real_GAD_slices_CPM/external/io_netcdf -I/global/scratch/users/adamwise/compiling/WRFv4.4-DRM_real_GAD_slices_CPM/external/io_int -I/global/scratch/users/adamwise/compiling/WRFv4.4-DRM_real_GAD_slices_CPM/frame -I/global/scratch/users/adamwise/compiling/WRFv4.4-DRM_real_GAD_slices_CPM/share -I/global/scratch/users/adamwise/compiling/WRFv4.4-DRM_real_GAD_slices_CPM/phys -I/global/scratch/users/adamwise/compiling/WRFv4.4-DRM_real_GAD_slices_CPM/wrftladj -I/global/scratch/users/adamwise/compiling/WRFv4.4-DRM_real_GAD_slices_CPM/chem -I/global/scratch/users/adamwise/compiling/WRFv4.4-DRM_real_GAD_slices_CPM/inc -I/global/software/sl-7.x86_64/modules/intel/2016.4.072/netcdf/4.4.1.1-intel-s/include  -real-size `expr 8 \* 4` -i4  module_sf_fogdes.f90

real	0m1.567s
user	0m1.209s
sys	0m0.141s
rm -f module_sf_pxsfclay.o
sed -e "s/^\!.*'.*//" -e "s/^ *\!.*'.*//" module_sf_pxsfclay.F > module_sf_pxsfclay.G
/lib/cpp -P -nostdinc -I/global/scratch/users/adamwise/compiling/WRFv4.4-DRM_real_GAD_slices_CPM/inc -DEM_CORE=1 -DNMM_CORE=0 -DNMM_MAX_DIM=2600 -DDA_CORE=0 -DWRFPLUS=0 -DIWORDSIZE=4 -DDWORDSIZE=8 -DRWORDSIZE=4 -DLWORDSIZE=4 -DNONSTANDARD_SYSTEM_FUNC  -DWRF_USE_CLM -DUSE_NETCDF4_FEATURES -DWRFIO_NCD_LARGE_FILE_SUPPORT  -DDM_PARALLEL -DNETCDF -DLANDREAD_STUB=1 -DUSE_ALLOCATABLES -Dwrfmodel -DGRIB1 -DINTIO -DKEEP_INT_AROUND -DLIMIT_ARGS -DBUILD_RRTMG_FAST=0 -DBUILD_RRTMK=0 -DBUILD_SBM_FAST=1 -DSHOW_ALL_VARS_USED=0 -DCONFIG_BUF_LEN=65536 -DMAX_DOMAINS_F=21 -DMAX_HISTORY=25 -DNMM_NEST=0  -I. -traditional-cpp -DUSE_NETCDF4_FEATURES -DWRFIO_NCD_LARGE_FILE_SUPPORT   module_sf_pxsfclay.G  > module_sf_pxsfclay.bb
/global/scratch/users/adamwise/compiling/WRFv4.4-DRM_real_GAD_slices_CPM/tools/standard.exe module_sf_pxsfclay.bb | /lib/cpp -P -nostdinc -traditional-cpp -DUSE_NETCDF4_FEATURES -DWRFIO_NCD_LARGE_FILE_SUPPORT > module_sf_pxsfclay.f90
rm -f module_sf_pxsfclay.G module_sf_pxsfclay.bb
time mpif90 -f90=ifort -o module_sf_pxsfclay.o -c -O3 -ip -fp-model precise -w -ftz -align all -fno-alias -FR -convert big_endian    -I../dyn_em  -I/global/scratch/users/adamwise/compiling/WRFv4.4-DRM_real_GAD_slices_CPM/external/esmf_time_f90  -I/global/scratch/users/adamwise/compiling/WRFv4.4-DRM_real_GAD_slices_CPM/main -I/global/scratch/users/adamwise/compiling/WRFv4.4-DRM_real_GAD_slices_CPM/external/io_netcdf -I/global/scratch/users/adamwise/compiling/WRFv4.4-DRM_real_GAD_slices_CPM/external/io_int -I/global/scratch/users/adamwise/compiling/WRFv4.4-DRM_real_GAD_slices_CPM/frame -I/global/scratch/users/adamwise/compiling/WRFv4.4-DRM_real_GAD_slices_CPM/share -I/global/scratch/users/adamwise/compiling/WRFv4.4-DRM_real_GAD_slices_CPM/phys -I/global/scratch/users/adamwise/compiling/WRFv4.4-DRM_real_GAD_slices_CPM/wrftladj -I/global/scratch/users/adamwise/compiling/WRFv4.4-DRM_real_GAD_slices_CPM/chem -I/global/scratch/users/adamwise/compiling/WRFv4.4-DRM_real_GAD_slices_CPM/inc -I/global/software/sl-7.x86_64/modules/intel/2016.4.072/netcdf/4.4.1.1-intel-s/include  -real-size `expr 8 \* 4` -i4  module_sf_pxsfclay.f90

real	0m0.757s
user	0m0.425s
sys	0m0.114s
rm -f module_sf_temfsfclay.o
sed -e "s/^\!.*'.*//" -e "s/^ *\!.*'.*//" module_sf_temfsfclay.F > module_sf_temfsfclay.G
/lib/cpp -P -nostdinc -I/global/scratch/users/adamwise/compiling/WRFv4.4-DRM_real_GAD_slices_CPM/inc -DEM_CORE=1 -DNMM_CORE=0 -DNMM_MAX_DIM=2600 -DDA_CORE=0 -DWRFPLUS=0 -DIWORDSIZE=4 -DDWORDSIZE=8 -DRWORDSIZE=4 -DLWORDSIZE=4 -DNONSTANDARD_SYSTEM_FUNC  -DWRF_USE_CLM -DUSE_NETCDF4_FEATURES -DWRFIO_NCD_LARGE_FILE_SUPPORT  -DDM_PARALLEL -DNETCDF -DLANDREAD_STUB=1 -DUSE_ALLOCATABLES -Dwrfmodel -DGRIB1 -DINTIO -DKEEP_INT_AROUND -DLIMIT_ARGS -DBUILD_RRTMG_FAST=0 -DBUILD_RRTMK=0 -DBUILD_SBM_FAST=1 -DSHOW_ALL_VARS_USED=0 -DCONFIG_BUF_LEN=65536 -DMAX_DOMAINS_F=21 -DMAX_HISTORY=25 -DNMM_NEST=0  -I. -traditional-cpp -DUSE_NETCDF4_FEATURES -DWRFIO_NCD_LARGE_FILE_SUPPORT   module_sf_temfsfclay.G  > module_sf_temfsfclay.bb
/global/scratch/users/adamwise/compiling/WRFv4.4-DRM_real_GAD_slices_CPM/tools/standard.exe module_sf_temfsfclay.bb | /lib/cpp -P -nostdinc -traditional-cpp -DUSE_NETCDF4_FEATURES -DWRFIO_NCD_LARGE_FILE_SUPPORT > module_sf_temfsfclay.f90
rm -f module_sf_temfsfclay.G module_sf_temfsfclay.bb
time mpif90 -f90=ifort -o module_sf_temfsfclay.o -c -O3 -ip -fp-model precise -w -ftz -align all -fno-alias -FR -convert big_endian    -I../dyn_em  -I/global/scratch/users/adamwise/compiling/WRFv4.4-DRM_real_GAD_slices_CPM/external/esmf_time_f90  -I/global/scratch/users/adamwise/compiling/WRFv4.4-DRM_real_GAD_slices_CPM/main -I/global/scratch/users/adamwise/compiling/WRFv4.4-DRM_real_GAD_slices_CPM/external/io_netcdf -I/global/scratch/users/adamwise/compiling/WRFv4.4-DRM_real_GAD_slices_CPM/external/io_int -I/global/scratch/users/adamwise/compiling/WRFv4.4-DRM_real_GAD_slices_CPM/frame -I/global/scratch/users/adamwise/compiling/WRFv4.4-DRM_real_GAD_slices_CPM/share -I/global/scratch/users/adamwise/compiling/WRFv4.4-DRM_real_GAD_slices_CPM/phys -I/global/scratch/users/adamwise/compiling/WRFv4.4-DRM_real_GAD_slices_CPM/wrftladj -I/global/scratch/users/adamwise/compiling/WRFv4.4-DRM_real_GAD_slices_CPM/chem -I/global/scratch/users/adamwise/compiling/WRFv4.4-DRM_real_GAD_slices_CPM/inc -I/global/software/sl-7.x86_64/modules/intel/2016.4.072/netcdf/4.4.1.1-intel-s/include  -real-size `expr 8 \* 4` -i4  module_sf_temfsfclay.f90

real	0m0.834s
user	0m0.514s
sys	0m0.112s
rm -f module_sf_idealscmsfclay.o
sed -e "s/^\!.*'.*//" -e "s/^ *\!.*'.*//" module_sf_idealscmsfclay.F > module_sf_idealscmsfclay.G
/lib/cpp -P -nostdinc -I/global/scratch/users/adamwise/compiling/WRFv4.4-DRM_real_GAD_slices_CPM/inc -DEM_CORE=1 -DNMM_CORE=0 -DNMM_MAX_DIM=2600 -DDA_CORE=0 -DWRFPLUS=0 -DIWORDSIZE=4 -DDWORDSIZE=8 -DRWORDSIZE=4 -DLWORDSIZE=4 -DNONSTANDARD_SYSTEM_FUNC  -DWRF_USE_CLM -DUSE_NETCDF4_FEATURES -DWRFIO_NCD_LARGE_FILE_SUPPORT  -DDM_PARALLEL -DNETCDF -DLANDREAD_STUB=1 -DUSE_ALLOCATABLES -Dwrfmodel -DGRIB1 -DINTIO -DKEEP_INT_AROUND -DLIMIT_ARGS -DBUILD_RRTMG_FAST=0 -DBUILD_RRTMK=0 -DBUILD_SBM_FAST=1 -DSHOW_ALL_VARS_USED=0 -DCONFIG_BUF_LEN=65536 -DMAX_DOMAINS_F=21 -DMAX_HISTORY=25 -DNMM_NEST=0  -I. -traditional-cpp -DUSE_NETCDF4_FEATURES -DWRFIO_NCD_LARGE_FILE_SUPPORT   module_sf_idealscmsfclay.G  > module_sf_idealscmsfclay.bb
/global/scratch/users/adamwise/compiling/WRFv4.4-DRM_real_GAD_slices_CPM/tools/standard.exe module_sf_idealscmsfclay.bb | /lib/cpp -P -nostdinc -traditional-cpp -DUSE_NETCDF4_FEATURES -DWRFIO_NCD_LARGE_FILE_SUPPORT > module_sf_idealscmsfclay.f90
rm -f module_sf_idealscmsfclay.G module_sf_idealscmsfclay.bb
time mpif90 -f90=ifort -o module_sf_idealscmsfclay.o -c -O3 -ip -fp-model precise -w -ftz -align all -fno-alias -FR -convert big_endian    -I../dyn_em  -I/global/scratch/users/adamwise/compiling/WRFv4.4-DRM_real_GAD_slices_CPM/external/esmf_time_f90  -I/global/scratch/users/adamwise/compiling/WRFv4.4-DRM_real_GAD_slices_CPM/main -I/global/scratch/users/adamwise/compiling/WRFv4.4-DRM_real_GAD_slices_CPM/external/io_netcdf -I/global/scratch/users/adamwise/compiling/WRFv4.4-DRM_real_GAD_slices_CPM/external/io_int -I/global/scratch/users/adamwise/compiling/WRFv4.4-DRM_real_GAD_slices_CPM/frame -I/global/scratch/users/adamwise/compiling/WRFv4.4-DRM_real_GAD_slices_CPM/share -I/global/scratch/users/adamwise/compiling/WRFv4.4-DRM_real_GAD_slices_CPM/phys -I/global/scratch/users/adamwise/compiling/WRFv4.4-DRM_real_GAD_slices_CPM/wrftladj -I/global/scratch/users/adamwise/compiling/WRFv4.4-DRM_real_GAD_slices_CPM/chem -I/global/scratch/users/adamwise/compiling/WRFv4.4-DRM_real_GAD_slices_CPM/inc -I/global/software/sl-7.x86_64/modules/intel/2016.4.072/netcdf/4.4.1.1-intel-s/include  -real-size `expr 8 \* 4` -i4  module_sf_idealscmsfclay.f90

real	0m0.691s
user	0m0.362s
sys	0m0.116s
rm -f module_sf_spec_ideal_tsk.o
sed -e "s/^\!.*'.*//" -e "s/^ *\!.*'.*//" module_sf_spec_ideal_tsk.F > module_sf_spec_ideal_tsk.G
/lib/cpp -P -nostdinc -I/global/scratch/users/adamwise/compiling/WRFv4.4-DRM_real_GAD_slices_CPM/inc -DEM_CORE=1 -DNMM_CORE=0 -DNMM_MAX_DIM=2600 -DDA_CORE=0 -DWRFPLUS=0 -DIWORDSIZE=4 -DDWORDSIZE=8 -DRWORDSIZE=4 -DLWORDSIZE=4 -DNONSTANDARD_SYSTEM_FUNC  -DWRF_USE_CLM -DUSE_NETCDF4_FEATURES -DWRFIO_NCD_LARGE_FILE_SUPPORT  -DDM_PARALLEL -DNETCDF -DLANDREAD_STUB=1 -DUSE_ALLOCATABLES -Dwrfmodel -DGRIB1 -DINTIO -DKEEP_INT_AROUND -DLIMIT_ARGS -DBUILD_RRTMG_FAST=0 -DBUILD_RRTMK=0 -DBUILD_SBM_FAST=1 -DSHOW_ALL_VARS_USED=0 -DCONFIG_BUF_LEN=65536 -DMAX_DOMAINS_F=21 -DMAX_HISTORY=25 -DNMM_NEST=0  -I. -traditional-cpp -DUSE_NETCDF4_FEATURES -DWRFIO_NCD_LARGE_FILE_SUPPORT   module_sf_spec_ideal_tsk.G  > module_sf_spec_ideal_tsk.bb
/global/scratch/users/adamwise/compiling/WRFv4.4-DRM_real_GAD_slices_CPM/tools/standard.exe module_sf_spec_ideal_tsk.bb | /lib/cpp -P -nostdinc -traditional-cpp -DUSE_NETCDF4_FEATURES -DWRFIO_NCD_LARGE_FILE_SUPPORT > module_sf_spec_ideal_tsk.f90
rm -f module_sf_spec_ideal_tsk.G module_sf_spec_ideal_tsk.bb
time mpif90 -f90=ifort -o module_sf_spec_ideal_tsk.o -c -O3 -ip -fp-model precise -w -ftz -align all -fno-alias -FR -convert big_endian    -I../dyn_em  -I/global/scratch/users/adamwise/compiling/WRFv4.4-DRM_real_GAD_slices_CPM/external/esmf_time_f90  -I/global/scratch/users/adamwise/compiling/WRFv4.4-DRM_real_GAD_slices_CPM/main -I/global/scratch/users/adamwise/compiling/WRFv4.4-DRM_real_GAD_slices_CPM/external/io_netcdf -I/global/scratch/users/adamwise/compiling/WRFv4.4-DRM_real_GAD_slices_CPM/external/io_int -I/global/scratch/users/adamwise/compiling/WRFv4.4-DRM_real_GAD_slices_CPM/frame -I/global/scratch/users/adamwise/compiling/WRFv4.4-DRM_real_GAD_slices_CPM/share -I/global/scratch/users/adamwise/compiling/WRFv4.4-DRM_real_GAD_slices_CPM/phys -I/global/scratch/users/adamwise/compiling/WRFv4.4-DRM_real_GAD_slices_CPM/wrftladj -I/global/scratch/users/adamwise/compiling/WRFv4.4-DRM_real_GAD_slices_CPM/chem -I/global/scratch/users/adamwise/compiling/WRFv4.4-DRM_real_GAD_slices_CPM/inc -I/global/software/sl-7.x86_64/modules/intel/2016.4.072/netcdf/4.4.1.1-intel-s/include  -real-size `expr 8 \* 4` -i4  module_sf_spec_ideal_tsk.f90

real	0m0.462s
user	0m0.132s
sys	0m0.108s
rm -f module_sf_scmflux.o
sed -e "s/^\!.*'.*//" -e "s/^ *\!.*'.*//" module_sf_scmflux.F > module_sf_scmflux.G
/lib/cpp -P -nostdinc -I/global/scratch/users/adamwise/compiling/WRFv4.4-DRM_real_GAD_slices_CPM/inc -DEM_CORE=1 -DNMM_CORE=0 -DNMM_MAX_DIM=2600 -DDA_CORE=0 -DWRFPLUS=0 -DIWORDSIZE=4 -DDWORDSIZE=8 -DRWORDSIZE=4 -DLWORDSIZE=4 -DNONSTANDARD_SYSTEM_FUNC  -DWRF_USE_CLM -DUSE_NETCDF4_FEATURES -DWRFIO_NCD_LARGE_FILE_SUPPORT  -DDM_PARALLEL -DNETCDF -DLANDREAD_STUB=1 -DUSE_ALLOCATABLES -Dwrfmodel -DGRIB1 -DINTIO -DKEEP_INT_AROUND -DLIMIT_ARGS -DBUILD_RRTMG_FAST=0 -DBUILD_RRTMK=0 -DBUILD_SBM_FAST=1 -DSHOW_ALL_VARS_USED=0 -DCONFIG_BUF_LEN=65536 -DMAX_DOMAINS_F=21 -DMAX_HISTORY=25 -DNMM_NEST=0  -I. -traditional-cpp -DUSE_NETCDF4_FEATURES -DWRFIO_NCD_LARGE_FILE_SUPPORT   module_sf_scmflux.G  > module_sf_scmflux.bb
/global/scratch/users/adamwise/compiling/WRFv4.4-DRM_real_GAD_slices_CPM/tools/standard.exe module_sf_scmflux.bb | /lib/cpp -P -nostdinc -traditional-cpp -DUSE_NETCDF4_FEATURES -DWRFIO_NCD_LARGE_FILE_SUPPORT > module_sf_scmflux.f90
rm -f module_sf_scmflux.G module_sf_scmflux.bb
time mpif90 -f90=ifort -o module_sf_scmflux.o -c -O3 -ip -fp-model precise -w -ftz -align all -fno-alias -FR -convert big_endian    -I../dyn_em  -I/global/scratch/users/adamwise/compiling/WRFv4.4-DRM_real_GAD_slices_CPM/external/esmf_time_f90  -I/global/scratch/users/adamwise/compiling/WRFv4.4-DRM_real_GAD_slices_CPM/main -I/global/scratch/users/adamwise/compiling/WRFv4.4-DRM_real_GAD_slices_CPM/external/io_netcdf -I/global/scratch/users/adamwise/compiling/WRFv4.4-DRM_real_GAD_slices_CPM/external/io_int -I/global/scratch/users/adamwise/compiling/WRFv4.4-DRM_real_GAD_slices_CPM/frame -I/global/scratch/users/adamwise/compiling/WRFv4.4-DRM_real_GAD_slices_CPM/share -I/global/scratch/users/adamwise/compiling/WRFv4.4-DRM_real_GAD_slices_CPM/phys -I/global/scratch/users/adamwise/compiling/WRFv4.4-DRM_real_GAD_slices_CPM/wrftladj -I/global/scratch/users/adamwise/compiling/WRFv4.4-DRM_real_GAD_slices_CPM/chem -I/global/scratch/users/adamwise/compiling/WRFv4.4-DRM_real_GAD_slices_CPM/inc -I/global/software/sl-7.x86_64/modules/intel/2016.4.072/netcdf/4.4.1.1-intel-s/include  -real-size `expr 8 \* 4` -i4  module_sf_scmflux.f90

real	0m0.619s
user	0m0.243s
sys	0m0.126s
rm -f module_sf_scmskintemp.o
sed -e "s/^\!.*'.*//" -e "s/^ *\!.*'.*//" module_sf_scmskintemp.F > module_sf_scmskintemp.G
/lib/cpp -P -nostdinc -I/global/scratch/users/adamwise/compiling/WRFv4.4-DRM_real_GAD_slices_CPM/inc -DEM_CORE=1 -DNMM_CORE=0 -DNMM_MAX_DIM=2600 -DDA_CORE=0 -DWRFPLUS=0 -DIWORDSIZE=4 -DDWORDSIZE=8 -DRWORDSIZE=4 -DLWORDSIZE=4 -DNONSTANDARD_SYSTEM_FUNC  -DWRF_USE_CLM -DUSE_NETCDF4_FEATURES -DWRFIO_NCD_LARGE_FILE_SUPPORT  -DDM_PARALLEL -DNETCDF -DLANDREAD_STUB=1 -DUSE_ALLOCATABLES -Dwrfmodel -DGRIB1 -DINTIO -DKEEP_INT_AROUND -DLIMIT_ARGS -DBUILD_RRTMG_FAST=0 -DBUILD_RRTMK=0 -DBUILD_SBM_FAST=1 -DSHOW_ALL_VARS_USED=0 -DCONFIG_BUF_LEN=65536 -DMAX_DOMAINS_F=21 -DMAX_HISTORY=25 -DNMM_NEST=0  -I. -traditional-cpp -DUSE_NETCDF4_FEATURES -DWRFIO_NCD_LARGE_FILE_SUPPORT   module_sf_scmskintemp.G  > module_sf_scmskintemp.bb
/global/scratch/users/adamwise/compiling/WRFv4.4-DRM_real_GAD_slices_CPM/tools/standard.exe module_sf_scmskintemp.bb | /lib/cpp -P -nostdinc -traditional-cpp -DUSE_NETCDF4_FEATURES -DWRFIO_NCD_LARGE_FILE_SUPPORT > module_sf_scmskintemp.f90
rm -f module_sf_scmskintemp.G module_sf_scmskintemp.bb
time mpif90 -f90=ifort -o module_sf_scmskintemp.o -c -O3 -ip -fp-model precise -w -ftz -align all -fno-alias -FR -convert big_endian    -I../dyn_em  -I/global/scratch/users/adamwise/compiling/WRFv4.4-DRM_real_GAD_slices_CPM/external/esmf_time_f90  -I/global/scratch/users/adamwise/compiling/WRFv4.4-DRM_real_GAD_slices_CPM/main -I/global/scratch/users/adamwise/compiling/WRFv4.4-DRM_real_GAD_slices_CPM/external/io_netcdf -I/global/scratch/users/adamwise/compiling/WRFv4.4-DRM_real_GAD_slices_CPM/external/io_int -I/global/scratch/users/adamwise/compiling/WRFv4.4-DRM_real_GAD_slices_CPM/frame -I/global/scratch/users/adamwise/compiling/WRFv4.4-DRM_real_GAD_slices_CPM/share -I/global/scratch/users/adamwise/compiling/WRFv4.4-DRM_real_GAD_slices_CPM/phys -I/global/scratch/users/adamwise/compiling/WRFv4.4-DRM_real_GAD_slices_CPM/wrftladj -I/global/scratch/users/adamwise/compiling/WRFv4.4-DRM_real_GAD_slices_CPM/chem -I/global/scratch/users/adamwise/compiling/WRFv4.4-DRM_real_GAD_slices_CPM/inc -I/global/software/sl-7.x86_64/modules/intel/2016.4.072/netcdf/4.4.1.1-intel-s/include  -real-size `expr 8 \* 4` -i4  module_sf_scmskintemp.f90

real	0m0.526s
user	0m0.190s
sys	0m0.104s
rm -f module_physics_addtendc.o
sed -e "s/^\!.*'.*//" -e "s/^ *\!.*'.*//" module_physics_addtendc.F > module_physics_addtendc.G
/lib/cpp -P -nostdinc -I/global/scratch/users/adamwise/compiling/WRFv4.4-DRM_real_GAD_slices_CPM/inc -DEM_CORE=1 -DNMM_CORE=0 -DNMM_MAX_DIM=2600 -DDA_CORE=0 -DWRFPLUS=0 -DIWORDSIZE=4 -DDWORDSIZE=8 -DRWORDSIZE=4 -DLWORDSIZE=4 -DNONSTANDARD_SYSTEM_FUNC  -DWRF_USE_CLM -DUSE_NETCDF4_FEATURES -DWRFIO_NCD_LARGE_FILE_SUPPORT  -DDM_PARALLEL -DNETCDF -DLANDREAD_STUB=1 -DUSE_ALLOCATABLES -Dwrfmodel -DGRIB1 -DINTIO -DKEEP_INT_AROUND -DLIMIT_ARGS -DBUILD_RRTMG_FAST=0 -DBUILD_RRTMK=0 -DBUILD_SBM_FAST=1 -DSHOW_ALL_VARS_USED=0 -DCONFIG_BUF_LEN=65536 -DMAX_DOMAINS_F=21 -DMAX_HISTORY=25 -DNMM_NEST=0  -I. -traditional-cpp -DUSE_NETCDF4_FEATURES -DWRFIO_NCD_LARGE_FILE_SUPPORT   module_physics_addtendc.G  > module_physics_addtendc.bb
/global/scratch/users/adamwise/compiling/WRFv4.4-DRM_real_GAD_slices_CPM/tools/standard.exe module_physics_addtendc.bb | /lib/cpp -P -nostdinc -traditional-cpp -DUSE_NETCDF4_FEATURES -DWRFIO_NCD_LARGE_FILE_SUPPORT > module_physics_addtendc.f90
rm -f module_physics_addtendc.G module_physics_addtendc.bb
time mpif90 -f90=ifort -o module_physics_addtendc.o -c -O3 -ip -fp-model precise -w -ftz -align all -fno-alias -FR -convert big_endian    -I../dyn_em  -I/global/scratch/users/adamwise/compiling/WRFv4.4-DRM_real_GAD_slices_CPM/external/esmf_time_f90  -I/global/scratch/users/adamwise/compiling/WRFv4.4-DRM_real_GAD_slices_CPM/main -I/global/scratch/users/adamwise/compiling/WRFv4.4-DRM_real_GAD_slices_CPM/external/io_netcdf -I/global/scratch/users/adamwise/compiling/WRFv4.4-DRM_real_GAD_slices_CPM/external/io_int -I/global/scratch/users/adamwise/compiling/WRFv4.4-DRM_real_GAD_slices_CPM/frame -I/global/scratch/users/adamwise/compiling/WRFv4.4-DRM_real_GAD_slices_CPM/share -I/global/scratch/users/adamwise/compiling/WRFv4.4-DRM_real_GAD_slices_CPM/phys -I/global/scratch/users/adamwise/compiling/WRFv4.4-DRM_real_GAD_slices_CPM/wrftladj -I/global/scratch/users/adamwise/compiling/WRFv4.4-DRM_real_GAD_slices_CPM/chem -I/global/scratch/users/adamwise/compiling/WRFv4.4-DRM_real_GAD_slices_CPM/inc -I/global/software/sl-7.x86_64/modules/intel/2016.4.072/netcdf/4.4.1.1-intel-s/include  -real-size `expr 8 \* 4` -i4  module_physics_addtendc.f90

real	0m0.409s
user	0m0.074s
sys	0m0.109s
rm -f module_sf_lake.o
sed -e "s/^\!.*'.*//" -e "s/^ *\!.*'.*//" module_sf_lake.F > module_sf_lake.G
/lib/cpp -P -nostdinc -I/global/scratch/users/adamwise/compiling/WRFv4.4-DRM_real_GAD_slices_CPM/inc -DEM_CORE=1 -DNMM_CORE=0 -DNMM_MAX_DIM=2600 -DDA_CORE=0 -DWRFPLUS=0 -DIWORDSIZE=4 -DDWORDSIZE=8 -DRWORDSIZE=4 -DLWORDSIZE=4 -DNONSTANDARD_SYSTEM_FUNC  -DWRF_USE_CLM -DUSE_NETCDF4_FEATURES -DWRFIO_NCD_LARGE_FILE_SUPPORT  -DDM_PARALLEL -DNETCDF -DLANDREAD_STUB=1 -DUSE_ALLOCATABLES -Dwrfmodel -DGRIB1 -DINTIO -DKEEP_INT_AROUND -DLIMIT_ARGS -DBUILD_RRTMG_FAST=0 -DBUILD_RRTMK=0 -DBUILD_SBM_FAST=1 -DSHOW_ALL_VARS_USED=0 -DCONFIG_BUF_LEN=65536 -DMAX_DOMAINS_F=21 -DMAX_HISTORY=25 -DNMM_NEST=0  -I. -traditional-cpp -DUSE_NETCDF4_FEATURES -DWRFIO_NCD_LARGE_FILE_SUPPORT   module_sf_lake.G  > module_sf_lake.bb
/global/scratch/users/adamwise/compiling/WRFv4.4-DRM_real_GAD_slices_CPM/tools/standard.exe module_sf_lake.bb | /lib/cpp -P -nostdinc -traditional-cpp -DUSE_NETCDF4_FEATURES -DWRFIO_NCD_LARGE_FILE_SUPPORT > module_sf_lake.f90
rm -f module_sf_lake.G module_sf_lake.bb
time mpif90 -f90=ifort -o module_sf_lake.o -c -O3 -ip -fp-model precise -w -ftz -align all -fno-alias -FR -convert big_endian    -I../dyn_em  -I/global/scratch/users/adamwise/compiling/WRFv4.4-DRM_real_GAD_slices_CPM/external/esmf_time_f90  -I/global/scratch/users/adamwise/compiling/WRFv4.4-DRM_real_GAD_slices_CPM/main -I/global/scratch/users/adamwise/compiling/WRFv4.4-DRM_real_GAD_slices_CPM/external/io_netcdf -I/global/scratch/users/adamwise/compiling/WRFv4.4-DRM_real_GAD_slices_CPM/external/io_int -I/global/scratch/users/adamwise/compiling/WRFv4.4-DRM_real_GAD_slices_CPM/frame -I/global/scratch/users/adamwise/compiling/WRFv4.4-DRM_real_GAD_slices_CPM/share -I/global/scratch/users/adamwise/compiling/WRFv4.4-DRM_real_GAD_slices_CPM/phys -I/global/scratch/users/adamwise/compiling/WRFv4.4-DRM_real_GAD_slices_CPM/wrftladj -I/global/scratch/users/adamwise/compiling/WRFv4.4-DRM_real_GAD_slices_CPM/chem -I/global/scratch/users/adamwise/compiling/WRFv4.4-DRM_real_GAD_slices_CPM/inc -I/global/software/sl-7.x86_64/modules/intel/2016.4.072/netcdf/4.4.1.1-intel-s/include  -real-size `expr 8 \* 4` -i4  module_sf_lake.f90

real	0m5.992s
user	0m5.535s
sys	0m0.205s
rm -f module_fdda_psufddagd.o
sed -e "s/^\!.*'.*//" -e "s/^ *\!.*'.*//" module_fdda_psufddagd.F > module_fdda_psufddagd.G
/lib/cpp -P -nostdinc -I/global/scratch/users/adamwise/compiling/WRFv4.4-DRM_real_GAD_slices_CPM/inc -DEM_CORE=1 -DNMM_CORE=0 -DNMM_MAX_DIM=2600 -DDA_CORE=0 -DWRFPLUS=0 -DIWORDSIZE=4 -DDWORDSIZE=8 -DRWORDSIZE=4 -DLWORDSIZE=4 -DNONSTANDARD_SYSTEM_FUNC  -DWRF_USE_CLM -DUSE_NETCDF4_FEATURES -DWRFIO_NCD_LARGE_FILE_SUPPORT  -DDM_PARALLEL -DNETCDF -DLANDREAD_STUB=1 -DUSE_ALLOCATABLES -Dwrfmodel -DGRIB1 -DINTIO -DKEEP_INT_AROUND -DLIMIT_ARGS -DBUILD_RRTMG_FAST=0 -DBUILD_RRTMK=0 -DBUILD_SBM_FAST=1 -DSHOW_ALL_VARS_USED=0 -DCONFIG_BUF_LEN=65536 -DMAX_DOMAINS_F=21 -DMAX_HISTORY=25 -DNMM_NEST=0  -I. -traditional-cpp -DUSE_NETCDF4_FEATURES -DWRFIO_NCD_LARGE_FILE_SUPPORT   module_fdda_psufddagd.G  > module_fdda_psufddagd.bb
/global/scratch/users/adamwise/compiling/WRFv4.4-DRM_real_GAD_slices_CPM/tools/standard.exe module_fdda_psufddagd.bb | /lib/cpp -P -nostdinc -traditional-cpp -DUSE_NETCDF4_FEATURES -DWRFIO_NCD_LARGE_FILE_SUPPORT > module_fdda_psufddagd.f90
rm -f module_fdda_psufddagd.G module_fdda_psufddagd.bb
time mpif90 -f90=ifort -o module_fdda_psufddagd.o -c -O3 -ip -fp-model precise -w -ftz -align all -fno-alias -FR -convert big_endian    -I../dyn_em  -I/global/scratch/users/adamwise/compiling/WRFv4.4-DRM_real_GAD_slices_CPM/external/esmf_time_f90  -I/global/scratch/users/adamwise/compiling/WRFv4.4-DRM_real_GAD_slices_CPM/main -I/global/scratch/users/adamwise/compiling/WRFv4.4-DRM_real_GAD_slices_CPM/external/io_netcdf -I/global/scratch/users/adamwise/compiling/WRFv4.4-DRM_real_GAD_slices_CPM/external/io_int -I/global/scratch/users/adamwise/compiling/WRFv4.4-DRM_real_GAD_slices_CPM/frame -I/global/scratch/users/adamwise/compiling/WRFv4.4-DRM_real_GAD_slices_CPM/share -I/global/scratch/users/adamwise/compiling/WRFv4.4-DRM_real_GAD_slices_CPM/phys -I/global/scratch/users/adamwise/compiling/WRFv4.4-DRM_real_GAD_slices_CPM/wrftladj -I/global/scratch/users/adamwise/compiling/WRFv4.4-DRM_real_GAD_slices_CPM/chem -I/global/scratch/users/adamwise/compiling/WRFv4.4-DRM_real_GAD_slices_CPM/inc -I/global/software/sl-7.x86_64/modules/intel/2016.4.072/netcdf/4.4.1.1-intel-s/include  -real-size `expr 8 \* 4` -i4  module_fdda_psufddagd.f90

real	0m6.377s
user	0m5.939s
sys	0m0.204s
rm -f module_fdda_spnudging.o
sed -e "s/^\!.*'.*//" -e "s/^ *\!.*'.*//" module_fdda_spnudging.F > module_fdda_spnudging.G
/lib/cpp -P -nostdinc -I/global/scratch/users/adamwise/compiling/WRFv4.4-DRM_real_GAD_slices_CPM/inc -DEM_CORE=1 -DNMM_CORE=0 -DNMM_MAX_DIM=2600 -DDA_CORE=0 -DWRFPLUS=0 -DIWORDSIZE=4 -DDWORDSIZE=8 -DRWORDSIZE=4 -DLWORDSIZE=4 -DNONSTANDARD_SYSTEM_FUNC  -DWRF_USE_CLM -DUSE_NETCDF4_FEATURES -DWRFIO_NCD_LARGE_FILE_SUPPORT  -DDM_PARALLEL -DNETCDF -DLANDREAD_STUB=1 -DUSE_ALLOCATABLES -Dwrfmodel -DGRIB1 -DINTIO -DKEEP_INT_AROUND -DLIMIT_ARGS -DBUILD_RRTMG_FAST=0 -DBUILD_RRTMK=0 -DBUILD_SBM_FAST=1 -DSHOW_ALL_VARS_USED=0 -DCONFIG_BUF_LEN=65536 -DMAX_DOMAINS_F=21 -DMAX_HISTORY=25 -DNMM_NEST=0  -I. -traditional-cpp -DUSE_NETCDF4_FEATURES -DWRFIO_NCD_LARGE_FILE_SUPPORT   module_fdda_spnudging.G  > module_fdda_spnudging.bb
/global/scratch/users/adamwise/compiling/WRFv4.4-DRM_real_GAD_slices_CPM/tools/standard.exe module_fdda_spnudging.bb | /lib/cpp -P -nostdinc -traditional-cpp -DUSE_NETCDF4_FEATURES -DWRFIO_NCD_LARGE_FILE_SUPPORT > module_fdda_spnudging.f90
rm -f module_fdda_spnudging.G module_fdda_spnudging.bb
time mpif90 -f90=ifort -o module_fdda_spnudging.o -c -O3 -ip -fp-model precise -w -ftz -align all -fno-alias -FR -convert big_endian    -I../dyn_em  -I/global/scratch/users/adamwise/compiling/WRFv4.4-DRM_real_GAD_slices_CPM/external/esmf_time_f90  -I/global/scratch/users/adamwise/compiling/WRFv4.4-DRM_real_GAD_slices_CPM/main -I/global/scratch/users/adamwise/compiling/WRFv4.4-DRM_real_GAD_slices_CPM/external/io_netcdf -I/global/scratch/users/adamwise/compiling/WRFv4.4-DRM_real_GAD_slices_CPM/external/io_int -I/global/scratch/users/adamwise/compiling/WRFv4.4-DRM_real_GAD_slices_CPM/frame -I/global/scratch/users/adamwise/compiling/WRFv4.4-DRM_real_GAD_slices_CPM/share -I/global/scratch/users/adamwise/compiling/WRFv4.4-DRM_real_GAD_slices_CPM/phys -I/global/scratch/users/adamwise/compiling/WRFv4.4-DRM_real_GAD_slices_CPM/wrftladj -I/global/scratch/users/adamwise/compiling/WRFv4.4-DRM_real_GAD_slices_CPM/chem -I/global/scratch/users/adamwise/compiling/WRFv4.4-DRM_real_GAD_slices_CPM/inc -I/global/software/sl-7.x86_64/modules/intel/2016.4.072/netcdf/4.4.1.1-intel-s/include  -real-size `expr 8 \* 4` -i4  module_fdda_spnudging.f90

real	0m3.052s
user	0m2.640s
sys	0m0.186s
rm -f module_fddaobs_rtfdda.o
sed -e "s/^\!.*'.*//" -e "s/^ *\!.*'.*//" module_fddaobs_rtfdda.F > module_fddaobs_rtfdda.G
/lib/cpp -P -nostdinc -I/global/scratch/users/adamwise/compiling/WRFv4.4-DRM_real_GAD_slices_CPM/inc -DEM_CORE=1 -DNMM_CORE=0 -DNMM_MAX_DIM=2600 -DDA_CORE=0 -DWRFPLUS=0 -DIWORDSIZE=4 -DDWORDSIZE=8 -DRWORDSIZE=4 -DLWORDSIZE=4 -DNONSTANDARD_SYSTEM_FUNC  -DWRF_USE_CLM -DUSE_NETCDF4_FEATURES -DWRFIO_NCD_LARGE_FILE_SUPPORT  -DDM_PARALLEL -DNETCDF -DLANDREAD_STUB=1 -DUSE_ALLOCATABLES -Dwrfmodel -DGRIB1 -DINTIO -DKEEP_INT_AROUND -DLIMIT_ARGS -DBUILD_RRTMG_FAST=0 -DBUILD_RRTMK=0 -DBUILD_SBM_FAST=1 -DSHOW_ALL_VARS_USED=0 -DCONFIG_BUF_LEN=65536 -DMAX_DOMAINS_F=21 -DMAX_HISTORY=25 -DNMM_NEST=0  -I. -traditional-cpp -DUSE_NETCDF4_FEATURES -DWRFIO_NCD_LARGE_FILE_SUPPORT   module_fddaobs_rtfdda.G  > module_fddaobs_rtfdda.bb
/global/scratch/users/adamwise/compiling/WRFv4.4-DRM_real_GAD_slices_CPM/tools/standard.exe module_fddaobs_rtfdda.bb | /lib/cpp -P -nostdinc -traditional-cpp -DUSE_NETCDF4_FEATURES -DWRFIO_NCD_LARGE_FILE_SUPPORT > module_fddaobs_rtfdda.f90
rm -f module_fddaobs_rtfdda.G module_fddaobs_rtfdda.bb
time mpif90 -f90=ifort -o module_fddaobs_rtfdda.o -c -O3 -ip -fp-model precise -w -ftz -align all -fno-alias -FR -convert big_endian    -I../dyn_em  -I/global/scratch/users/adamwise/compiling/WRFv4.4-DRM_real_GAD_slices_CPM/external/esmf_time_f90  -I/global/scratch/users/adamwise/compiling/WRFv4.4-DRM_real_GAD_slices_CPM/main -I/global/scratch/users/adamwise/compiling/WRFv4.4-DRM_real_GAD_slices_CPM/external/io_netcdf -I/global/scratch/users/adamwise/compiling/WRFv4.4-DRM_real_GAD_slices_CPM/external/io_int -I/global/scratch/users/adamwise/compiling/WRFv4.4-DRM_real_GAD_slices_CPM/frame -I/global/scratch/users/adamwise/compiling/WRFv4.4-DRM_real_GAD_slices_CPM/share -I/global/scratch/users/adamwise/compiling/WRFv4.4-DRM_real_GAD_slices_CPM/phys -I/global/scratch/users/adamwise/compiling/WRFv4.4-DRM_real_GAD_slices_CPM/wrftladj -I/global/scratch/users/adamwise/compiling/WRFv4.4-DRM_real_GAD_slices_CPM/chem -I/global/scratch/users/adamwise/compiling/WRFv4.4-DRM_real_GAD_slices_CPM/inc -I/global/software/sl-7.x86_64/modules/intel/2016.4.072/netcdf/4.4.1.1-intel-s/include  -real-size `expr 8 \* 4` -i4  module_fddaobs_rtfdda.f90

real	0m7.336s
user	0m6.766s
sys	0m0.319s
rm -f module_wind_fitch.o
sed -e "s/^\!.*'.*//" -e "s/^ *\!.*'.*//" module_wind_fitch.F > module_wind_fitch.G
/lib/cpp -P -nostdinc -I/global/scratch/users/adamwise/compiling/WRFv4.4-DRM_real_GAD_slices_CPM/inc -DEM_CORE=1 -DNMM_CORE=0 -DNMM_MAX_DIM=2600 -DDA_CORE=0 -DWRFPLUS=0 -DIWORDSIZE=4 -DDWORDSIZE=8 -DRWORDSIZE=4 -DLWORDSIZE=4 -DNONSTANDARD_SYSTEM_FUNC  -DWRF_USE_CLM -DUSE_NETCDF4_FEATURES -DWRFIO_NCD_LARGE_FILE_SUPPORT  -DDM_PARALLEL -DNETCDF -DLANDREAD_STUB=1 -DUSE_ALLOCATABLES -Dwrfmodel -DGRIB1 -DINTIO -DKEEP_INT_AROUND -DLIMIT_ARGS -DBUILD_RRTMG_FAST=0 -DBUILD_RRTMK=0 -DBUILD_SBM_FAST=1 -DSHOW_ALL_VARS_USED=0 -DCONFIG_BUF_LEN=65536 -DMAX_DOMAINS_F=21 -DMAX_HISTORY=25 -DNMM_NEST=0  -I. -traditional-cpp -DUSE_NETCDF4_FEATURES -DWRFIO_NCD_LARGE_FILE_SUPPORT   module_wind_fitch.G  > module_wind_fitch.bb
/global/scratch/users/adamwise/compiling/WRFv4.4-DRM_real_GAD_slices_CPM/tools/standard.exe module_wind_fitch.bb | /lib/cpp -P -nostdinc -traditional-cpp -DUSE_NETCDF4_FEATURES -DWRFIO_NCD_LARGE_FILE_SUPPORT > module_wind_fitch.f90
rm -f module_wind_fitch.G module_wind_fitch.bb
time mpif90 -f90=ifort -o module_wind_fitch.o -c -O3 -ip -fp-model precise -w -ftz -align all -fno-alias -FR -convert big_endian    -I../dyn_em  -I/global/scratch/users/adamwise/compiling/WRFv4.4-DRM_real_GAD_slices_CPM/external/esmf_time_f90  -I/global/scratch/users/adamwise/compiling/WRFv4.4-DRM_real_GAD_slices_CPM/main -I/global/scratch/users/adamwise/compiling/WRFv4.4-DRM_real_GAD_slices_CPM/external/io_netcdf -I/global/scratch/users/adamwise/compiling/WRFv4.4-DRM_real_GAD_slices_CPM/external/io_int -I/global/scratch/users/adamwise/compiling/WRFv4.4-DRM_real_GAD_slices_CPM/frame -I/global/scratch/users/adamwise/compiling/WRFv4.4-DRM_real_GAD_slices_CPM/share -I/global/scratch/users/adamwise/compiling/WRFv4.4-DRM_real_GAD_slices_CPM/phys -I/global/scratch/users/adamwise/compiling/WRFv4.4-DRM_real_GAD_slices_CPM/wrftladj -I/global/scratch/users/adamwise/compiling/WRFv4.4-DRM_real_GAD_slices_CPM/chem -I/global/scratch/users/adamwise/compiling/WRFv4.4-DRM_real_GAD_slices_CPM/inc -I/global/software/sl-7.x86_64/modules/intel/2016.4.072/netcdf/4.4.1.1-intel-s/include  -real-size `expr 8 \* 4` -i4  module_wind_fitch.f90

real	0m5.154s
user	0m4.592s
sys	0m0.286s
rm -f module_dust_emis.o
sed -e "s/^\!.*'.*//" -e "s/^ *\!.*'.*//" module_dust_emis.F > module_dust_emis.G
/lib/cpp -P -nostdinc -I/global/scratch/users/adamwise/compiling/WRFv4.4-DRM_real_GAD_slices_CPM/inc -DEM_CORE=1 -DNMM_CORE=0 -DNMM_MAX_DIM=2600 -DDA_CORE=0 -DWRFPLUS=0 -DIWORDSIZE=4 -DDWORDSIZE=8 -DRWORDSIZE=4 -DLWORDSIZE=4 -DNONSTANDARD_SYSTEM_FUNC  -DWRF_USE_CLM -DUSE_NETCDF4_FEATURES -DWRFIO_NCD_LARGE_FILE_SUPPORT  -DDM_PARALLEL -DNETCDF -DLANDREAD_STUB=1 -DUSE_ALLOCATABLES -Dwrfmodel -DGRIB1 -DINTIO -DKEEP_INT_AROUND -DLIMIT_ARGS -DBUILD_RRTMG_FAST=0 -DBUILD_RRTMK=0 -DBUILD_SBM_FAST=1 -DSHOW_ALL_VARS_USED=0 -DCONFIG_BUF_LEN=65536 -DMAX_DOMAINS_F=21 -DMAX_HISTORY=25 -DNMM_NEST=0  -I. -traditional-cpp -DUSE_NETCDF4_FEATURES -DWRFIO_NCD_LARGE_FILE_SUPPORT   module_dust_emis.G  > module_dust_emis.bb
/global/scratch/users/adamwise/compiling/WRFv4.4-DRM_real_GAD_slices_CPM/tools/standard.exe module_dust_emis.bb | /lib/cpp -P -nostdinc -traditional-cpp -DUSE_NETCDF4_FEATURES -DWRFIO_NCD_LARGE_FILE_SUPPORT > module_dust_emis.f90
rm -f module_dust_emis.G module_dust_emis.bb
time mpif90 -f90=ifort -o module_dust_emis.o -c -O3 -ip -fp-model precise -w -ftz -align all -fno-alias -FR -convert big_endian    -I../dyn_em  -I/global/scratch/users/adamwise/compiling/WRFv4.4-DRM_real_GAD_slices_CPM/external/esmf_time_f90  -I/global/scratch/users/adamwise/compiling/WRFv4.4-DRM_real_GAD_slices_CPM/main -I/global/scratch/users/adamwise/compiling/WRFv4.4-DRM_real_GAD_slices_CPM/external/io_netcdf -I/global/scratch/users/adamwise/compiling/WRFv4.4-DRM_real_GAD_slices_CPM/external/io_int -I/global/scratch/users/adamwise/compiling/WRFv4.4-DRM_real_GAD_slices_CPM/frame -I/global/scratch/users/adamwise/compiling/WRFv4.4-DRM_real_GAD_slices_CPM/share -I/global/scratch/users/adamwise/compiling/WRFv4.4-DRM_real_GAD_slices_CPM/phys -I/global/scratch/users/adamwise/compiling/WRFv4.4-DRM_real_GAD_slices_CPM/wrftladj -I/global/scratch/users/adamwise/compiling/WRFv4.4-DRM_real_GAD_slices_CPM/chem -I/global/scratch/users/adamwise/compiling/WRFv4.4-DRM_real_GAD_slices_CPM/inc -I/global/software/sl-7.x86_64/modules/intel/2016.4.072/netcdf/4.4.1.1-intel-s/include  -real-size `expr 8 \* 4` -i4  module_dust_emis.f90

real	0m0.440s
user	0m0.125s
sys	0m0.093s
rm -f module_irrigation.o
sed -e "s/^\!.*'.*//" -e "s/^ *\!.*'.*//" module_irrigation.F > module_irrigation.G
/lib/cpp -P -nostdinc -I/global/scratch/users/adamwise/compiling/WRFv4.4-DRM_real_GAD_slices_CPM/inc -DEM_CORE=1 -DNMM_CORE=0 -DNMM_MAX_DIM=2600 -DDA_CORE=0 -DWRFPLUS=0 -DIWORDSIZE=4 -DDWORDSIZE=8 -DRWORDSIZE=4 -DLWORDSIZE=4 -DNONSTANDARD_SYSTEM_FUNC  -DWRF_USE_CLM -DUSE_NETCDF4_FEATURES -DWRFIO_NCD_LARGE_FILE_SUPPORT  -DDM_PARALLEL -DNETCDF -DLANDREAD_STUB=1 -DUSE_ALLOCATABLES -Dwrfmodel -DGRIB1 -DINTIO -DKEEP_INT_AROUND -DLIMIT_ARGS -DBUILD_RRTMG_FAST=0 -DBUILD_RRTMK=0 -DBUILD_SBM_FAST=1 -DSHOW_ALL_VARS_USED=0 -DCONFIG_BUF_LEN=65536 -DMAX_DOMAINS_F=21 -DMAX_HISTORY=25 -DNMM_NEST=0  -I. -traditional-cpp -DUSE_NETCDF4_FEATURES -DWRFIO_NCD_LARGE_FILE_SUPPORT   module_irrigation.G  > module_irrigation.bb
/global/scratch/users/adamwise/compiling/WRFv4.4-DRM_real_GAD_slices_CPM/tools/standard.exe module_irrigation.bb | /lib/cpp -P -nostdinc -traditional-cpp -DUSE_NETCDF4_FEATURES -DWRFIO_NCD_LARGE_FILE_SUPPORT > module_irrigation.f90
rm -f module_irrigation.G module_irrigation.bb
time mpif90 -f90=ifort -o module_irrigation.o -c -O3 -ip -fp-model precise -w -ftz -align all -fno-alias -FR -convert big_endian    -I../dyn_em  -I/global/scratch/users/adamwise/compiling/WRFv4.4-DRM_real_GAD_slices_CPM/external/esmf_time_f90  -I/global/scratch/users/adamwise/compiling/WRFv4.4-DRM_real_GAD_slices_CPM/main -I/global/scratch/users/adamwise/compiling/WRFv4.4-DRM_real_GAD_slices_CPM/external/io_netcdf -I/global/scratch/users/adamwise/compiling/WRFv4.4-DRM_real_GAD_slices_CPM/external/io_int -I/global/scratch/users/adamwise/compiling/WRFv4.4-DRM_real_GAD_slices_CPM/frame -I/global/scratch/users/adamwise/compiling/WRFv4.4-DRM_real_GAD_slices_CPM/share -I/global/scratch/users/adamwise/compiling/WRFv4.4-DRM_real_GAD_slices_CPM/phys -I/global/scratch/users/adamwise/compiling/WRFv4.4-DRM_real_GAD_slices_CPM/wrftladj -I/global/scratch/users/adamwise/compiling/WRFv4.4-DRM_real_GAD_slices_CPM/chem -I/global/scratch/users/adamwise/compiling/WRFv4.4-DRM_real_GAD_slices_CPM/inc -I/global/software/sl-7.x86_64/modules/intel/2016.4.072/netcdf/4.4.1.1-intel-s/include  -real-size `expr 8 \* 4` -i4  module_irrigation.f90

real	0m0.876s
user	0m0.484s
sys	0m0.137s
rm -f module_microphysics_zero_out.o
sed -e "s/^\!.*'.*//" -e "s/^ *\!.*'.*//" module_microphysics_zero_out.F > module_microphysics_zero_out.G
/lib/cpp -P -nostdinc -I/global/scratch/users/adamwise/compiling/WRFv4.4-DRM_real_GAD_slices_CPM/inc -DEM_CORE=1 -DNMM_CORE=0 -DNMM_MAX_DIM=2600 -DDA_CORE=0 -DWRFPLUS=0 -DIWORDSIZE=4 -DDWORDSIZE=8 -DRWORDSIZE=4 -DLWORDSIZE=4 -DNONSTANDARD_SYSTEM_FUNC  -DWRF_USE_CLM -DUSE_NETCDF4_FEATURES -DWRFIO_NCD_LARGE_FILE_SUPPORT  -DDM_PARALLEL -DNETCDF -DLANDREAD_STUB=1 -DUSE_ALLOCATABLES -Dwrfmodel -DGRIB1 -DINTIO -DKEEP_INT_AROUND -DLIMIT_ARGS -DBUILD_RRTMG_FAST=0 -DBUILD_RRTMK=0 -DBUILD_SBM_FAST=1 -DSHOW_ALL_VARS_USED=0 -DCONFIG_BUF_LEN=65536 -DMAX_DOMAINS_F=21 -DMAX_HISTORY=25 -DNMM_NEST=0  -I. -traditional-cpp -DUSE_NETCDF4_FEATURES -DWRFIO_NCD_LARGE_FILE_SUPPORT   module_microphysics_zero_out.G  > module_microphysics_zero_out.bb
/global/scratch/users/adamwise/compiling/WRFv4.4-DRM_real_GAD_slices_CPM/tools/standard.exe module_microphysics_zero_out.bb | /lib/cpp -P -nostdinc -traditional-cpp -DUSE_NETCDF4_FEATURES -DWRFIO_NCD_LARGE_FILE_SUPPORT > module_microphysics_zero_out.f90
rm -f module_microphysics_zero_out.G module_microphysics_zero_out.bb
time mpif90 -f90=ifort -o module_microphysics_zero_out.o -c -O3 -ip -fp-model precise -w -ftz -align all -fno-alias -FR -convert big_endian    -I../dyn_em  -I/global/scratch/users/adamwise/compiling/WRFv4.4-DRM_real_GAD_slices_CPM/external/esmf_time_f90  -I/global/scratch/users/adamwise/compiling/WRFv4.4-DRM_real_GAD_slices_CPM/main -I/global/scratch/users/adamwise/compiling/WRFv4.4-DRM_real_GAD_slices_CPM/external/io_netcdf -I/global/scratch/users/adamwise/compiling/WRFv4.4-DRM_real_GAD_slices_CPM/external/io_int -I/global/scratch/users/adamwise/compiling/WRFv4.4-DRM_real_GAD_slices_CPM/frame -I/global/scratch/users/adamwise/compiling/WRFv4.4-DRM_real_GAD_slices_CPM/share -I/global/scratch/users/adamwise/compiling/WRFv4.4-DRM_real_GAD_slices_CPM/phys -I/global/scratch/users/adamwise/compiling/WRFv4.4-DRM_real_GAD_slices_CPM/wrftladj -I/global/scratch/users/adamwise/compiling/WRFv4.4-DRM_real_GAD_slices_CPM/chem -I/global/scratch/users/adamwise/compiling/WRFv4.4-DRM_real_GAD_slices_CPM/inc -I/global/software/sl-7.x86_64/modules/intel/2016.4.072/netcdf/4.4.1.1-intel-s/include  -real-size `expr 8 \* 4` -i4  module_microphysics_zero_out.f90

real	0m0.463s
user	0m0.122s
sys	0m0.113s
rm -f module_ltng_crmpr92.o
sed -e "s/^\!.*'.*//" -e "s/^ *\!.*'.*//" module_ltng_crmpr92.F > module_ltng_crmpr92.G
/lib/cpp -P -nostdinc -I/global/scratch/users/adamwise/compiling/WRFv4.4-DRM_real_GAD_slices_CPM/inc -DEM_CORE=1 -DNMM_CORE=0 -DNMM_MAX_DIM=2600 -DDA_CORE=0 -DWRFPLUS=0 -DIWORDSIZE=4 -DDWORDSIZE=8 -DRWORDSIZE=4 -DLWORDSIZE=4 -DNONSTANDARD_SYSTEM_FUNC  -DWRF_USE_CLM -DUSE_NETCDF4_FEATURES -DWRFIO_NCD_LARGE_FILE_SUPPORT  -DDM_PARALLEL -DNETCDF -DLANDREAD_STUB=1 -DUSE_ALLOCATABLES -Dwrfmodel -DGRIB1 -DINTIO -DKEEP_INT_AROUND -DLIMIT_ARGS -DBUILD_RRTMG_FAST=0 -DBUILD_RRTMK=0 -DBUILD_SBM_FAST=1 -DSHOW_ALL_VARS_USED=0 -DCONFIG_BUF_LEN=65536 -DMAX_DOMAINS_F=21 -DMAX_HISTORY=25 -DNMM_NEST=0  -I. -traditional-cpp -DUSE_NETCDF4_FEATURES -DWRFIO_NCD_LARGE_FILE_SUPPORT   module_ltng_crmpr92.G  > module_ltng_crmpr92.bb
/global/scratch/users/adamwise/compiling/WRFv4.4-DRM_real_GAD_slices_CPM/tools/standard.exe module_ltng_crmpr92.bb | /lib/cpp -P -nostdinc -traditional-cpp -DUSE_NETCDF4_FEATURES -DWRFIO_NCD_LARGE_FILE_SUPPORT > module_ltng_crmpr92.f90
rm -f module_ltng_crmpr92.G module_ltng_crmpr92.bb
time mpif90 -f90=ifort -o module_ltng_crmpr92.o -c -O3 -ip -fp-model precise -w -ftz -align all -fno-alias -FR -convert big_endian    -I../dyn_em  -I/global/scratch/users/adamwise/compiling/WRFv4.4-DRM_real_GAD_slices_CPM/external/esmf_time_f90  -I/global/scratch/users/adamwise/compiling/WRFv4.4-DRM_real_GAD_slices_CPM/main -I/global/scratch/users/adamwise/compiling/WRFv4.4-DRM_real_GAD_slices_CPM/external/io_netcdf -I/global/scratch/users/adamwise/compiling/WRFv4.4-DRM_real_GAD_slices_CPM/external/io_int -I/global/scratch/users/adamwise/compiling/WRFv4.4-DRM_real_GAD_slices_CPM/frame -I/global/scratch/users/adamwise/compiling/WRFv4.4-DRM_real_GAD_slices_CPM/share -I/global/scratch/users/adamwise/compiling/WRFv4.4-DRM_real_GAD_slices_CPM/phys -I/global/scratch/users/adamwise/compiling/WRFv4.4-DRM_real_GAD_slices_CPM/wrftladj -I/global/scratch/users/adamwise/compiling/WRFv4.4-DRM_real_GAD_slices_CPM/chem -I/global/scratch/users/adamwise/compiling/WRFv4.4-DRM_real_GAD_slices_CPM/inc -I/global/software/sl-7.x86_64/modules/intel/2016.4.072/netcdf/4.4.1.1-intel-s/include  -real-size `expr 8 \* 4` -i4  module_ltng_crmpr92.f90

real	0m0.846s
user	0m0.476s
sys	0m0.130s
rm -f module_ltng_cpmpr92z.o
sed -e "s/^\!.*'.*//" -e "s/^ *\!.*'.*//" module_ltng_cpmpr92z.F > module_ltng_cpmpr92z.G
/lib/cpp -P -nostdinc -I/global/scratch/users/adamwise/compiling/WRFv4.4-DRM_real_GAD_slices_CPM/inc -DEM_CORE=1 -DNMM_CORE=0 -DNMM_MAX_DIM=2600 -DDA_CORE=0 -DWRFPLUS=0 -DIWORDSIZE=4 -DDWORDSIZE=8 -DRWORDSIZE=4 -DLWORDSIZE=4 -DNONSTANDARD_SYSTEM_FUNC  -DWRF_USE_CLM -DUSE_NETCDF4_FEATURES -DWRFIO_NCD_LARGE_FILE_SUPPORT  -DDM_PARALLEL -DNETCDF -DLANDREAD_STUB=1 -DUSE_ALLOCATABLES -Dwrfmodel -DGRIB1 -DINTIO -DKEEP_INT_AROUND -DLIMIT_ARGS -DBUILD_RRTMG_FAST=0 -DBUILD_RRTMK=0 -DBUILD_SBM_FAST=1 -DSHOW_ALL_VARS_USED=0 -DCONFIG_BUF_LEN=65536 -DMAX_DOMAINS_F=21 -DMAX_HISTORY=25 -DNMM_NEST=0  -I. -traditional-cpp -DUSE_NETCDF4_FEATURES -DWRFIO_NCD_LARGE_FILE_SUPPORT   module_ltng_cpmpr92z.G  > module_ltng_cpmpr92z.bb
/global/scratch/users/adamwise/compiling/WRFv4.4-DRM_real_GAD_slices_CPM/tools/standard.exe module_ltng_cpmpr92z.bb | /lib/cpp -P -nostdinc -traditional-cpp -DUSE_NETCDF4_FEATURES -DWRFIO_NCD_LARGE_FILE_SUPPORT > module_ltng_cpmpr92z.f90
rm -f module_ltng_cpmpr92z.G module_ltng_cpmpr92z.bb
time mpif90 -f90=ifort -o module_ltng_cpmpr92z.o -c -O3 -ip -fp-model precise -w -ftz -align all -fno-alias -FR -convert big_endian    -I../dyn_em  -I/global/scratch/users/adamwise/compiling/WRFv4.4-DRM_real_GAD_slices_CPM/external/esmf_time_f90  -I/global/scratch/users/adamwise/compiling/WRFv4.4-DRM_real_GAD_slices_CPM/main -I/global/scratch/users/adamwise/compiling/WRFv4.4-DRM_real_GAD_slices_CPM/external/io_netcdf -I/global/scratch/users/adamwise/compiling/WRFv4.4-DRM_real_GAD_slices_CPM/external/io_int -I/global/scratch/users/adamwise/compiling/WRFv4.4-DRM_real_GAD_slices_CPM/frame -I/global/scratch/users/adamwise/compiling/WRFv4.4-DRM_real_GAD_slices_CPM/share -I/global/scratch/users/adamwise/compiling/WRFv4.4-DRM_real_GAD_slices_CPM/phys -I/global/scratch/users/adamwise/compiling/WRFv4.4-DRM_real_GAD_slices_CPM/wrftladj -I/global/scratch/users/adamwise/compiling/WRFv4.4-DRM_real_GAD_slices_CPM/chem -I/global/scratch/users/adamwise/compiling/WRFv4.4-DRM_real_GAD_slices_CPM/inc -I/global/software/sl-7.x86_64/modules/intel/2016.4.072/netcdf/4.4.1.1-intel-s/include  -real-size `expr 8 \* 4` -i4  module_ltng_cpmpr92z.f90

real	0m0.625s
user	0m0.270s
sys	0m0.124s
rm -f module_ltng_iccg.o
sed -e "s/^\!.*'.*//" -e "s/^ *\!.*'.*//" module_ltng_iccg.F > module_ltng_iccg.G
/lib/cpp -P -nostdinc -I/global/scratch/users/adamwise/compiling/WRFv4.4-DRM_real_GAD_slices_CPM/inc -DEM_CORE=1 -DNMM_CORE=0 -DNMM_MAX_DIM=2600 -DDA_CORE=0 -DWRFPLUS=0 -DIWORDSIZE=4 -DDWORDSIZE=8 -DRWORDSIZE=4 -DLWORDSIZE=4 -DNONSTANDARD_SYSTEM_FUNC  -DWRF_USE_CLM -DUSE_NETCDF4_FEATURES -DWRFIO_NCD_LARGE_FILE_SUPPORT  -DDM_PARALLEL -DNETCDF -DLANDREAD_STUB=1 -DUSE_ALLOCATABLES -Dwrfmodel -DGRIB1 -DINTIO -DKEEP_INT_AROUND -DLIMIT_ARGS -DBUILD_RRTMG_FAST=0 -DBUILD_RRTMK=0 -DBUILD_SBM_FAST=1 -DSHOW_ALL_VARS_USED=0 -DCONFIG_BUF_LEN=65536 -DMAX_DOMAINS_F=21 -DMAX_HISTORY=25 -DNMM_NEST=0  -I. -traditional-cpp -DUSE_NETCDF4_FEATURES -DWRFIO_NCD_LARGE_FILE_SUPPORT   module_ltng_iccg.G  > module_ltng_iccg.bb
/global/scratch/users/adamwise/compiling/WRFv4.4-DRM_real_GAD_slices_CPM/tools/standard.exe module_ltng_iccg.bb | /lib/cpp -P -nostdinc -traditional-cpp -DUSE_NETCDF4_FEATURES -DWRFIO_NCD_LARGE_FILE_SUPPORT > module_ltng_iccg.f90
rm -f module_ltng_iccg.G module_ltng_iccg.bb
time mpif90 -f90=ifort -o module_ltng_iccg.o -c -O3 -ip -fp-model precise -w -ftz -align all -fno-alias -FR -convert big_endian    -I../dyn_em  -I/global/scratch/users/adamwise/compiling/WRFv4.4-DRM_real_GAD_slices_CPM/external/esmf_time_f90  -I/global/scratch/users/adamwise/compiling/WRFv4.4-DRM_real_GAD_slices_CPM/main -I/global/scratch/users/adamwise/compiling/WRFv4.4-DRM_real_GAD_slices_CPM/external/io_netcdf -I/global/scratch/users/adamwise/compiling/WRFv4.4-DRM_real_GAD_slices_CPM/external/io_int -I/global/scratch/users/adamwise/compiling/WRFv4.4-DRM_real_GAD_slices_CPM/frame -I/global/scratch/users/adamwise/compiling/WRFv4.4-DRM_real_GAD_slices_CPM/share -I/global/scratch/users/adamwise/compiling/WRFv4.4-DRM_real_GAD_slices_CPM/phys -I/global/scratch/users/adamwise/compiling/WRFv4.4-DRM_real_GAD_slices_CPM/wrftladj -I/global/scratch/users/adamwise/compiling/WRFv4.4-DRM_real_GAD_slices_CPM/chem -I/global/scratch/users/adamwise/compiling/WRFv4.4-DRM_real_GAD_slices_CPM/inc -I/global/software/sl-7.x86_64/modules/intel/2016.4.072/netcdf/4.4.1.1-intel-s/include  -real-size `expr 8 \* 4` -i4  module_ltng_iccg.f90

real	0m0.411s
user	0m0.098s
sys	0m0.098s
rm -f module_fddagd_driver.o
sed -e "s/^\!.*'.*//" -e "s/^ *\!.*'.*//" module_fddagd_driver.F > module_fddagd_driver.G
/lib/cpp -P -nostdinc -I/global/scratch/users/adamwise/compiling/WRFv4.4-DRM_real_GAD_slices_CPM/inc -DEM_CORE=1 -DNMM_CORE=0 -DNMM_MAX_DIM=2600 -DDA_CORE=0 -DWRFPLUS=0 -DIWORDSIZE=4 -DDWORDSIZE=8 -DRWORDSIZE=4 -DLWORDSIZE=4 -DNONSTANDARD_SYSTEM_FUNC  -DWRF_USE_CLM -DUSE_NETCDF4_FEATURES -DWRFIO_NCD_LARGE_FILE_SUPPORT  -DDM_PARALLEL -DNETCDF -DLANDREAD_STUB=1 -DUSE_ALLOCATABLES -Dwrfmodel -DGRIB1 -DINTIO -DKEEP_INT_AROUND -DLIMIT_ARGS -DBUILD_RRTMG_FAST=0 -DBUILD_RRTMK=0 -DBUILD_SBM_FAST=1 -DSHOW_ALL_VARS_USED=0 -DCONFIG_BUF_LEN=65536 -DMAX_DOMAINS_F=21 -DMAX_HISTORY=25 -DNMM_NEST=0  -I. -traditional-cpp -DUSE_NETCDF4_FEATURES -DWRFIO_NCD_LARGE_FILE_SUPPORT   module_fddagd_driver.G  > module_fddagd_driver.bb
/global/scratch/users/adamwise/compiling/WRFv4.4-DRM_real_GAD_slices_CPM/tools/standard.exe module_fddagd_driver.bb | /lib/cpp -P -nostdinc -traditional-cpp -DUSE_NETCDF4_FEATURES -DWRFIO_NCD_LARGE_FILE_SUPPORT > module_fddagd_driver.f90
rm -f module_fddagd_driver.G module_fddagd_driver.bb
time mpif90 -f90=ifort -o module_fddagd_driver.o -c -O3 -ip -fp-model precise -w -ftz -align all -fno-alias -FR -convert big_endian    -I../dyn_em  -I/global/scratch/users/adamwise/compiling/WRFv4.4-DRM_real_GAD_slices_CPM/external/esmf_time_f90  -I/global/scratch/users/adamwise/compiling/WRFv4.4-DRM_real_GAD_slices_CPM/main -I/global/scratch/users/adamwise/compiling/WRFv4.4-DRM_real_GAD_slices_CPM/external/io_netcdf -I/global/scratch/users/adamwise/compiling/WRFv4.4-DRM_real_GAD_slices_CPM/external/io_int -I/global/scratch/users/adamwise/compiling/WRFv4.4-DRM_real_GAD_slices_CPM/frame -I/global/scratch/users/adamwise/compiling/WRFv4.4-DRM_real_GAD_slices_CPM/share -I/global/scratch/users/adamwise/compiling/WRFv4.4-DRM_real_GAD_slices_CPM/phys -I/global/scratch/users/adamwise/compiling/WRFv4.4-DRM_real_GAD_slices_CPM/wrftladj -I/global/scratch/users/adamwise/compiling/WRFv4.4-DRM_real_GAD_slices_CPM/chem -I/global/scratch/users/adamwise/compiling/WRFv4.4-DRM_real_GAD_slices_CPM/inc -I/global/software/sl-7.x86_64/modules/intel/2016.4.072/netcdf/4.4.1.1-intel-s/include  -real-size `expr 8 \* 4` -i4  module_fddagd_driver.f90

real	0m0.597s
user	0m0.261s
sys	0m0.114s
rm -f module_fddaobs_driver.o
sed -e "s/^\!.*'.*//" -e "s/^ *\!.*'.*//" module_fddaobs_driver.F > module_fddaobs_driver.G
/lib/cpp -P -nostdinc -I/global/scratch/users/adamwise/compiling/WRFv4.4-DRM_real_GAD_slices_CPM/inc -DEM_CORE=1 -DNMM_CORE=0 -DNMM_MAX_DIM=2600 -DDA_CORE=0 -DWRFPLUS=0 -DIWORDSIZE=4 -DDWORDSIZE=8 -DRWORDSIZE=4 -DLWORDSIZE=4 -DNONSTANDARD_SYSTEM_FUNC  -DWRF_USE_CLM -DUSE_NETCDF4_FEATURES -DWRFIO_NCD_LARGE_FILE_SUPPORT  -DDM_PARALLEL -DNETCDF -DLANDREAD_STUB=1 -DUSE_ALLOCATABLES -Dwrfmodel -DGRIB1 -DINTIO -DKEEP_INT_AROUND -DLIMIT_ARGS -DBUILD_RRTMG_FAST=0 -DBUILD_RRTMK=0 -DBUILD_SBM_FAST=1 -DSHOW_ALL_VARS_USED=0 -DCONFIG_BUF_LEN=65536 -DMAX_DOMAINS_F=21 -DMAX_HISTORY=25 -DNMM_NEST=0  -I. -traditional-cpp -DUSE_NETCDF4_FEATURES -DWRFIO_NCD_LARGE_FILE_SUPPORT   module_fddaobs_driver.G  > module_fddaobs_driver.bb
/global/scratch/users/adamwise/compiling/WRFv4.4-DRM_real_GAD_slices_CPM/tools/standard.exe module_fddaobs_driver.bb | /lib/cpp -P -nostdinc -traditional-cpp -DUSE_NETCDF4_FEATURES -DWRFIO_NCD_LARGE_FILE_SUPPORT > module_fddaobs_driver.f90
rm -f module_fddaobs_driver.G module_fddaobs_driver.bb
time mpif90 -f90=ifort -o module_fddaobs_driver.o -c -O3 -ip -fp-model precise -w -ftz -align all -fno-alias -FR -convert big_endian    -I../dyn_em  -I/global/scratch/users/adamwise/compiling/WRFv4.4-DRM_real_GAD_slices_CPM/external/esmf_time_f90  -I/global/scratch/users/adamwise/compiling/WRFv4.4-DRM_real_GAD_slices_CPM/main -I/global/scratch/users/adamwise/compiling/WRFv4.4-DRM_real_GAD_slices_CPM/external/io_netcdf -I/global/scratch/users/adamwise/compiling/WRFv4.4-DRM_real_GAD_slices_CPM/external/io_int -I/global/scratch/users/adamwise/compiling/WRFv4.4-DRM_real_GAD_slices_CPM/frame -I/global/scratch/users/adamwise/compiling/WRFv4.4-DRM_real_GAD_slices_CPM/share -I/global/scratch/users/adamwise/compiling/WRFv4.4-DRM_real_GAD_slices_CPM/phys -I/global/scratch/users/adamwise/compiling/WRFv4.4-DRM_real_GAD_slices_CPM/wrftladj -I/global/scratch/users/adamwise/compiling/WRFv4.4-DRM_real_GAD_slices_CPM/chem -I/global/scratch/users/adamwise/compiling/WRFv4.4-DRM_real_GAD_slices_CPM/inc -I/global/software/sl-7.x86_64/modules/intel/2016.4.072/netcdf/4.4.1.1-intel-s/include  -real-size `expr 8 \* 4` -i4  module_fddaobs_driver.f90

real	0m1.221s
user	0m0.831s
sys	0m0.147s
rm -f module_diag_misc.o
sed -e "s/^\!.*'.*//" -e "s/^ *\!.*'.*//" module_diag_misc.F > module_diag_misc.G
/lib/cpp -P -nostdinc -I/global/scratch/users/adamwise/compiling/WRFv4.4-DRM_real_GAD_slices_CPM/inc -DEM_CORE=1 -DNMM_CORE=0 -DNMM_MAX_DIM=2600 -DDA_CORE=0 -DWRFPLUS=0 -DIWORDSIZE=4 -DDWORDSIZE=8 -DRWORDSIZE=4 -DLWORDSIZE=4 -DNONSTANDARD_SYSTEM_FUNC  -DWRF_USE_CLM -DUSE_NETCDF4_FEATURES -DWRFIO_NCD_LARGE_FILE_SUPPORT  -DDM_PARALLEL -DNETCDF -DLANDREAD_STUB=1 -DUSE_ALLOCATABLES -Dwrfmodel -DGRIB1 -DINTIO -DKEEP_INT_AROUND -DLIMIT_ARGS -DBUILD_RRTMG_FAST=0 -DBUILD_RRTMK=0 -DBUILD_SBM_FAST=1 -DSHOW_ALL_VARS_USED=0 -DCONFIG_BUF_LEN=65536 -DMAX_DOMAINS_F=21 -DMAX_HISTORY=25 -DNMM_NEST=0  -I. -traditional-cpp -DUSE_NETCDF4_FEATURES -DWRFIO_NCD_LARGE_FILE_SUPPORT   module_diag_misc.G  > module_diag_misc.bb
/global/scratch/users/adamwise/compiling/WRFv4.4-DRM_real_GAD_slices_CPM/tools/standard.exe module_diag_misc.bb | /lib/cpp -P -nostdinc -traditional-cpp -DUSE_NETCDF4_FEATURES -DWRFIO_NCD_LARGE_FILE_SUPPORT > module_diag_misc.f90
rm -f module_diag_misc.G module_diag_misc.bb
time mpif90 -f90=ifort -o module_diag_misc.o -c -O3 -ip -fp-model precise -w -ftz -align all -fno-alias -FR -convert big_endian    -I../dyn_em  -I/global/scratch/users/adamwise/compiling/WRFv4.4-DRM_real_GAD_slices_CPM/external/esmf_time_f90  -I/global/scratch/users/adamwise/compiling/WRFv4.4-DRM_real_GAD_slices_CPM/main -I/global/scratch/users/adamwise/compiling/WRFv4.4-DRM_real_GAD_slices_CPM/external/io_netcdf -I/global/scratch/users/adamwise/compiling/WRFv4.4-DRM_real_GAD_slices_CPM/external/io_int -I/global/scratch/users/adamwise/compiling/WRFv4.4-DRM_real_GAD_slices_CPM/frame -I/global/scratch/users/adamwise/compiling/WRFv4.4-DRM_real_GAD_slices_CPM/share -I/global/scratch/users/adamwise/compiling/WRFv4.4-DRM_real_GAD_slices_CPM/phys -I/global/scratch/users/adamwise/compiling/WRFv4.4-DRM_real_GAD_slices_CPM/wrftladj -I/global/scratch/users/adamwise/compiling/WRFv4.4-DRM_real_GAD_slices_CPM/chem -I/global/scratch/users/adamwise/compiling/WRFv4.4-DRM_real_GAD_slices_CPM/inc -I/global/software/sl-7.x86_64/modules/intel/2016.4.072/netcdf/4.4.1.1-intel-s/include  -real-size `expr 8 \* 4` -i4  module_diag_misc.f90

real	0m2.010s
user	0m1.607s
sys	0m0.162s
rm -f module_diag_nwp.o
sed -e "s/^\!.*'.*//" -e "s/^ *\!.*'.*//" module_diag_nwp.F > module_diag_nwp.G
/lib/cpp -P -nostdinc -I/global/scratch/users/adamwise/compiling/WRFv4.4-DRM_real_GAD_slices_CPM/inc -DEM_CORE=1 -DNMM_CORE=0 -DNMM_MAX_DIM=2600 -DDA_CORE=0 -DWRFPLUS=0 -DIWORDSIZE=4 -DDWORDSIZE=8 -DRWORDSIZE=4 -DLWORDSIZE=4 -DNONSTANDARD_SYSTEM_FUNC  -DWRF_USE_CLM -DUSE_NETCDF4_FEATURES -DWRFIO_NCD_LARGE_FILE_SUPPORT  -DDM_PARALLEL -DNETCDF -DLANDREAD_STUB=1 -DUSE_ALLOCATABLES -Dwrfmodel -DGRIB1 -DINTIO -DKEEP_INT_AROUND -DLIMIT_ARGS -DBUILD_RRTMG_FAST=0 -DBUILD_RRTMK=0 -DBUILD_SBM_FAST=1 -DSHOW_ALL_VARS_USED=0 -DCONFIG_BUF_LEN=65536 -DMAX_DOMAINS_F=21 -DMAX_HISTORY=25 -DNMM_NEST=0  -I. -traditional-cpp -DUSE_NETCDF4_FEATURES -DWRFIO_NCD_LARGE_FILE_SUPPORT   module_diag_nwp.G  > module_diag_nwp.bb
/global/scratch/users/adamwise/compiling/WRFv4.4-DRM_real_GAD_slices_CPM/tools/standard.exe module_diag_nwp.bb | /lib/cpp -P -nostdinc -traditional-cpp -DUSE_NETCDF4_FEATURES -DWRFIO_NCD_LARGE_FILE_SUPPORT > module_diag_nwp.f90
rm -f module_diag_nwp.G module_diag_nwp.bb
time mpif90 -f90=ifort -o module_diag_nwp.o -c -O3 -ip -fp-model precise -w -ftz -align all -fno-alias -FR -convert big_endian    -I../dyn_em  -I/global/scratch/users/adamwise/compiling/WRFv4.4-DRM_real_GAD_slices_CPM/external/esmf_time_f90  -I/global/scratch/users/adamwise/compiling/WRFv4.4-DRM_real_GAD_slices_CPM/main -I/global/scratch/users/adamwise/compiling/WRFv4.4-DRM_real_GAD_slices_CPM/external/io_netcdf -I/global/scratch/users/adamwise/compiling/WRFv4.4-DRM_real_GAD_slices_CPM/external/io_int -I/global/scratch/users/adamwise/compiling/WRFv4.4-DRM_real_GAD_slices_CPM/frame -I/global/scratch/users/adamwise/compiling/WRFv4.4-DRM_real_GAD_slices_CPM/share -I/global/scratch/users/adamwise/compiling/WRFv4.4-DRM_real_GAD_slices_CPM/phys -I/global/scratch/users/adamwise/compiling/WRFv4.4-DRM_real_GAD_slices_CPM/wrftladj -I/global/scratch/users/adamwise/compiling/WRFv4.4-DRM_real_GAD_slices_CPM/chem -I/global/scratch/users/adamwise/compiling/WRFv4.4-DRM_real_GAD_slices_CPM/inc -I/global/software/sl-7.x86_64/modules/intel/2016.4.072/netcdf/4.4.1.1-intel-s/include  -real-size `expr 8 \* 4` -i4  module_diag_nwp.f90

real	0m1.420s
user	0m1.091s
sys	0m0.117s
rm -f module_diag_cl.o
sed -e "s/^\!.*'.*//" -e "s/^ *\!.*'.*//" module_diag_cl.F > module_diag_cl.G
/lib/cpp -P -nostdinc -I/global/scratch/users/adamwise/compiling/WRFv4.4-DRM_real_GAD_slices_CPM/inc -DEM_CORE=1 -DNMM_CORE=0 -DNMM_MAX_DIM=2600 -DDA_CORE=0 -DWRFPLUS=0 -DIWORDSIZE=4 -DDWORDSIZE=8 -DRWORDSIZE=4 -DLWORDSIZE=4 -DNONSTANDARD_SYSTEM_FUNC  -DWRF_USE_CLM -DUSE_NETCDF4_FEATURES -DWRFIO_NCD_LARGE_FILE_SUPPORT  -DDM_PARALLEL -DNETCDF -DLANDREAD_STUB=1 -DUSE_ALLOCATABLES -Dwrfmodel -DGRIB1 -DINTIO -DKEEP_INT_AROUND -DLIMIT_ARGS -DBUILD_RRTMG_FAST=0 -DBUILD_RRTMK=0 -DBUILD_SBM_FAST=1 -DSHOW_ALL_VARS_USED=0 -DCONFIG_BUF_LEN=65536 -DMAX_DOMAINS_F=21 -DMAX_HISTORY=25 -DNMM_NEST=0  -I. -traditional-cpp -DUSE_NETCDF4_FEATURES -DWRFIO_NCD_LARGE_FILE_SUPPORT   module_diag_cl.G  > module_diag_cl.bb
/global/scratch/users/adamwise/compiling/WRFv4.4-DRM_real_GAD_slices_CPM/tools/standard.exe module_diag_cl.bb | /lib/cpp -P -nostdinc -traditional-cpp -DUSE_NETCDF4_FEATURES -DWRFIO_NCD_LARGE_FILE_SUPPORT > module_diag_cl.f90
rm -f module_diag_cl.G module_diag_cl.bb
time mpif90 -f90=ifort -o module_diag_cl.o -c -O3 -ip -fp-model precise -w -ftz -align all -fno-alias -FR -convert big_endian    -I../dyn_em  -I/global/scratch/users/adamwise/compiling/WRFv4.4-DRM_real_GAD_slices_CPM/external/esmf_time_f90  -I/global/scratch/users/adamwise/compiling/WRFv4.4-DRM_real_GAD_slices_CPM/main -I/global/scratch/users/adamwise/compiling/WRFv4.4-DRM_real_GAD_slices_CPM/external/io_netcdf -I/global/scratch/users/adamwise/compiling/WRFv4.4-DRM_real_GAD_slices_CPM/external/io_int -I/global/scratch/users/adamwise/compiling/WRFv4.4-DRM_real_GAD_slices_CPM/frame -I/global/scratch/users/adamwise/compiling/WRFv4.4-DRM_real_GAD_slices_CPM/share -I/global/scratch/users/adamwise/compiling/WRFv4.4-DRM_real_GAD_slices_CPM/phys -I/global/scratch/users/adamwise/compiling/WRFv4.4-DRM_real_GAD_slices_CPM/wrftladj -I/global/scratch/users/adamwise/compiling/WRFv4.4-DRM_real_GAD_slices_CPM/chem -I/global/scratch/users/adamwise/compiling/WRFv4.4-DRM_real_GAD_slices_CPM/inc -I/global/software/sl-7.x86_64/modules/intel/2016.4.072/netcdf/4.4.1.1-intel-s/include  -real-size `expr 8 \* 4` -i4  module_diag_cl.f90

real	0m3.595s
user	0m3.136s
sys	0m0.237s
rm -f module_diag_pld.o
sed -e "s/^\!.*'.*//" -e "s/^ *\!.*'.*//" module_diag_pld.F > module_diag_pld.G
/lib/cpp -P -nostdinc -I/global/scratch/users/adamwise/compiling/WRFv4.4-DRM_real_GAD_slices_CPM/inc -DEM_CORE=1 -DNMM_CORE=0 -DNMM_MAX_DIM=2600 -DDA_CORE=0 -DWRFPLUS=0 -DIWORDSIZE=4 -DDWORDSIZE=8 -DRWORDSIZE=4 -DLWORDSIZE=4 -DNONSTANDARD_SYSTEM_FUNC  -DWRF_USE_CLM -DUSE_NETCDF4_FEATURES -DWRFIO_NCD_LARGE_FILE_SUPPORT  -DDM_PARALLEL -DNETCDF -DLANDREAD_STUB=1 -DUSE_ALLOCATABLES -Dwrfmodel -DGRIB1 -DINTIO -DKEEP_INT_AROUND -DLIMIT_ARGS -DBUILD_RRTMG_FAST=0 -DBUILD_RRTMK=0 -DBUILD_SBM_FAST=1 -DSHOW_ALL_VARS_USED=0 -DCONFIG_BUF_LEN=65536 -DMAX_DOMAINS_F=21 -DMAX_HISTORY=25 -DNMM_NEST=0  -I. -traditional-cpp -DUSE_NETCDF4_FEATURES -DWRFIO_NCD_LARGE_FILE_SUPPORT   module_diag_pld.G  > module_diag_pld.bb
/global/scratch/users/adamwise/compiling/WRFv4.4-DRM_real_GAD_slices_CPM/tools/standard.exe module_diag_pld.bb | /lib/cpp -P -nostdinc -traditional-cpp -DUSE_NETCDF4_FEATURES -DWRFIO_NCD_LARGE_FILE_SUPPORT > module_diag_pld.f90
rm -f module_diag_pld.G module_diag_pld.bb
time mpif90 -f90=ifort -o module_diag_pld.o -c -O3 -ip -fp-model precise -w -ftz -align all -fno-alias -FR -convert big_endian    -I../dyn_em  -I/global/scratch/users/adamwise/compiling/WRFv4.4-DRM_real_GAD_slices_CPM/external/esmf_time_f90  -I/global/scratch/users/adamwise/compiling/WRFv4.4-DRM_real_GAD_slices_CPM/main -I/global/scratch/users/adamwise/compiling/WRFv4.4-DRM_real_GAD_slices_CPM/external/io_netcdf -I/global/scratch/users/adamwise/compiling/WRFv4.4-DRM_real_GAD_slices_CPM/external/io_int -I/global/scratch/users/adamwise/compiling/WRFv4.4-DRM_real_GAD_slices_CPM/frame -I/global/scratch/users/adamwise/compiling/WRFv4.4-DRM_real_GAD_slices_CPM/share -I/global/scratch/users/adamwise/compiling/WRFv4.4-DRM_real_GAD_slices_CPM/phys -I/global/scratch/users/adamwise/compiling/WRFv4.4-DRM_real_GAD_slices_CPM/wrftladj -I/global/scratch/users/adamwise/compiling/WRFv4.4-DRM_real_GAD_slices_CPM/chem -I/global/scratch/users/adamwise/compiling/WRFv4.4-DRM_real_GAD_slices_CPM/inc -I/global/software/sl-7.x86_64/modules/intel/2016.4.072/netcdf/4.4.1.1-intel-s/include  -real-size `expr 8 \* 4` -i4  module_diag_pld.f90

real	0m1.887s
user	0m1.515s
sys	0m0.147s
rm -f module_diag_zld.o
sed -e "s/^\!.*'.*//" -e "s/^ *\!.*'.*//" module_diag_zld.F > module_diag_zld.G
/lib/cpp -P -nostdinc -I/global/scratch/users/adamwise/compiling/WRFv4.4-DRM_real_GAD_slices_CPM/inc -DEM_CORE=1 -DNMM_CORE=0 -DNMM_MAX_DIM=2600 -DDA_CORE=0 -DWRFPLUS=0 -DIWORDSIZE=4 -DDWORDSIZE=8 -DRWORDSIZE=4 -DLWORDSIZE=4 -DNONSTANDARD_SYSTEM_FUNC  -DWRF_USE_CLM -DUSE_NETCDF4_FEATURES -DWRFIO_NCD_LARGE_FILE_SUPPORT  -DDM_PARALLEL -DNETCDF -DLANDREAD_STUB=1 -DUSE_ALLOCATABLES -Dwrfmodel -DGRIB1 -DINTIO -DKEEP_INT_AROUND -DLIMIT_ARGS -DBUILD_RRTMG_FAST=0 -DBUILD_RRTMK=0 -DBUILD_SBM_FAST=1 -DSHOW_ALL_VARS_USED=0 -DCONFIG_BUF_LEN=65536 -DMAX_DOMAINS_F=21 -DMAX_HISTORY=25 -DNMM_NEST=0  -I. -traditional-cpp -DUSE_NETCDF4_FEATURES -DWRFIO_NCD_LARGE_FILE_SUPPORT   module_diag_zld.G  > module_diag_zld.bb
/global/scratch/users/adamwise/compiling/WRFv4.4-DRM_real_GAD_slices_CPM/tools/standard.exe module_diag_zld.bb | /lib/cpp -P -nostdinc -traditional-cpp -DUSE_NETCDF4_FEATURES -DWRFIO_NCD_LARGE_FILE_SUPPORT > module_diag_zld.f90
rm -f module_diag_zld.G module_diag_zld.bb
time mpif90 -f90=ifort -o module_diag_zld.o -c -O3 -ip -fp-model precise -w -ftz -align all -fno-alias -FR -convert big_endian    -I../dyn_em  -I/global/scratch/users/adamwise/compiling/WRFv4.4-DRM_real_GAD_slices_CPM/external/esmf_time_f90  -I/global/scratch/users/adamwise/compiling/WRFv4.4-DRM_real_GAD_slices_CPM/main -I/global/scratch/users/adamwise/compiling/WRFv4.4-DRM_real_GAD_slices_CPM/external/io_netcdf -I/global/scratch/users/adamwise/compiling/WRFv4.4-DRM_real_GAD_slices_CPM/external/io_int -I/global/scratch/users/adamwise/compiling/WRFv4.4-DRM_real_GAD_slices_CPM/frame -I/global/scratch/users/adamwise/compiling/WRFv4.4-DRM_real_GAD_slices_CPM/share -I/global/scratch/users/adamwise/compiling/WRFv4.4-DRM_real_GAD_slices_CPM/phys -I/global/scratch/users/adamwise/compiling/WRFv4.4-DRM_real_GAD_slices_CPM/wrftladj -I/global/scratch/users/adamwise/compiling/WRFv4.4-DRM_real_GAD_slices_CPM/chem -I/global/scratch/users/adamwise/compiling/WRFv4.4-DRM_real_GAD_slices_CPM/inc -I/global/software/sl-7.x86_64/modules/intel/2016.4.072/netcdf/4.4.1.1-intel-s/include  -real-size `expr 8 \* 4` -i4  module_diag_zld.f90

real	0m0.599s
user	0m0.269s
sys	0m0.107s
rm -f module_diag_functions.o
sed -e "s/^\!.*'.*//" -e "s/^ *\!.*'.*//" module_diag_functions.F > module_diag_functions.G
/lib/cpp -P -nostdinc -I/global/scratch/users/adamwise/compiling/WRFv4.4-DRM_real_GAD_slices_CPM/inc -DEM_CORE=1 -DNMM_CORE=0 -DNMM_MAX_DIM=2600 -DDA_CORE=0 -DWRFPLUS=0 -DIWORDSIZE=4 -DDWORDSIZE=8 -DRWORDSIZE=4 -DLWORDSIZE=4 -DNONSTANDARD_SYSTEM_FUNC  -DWRF_USE_CLM -DUSE_NETCDF4_FEATURES -DWRFIO_NCD_LARGE_FILE_SUPPORT  -DDM_PARALLEL -DNETCDF -DLANDREAD_STUB=1 -DUSE_ALLOCATABLES -Dwrfmodel -DGRIB1 -DINTIO -DKEEP_INT_AROUND -DLIMIT_ARGS -DBUILD_RRTMG_FAST=0 -DBUILD_RRTMK=0 -DBUILD_SBM_FAST=1 -DSHOW_ALL_VARS_USED=0 -DCONFIG_BUF_LEN=65536 -DMAX_DOMAINS_F=21 -DMAX_HISTORY=25 -DNMM_NEST=0  -I. -traditional-cpp -DUSE_NETCDF4_FEATURES -DWRFIO_NCD_LARGE_FILE_SUPPORT   module_diag_functions.G  > module_diag_functions.bb
/global/scratch/users/adamwise/compiling/WRFv4.4-DRM_real_GAD_slices_CPM/tools/standard.exe module_diag_functions.bb | /lib/cpp -P -nostdinc -traditional-cpp -DUSE_NETCDF4_FEATURES -DWRFIO_NCD_LARGE_FILE_SUPPORT > module_diag_functions.f90
rm -f module_diag_functions.G module_diag_functions.bb
time mpif90 -f90=ifort -o module_diag_functions.o -c -O3 -ip -fp-model precise -w -ftz -align all -fno-alias -FR -convert big_endian    -I../dyn_em  -I/global/scratch/users/adamwise/compiling/WRFv4.4-DRM_real_GAD_slices_CPM/external/esmf_time_f90  -I/global/scratch/users/adamwise/compiling/WRFv4.4-DRM_real_GAD_slices_CPM/main -I/global/scratch/users/adamwise/compiling/WRFv4.4-DRM_real_GAD_slices_CPM/external/io_netcdf -I/global/scratch/users/adamwise/compiling/WRFv4.4-DRM_real_GAD_slices_CPM/external/io_int -I/global/scratch/users/adamwise/compiling/WRFv4.4-DRM_real_GAD_slices_CPM/frame -I/global/scratch/users/adamwise/compiling/WRFv4.4-DRM_real_GAD_slices_CPM/share -I/global/scratch/users/adamwise/compiling/WRFv4.4-DRM_real_GAD_slices_CPM/phys -I/global/scratch/users/adamwise/compiling/WRFv4.4-DRM_real_GAD_slices_CPM/wrftladj -I/global/scratch/users/adamwise/compiling/WRFv4.4-DRM_real_GAD_slices_CPM/chem -I/global/scratch/users/adamwise/compiling/WRFv4.4-DRM_real_GAD_slices_CPM/inc -I/global/software/sl-7.x86_64/modules/intel/2016.4.072/netcdf/4.4.1.1-intel-s/include  -real-size `expr 8 \* 4` -i4  module_diag_functions.f90

real	0m0.583s
user	0m0.250s
sys	0m0.110s
rm -f module_diag_hailcast.o
sed -e "s/^\!.*'.*//" -e "s/^ *\!.*'.*//" module_diag_hailcast.F > module_diag_hailcast.G
/lib/cpp -P -nostdinc -I/global/scratch/users/adamwise/compiling/WRFv4.4-DRM_real_GAD_slices_CPM/inc -DEM_CORE=1 -DNMM_CORE=0 -DNMM_MAX_DIM=2600 -DDA_CORE=0 -DWRFPLUS=0 -DIWORDSIZE=4 -DDWORDSIZE=8 -DRWORDSIZE=4 -DLWORDSIZE=4 -DNONSTANDARD_SYSTEM_FUNC  -DWRF_USE_CLM -DUSE_NETCDF4_FEATURES -DWRFIO_NCD_LARGE_FILE_SUPPORT  -DDM_PARALLEL -DNETCDF -DLANDREAD_STUB=1 -DUSE_ALLOCATABLES -Dwrfmodel -DGRIB1 -DINTIO -DKEEP_INT_AROUND -DLIMIT_ARGS -DBUILD_RRTMG_FAST=0 -DBUILD_RRTMK=0 -DBUILD_SBM_FAST=1 -DSHOW_ALL_VARS_USED=0 -DCONFIG_BUF_LEN=65536 -DMAX_DOMAINS_F=21 -DMAX_HISTORY=25 -DNMM_NEST=0  -I. -traditional-cpp -DUSE_NETCDF4_FEATURES -DWRFIO_NCD_LARGE_FILE_SUPPORT   module_diag_hailcast.G  > module_diag_hailcast.bb
/global/scratch/users/adamwise/compiling/WRFv4.4-DRM_real_GAD_slices_CPM/tools/standard.exe module_diag_hailcast.bb | /lib/cpp -P -nostdinc -traditional-cpp -DUSE_NETCDF4_FEATURES -DWRFIO_NCD_LARGE_FILE_SUPPORT > module_diag_hailcast.f90
rm -f module_diag_hailcast.G module_diag_hailcast.bb
time mpif90 -f90=ifort -o module_diag_hailcast.o -c -O3 -ip -fp-model precise -w -ftz -align all -fno-alias -FR -convert big_endian    -I../dyn_em  -I/global/scratch/users/adamwise/compiling/WRFv4.4-DRM_real_GAD_slices_CPM/external/esmf_time_f90  -I/global/scratch/users/adamwise/compiling/WRFv4.4-DRM_real_GAD_slices_CPM/main -I/global/scratch/users/adamwise/compiling/WRFv4.4-DRM_real_GAD_slices_CPM/external/io_netcdf -I/global/scratch/users/adamwise/compiling/WRFv4.4-DRM_real_GAD_slices_CPM/external/io_int -I/global/scratch/users/adamwise/compiling/WRFv4.4-DRM_real_GAD_slices_CPM/frame -I/global/scratch/users/adamwise/compiling/WRFv4.4-DRM_real_GAD_slices_CPM/share -I/global/scratch/users/adamwise/compiling/WRFv4.4-DRM_real_GAD_slices_CPM/phys -I/global/scratch/users/adamwise/compiling/WRFv4.4-DRM_real_GAD_slices_CPM/wrftladj -I/global/scratch/users/adamwise/compiling/WRFv4.4-DRM_real_GAD_slices_CPM/chem -I/global/scratch/users/adamwise/compiling/WRFv4.4-DRM_real_GAD_slices_CPM/inc -I/global/software/sl-7.x86_64/modules/intel/2016.4.072/netcdf/4.4.1.1-intel-s/include  -real-size `expr 8 \* 4` -i4  module_diag_hailcast.f90

real	0m0.630s
user	0m0.273s
sys	0m0.131s
rm -f module_diag_solar.o
sed -e "s/^\!.*'.*//" -e "s/^ *\!.*'.*//" module_diag_solar.F > module_diag_solar.G
/lib/cpp -P -nostdinc -I/global/scratch/users/adamwise/compiling/WRFv4.4-DRM_real_GAD_slices_CPM/inc -DEM_CORE=1 -DNMM_CORE=0 -DNMM_MAX_DIM=2600 -DDA_CORE=0 -DWRFPLUS=0 -DIWORDSIZE=4 -DDWORDSIZE=8 -DRWORDSIZE=4 -DLWORDSIZE=4 -DNONSTANDARD_SYSTEM_FUNC  -DWRF_USE_CLM -DUSE_NETCDF4_FEATURES -DWRFIO_NCD_LARGE_FILE_SUPPORT  -DDM_PARALLEL -DNETCDF -DLANDREAD_STUB=1 -DUSE_ALLOCATABLES -Dwrfmodel -DGRIB1 -DINTIO -DKEEP_INT_AROUND -DLIMIT_ARGS -DBUILD_RRTMG_FAST=0 -DBUILD_RRTMK=0 -DBUILD_SBM_FAST=1 -DSHOW_ALL_VARS_USED=0 -DCONFIG_BUF_LEN=65536 -DMAX_DOMAINS_F=21 -DMAX_HISTORY=25 -DNMM_NEST=0  -I. -traditional-cpp -DUSE_NETCDF4_FEATURES -DWRFIO_NCD_LARGE_FILE_SUPPORT   module_diag_solar.G  > module_diag_solar.bb
/global/scratch/users/adamwise/compiling/WRFv4.4-DRM_real_GAD_slices_CPM/tools/standard.exe module_diag_solar.bb | /lib/cpp -P -nostdinc -traditional-cpp -DUSE_NETCDF4_FEATURES -DWRFIO_NCD_LARGE_FILE_SUPPORT > module_diag_solar.f90
rm -f module_diag_solar.G module_diag_solar.bb
time mpif90 -f90=ifort -o module_diag_solar.o -c -O3 -ip -fp-model precise -w -ftz -align all -fno-alias -FR -convert big_endian    -I../dyn_em  -I/global/scratch/users/adamwise/compiling/WRFv4.4-DRM_real_GAD_slices_CPM/external/esmf_time_f90  -I/global/scratch/users/adamwise/compiling/WRFv4.4-DRM_real_GAD_slices_CPM/main -I/global/scratch/users/adamwise/compiling/WRFv4.4-DRM_real_GAD_slices_CPM/external/io_netcdf -I/global/scratch/users/adamwise/compiling/WRFv4.4-DRM_real_GAD_slices_CPM/external/io_int -I/global/scratch/users/adamwise/compiling/WRFv4.4-DRM_real_GAD_slices_CPM/frame -I/global/scratch/users/adamwise/compiling/WRFv4.4-DRM_real_GAD_slices_CPM/share -I/global/scratch/users/adamwise/compiling/WRFv4.4-DRM_real_GAD_slices_CPM/phys -I/global/scratch/users/adamwise/compiling/WRFv4.4-DRM_real_GAD_slices_CPM/wrftladj -I/global/scratch/users/adamwise/compiling/WRFv4.4-DRM_real_GAD_slices_CPM/chem -I/global/scratch/users/adamwise/compiling/WRFv4.4-DRM_real_GAD_slices_CPM/inc -I/global/software/sl-7.x86_64/modules/intel/2016.4.072/netcdf/4.4.1.1-intel-s/include  -real-size `expr 8 \* 4` -i4  module_diag_solar.f90

real	0m1.280s
user	0m0.941s
sys	0m0.133s
rm -f module_gad_psu15.o
sed -e "s/^\!.*'.*//" -e "s/^ *\!.*'.*//" module_gad_psu15.F > module_gad_psu15.G
/lib/cpp -P -nostdinc -I/global/scratch/users/adamwise/compiling/WRFv4.4-DRM_real_GAD_slices_CPM/inc -DEM_CORE=1 -DNMM_CORE=0 -DNMM_MAX_DIM=2600 -DDA_CORE=0 -DWRFPLUS=0 -DIWORDSIZE=4 -DDWORDSIZE=8 -DRWORDSIZE=4 -DLWORDSIZE=4 -DNONSTANDARD_SYSTEM_FUNC  -DWRF_USE_CLM -DUSE_NETCDF4_FEATURES -DWRFIO_NCD_LARGE_FILE_SUPPORT  -DDM_PARALLEL -DNETCDF -DLANDREAD_STUB=1 -DUSE_ALLOCATABLES -Dwrfmodel -DGRIB1 -DINTIO -DKEEP_INT_AROUND -DLIMIT_ARGS -DBUILD_RRTMG_FAST=0 -DBUILD_RRTMK=0 -DBUILD_SBM_FAST=1 -DSHOW_ALL_VARS_USED=0 -DCONFIG_BUF_LEN=65536 -DMAX_DOMAINS_F=21 -DMAX_HISTORY=25 -DNMM_NEST=0  -I. -traditional-cpp -DUSE_NETCDF4_FEATURES -DWRFIO_NCD_LARGE_FILE_SUPPORT   module_gad_psu15.G  > module_gad_psu15.bb
/global/scratch/users/adamwise/compiling/WRFv4.4-DRM_real_GAD_slices_CPM/tools/standard.exe module_gad_psu15.bb | /lib/cpp -P -nostdinc -traditional-cpp -DUSE_NETCDF4_FEATURES -DWRFIO_NCD_LARGE_FILE_SUPPORT > module_gad_psu15.f90
rm -f module_gad_psu15.G module_gad_psu15.bb
time mpif90 -f90=ifort -o module_gad_psu15.o -c -O3 -ip -fp-model precise -w -ftz -align all -fno-alias -FR -convert big_endian    -I../dyn_em  -I/global/scratch/users/adamwise/compiling/WRFv4.4-DRM_real_GAD_slices_CPM/external/esmf_time_f90  -I/global/scratch/users/adamwise/compiling/WRFv4.4-DRM_real_GAD_slices_CPM/main -I/global/scratch/users/adamwise/compiling/WRFv4.4-DRM_real_GAD_slices_CPM/external/io_netcdf -I/global/scratch/users/adamwise/compiling/WRFv4.4-DRM_real_GAD_slices_CPM/external/io_int -I/global/scratch/users/adamwise/compiling/WRFv4.4-DRM_real_GAD_slices_CPM/frame -I/global/scratch/users/adamwise/compiling/WRFv4.4-DRM_real_GAD_slices_CPM/share -I/global/scratch/users/adamwise/compiling/WRFv4.4-DRM_real_GAD_slices_CPM/phys -I/global/scratch/users/adamwise/compiling/WRFv4.4-DRM_real_GAD_slices_CPM/wrftladj -I/global/scratch/users/adamwise/compiling/WRFv4.4-DRM_real_GAD_slices_CPM/chem -I/global/scratch/users/adamwise/compiling/WRFv4.4-DRM_real_GAD_slices_CPM/inc -I/global/software/sl-7.x86_64/modules/intel/2016.4.072/netcdf/4.4.1.1-intel-s/include  -real-size `expr 8 \* 4` -i4  module_gad_psu15.f90

real	0m2.333s
user	0m1.884s
sys	0m0.185s
rm -f module_gad_ge16.o
sed -e "s/^\!.*'.*//" -e "s/^ *\!.*'.*//" module_gad_ge16.F > module_gad_ge16.G
/lib/cpp -P -nostdinc -I/global/scratch/users/adamwise/compiling/WRFv4.4-DRM_real_GAD_slices_CPM/inc -DEM_CORE=1 -DNMM_CORE=0 -DNMM_MAX_DIM=2600 -DDA_CORE=0 -DWRFPLUS=0 -DIWORDSIZE=4 -DDWORDSIZE=8 -DRWORDSIZE=4 -DLWORDSIZE=4 -DNONSTANDARD_SYSTEM_FUNC  -DWRF_USE_CLM -DUSE_NETCDF4_FEATURES -DWRFIO_NCD_LARGE_FILE_SUPPORT  -DDM_PARALLEL -DNETCDF -DLANDREAD_STUB=1 -DUSE_ALLOCATABLES -Dwrfmodel -DGRIB1 -DINTIO -DKEEP_INT_AROUND -DLIMIT_ARGS -DBUILD_RRTMG_FAST=0 -DBUILD_RRTMK=0 -DBUILD_SBM_FAST=1 -DSHOW_ALL_VARS_USED=0 -DCONFIG_BUF_LEN=65536 -DMAX_DOMAINS_F=21 -DMAX_HISTORY=25 -DNMM_NEST=0  -I. -traditional-cpp -DUSE_NETCDF4_FEATURES -DWRFIO_NCD_LARGE_FILE_SUPPORT   module_gad_ge16.G  > module_gad_ge16.bb
/global/scratch/users/adamwise/compiling/WRFv4.4-DRM_real_GAD_slices_CPM/tools/standard.exe module_gad_ge16.bb | /lib/cpp -P -nostdinc -traditional-cpp -DUSE_NETCDF4_FEATURES -DWRFIO_NCD_LARGE_FILE_SUPPORT > module_gad_ge16.f90
rm -f module_gad_ge16.G module_gad_ge16.bb
time mpif90 -f90=ifort -o module_gad_ge16.o -c -O3 -ip -fp-model precise -w -ftz -align all -fno-alias -FR -convert big_endian    -I../dyn_em  -I/global/scratch/users/adamwise/compiling/WRFv4.4-DRM_real_GAD_slices_CPM/external/esmf_time_f90  -I/global/scratch/users/adamwise/compiling/WRFv4.4-DRM_real_GAD_slices_CPM/main -I/global/scratch/users/adamwise/compiling/WRFv4.4-DRM_real_GAD_slices_CPM/external/io_netcdf -I/global/scratch/users/adamwise/compiling/WRFv4.4-DRM_real_GAD_slices_CPM/external/io_int -I/global/scratch/users/adamwise/compiling/WRFv4.4-DRM_real_GAD_slices_CPM/frame -I/global/scratch/users/adamwise/compiling/WRFv4.4-DRM_real_GAD_slices_CPM/share -I/global/scratch/users/adamwise/compiling/WRFv4.4-DRM_real_GAD_slices_CPM/phys -I/global/scratch/users/adamwise/compiling/WRFv4.4-DRM_real_GAD_slices_CPM/wrftladj -I/global/scratch/users/adamwise/compiling/WRFv4.4-DRM_real_GAD_slices_CPM/chem -I/global/scratch/users/adamwise/compiling/WRFv4.4-DRM_real_GAD_slices_CPM/inc -I/global/software/sl-7.x86_64/modules/intel/2016.4.072/netcdf/4.4.1.1-intel-s/include  -real-size `expr 8 \* 4` -i4  module_gad_ge16.f90

real	0m2.251s
user	0m1.895s
sys	0m0.140s
rm -f module_gad_ge28.o
sed -e "s/^\!.*'.*//" -e "s/^ *\!.*'.*//" module_gad_ge28.F > module_gad_ge28.G
/lib/cpp -P -nostdinc -I/global/scratch/users/adamwise/compiling/WRFv4.4-DRM_real_GAD_slices_CPM/inc -DEM_CORE=1 -DNMM_CORE=0 -DNMM_MAX_DIM=2600 -DDA_CORE=0 -DWRFPLUS=0 -DIWORDSIZE=4 -DDWORDSIZE=8 -DRWORDSIZE=4 -DLWORDSIZE=4 -DNONSTANDARD_SYSTEM_FUNC  -DWRF_USE_CLM -DUSE_NETCDF4_FEATURES -DWRFIO_NCD_LARGE_FILE_SUPPORT  -DDM_PARALLEL -DNETCDF -DLANDREAD_STUB=1 -DUSE_ALLOCATABLES -Dwrfmodel -DGRIB1 -DINTIO -DKEEP_INT_AROUND -DLIMIT_ARGS -DBUILD_RRTMG_FAST=0 -DBUILD_RRTMK=0 -DBUILD_SBM_FAST=1 -DSHOW_ALL_VARS_USED=0 -DCONFIG_BUF_LEN=65536 -DMAX_DOMAINS_F=21 -DMAX_HISTORY=25 -DNMM_NEST=0  -I. -traditional-cpp -DUSE_NETCDF4_FEATURES -DWRFIO_NCD_LARGE_FILE_SUPPORT   module_gad_ge28.G  > module_gad_ge28.bb
/global/scratch/users/adamwise/compiling/WRFv4.4-DRM_real_GAD_slices_CPM/tools/standard.exe module_gad_ge28.bb | /lib/cpp -P -nostdinc -traditional-cpp -DUSE_NETCDF4_FEATURES -DWRFIO_NCD_LARGE_FILE_SUPPORT > module_gad_ge28.f90
rm -f module_gad_ge28.G module_gad_ge28.bb
time mpif90 -f90=ifort -o module_gad_ge28.o -c -O3 -ip -fp-model precise -w -ftz -align all -fno-alias -FR -convert big_endian    -I../dyn_em  -I/global/scratch/users/adamwise/compiling/WRFv4.4-DRM_real_GAD_slices_CPM/external/esmf_time_f90  -I/global/scratch/users/adamwise/compiling/WRFv4.4-DRM_real_GAD_slices_CPM/main -I/global/scratch/users/adamwise/compiling/WRFv4.4-DRM_real_GAD_slices_CPM/external/io_netcdf -I/global/scratch/users/adamwise/compiling/WRFv4.4-DRM_real_GAD_slices_CPM/external/io_int -I/global/scratch/users/adamwise/compiling/WRFv4.4-DRM_real_GAD_slices_CPM/frame -I/global/scratch/users/adamwise/compiling/WRFv4.4-DRM_real_GAD_slices_CPM/share -I/global/scratch/users/adamwise/compiling/WRFv4.4-DRM_real_GAD_slices_CPM/phys -I/global/scratch/users/adamwise/compiling/WRFv4.4-DRM_real_GAD_slices_CPM/wrftladj -I/global/scratch/users/adamwise/compiling/WRFv4.4-DRM_real_GAD_slices_CPM/chem -I/global/scratch/users/adamwise/compiling/WRFv4.4-DRM_real_GAD_slices_CPM/inc -I/global/software/sl-7.x86_64/modules/intel/2016.4.072/netcdf/4.4.1.1-intel-s/include  -real-size `expr 8 \* 4` -i4  module_gad_ge28.f90

real	0m3.207s
user	0m2.821s
sys	0m0.155s
rm -f module_gad_nrel5.o
sed -e "s/^\!.*'.*//" -e "s/^ *\!.*'.*//" module_gad_nrel5.F > module_gad_nrel5.G
/lib/cpp -P -nostdinc -I/global/scratch/users/adamwise/compiling/WRFv4.4-DRM_real_GAD_slices_CPM/inc -DEM_CORE=1 -DNMM_CORE=0 -DNMM_MAX_DIM=2600 -DDA_CORE=0 -DWRFPLUS=0 -DIWORDSIZE=4 -DDWORDSIZE=8 -DRWORDSIZE=4 -DLWORDSIZE=4 -DNONSTANDARD_SYSTEM_FUNC  -DWRF_USE_CLM -DUSE_NETCDF4_FEATURES -DWRFIO_NCD_LARGE_FILE_SUPPORT  -DDM_PARALLEL -DNETCDF -DLANDREAD_STUB=1 -DUSE_ALLOCATABLES -Dwrfmodel -DGRIB1 -DINTIO -DKEEP_INT_AROUND -DLIMIT_ARGS -DBUILD_RRTMG_FAST=0 -DBUILD_RRTMK=0 -DBUILD_SBM_FAST=1 -DSHOW_ALL_VARS_USED=0 -DCONFIG_BUF_LEN=65536 -DMAX_DOMAINS_F=21 -DMAX_HISTORY=25 -DNMM_NEST=0  -I. -traditional-cpp -DUSE_NETCDF4_FEATURES -DWRFIO_NCD_LARGE_FILE_SUPPORT   module_gad_nrel5.G  > module_gad_nrel5.bb
/global/scratch/users/adamwise/compiling/WRFv4.4-DRM_real_GAD_slices_CPM/tools/standard.exe module_gad_nrel5.bb | /lib/cpp -P -nostdinc -traditional-cpp -DUSE_NETCDF4_FEATURES -DWRFIO_NCD_LARGE_FILE_SUPPORT > module_gad_nrel5.f90
rm -f module_gad_nrel5.G module_gad_nrel5.bb
time mpif90 -f90=ifort -o module_gad_nrel5.o -c -O3 -ip -fp-model precise -w -ftz -align all -fno-alias -FR -convert big_endian    -I../dyn_em  -I/global/scratch/users/adamwise/compiling/WRFv4.4-DRM_real_GAD_slices_CPM/external/esmf_time_f90  -I/global/scratch/users/adamwise/compiling/WRFv4.4-DRM_real_GAD_slices_CPM/main -I/global/scratch/users/adamwise/compiling/WRFv4.4-DRM_real_GAD_slices_CPM/external/io_netcdf -I/global/scratch/users/adamwise/compiling/WRFv4.4-DRM_real_GAD_slices_CPM/external/io_int -I/global/scratch/users/adamwise/compiling/WRFv4.4-DRM_real_GAD_slices_CPM/frame -I/global/scratch/users/adamwise/compiling/WRFv4.4-DRM_real_GAD_slices_CPM/share -I/global/scratch/users/adamwise/compiling/WRFv4.4-DRM_real_GAD_slices_CPM/phys -I/global/scratch/users/adamwise/compiling/WRFv4.4-DRM_real_GAD_slices_CPM/wrftladj -I/global/scratch/users/adamwise/compiling/WRFv4.4-DRM_real_GAD_slices_CPM/chem -I/global/scratch/users/adamwise/compiling/WRFv4.4-DRM_real_GAD_slices_CPM/inc -I/global/software/sl-7.x86_64/modules/intel/2016.4.072/netcdf/4.4.1.1-intel-s/include  -real-size `expr 8 \* 4` -i4  module_gad_nrel5.f90

real	0m8.108s
user	0m7.722s
sys	0m0.165s
rm -f module_gad_dtu10.o
sed -e "s/^\!.*'.*//" -e "s/^ *\!.*'.*//" module_gad_dtu10.F > module_gad_dtu10.G
/lib/cpp -P -nostdinc -I/global/scratch/users/adamwise/compiling/WRFv4.4-DRM_real_GAD_slices_CPM/inc -DEM_CORE=1 -DNMM_CORE=0 -DNMM_MAX_DIM=2600 -DDA_CORE=0 -DWRFPLUS=0 -DIWORDSIZE=4 -DDWORDSIZE=8 -DRWORDSIZE=4 -DLWORDSIZE=4 -DNONSTANDARD_SYSTEM_FUNC  -DWRF_USE_CLM -DUSE_NETCDF4_FEATURES -DWRFIO_NCD_LARGE_FILE_SUPPORT  -DDM_PARALLEL -DNETCDF -DLANDREAD_STUB=1 -DUSE_ALLOCATABLES -Dwrfmodel -DGRIB1 -DINTIO -DKEEP_INT_AROUND -DLIMIT_ARGS -DBUILD_RRTMG_FAST=0 -DBUILD_RRTMK=0 -DBUILD_SBM_FAST=1 -DSHOW_ALL_VARS_USED=0 -DCONFIG_BUF_LEN=65536 -DMAX_DOMAINS_F=21 -DMAX_HISTORY=25 -DNMM_NEST=0  -I. -traditional-cpp -DUSE_NETCDF4_FEATURES -DWRFIO_NCD_LARGE_FILE_SUPPORT   module_gad_dtu10.G  > module_gad_dtu10.bb
/global/scratch/users/adamwise/compiling/WRFv4.4-DRM_real_GAD_slices_CPM/tools/standard.exe module_gad_dtu10.bb | /lib/cpp -P -nostdinc -traditional-cpp -DUSE_NETCDF4_FEATURES -DWRFIO_NCD_LARGE_FILE_SUPPORT > module_gad_dtu10.f90
rm -f module_gad_dtu10.G module_gad_dtu10.bb
time mpif90 -f90=ifort -o module_gad_dtu10.o -c -O3 -ip -fp-model precise -w -ftz -align all -fno-alias -FR -convert big_endian    -I../dyn_em  -I/global/scratch/users/adamwise/compiling/WRFv4.4-DRM_real_GAD_slices_CPM/external/esmf_time_f90  -I/global/scratch/users/adamwise/compiling/WRFv4.4-DRM_real_GAD_slices_CPM/main -I/global/scratch/users/adamwise/compiling/WRFv4.4-DRM_real_GAD_slices_CPM/external/io_netcdf -I/global/scratch/users/adamwise/compiling/WRFv4.4-DRM_real_GAD_slices_CPM/external/io_int -I/global/scratch/users/adamwise/compiling/WRFv4.4-DRM_real_GAD_slices_CPM/frame -I/global/scratch/users/adamwise/compiling/WRFv4.4-DRM_real_GAD_slices_CPM/share -I/global/scratch/users/adamwise/compiling/WRFv4.4-DRM_real_GAD_slices_CPM/phys -I/global/scratch/users/adamwise/compiling/WRFv4.4-DRM_real_GAD_slices_CPM/wrftladj -I/global/scratch/users/adamwise/compiling/WRFv4.4-DRM_real_GAD_slices_CPM/chem -I/global/scratch/users/adamwise/compiling/WRFv4.4-DRM_real_GAD_slices_CPM/inc -I/global/software/sl-7.x86_64/modules/intel/2016.4.072/netcdf/4.4.1.1-intel-s/include  -real-size `expr 8 \* 4` -i4  module_gad_dtu10.f90

real	0m4.652s
user	0m4.257s
sys	0m0.176s
rm -f module_fr_fire_util.o
sed -e "s/^\!.*'.*//" -e "s/^ *\!.*'.*//" module_fr_fire_util.F > module_fr_fire_util.G
/lib/cpp -P -nostdinc -I/global/scratch/users/adamwise/compiling/WRFv4.4-DRM_real_GAD_slices_CPM/inc -DEM_CORE=1 -DNMM_CORE=0 -DNMM_MAX_DIM=2600 -DDA_CORE=0 -DWRFPLUS=0 -DIWORDSIZE=4 -DDWORDSIZE=8 -DRWORDSIZE=4 -DLWORDSIZE=4 -DNONSTANDARD_SYSTEM_FUNC  -DWRF_USE_CLM -DUSE_NETCDF4_FEATURES -DWRFIO_NCD_LARGE_FILE_SUPPORT  -DDM_PARALLEL -DNETCDF -DLANDREAD_STUB=1 -DUSE_ALLOCATABLES -Dwrfmodel -DGRIB1 -DINTIO -DKEEP_INT_AROUND -DLIMIT_ARGS -DBUILD_RRTMG_FAST=0 -DBUILD_RRTMK=0 -DBUILD_SBM_FAST=1 -DSHOW_ALL_VARS_USED=0 -DCONFIG_BUF_LEN=65536 -DMAX_DOMAINS_F=21 -DMAX_HISTORY=25 -DNMM_NEST=0  -I. -traditional-cpp -DUSE_NETCDF4_FEATURES -DWRFIO_NCD_LARGE_FILE_SUPPORT   module_fr_fire_util.G  > module_fr_fire_util.bb
/global/scratch/users/adamwise/compiling/WRFv4.4-DRM_real_GAD_slices_CPM/tools/standard.exe module_fr_fire_util.bb | /lib/cpp -P -nostdinc -traditional-cpp -DUSE_NETCDF4_FEATURES -DWRFIO_NCD_LARGE_FILE_SUPPORT > module_fr_fire_util.f90
rm -f module_fr_fire_util.G module_fr_fire_util.bb
time mpif90 -f90=ifort -o module_fr_fire_util.o -c -O3 -ip -fp-model precise -w -ftz -align all -fno-alias -FR -convert big_endian    -I../dyn_em  -I/global/scratch/users/adamwise/compiling/WRFv4.4-DRM_real_GAD_slices_CPM/external/esmf_time_f90  -I/global/scratch/users/adamwise/compiling/WRFv4.4-DRM_real_GAD_slices_CPM/main -I/global/scratch/users/adamwise/compiling/WRFv4.4-DRM_real_GAD_slices_CPM/external/io_netcdf -I/global/scratch/users/adamwise/compiling/WRFv4.4-DRM_real_GAD_slices_CPM/external/io_int -I/global/scratch/users/adamwise/compiling/WRFv4.4-DRM_real_GAD_slices_CPM/frame -I/global/scratch/users/adamwise/compiling/WRFv4.4-DRM_real_GAD_slices_CPM/share -I/global/scratch/users/adamwise/compiling/WRFv4.4-DRM_real_GAD_slices_CPM/phys -I/global/scratch/users/adamwise/compiling/WRFv4.4-DRM_real_GAD_slices_CPM/wrftladj -I/global/scratch/users/adamwise/compiling/WRFv4.4-DRM_real_GAD_slices_CPM/chem -I/global/scratch/users/adamwise/compiling/WRFv4.4-DRM_real_GAD_slices_CPM/inc -I/global/software/sl-7.x86_64/modules/intel/2016.4.072/netcdf/4.4.1.1-intel-s/include  -real-size `expr 8 \* 4` -i4  module_fr_fire_util.f90

real	0m2.379s
user	0m2.001s
sys	0m0.151s
rm -f module_firebrand_spotting_mpi.o
sed -e "s/^\!.*'.*//" -e "s/^ *\!.*'.*//" module_firebrand_spotting_mpi.F > module_firebrand_spotting_mpi.G
/lib/cpp -P -nostdinc -I/global/scratch/users/adamwise/compiling/WRFv4.4-DRM_real_GAD_slices_CPM/inc -DEM_CORE=1 -DNMM_CORE=0 -DNMM_MAX_DIM=2600 -DDA_CORE=0 -DWRFPLUS=0 -DIWORDSIZE=4 -DDWORDSIZE=8 -DRWORDSIZE=4 -DLWORDSIZE=4 -DNONSTANDARD_SYSTEM_FUNC  -DWRF_USE_CLM -DUSE_NETCDF4_FEATURES -DWRFIO_NCD_LARGE_FILE_SUPPORT  -DDM_PARALLEL -DNETCDF -DLANDREAD_STUB=1 -DUSE_ALLOCATABLES -Dwrfmodel -DGRIB1 -DINTIO -DKEEP_INT_AROUND -DLIMIT_ARGS -DBUILD_RRTMG_FAST=0 -DBUILD_RRTMK=0 -DBUILD_SBM_FAST=1 -DSHOW_ALL_VARS_USED=0 -DCONFIG_BUF_LEN=65536 -DMAX_DOMAINS_F=21 -DMAX_HISTORY=25 -DNMM_NEST=0  -I. -traditional-cpp -DUSE_NETCDF4_FEATURES -DWRFIO_NCD_LARGE_FILE_SUPPORT   module_firebrand_spotting_mpi.G  > module_firebrand_spotting_mpi.bb
/global/scratch/users/adamwise/compiling/WRFv4.4-DRM_real_GAD_slices_CPM/tools/standard.exe module_firebrand_spotting_mpi.bb | /lib/cpp -P -nostdinc -traditional-cpp -DUSE_NETCDF4_FEATURES -DWRFIO_NCD_LARGE_FILE_SUPPORT > module_firebrand_spotting_mpi.f90
rm -f module_firebrand_spotting_mpi.G module_firebrand_spotting_mpi.bb
time mpif90 -f90=ifort -o module_firebrand_spotting_mpi.o -c -O3 -ip -fp-model precise -w -ftz -align all -fno-alias -FR -convert big_endian    -I../dyn_em  -I/global/scratch/users/adamwise/compiling/WRFv4.4-DRM_real_GAD_slices_CPM/external/esmf_time_f90  -I/global/scratch/users/adamwise/compiling/WRFv4.4-DRM_real_GAD_slices_CPM/main -I/global/scratch/users/adamwise/compiling/WRFv4.4-DRM_real_GAD_slices_CPM/external/io_netcdf -I/global/scratch/users/adamwise/compiling/WRFv4.4-DRM_real_GAD_slices_CPM/external/io_int -I/global/scratch/users/adamwise/compiling/WRFv4.4-DRM_real_GAD_slices_CPM/frame -I/global/scratch/users/adamwise/compiling/WRFv4.4-DRM_real_GAD_slices_CPM/share -I/global/scratch/users/adamwise/compiling/WRFv4.4-DRM_real_GAD_slices_CPM/phys -I/global/scratch/users/adamwise/compiling/WRFv4.4-DRM_real_GAD_slices_CPM/wrftladj -I/global/scratch/users/adamwise/compiling/WRFv4.4-DRM_real_GAD_slices_CPM/chem -I/global/scratch/users/adamwise/compiling/WRFv4.4-DRM_real_GAD_slices_CPM/inc -I/global/software/sl-7.x86_64/modules/intel/2016.4.072/netcdf/4.4.1.1-intel-s/include  -real-size `expr 8 \* 4` -i4  module_firebrand_spotting_mpi.f90

real	0m5.526s
user	0m2.962s
sys	0m0.437s
rm -f module_cam_support.o
sed -e "s/^\!.*'.*//" -e "s/^ *\!.*'.*//" module_cam_support.F > module_cam_support.G
/lib/cpp -P -nostdinc -I/global/scratch/users/adamwise/compiling/WRFv4.4-DRM_real_GAD_slices_CPM/inc -DEM_CORE=1 -DNMM_CORE=0 -DNMM_MAX_DIM=2600 -DDA_CORE=0 -DWRFPLUS=0 -DIWORDSIZE=4 -DDWORDSIZE=8 -DRWORDSIZE=4 -DLWORDSIZE=4 -DNONSTANDARD_SYSTEM_FUNC  -DWRF_USE_CLM -DUSE_NETCDF4_FEATURES -DWRFIO_NCD_LARGE_FILE_SUPPORT  -DDM_PARALLEL -DNETCDF -DLANDREAD_STUB=1 -DUSE_ALLOCATABLES -Dwrfmodel -DGRIB1 -DINTIO -DKEEP_INT_AROUND -DLIMIT_ARGS -DBUILD_RRTMG_FAST=0 -DBUILD_RRTMK=0 -DBUILD_SBM_FAST=1 -DSHOW_ALL_VARS_USED=0 -DCONFIG_BUF_LEN=65536 -DMAX_DOMAINS_F=21 -DMAX_HISTORY=25 -DNMM_NEST=0  -I. -traditional-cpp -DUSE_NETCDF4_FEATURES -DWRFIO_NCD_LARGE_FILE_SUPPORT   module_cam_support.G  > module_cam_support.bb
/global/scratch/users/adamwise/compiling/WRFv4.4-DRM_real_GAD_slices_CPM/tools/standard.exe module_cam_support.bb | /lib/cpp -P -nostdinc -traditional-cpp -DUSE_NETCDF4_FEATURES -DWRFIO_NCD_LARGE_FILE_SUPPORT > module_cam_support.f90
rm -f module_cam_support.G module_cam_support.bb
time mpif90 -f90=ifort -o module_cam_support.o -c -O3 -ip -fp-model precise -w -ftz -align all -fno-alias -FR -convert big_endian    -I../dyn_em  -I/global/scratch/users/adamwise/compiling/WRFv4.4-DRM_real_GAD_slices_CPM/external/esmf_time_f90  -I/global/scratch/users/adamwise/compiling/WRFv4.4-DRM_real_GAD_slices_CPM/main -I/global/scratch/users/adamwise/compiling/WRFv4.4-DRM_real_GAD_slices_CPM/external/io_netcdf -I/global/scratch/users/adamwise/compiling/WRFv4.4-DRM_real_GAD_slices_CPM/external/io_int -I/global/scratch/users/adamwise/compiling/WRFv4.4-DRM_real_GAD_slices_CPM/frame -I/global/scratch/users/adamwise/compiling/WRFv4.4-DRM_real_GAD_slices_CPM/share -I/global/scratch/users/adamwise/compiling/WRFv4.4-DRM_real_GAD_slices_CPM/phys -I/global/scratch/users/adamwise/compiling/WRFv4.4-DRM_real_GAD_slices_CPM/wrftladj -I/global/scratch/users/adamwise/compiling/WRFv4.4-DRM_real_GAD_slices_CPM/chem -I/global/scratch/users/adamwise/compiling/WRFv4.4-DRM_real_GAD_slices_CPM/inc -I/global/software/sl-7.x86_64/modules/intel/2016.4.072/netcdf/4.4.1.1-intel-s/include  -real-size `expr 8 \* 4` -i4  module_cam_support.f90

real	0m0.392s
user	0m0.073s
sys	0m0.105s
rm -f module_cam_shr_const_mod.o
sed -e "s/^\!.*'.*//" -e "s/^ *\!.*'.*//" module_cam_shr_const_mod.F > module_cam_shr_const_mod.G
/lib/cpp -P -nostdinc -I/global/scratch/users/adamwise/compiling/WRFv4.4-DRM_real_GAD_slices_CPM/inc -DEM_CORE=1 -DNMM_CORE=0 -DNMM_MAX_DIM=2600 -DDA_CORE=0 -DWRFPLUS=0 -DIWORDSIZE=4 -DDWORDSIZE=8 -DRWORDSIZE=4 -DLWORDSIZE=4 -DNONSTANDARD_SYSTEM_FUNC  -DWRF_USE_CLM -DUSE_NETCDF4_FEATURES -DWRFIO_NCD_LARGE_FILE_SUPPORT  -DDM_PARALLEL -DNETCDF -DLANDREAD_STUB=1 -DUSE_ALLOCATABLES -Dwrfmodel -DGRIB1 -DINTIO -DKEEP_INT_AROUND -DLIMIT_ARGS -DBUILD_RRTMG_FAST=0 -DBUILD_RRTMK=0 -DBUILD_SBM_FAST=1 -DSHOW_ALL_VARS_USED=0 -DCONFIG_BUF_LEN=65536 -DMAX_DOMAINS_F=21 -DMAX_HISTORY=25 -DNMM_NEST=0  -I. -traditional-cpp -DUSE_NETCDF4_FEATURES -DWRFIO_NCD_LARGE_FILE_SUPPORT   module_cam_shr_const_mod.G  > module_cam_shr_const_mod.bb
/global/scratch/users/adamwise/compiling/WRFv4.4-DRM_real_GAD_slices_CPM/tools/standard.exe module_cam_shr_const_mod.bb | /lib/cpp -P -nostdinc -traditional-cpp -DUSE_NETCDF4_FEATURES -DWRFIO_NCD_LARGE_FILE_SUPPORT > module_cam_shr_const_mod.f90
rm -f module_cam_shr_const_mod.G module_cam_shr_const_mod.bb
time mpif90 -f90=ifort -o module_cam_shr_const_mod.o -c -O3 -ip -fp-model precise -w -ftz -align all -fno-alias -FR -convert big_endian    -I../dyn_em  -I/global/scratch/users/adamwise/compiling/WRFv4.4-DRM_real_GAD_slices_CPM/external/esmf_time_f90  -I/global/scratch/users/adamwise/compiling/WRFv4.4-DRM_real_GAD_slices_CPM/main -I/global/scratch/users/adamwise/compiling/WRFv4.4-DRM_real_GAD_slices_CPM/external/io_netcdf -I/global/scratch/users/adamwise/compiling/WRFv4.4-DRM_real_GAD_slices_CPM/external/io_int -I/global/scratch/users/adamwise/compiling/WRFv4.4-DRM_real_GAD_slices_CPM/frame -I/global/scratch/users/adamwise/compiling/WRFv4.4-DRM_real_GAD_slices_CPM/share -I/global/scratch/users/adamwise/compiling/WRFv4.4-DRM_real_GAD_slices_CPM/phys -I/global/scratch/users/adamwise/compiling/WRFv4.4-DRM_real_GAD_slices_CPM/wrftladj -I/global/scratch/users/adamwise/compiling/WRFv4.4-DRM_real_GAD_slices_CPM/chem -I/global/scratch/users/adamwise/compiling/WRFv4.4-DRM_real_GAD_slices_CPM/inc -I/global/software/sl-7.x86_64/modules/intel/2016.4.072/netcdf/4.4.1.1-intel-s/include  -real-size `expr 8 \* 4` -i4  module_cam_shr_const_mod.f90

real	0m0.375s
user	0m0.044s
sys	0m0.104s
rm -f module_cam_trb_mtn_stress.o
sed -e "s/^\!.*'.*//" -e "s/^ *\!.*'.*//" module_cam_trb_mtn_stress.F > module_cam_trb_mtn_stress.G
/lib/cpp -P -nostdinc -I/global/scratch/users/adamwise/compiling/WRFv4.4-DRM_real_GAD_slices_CPM/inc -DEM_CORE=1 -DNMM_CORE=0 -DNMM_MAX_DIM=2600 -DDA_CORE=0 -DWRFPLUS=0 -DIWORDSIZE=4 -DDWORDSIZE=8 -DRWORDSIZE=4 -DLWORDSIZE=4 -DNONSTANDARD_SYSTEM_FUNC  -DWRF_USE_CLM -DUSE_NETCDF4_FEATURES -DWRFIO_NCD_LARGE_FILE_SUPPORT  -DDM_PARALLEL -DNETCDF -DLANDREAD_STUB=1 -DUSE_ALLOCATABLES -Dwrfmodel -DGRIB1 -DINTIO -DKEEP_INT_AROUND -DLIMIT_ARGS -DBUILD_RRTMG_FAST=0 -DBUILD_RRTMK=0 -DBUILD_SBM_FAST=1 -DSHOW_ALL_VARS_USED=0 -DCONFIG_BUF_LEN=65536 -DMAX_DOMAINS_F=21 -DMAX_HISTORY=25 -DNMM_NEST=0  -I. -traditional-cpp -DUSE_NETCDF4_FEATURES -DWRFIO_NCD_LARGE_FILE_SUPPORT   module_cam_trb_mtn_stress.G  > module_cam_trb_mtn_stress.bb
/global/scratch/users/adamwise/compiling/WRFv4.4-DRM_real_GAD_slices_CPM/tools/standard.exe module_cam_trb_mtn_stress.bb | /lib/cpp -P -nostdinc -traditional-cpp -DUSE_NETCDF4_FEATURES -DWRFIO_NCD_LARGE_FILE_SUPPORT > module_cam_trb_mtn_stress.f90
rm -f module_cam_trb_mtn_stress.G module_cam_trb_mtn_stress.bb
time mpif90 -f90=ifort -o module_cam_trb_mtn_stress.o -c -O3 -ip -fp-model precise -w -ftz -align all -fno-alias -FR -convert big_endian    -I../dyn_em  -I/global/scratch/users/adamwise/compiling/WRFv4.4-DRM_real_GAD_slices_CPM/external/esmf_time_f90  -I/global/scratch/users/adamwise/compiling/WRFv4.4-DRM_real_GAD_slices_CPM/main -I/global/scratch/users/adamwise/compiling/WRFv4.4-DRM_real_GAD_slices_CPM/external/io_netcdf -I/global/scratch/users/adamwise/compiling/WRFv4.4-DRM_real_GAD_slices_CPM/external/io_int -I/global/scratch/users/adamwise/compiling/WRFv4.4-DRM_real_GAD_slices_CPM/frame -I/global/scratch/users/adamwise/compiling/WRFv4.4-DRM_real_GAD_slices_CPM/share -I/global/scratch/users/adamwise/compiling/WRFv4.4-DRM_real_GAD_slices_CPM/phys -I/global/scratch/users/adamwise/compiling/WRFv4.4-DRM_real_GAD_slices_CPM/wrftladj -I/global/scratch/users/adamwise/compiling/WRFv4.4-DRM_real_GAD_slices_CPM/chem -I/global/scratch/users/adamwise/compiling/WRFv4.4-DRM_real_GAD_slices_CPM/inc -I/global/software/sl-7.x86_64/modules/intel/2016.4.072/netcdf/4.4.1.1-intel-s/include  -real-size `expr 8 \* 4` -i4  module_cam_trb_mtn_stress.f90

real	0m0.526s
user	0m0.072s
sys	0m0.108s
rm -f module_cam_upper_bc.o
sed -e "s/^\!.*'.*//" -e "s/^ *\!.*'.*//" module_cam_upper_bc.F > module_cam_upper_bc.G
/lib/cpp -P -nostdinc -I/global/scratch/users/adamwise/compiling/WRFv4.4-DRM_real_GAD_slices_CPM/inc -DEM_CORE=1 -DNMM_CORE=0 -DNMM_MAX_DIM=2600 -DDA_CORE=0 -DWRFPLUS=0 -DIWORDSIZE=4 -DDWORDSIZE=8 -DRWORDSIZE=4 -DLWORDSIZE=4 -DNONSTANDARD_SYSTEM_FUNC  -DWRF_USE_CLM -DUSE_NETCDF4_FEATURES -DWRFIO_NCD_LARGE_FILE_SUPPORT  -DDM_PARALLEL -DNETCDF -DLANDREAD_STUB=1 -DUSE_ALLOCATABLES -Dwrfmodel -DGRIB1 -DINTIO -DKEEP_INT_AROUND -DLIMIT_ARGS -DBUILD_RRTMG_FAST=0 -DBUILD_RRTMK=0 -DBUILD_SBM_FAST=1 -DSHOW_ALL_VARS_USED=0 -DCONFIG_BUF_LEN=65536 -DMAX_DOMAINS_F=21 -DMAX_HISTORY=25 -DNMM_NEST=0  -I. -traditional-cpp -DUSE_NETCDF4_FEATURES -DWRFIO_NCD_LARGE_FILE_SUPPORT   module_cam_upper_bc.G  > module_cam_upper_bc.bb
/global/scratch/users/adamwise/compiling/WRFv4.4-DRM_real_GAD_slices_CPM/tools/standard.exe module_cam_upper_bc.bb | /lib/cpp -P -nostdinc -traditional-cpp -DUSE_NETCDF4_FEATURES -DWRFIO_NCD_LARGE_FILE_SUPPORT > module_cam_upper_bc.f90
rm -f module_cam_upper_bc.G module_cam_upper_bc.bb
time mpif90 -f90=ifort -o module_cam_upper_bc.o -c -O3 -ip -fp-model precise -w -ftz -align all -fno-alias -FR -convert big_endian    -I../dyn_em  -I/global/scratch/users/adamwise/compiling/WRFv4.4-DRM_real_GAD_slices_CPM/external/esmf_time_f90  -I/global/scratch/users/adamwise/compiling/WRFv4.4-DRM_real_GAD_slices_CPM/main -I/global/scratch/users/adamwise/compiling/WRFv4.4-DRM_real_GAD_slices_CPM/external/io_netcdf -I/global/scratch/users/adamwise/compiling/WRFv4.4-DRM_real_GAD_slices_CPM/external/io_int -I/global/scratch/users/adamwise/compiling/WRFv4.4-DRM_real_GAD_slices_CPM/frame -I/global/scratch/users/adamwise/compiling/WRFv4.4-DRM_real_GAD_slices_CPM/share -I/global/scratch/users/adamwise/compiling/WRFv4.4-DRM_real_GAD_slices_CPM/phys -I/global/scratch/users/adamwise/compiling/WRFv4.4-DRM_real_GAD_slices_CPM/wrftladj -I/global/scratch/users/adamwise/compiling/WRFv4.4-DRM_real_GAD_slices_CPM/chem -I/global/scratch/users/adamwise/compiling/WRFv4.4-DRM_real_GAD_slices_CPM/inc -I/global/software/sl-7.x86_64/modules/intel/2016.4.072/netcdf/4.4.1.1-intel-s/include  -real-size `expr 8 \* 4` -i4  module_cam_upper_bc.f90

real	0m0.354s
user	0m0.037s
sys	0m0.106s
rm -f module_cam_bl_diffusion_solver.o
sed -e "s/^\!.*'.*//" -e "s/^ *\!.*'.*//" module_cam_bl_diffusion_solver.F > module_cam_bl_diffusion_solver.G
/lib/cpp -P -nostdinc -I/global/scratch/users/adamwise/compiling/WRFv4.4-DRM_real_GAD_slices_CPM/inc -DEM_CORE=1 -DNMM_CORE=0 -DNMM_MAX_DIM=2600 -DDA_CORE=0 -DWRFPLUS=0 -DIWORDSIZE=4 -DDWORDSIZE=8 -DRWORDSIZE=4 -DLWORDSIZE=4 -DNONSTANDARD_SYSTEM_FUNC  -DWRF_USE_CLM -DUSE_NETCDF4_FEATURES -DWRFIO_NCD_LARGE_FILE_SUPPORT  -DDM_PARALLEL -DNETCDF -DLANDREAD_STUB=1 -DUSE_ALLOCATABLES -Dwrfmodel -DGRIB1 -DINTIO -DKEEP_INT_AROUND -DLIMIT_ARGS -DBUILD_RRTMG_FAST=0 -DBUILD_RRTMK=0 -DBUILD_SBM_FAST=1 -DSHOW_ALL_VARS_USED=0 -DCONFIG_BUF_LEN=65536 -DMAX_DOMAINS_F=21 -DMAX_HISTORY=25 -DNMM_NEST=0  -I. -traditional-cpp -DUSE_NETCDF4_FEATURES -DWRFIO_NCD_LARGE_FILE_SUPPORT   module_cam_bl_diffusion_solver.G  > module_cam_bl_diffusion_solver.bb
/global/scratch/users/adamwise/compiling/WRFv4.4-DRM_real_GAD_slices_CPM/tools/standard.exe module_cam_bl_diffusion_solver.bb | /lib/cpp -P -nostdinc -traditional-cpp -DUSE_NETCDF4_FEATURES -DWRFIO_NCD_LARGE_FILE_SUPPORT > module_cam_bl_diffusion_solver.f90
rm -f module_cam_bl_diffusion_solver.G module_cam_bl_diffusion_solver.bb
time mpif90 -f90=ifort -o module_cam_bl_diffusion_solver.o -c -O3 -ip -fp-model precise -w -ftz -align all -fno-alias -FR -convert big_endian    -I../dyn_em  -I/global/scratch/users/adamwise/compiling/WRFv4.4-DRM_real_GAD_slices_CPM/external/esmf_time_f90  -I/global/scratch/users/adamwise/compiling/WRFv4.4-DRM_real_GAD_slices_CPM/main -I/global/scratch/users/adamwise/compiling/WRFv4.4-DRM_real_GAD_slices_CPM/external/io_netcdf -I/global/scratch/users/adamwise/compiling/WRFv4.4-DRM_real_GAD_slices_CPM/external/io_int -I/global/scratch/users/adamwise/compiling/WRFv4.4-DRM_real_GAD_slices_CPM/frame -I/global/scratch/users/adamwise/compiling/WRFv4.4-DRM_real_GAD_slices_CPM/share -I/global/scratch/users/adamwise/compiling/WRFv4.4-DRM_real_GAD_slices_CPM/phys -I/global/scratch/users/adamwise/compiling/WRFv4.4-DRM_real_GAD_slices_CPM/wrftladj -I/global/scratch/users/adamwise/compiling/WRFv4.4-DRM_real_GAD_slices_CPM/chem -I/global/scratch/users/adamwise/compiling/WRFv4.4-DRM_real_GAD_slices_CPM/inc -I/global/software/sl-7.x86_64/modules/intel/2016.4.072/netcdf/4.4.1.1-intel-s/include  -real-size `expr 8 \* 4` -i4  module_cam_bl_diffusion_solver.f90

real	0m4.074s
user	0m3.676s
sys	0m0.180s
rm -f module_cam_mp_radconstants.o
sed -e "s/^\!.*'.*//" -e "s/^ *\!.*'.*//" module_cam_mp_radconstants.F > module_cam_mp_radconstants.G
/lib/cpp -P -nostdinc -I/global/scratch/users/adamwise/compiling/WRFv4.4-DRM_real_GAD_slices_CPM/inc -DEM_CORE=1 -DNMM_CORE=0 -DNMM_MAX_DIM=2600 -DDA_CORE=0 -DWRFPLUS=0 -DIWORDSIZE=4 -DDWORDSIZE=8 -DRWORDSIZE=4 -DLWORDSIZE=4 -DNONSTANDARD_SYSTEM_FUNC  -DWRF_USE_CLM -DUSE_NETCDF4_FEATURES -DWRFIO_NCD_LARGE_FILE_SUPPORT  -DDM_PARALLEL -DNETCDF -DLANDREAD_STUB=1 -DUSE_ALLOCATABLES -Dwrfmodel -DGRIB1 -DINTIO -DKEEP_INT_AROUND -DLIMIT_ARGS -DBUILD_RRTMG_FAST=0 -DBUILD_RRTMK=0 -DBUILD_SBM_FAST=1 -DSHOW_ALL_VARS_USED=0 -DCONFIG_BUF_LEN=65536 -DMAX_DOMAINS_F=21 -DMAX_HISTORY=25 -DNMM_NEST=0  -I. -traditional-cpp -DUSE_NETCDF4_FEATURES -DWRFIO_NCD_LARGE_FILE_SUPPORT   module_cam_mp_radconstants.G  > module_cam_mp_radconstants.bb
/global/scratch/users/adamwise/compiling/WRFv4.4-DRM_real_GAD_slices_CPM/tools/standard.exe module_cam_mp_radconstants.bb | /lib/cpp -P -nostdinc -traditional-cpp -DUSE_NETCDF4_FEATURES -DWRFIO_NCD_LARGE_FILE_SUPPORT > module_cam_mp_radconstants.f90
rm -f module_cam_mp_radconstants.G module_cam_mp_radconstants.bb
time mpif90 -f90=ifort -o module_cam_mp_radconstants.o -c -O3 -ip -fp-model precise -w -ftz -align all -fno-alias -FR -convert big_endian    -I../dyn_em  -I/global/scratch/users/adamwise/compiling/WRFv4.4-DRM_real_GAD_slices_CPM/external/esmf_time_f90  -I/global/scratch/users/adamwise/compiling/WRFv4.4-DRM_real_GAD_slices_CPM/main -I/global/scratch/users/adamwise/compiling/WRFv4.4-DRM_real_GAD_slices_CPM/external/io_netcdf -I/global/scratch/users/adamwise/compiling/WRFv4.4-DRM_real_GAD_slices_CPM/external/io_int -I/global/scratch/users/adamwise/compiling/WRFv4.4-DRM_real_GAD_slices_CPM/frame -I/global/scratch/users/adamwise/compiling/WRFv4.4-DRM_real_GAD_slices_CPM/share -I/global/scratch/users/adamwise/compiling/WRFv4.4-DRM_real_GAD_slices_CPM/phys -I/global/scratch/users/adamwise/compiling/WRFv4.4-DRM_real_GAD_slices_CPM/wrftladj -I/global/scratch/users/adamwise/compiling/WRFv4.4-DRM_real_GAD_slices_CPM/chem -I/global/scratch/users/adamwise/compiling/WRFv4.4-DRM_real_GAD_slices_CPM/inc -I/global/software/sl-7.x86_64/modules/intel/2016.4.072/netcdf/4.4.1.1-intel-s/include  -real-size `expr 8 \* 4` -i4  module_cam_mp_radconstants.f90

real	0m0.501s
user	0m0.189s
sys	0m0.104s
rm -f module_cam_mp_qneg3.o
sed -e "s/^\!.*'.*//" -e "s/^ *\!.*'.*//" module_cam_mp_qneg3.F > module_cam_mp_qneg3.G
/lib/cpp -P -nostdinc -I/global/scratch/users/adamwise/compiling/WRFv4.4-DRM_real_GAD_slices_CPM/inc -DEM_CORE=1 -DNMM_CORE=0 -DNMM_MAX_DIM=2600 -DDA_CORE=0 -DWRFPLUS=0 -DIWORDSIZE=4 -DDWORDSIZE=8 -DRWORDSIZE=4 -DLWORDSIZE=4 -DNONSTANDARD_SYSTEM_FUNC  -DWRF_USE_CLM -DUSE_NETCDF4_FEATURES -DWRFIO_NCD_LARGE_FILE_SUPPORT  -DDM_PARALLEL -DNETCDF -DLANDREAD_STUB=1 -DUSE_ALLOCATABLES -Dwrfmodel -DGRIB1 -DINTIO -DKEEP_INT_AROUND -DLIMIT_ARGS -DBUILD_RRTMG_FAST=0 -DBUILD_RRTMK=0 -DBUILD_SBM_FAST=1 -DSHOW_ALL_VARS_USED=0 -DCONFIG_BUF_LEN=65536 -DMAX_DOMAINS_F=21 -DMAX_HISTORY=25 -DNMM_NEST=0  -I. -traditional-cpp -DUSE_NETCDF4_FEATURES -DWRFIO_NCD_LARGE_FILE_SUPPORT   module_cam_mp_qneg3.G  > module_cam_mp_qneg3.bb
/global/scratch/users/adamwise/compiling/WRFv4.4-DRM_real_GAD_slices_CPM/tools/standard.exe module_cam_mp_qneg3.bb | /lib/cpp -P -nostdinc -traditional-cpp -DUSE_NETCDF4_FEATURES -DWRFIO_NCD_LARGE_FILE_SUPPORT > module_cam_mp_qneg3.f90
rm -f module_cam_mp_qneg3.G module_cam_mp_qneg3.bb
time mpif90 -f90=ifort -o module_cam_mp_qneg3.o -c -O3 -ip -fp-model precise -w -ftz -align all -fno-alias -FR -convert big_endian    -I../dyn_em  -I/global/scratch/users/adamwise/compiling/WRFv4.4-DRM_real_GAD_slices_CPM/external/esmf_time_f90  -I/global/scratch/users/adamwise/compiling/WRFv4.4-DRM_real_GAD_slices_CPM/main -I/global/scratch/users/adamwise/compiling/WRFv4.4-DRM_real_GAD_slices_CPM/external/io_netcdf -I/global/scratch/users/adamwise/compiling/WRFv4.4-DRM_real_GAD_slices_CPM/external/io_int -I/global/scratch/users/adamwise/compiling/WRFv4.4-DRM_real_GAD_slices_CPM/frame -I/global/scratch/users/adamwise/compiling/WRFv4.4-DRM_real_GAD_slices_CPM/share -I/global/scratch/users/adamwise/compiling/WRFv4.4-DRM_real_GAD_slices_CPM/phys -I/global/scratch/users/adamwise/compiling/WRFv4.4-DRM_real_GAD_slices_CPM/wrftladj -I/global/scratch/users/adamwise/compiling/WRFv4.4-DRM_real_GAD_slices_CPM/chem -I/global/scratch/users/adamwise/compiling/WRFv4.4-DRM_real_GAD_slices_CPM/inc -I/global/software/sl-7.x86_64/modules/intel/2016.4.072/netcdf/4.4.1.1-intel-s/include  -real-size `expr 8 \* 4` -i4  module_cam_mp_qneg3.f90

real	0m0.471s
user	0m0.158s
sys	0m0.100s
rm -f module_gfs_physcons.o
sed -e "s/^\!.*'.*//" -e "s/^ *\!.*'.*//" module_gfs_physcons.F > module_gfs_physcons.G
/lib/cpp -P -nostdinc -I/global/scratch/users/adamwise/compiling/WRFv4.4-DRM_real_GAD_slices_CPM/inc -DEM_CORE=1 -DNMM_CORE=0 -DNMM_MAX_DIM=2600 -DDA_CORE=0 -DWRFPLUS=0 -DIWORDSIZE=4 -DDWORDSIZE=8 -DRWORDSIZE=4 -DLWORDSIZE=4 -DNONSTANDARD_SYSTEM_FUNC  -DWRF_USE_CLM -DUSE_NETCDF4_FEATURES -DWRFIO_NCD_LARGE_FILE_SUPPORT  -DDM_PARALLEL -DNETCDF -DLANDREAD_STUB=1 -DUSE_ALLOCATABLES -Dwrfmodel -DGRIB1 -DINTIO -DKEEP_INT_AROUND -DLIMIT_ARGS -DBUILD_RRTMG_FAST=0 -DBUILD_RRTMK=0 -DBUILD_SBM_FAST=1 -DSHOW_ALL_VARS_USED=0 -DCONFIG_BUF_LEN=65536 -DMAX_DOMAINS_F=21 -DMAX_HISTORY=25 -DNMM_NEST=0  -I. -traditional-cpp -DUSE_NETCDF4_FEATURES -DWRFIO_NCD_LARGE_FILE_SUPPORT   module_gfs_physcons.G  > module_gfs_physcons.bb
/global/scratch/users/adamwise/compiling/WRFv4.4-DRM_real_GAD_slices_CPM/tools/standard.exe module_gfs_physcons.bb | /lib/cpp -P -nostdinc -traditional-cpp -DUSE_NETCDF4_FEATURES -DWRFIO_NCD_LARGE_FILE_SUPPORT > module_gfs_physcons.f90
rm -f module_gfs_physcons.G module_gfs_physcons.bb
time mpif90 -f90=ifort -o module_gfs_physcons.o -c -O3 -ip -fp-model precise -w -ftz -align all -fno-alias -FR -convert big_endian    -I../dyn_em  -I/global/scratch/users/adamwise/compiling/WRFv4.4-DRM_real_GAD_slices_CPM/external/esmf_time_f90  -I/global/scratch/users/adamwise/compiling/WRFv4.4-DRM_real_GAD_slices_CPM/main -I/global/scratch/users/adamwise/compiling/WRFv4.4-DRM_real_GAD_slices_CPM/external/io_netcdf -I/global/scratch/users/adamwise/compiling/WRFv4.4-DRM_real_GAD_slices_CPM/external/io_int -I/global/scratch/users/adamwise/compiling/WRFv4.4-DRM_real_GAD_slices_CPM/frame -I/global/scratch/users/adamwise/compiling/WRFv4.4-DRM_real_GAD_slices_CPM/share -I/global/scratch/users/adamwise/compiling/WRFv4.4-DRM_real_GAD_slices_CPM/phys -I/global/scratch/users/adamwise/compiling/WRFv4.4-DRM_real_GAD_slices_CPM/wrftladj -I/global/scratch/users/adamwise/compiling/WRFv4.4-DRM_real_GAD_slices_CPM/chem -I/global/scratch/users/adamwise/compiling/WRFv4.4-DRM_real_GAD_slices_CPM/inc -I/global/software/sl-7.x86_64/modules/intel/2016.4.072/netcdf/4.4.1.1-intel-s/include  -real-size `expr 8 \* 4` -i4  module_gfs_physcons.f90

real	0m0.351s
user	0m0.037s
sys	0m0.104s
rm -f module_bl_fogdes.o
sed -e "s/^\!.*'.*//" -e "s/^ *\!.*'.*//" module_bl_fogdes.F > module_bl_fogdes.G
/lib/cpp -P -nostdinc -I/global/scratch/users/adamwise/compiling/WRFv4.4-DRM_real_GAD_slices_CPM/inc -DEM_CORE=1 -DNMM_CORE=0 -DNMM_MAX_DIM=2600 -DDA_CORE=0 -DWRFPLUS=0 -DIWORDSIZE=4 -DDWORDSIZE=8 -DRWORDSIZE=4 -DLWORDSIZE=4 -DNONSTANDARD_SYSTEM_FUNC  -DWRF_USE_CLM -DUSE_NETCDF4_FEATURES -DWRFIO_NCD_LARGE_FILE_SUPPORT  -DDM_PARALLEL -DNETCDF -DLANDREAD_STUB=1 -DUSE_ALLOCATABLES -Dwrfmodel -DGRIB1 -DINTIO -DKEEP_INT_AROUND -DLIMIT_ARGS -DBUILD_RRTMG_FAST=0 -DBUILD_RRTMK=0 -DBUILD_SBM_FAST=1 -DSHOW_ALL_VARS_USED=0 -DCONFIG_BUF_LEN=65536 -DMAX_DOMAINS_F=21 -DMAX_HISTORY=25 -DNMM_NEST=0  -I. -traditional-cpp -DUSE_NETCDF4_FEATURES -DWRFIO_NCD_LARGE_FILE_SUPPORT   module_bl_fogdes.G  > module_bl_fogdes.bb
/global/scratch/users/adamwise/compiling/WRFv4.4-DRM_real_GAD_slices_CPM/tools/standard.exe module_bl_fogdes.bb | /lib/cpp -P -nostdinc -traditional-cpp -DUSE_NETCDF4_FEATURES -DWRFIO_NCD_LARGE_FILE_SUPPORT > module_bl_fogdes.f90
rm -f module_bl_fogdes.G module_bl_fogdes.bb
time mpif90 -f90=ifort -o module_bl_fogdes.o -c -O3 -ip -fp-model precise -w -ftz -align all -fno-alias -FR -convert big_endian    -I../dyn_em  -I/global/scratch/users/adamwise/compiling/WRFv4.4-DRM_real_GAD_slices_CPM/external/esmf_time_f90  -I/global/scratch/users/adamwise/compiling/WRFv4.4-DRM_real_GAD_slices_CPM/main -I/global/scratch/users/adamwise/compiling/WRFv4.4-DRM_real_GAD_slices_CPM/external/io_netcdf -I/global/scratch/users/adamwise/compiling/WRFv4.4-DRM_real_GAD_slices_CPM/external/io_int -I/global/scratch/users/adamwise/compiling/WRFv4.4-DRM_real_GAD_slices_CPM/frame -I/global/scratch/users/adamwise/compiling/WRFv4.4-DRM_real_GAD_slices_CPM/share -I/global/scratch/users/adamwise/compiling/WRFv4.4-DRM_real_GAD_slices_CPM/phys -I/global/scratch/users/adamwise/compiling/WRFv4.4-DRM_real_GAD_slices_CPM/wrftladj -I/global/scratch/users/adamwise/compiling/WRFv4.4-DRM_real_GAD_slices_CPM/chem -I/global/scratch/users/adamwise/compiling/WRFv4.4-DRM_real_GAD_slices_CPM/inc -I/global/software/sl-7.x86_64/modules/intel/2016.4.072/netcdf/4.4.1.1-intel-s/include  -real-size `expr 8 \* 4` -i4  module_bl_fogdes.f90

real	0m0.405s
user	0m0.090s
sys	0m0.102s
rm -f module_gfs_funcphys.o
sed -e "s/^\!.*'.*//" -e "s/^ *\!.*'.*//" module_gfs_funcphys.F > module_gfs_funcphys.G
/lib/cpp -P -nostdinc -I/global/scratch/users/adamwise/compiling/WRFv4.4-DRM_real_GAD_slices_CPM/inc -DEM_CORE=1 -DNMM_CORE=0 -DNMM_MAX_DIM=2600 -DDA_CORE=0 -DWRFPLUS=0 -DIWORDSIZE=4 -DDWORDSIZE=8 -DRWORDSIZE=4 -DLWORDSIZE=4 -DNONSTANDARD_SYSTEM_FUNC  -DWRF_USE_CLM -DUSE_NETCDF4_FEATURES -DWRFIO_NCD_LARGE_FILE_SUPPORT  -DDM_PARALLEL -DNETCDF -DLANDREAD_STUB=1 -DUSE_ALLOCATABLES -Dwrfmodel -DGRIB1 -DINTIO -DKEEP_INT_AROUND -DLIMIT_ARGS -DBUILD_RRTMG_FAST=0 -DBUILD_RRTMK=0 -DBUILD_SBM_FAST=1 -DSHOW_ALL_VARS_USED=0 -DCONFIG_BUF_LEN=65536 -DMAX_DOMAINS_F=21 -DMAX_HISTORY=25 -DNMM_NEST=0  -I. -traditional-cpp -DUSE_NETCDF4_FEATURES -DWRFIO_NCD_LARGE_FILE_SUPPORT   module_gfs_funcphys.G  > module_gfs_funcphys.bb
/global/scratch/users/adamwise/compiling/WRFv4.4-DRM_real_GAD_slices_CPM/tools/standard.exe module_gfs_funcphys.bb | /lib/cpp -P -nostdinc -traditional-cpp -DUSE_NETCDF4_FEATURES -DWRFIO_NCD_LARGE_FILE_SUPPORT > module_gfs_funcphys.f90
rm -f module_gfs_funcphys.G module_gfs_funcphys.bb
time mpif90 -f90=ifort -o module_gfs_funcphys.o -c -O3 -ip -fp-model precise -w -ftz -align all -fno-alias -FR -convert big_endian    -I../dyn_em  -I/global/scratch/users/adamwise/compiling/WRFv4.4-DRM_real_GAD_slices_CPM/external/esmf_time_f90  -I/global/scratch/users/adamwise/compiling/WRFv4.4-DRM_real_GAD_slices_CPM/main -I/global/scratch/users/adamwise/compiling/WRFv4.4-DRM_real_GAD_slices_CPM/external/io_netcdf -I/global/scratch/users/adamwise/compiling/WRFv4.4-DRM_real_GAD_slices_CPM/external/io_int -I/global/scratch/users/adamwise/compiling/WRFv4.4-DRM_real_GAD_slices_CPM/frame -I/global/scratch/users/adamwise/compiling/WRFv4.4-DRM_real_GAD_slices_CPM/share -I/global/scratch/users/adamwise/compiling/WRFv4.4-DRM_real_GAD_slices_CPM/phys -I/global/scratch/users/adamwise/compiling/WRFv4.4-DRM_real_GAD_slices_CPM/wrftladj -I/global/scratch/users/adamwise/compiling/WRFv4.4-DRM_real_GAD_slices_CPM/chem -I/global/scratch/users/adamwise/compiling/WRFv4.4-DRM_real_GAD_slices_CPM/inc -I/global/software/sl-7.x86_64/modules/intel/2016.4.072/netcdf/4.4.1.1-intel-s/include  -real-size `expr 8 \* 4` -i4  module_gfs_funcphys.f90

real	0m1.826s
user	0m1.476s
sys	0m0.135s
rm -f module_cu_gf_ctrans.o
sed -e "s/^\!.*'.*//" -e "s/^ *\!.*'.*//" module_cu_gf_ctrans.F > module_cu_gf_ctrans.G
/lib/cpp -P -nostdinc -I/global/scratch/users/adamwise/compiling/WRFv4.4-DRM_real_GAD_slices_CPM/inc -DEM_CORE=1 -DNMM_CORE=0 -DNMM_MAX_DIM=2600 -DDA_CORE=0 -DWRFPLUS=0 -DIWORDSIZE=4 -DDWORDSIZE=8 -DRWORDSIZE=4 -DLWORDSIZE=4 -DNONSTANDARD_SYSTEM_FUNC  -DWRF_USE_CLM -DUSE_NETCDF4_FEATURES -DWRFIO_NCD_LARGE_FILE_SUPPORT  -DDM_PARALLEL -DNETCDF -DLANDREAD_STUB=1 -DUSE_ALLOCATABLES -Dwrfmodel -DGRIB1 -DINTIO -DKEEP_INT_AROUND -DLIMIT_ARGS -DBUILD_RRTMG_FAST=0 -DBUILD_RRTMK=0 -DBUILD_SBM_FAST=1 -DSHOW_ALL_VARS_USED=0 -DCONFIG_BUF_LEN=65536 -DMAX_DOMAINS_F=21 -DMAX_HISTORY=25 -DNMM_NEST=0  -I. -traditional-cpp -DUSE_NETCDF4_FEATURES -DWRFIO_NCD_LARGE_FILE_SUPPORT   module_cu_gf_ctrans.G  > module_cu_gf_ctrans.bb
/global/scratch/users/adamwise/compiling/WRFv4.4-DRM_real_GAD_slices_CPM/tools/standard.exe module_cu_gf_ctrans.bb | /lib/cpp -P -nostdinc -traditional-cpp -DUSE_NETCDF4_FEATURES -DWRFIO_NCD_LARGE_FILE_SUPPORT > module_cu_gf_ctrans.f90
rm -f module_cu_gf_ctrans.G module_cu_gf_ctrans.bb
time mpif90 -f90=ifort -o module_cu_gf_ctrans.o -c -O3 -ip -fp-model precise -w -ftz -align all -fno-alias -FR -convert big_endian    -I../dyn_em  -I/global/scratch/users/adamwise/compiling/WRFv4.4-DRM_real_GAD_slices_CPM/external/esmf_time_f90  -I/global/scratch/users/adamwise/compiling/WRFv4.4-DRM_real_GAD_slices_CPM/main -I/global/scratch/users/adamwise/compiling/WRFv4.4-DRM_real_GAD_slices_CPM/external/io_netcdf -I/global/scratch/users/adamwise/compiling/WRFv4.4-DRM_real_GAD_slices_CPM/external/io_int -I/global/scratch/users/adamwise/compiling/WRFv4.4-DRM_real_GAD_slices_CPM/frame -I/global/scratch/users/adamwise/compiling/WRFv4.4-DRM_real_GAD_slices_CPM/share -I/global/scratch/users/adamwise/compiling/WRFv4.4-DRM_real_GAD_slices_CPM/phys -I/global/scratch/users/adamwise/compiling/WRFv4.4-DRM_real_GAD_slices_CPM/wrftladj -I/global/scratch/users/adamwise/compiling/WRFv4.4-DRM_real_GAD_slices_CPM/chem -I/global/scratch/users/adamwise/compiling/WRFv4.4-DRM_real_GAD_slices_CPM/inc -I/global/software/sl-7.x86_64/modules/intel/2016.4.072/netcdf/4.4.1.1-intel-s/include  -real-size `expr 8 \* 4` -i4  module_cu_gf_ctrans.f90

real	0m0.342s
user	0m0.047s
sys	0m0.090s
rm -f module_cu_sas.o
sed -e "s/^\!.*'.*//" -e "s/^ *\!.*'.*//" module_cu_sas.F > module_cu_sas.G
/lib/cpp -P -nostdinc -I/global/scratch/users/adamwise/compiling/WRFv4.4-DRM_real_GAD_slices_CPM/inc -DEM_CORE=1 -DNMM_CORE=0 -DNMM_MAX_DIM=2600 -DDA_CORE=0 -DWRFPLUS=0 -DIWORDSIZE=4 -DDWORDSIZE=8 -DRWORDSIZE=4 -DLWORDSIZE=4 -DNONSTANDARD_SYSTEM_FUNC  -DWRF_USE_CLM -DUSE_NETCDF4_FEATURES -DWRFIO_NCD_LARGE_FILE_SUPPORT  -DDM_PARALLEL -DNETCDF -DLANDREAD_STUB=1 -DUSE_ALLOCATABLES -Dwrfmodel -DGRIB1 -DINTIO -DKEEP_INT_AROUND -DLIMIT_ARGS -DBUILD_RRTMG_FAST=0 -DBUILD_RRTMK=0 -DBUILD_SBM_FAST=1 -DSHOW_ALL_VARS_USED=0 -DCONFIG_BUF_LEN=65536 -DMAX_DOMAINS_F=21 -DMAX_HISTORY=25 -DNMM_NEST=0  -I. -traditional-cpp -DUSE_NETCDF4_FEATURES -DWRFIO_NCD_LARGE_FILE_SUPPORT   module_cu_sas.G  > module_cu_sas.bb
/global/scratch/users/adamwise/compiling/WRFv4.4-DRM_real_GAD_slices_CPM/tools/standard.exe module_cu_sas.bb | /lib/cpp -P -nostdinc -traditional-cpp -DUSE_NETCDF4_FEATURES -DWRFIO_NCD_LARGE_FILE_SUPPORT > module_cu_sas.f90
rm -f module_cu_sas.G module_cu_sas.bb
time mpif90 -f90=ifort -o module_cu_sas.o -c -O3 -ip -fp-model precise -w -ftz -align all -fno-alias -FR -convert big_endian    -I../dyn_em  -I/global/scratch/users/adamwise/compiling/WRFv4.4-DRM_real_GAD_slices_CPM/external/esmf_time_f90  -I/global/scratch/users/adamwise/compiling/WRFv4.4-DRM_real_GAD_slices_CPM/main -I/global/scratch/users/adamwise/compiling/WRFv4.4-DRM_real_GAD_slices_CPM/external/io_netcdf -I/global/scratch/users/adamwise/compiling/WRFv4.4-DRM_real_GAD_slices_CPM/external/io_int -I/global/scratch/users/adamwise/compiling/WRFv4.4-DRM_real_GAD_slices_CPM/frame -I/global/scratch/users/adamwise/compiling/WRFv4.4-DRM_real_GAD_slices_CPM/share -I/global/scratch/users/adamwise/compiling/WRFv4.4-DRM_real_GAD_slices_CPM/phys -I/global/scratch/users/adamwise/compiling/WRFv4.4-DRM_real_GAD_slices_CPM/wrftladj -I/global/scratch/users/adamwise/compiling/WRFv4.4-DRM_real_GAD_slices_CPM/chem -I/global/scratch/users/adamwise/compiling/WRFv4.4-DRM_real_GAD_slices_CPM/inc -I/global/software/sl-7.x86_64/modules/intel/2016.4.072/netcdf/4.4.1.1-intel-s/include  -real-size `expr 8 \* 4` -i4  module_cu_sas.f90

real	0m10.054s
user	0m9.633s
sys	0m0.199s
rm -f module_cu_scalesas.o
sed -e "s/^\!.*'.*//" -e "s/^ *\!.*'.*//" module_cu_scalesas.F > module_cu_scalesas.G
/lib/cpp -P -nostdinc -I/global/scratch/users/adamwise/compiling/WRFv4.4-DRM_real_GAD_slices_CPM/inc -DEM_CORE=1 -DNMM_CORE=0 -DNMM_MAX_DIM=2600 -DDA_CORE=0 -DWRFPLUS=0 -DIWORDSIZE=4 -DDWORDSIZE=8 -DRWORDSIZE=4 -DLWORDSIZE=4 -DNONSTANDARD_SYSTEM_FUNC  -DWRF_USE_CLM -DUSE_NETCDF4_FEATURES -DWRFIO_NCD_LARGE_FILE_SUPPORT  -DDM_PARALLEL -DNETCDF -DLANDREAD_STUB=1 -DUSE_ALLOCATABLES -Dwrfmodel -DGRIB1 -DINTIO -DKEEP_INT_AROUND -DLIMIT_ARGS -DBUILD_RRTMG_FAST=0 -DBUILD_RRTMK=0 -DBUILD_SBM_FAST=1 -DSHOW_ALL_VARS_USED=0 -DCONFIG_BUF_LEN=65536 -DMAX_DOMAINS_F=21 -DMAX_HISTORY=25 -DNMM_NEST=0  -I. -traditional-cpp -DUSE_NETCDF4_FEATURES -DWRFIO_NCD_LARGE_FILE_SUPPORT   module_cu_scalesas.G  > module_cu_scalesas.bb
/global/scratch/users/adamwise/compiling/WRFv4.4-DRM_real_GAD_slices_CPM/tools/standard.exe module_cu_scalesas.bb | /lib/cpp -P -nostdinc -traditional-cpp -DUSE_NETCDF4_FEATURES -DWRFIO_NCD_LARGE_FILE_SUPPORT > module_cu_scalesas.f90
rm -f module_cu_scalesas.G module_cu_scalesas.bb
time mpif90 -f90=ifort -o module_cu_scalesas.o -c -O3 -ip -fp-model precise -w -ftz -align all -fno-alias -FR -convert big_endian    -I../dyn_em  -I/global/scratch/users/adamwise/compiling/WRFv4.4-DRM_real_GAD_slices_CPM/external/esmf_time_f90  -I/global/scratch/users/adamwise/compiling/WRFv4.4-DRM_real_GAD_slices_CPM/main -I/global/scratch/users/adamwise/compiling/WRFv4.4-DRM_real_GAD_slices_CPM/external/io_netcdf -I/global/scratch/users/adamwise/compiling/WRFv4.4-DRM_real_GAD_slices_CPM/external/io_int -I/global/scratch/users/adamwise/compiling/WRFv4.4-DRM_real_GAD_slices_CPM/frame -I/global/scratch/users/adamwise/compiling/WRFv4.4-DRM_real_GAD_slices_CPM/share -I/global/scratch/users/adamwise/compiling/WRFv4.4-DRM_real_GAD_slices_CPM/phys -I/global/scratch/users/adamwise/compiling/WRFv4.4-DRM_real_GAD_slices_CPM/wrftladj -I/global/scratch/users/adamwise/compiling/WRFv4.4-DRM_real_GAD_slices_CPM/chem -I/global/scratch/users/adamwise/compiling/WRFv4.4-DRM_real_GAD_slices_CPM/inc -I/global/software/sl-7.x86_64/modules/intel/2016.4.072/netcdf/4.4.1.1-intel-s/include  -real-size `expr 8 \* 4` -i4  module_cu_scalesas.f90

real	0m7.527s
user	0m7.054s
sys	0m0.254s
rm -f module_cu_osas.o
sed -e "s/^\!.*'.*//" -e "s/^ *\!.*'.*//" module_cu_osas.F > module_cu_osas.G
/lib/cpp -P -nostdinc -I/global/scratch/users/adamwise/compiling/WRFv4.4-DRM_real_GAD_slices_CPM/inc -DEM_CORE=1 -DNMM_CORE=0 -DNMM_MAX_DIM=2600 -DDA_CORE=0 -DWRFPLUS=0 -DIWORDSIZE=4 -DDWORDSIZE=8 -DRWORDSIZE=4 -DLWORDSIZE=4 -DNONSTANDARD_SYSTEM_FUNC  -DWRF_USE_CLM -DUSE_NETCDF4_FEATURES -DWRFIO_NCD_LARGE_FILE_SUPPORT  -DDM_PARALLEL -DNETCDF -DLANDREAD_STUB=1 -DUSE_ALLOCATABLES -Dwrfmodel -DGRIB1 -DINTIO -DKEEP_INT_AROUND -DLIMIT_ARGS -DBUILD_RRTMG_FAST=0 -DBUILD_RRTMK=0 -DBUILD_SBM_FAST=1 -DSHOW_ALL_VARS_USED=0 -DCONFIG_BUF_LEN=65536 -DMAX_DOMAINS_F=21 -DMAX_HISTORY=25 -DNMM_NEST=0  -I. -traditional-cpp -DUSE_NETCDF4_FEATURES -DWRFIO_NCD_LARGE_FILE_SUPPORT   module_cu_osas.G  > module_cu_osas.bb
/global/scratch/users/adamwise/compiling/WRFv4.4-DRM_real_GAD_slices_CPM/tools/standard.exe module_cu_osas.bb | /lib/cpp -P -nostdinc -traditional-cpp -DUSE_NETCDF4_FEATURES -DWRFIO_NCD_LARGE_FILE_SUPPORT > module_cu_osas.f90
rm -f module_cu_osas.G module_cu_osas.bb
time mpif90 -f90=ifort -o module_cu_osas.o -c -O3 -ip -fp-model precise -w -ftz -align all -fno-alias -FR -convert big_endian    -I../dyn_em  -I/global/scratch/users/adamwise/compiling/WRFv4.4-DRM_real_GAD_slices_CPM/external/esmf_time_f90  -I/global/scratch/users/adamwise/compiling/WRFv4.4-DRM_real_GAD_slices_CPM/main -I/global/scratch/users/adamwise/compiling/WRFv4.4-DRM_real_GAD_slices_CPM/external/io_netcdf -I/global/scratch/users/adamwise/compiling/WRFv4.4-DRM_real_GAD_slices_CPM/external/io_int -I/global/scratch/users/adamwise/compiling/WRFv4.4-DRM_real_GAD_slices_CPM/frame -I/global/scratch/users/adamwise/compiling/WRFv4.4-DRM_real_GAD_slices_CPM/share -I/global/scratch/users/adamwise/compiling/WRFv4.4-DRM_real_GAD_slices_CPM/phys -I/global/scratch/users/adamwise/compiling/WRFv4.4-DRM_real_GAD_slices_CPM/wrftladj -I/global/scratch/users/adamwise/compiling/WRFv4.4-DRM_real_GAD_slices_CPM/chem -I/global/scratch/users/adamwise/compiling/WRFv4.4-DRM_real_GAD_slices_CPM/inc -I/global/software/sl-7.x86_64/modules/intel/2016.4.072/netcdf/4.4.1.1-intel-s/include  -real-size `expr 8 \* 4` -i4  module_cu_osas.f90

real	0m4.969s
user	0m4.543s
sys	0m0.179s
rm -f module_ra_rrtm.o
sed -e "s/^\!.*'.*//" -e "s/^ *\!.*'.*//" module_ra_rrtm.F > module_ra_rrtm.G
/lib/cpp -P -nostdinc -I/global/scratch/users/adamwise/compiling/WRFv4.4-DRM_real_GAD_slices_CPM/inc -DEM_CORE=1 -DNMM_CORE=0 -DNMM_MAX_DIM=2600 -DDA_CORE=0 -DWRFPLUS=0 -DIWORDSIZE=4 -DDWORDSIZE=8 -DRWORDSIZE=4 -DLWORDSIZE=4 -DNONSTANDARD_SYSTEM_FUNC  -DWRF_USE_CLM -DUSE_NETCDF4_FEATURES -DWRFIO_NCD_LARGE_FILE_SUPPORT  -DDM_PARALLEL -DNETCDF -DLANDREAD_STUB=1 -DUSE_ALLOCATABLES -Dwrfmodel -DGRIB1 -DINTIO -DKEEP_INT_AROUND -DLIMIT_ARGS -DBUILD_RRTMG_FAST=0 -DBUILD_RRTMK=0 -DBUILD_SBM_FAST=1 -DSHOW_ALL_VARS_USED=0 -DCONFIG_BUF_LEN=65536 -DMAX_DOMAINS_F=21 -DMAX_HISTORY=25 -DNMM_NEST=0  -I. -traditional-cpp -DUSE_NETCDF4_FEATURES -DWRFIO_NCD_LARGE_FILE_SUPPORT   module_ra_rrtm.G  > module_ra_rrtm.bb
/global/scratch/users/adamwise/compiling/WRFv4.4-DRM_real_GAD_slices_CPM/tools/standard.exe module_ra_rrtm.bb | /lib/cpp -P -nostdinc -traditional-cpp -DUSE_NETCDF4_FEATURES -DWRFIO_NCD_LARGE_FILE_SUPPORT > module_ra_rrtm.f90
rm -f module_ra_rrtm.G module_ra_rrtm.bb
time mpif90 -f90=ifort -o module_ra_rrtm.o -c -O3 -ip -fp-model precise -w -ftz -align all -fno-alias -FR -convert big_endian    -I../dyn_em  -I/global/scratch/users/adamwise/compiling/WRFv4.4-DRM_real_GAD_slices_CPM/external/esmf_time_f90  -I/global/scratch/users/adamwise/compiling/WRFv4.4-DRM_real_GAD_slices_CPM/main -I/global/scratch/users/adamwise/compiling/WRFv4.4-DRM_real_GAD_slices_CPM/external/io_netcdf -I/global/scratch/users/adamwise/compiling/WRFv4.4-DRM_real_GAD_slices_CPM/external/io_int -I/global/scratch/users/adamwise/compiling/WRFv4.4-DRM_real_GAD_slices_CPM/frame -I/global/scratch/users/adamwise/compiling/WRFv4.4-DRM_real_GAD_slices_CPM/share -I/global/scratch/users/adamwise/compiling/WRFv4.4-DRM_real_GAD_slices_CPM/phys -I/global/scratch/users/adamwise/compiling/WRFv4.4-DRM_real_GAD_slices_CPM/wrftladj -I/global/scratch/users/adamwise/compiling/WRFv4.4-DRM_real_GAD_slices_CPM/chem -I/global/scratch/users/adamwise/compiling/WRFv4.4-DRM_real_GAD_slices_CPM/inc -I/global/software/sl-7.x86_64/modules/intel/2016.4.072/netcdf/4.4.1.1-intel-s/include  -real-size `expr 8 \* 4` -i4  module_ra_rrtm.f90

real	0m5.490s
user	0m5.068s
sys	0m0.177s
rm -f module_ra_rrtmg_lw.o
sed -e "s/^\!.*'.*//" -e "s/^ *\!.*'.*//" module_ra_rrtmg_lw.F > module_ra_rrtmg_lw.G
/lib/cpp -P -nostdinc -I/global/scratch/users/adamwise/compiling/WRFv4.4-DRM_real_GAD_slices_CPM/inc -DEM_CORE=1 -DNMM_CORE=0 -DNMM_MAX_DIM=2600 -DDA_CORE=0 -DWRFPLUS=0 -DIWORDSIZE=4 -DDWORDSIZE=8 -DRWORDSIZE=4 -DLWORDSIZE=4 -DNONSTANDARD_SYSTEM_FUNC  -DWRF_USE_CLM -DUSE_NETCDF4_FEATURES -DWRFIO_NCD_LARGE_FILE_SUPPORT  -DDM_PARALLEL -DNETCDF -DLANDREAD_STUB=1 -DUSE_ALLOCATABLES -Dwrfmodel -DGRIB1 -DINTIO -DKEEP_INT_AROUND -DLIMIT_ARGS -DBUILD_RRTMG_FAST=0 -DBUILD_RRTMK=0 -DBUILD_SBM_FAST=1 -DSHOW_ALL_VARS_USED=0 -DCONFIG_BUF_LEN=65536 -DMAX_DOMAINS_F=21 -DMAX_HISTORY=25 -DNMM_NEST=0  -I. -traditional-cpp -DUSE_NETCDF4_FEATURES -DWRFIO_NCD_LARGE_FILE_SUPPORT   module_ra_rrtmg_lw.G  > module_ra_rrtmg_lw.bb
/global/scratch/users/adamwise/compiling/WRFv4.4-DRM_real_GAD_slices_CPM/tools/standard.exe module_ra_rrtmg_lw.bb | /lib/cpp -P -nostdinc -traditional-cpp -DUSE_NETCDF4_FEATURES -DWRFIO_NCD_LARGE_FILE_SUPPORT > module_ra_rrtmg_lw.f90
rm -f module_ra_rrtmg_lw.G module_ra_rrtmg_lw.bb
time mpif90 -f90=ifort -o module_ra_rrtmg_lw.o -c -O3 -ip -fp-model precise -w -ftz -align all -fno-alias -FR -convert big_endian    -I../dyn_em  -I/global/scratch/users/adamwise/compiling/WRFv4.4-DRM_real_GAD_slices_CPM/external/esmf_time_f90  -I/global/scratch/users/adamwise/compiling/WRFv4.4-DRM_real_GAD_slices_CPM/main -I/global/scratch/users/adamwise/compiling/WRFv4.4-DRM_real_GAD_slices_CPM/external/io_netcdf -I/global/scratch/users/adamwise/compiling/WRFv4.4-DRM_real_GAD_slices_CPM/external/io_int -I/global/scratch/users/adamwise/compiling/WRFv4.4-DRM_real_GAD_slices_CPM/frame -I/global/scratch/users/adamwise/compiling/WRFv4.4-DRM_real_GAD_slices_CPM/share -I/global/scratch/users/adamwise/compiling/WRFv4.4-DRM_real_GAD_slices_CPM/phys -I/global/scratch/users/adamwise/compiling/WRFv4.4-DRM_real_GAD_slices_CPM/wrftladj -I/global/scratch/users/adamwise/compiling/WRFv4.4-DRM_real_GAD_slices_CPM/chem -I/global/scratch/users/adamwise/compiling/WRFv4.4-DRM_real_GAD_slices_CPM/inc -I/global/software/sl-7.x86_64/modules/intel/2016.4.072/netcdf/4.4.1.1-intel-s/include  -real-size `expr 8 \* 4` -i4  module_ra_rrtmg_lw.f90

real	1m11.064s
user	1m10.425s
sys	0m0.389s
rm -f module_ra_rrtmg_swf.o
sed -e "s/^\!.*'.*//" -e "s/^ *\!.*'.*//" module_ra_rrtmg_swf.F > module_ra_rrtmg_swf.G
/lib/cpp -P -nostdinc -I/global/scratch/users/adamwise/compiling/WRFv4.4-DRM_real_GAD_slices_CPM/inc -DEM_CORE=1 -DNMM_CORE=0 -DNMM_MAX_DIM=2600 -DDA_CORE=0 -DWRFPLUS=0 -DIWORDSIZE=4 -DDWORDSIZE=8 -DRWORDSIZE=4 -DLWORDSIZE=4 -DNONSTANDARD_SYSTEM_FUNC  -DWRF_USE_CLM -DUSE_NETCDF4_FEATURES -DWRFIO_NCD_LARGE_FILE_SUPPORT  -DDM_PARALLEL -DNETCDF -DLANDREAD_STUB=1 -DUSE_ALLOCATABLES -Dwrfmodel -DGRIB1 -DINTIO -DKEEP_INT_AROUND -DLIMIT_ARGS -DBUILD_RRTMG_FAST=0 -DBUILD_RRTMK=0 -DBUILD_SBM_FAST=1 -DSHOW_ALL_VARS_USED=0 -DCONFIG_BUF_LEN=65536 -DMAX_DOMAINS_F=21 -DMAX_HISTORY=25 -DNMM_NEST=0  -I. -traditional-cpp -DUSE_NETCDF4_FEATURES -DWRFIO_NCD_LARGE_FILE_SUPPORT   module_ra_rrtmg_swf.G  > module_ra_rrtmg_swf.bb
/global/scratch/users/adamwise/compiling/WRFv4.4-DRM_real_GAD_slices_CPM/tools/standard.exe module_ra_rrtmg_swf.bb | /lib/cpp -P -nostdinc -traditional-cpp -DUSE_NETCDF4_FEATURES -DWRFIO_NCD_LARGE_FILE_SUPPORT > module_ra_rrtmg_swf.f90
rm -f module_ra_rrtmg_swf.G module_ra_rrtmg_swf.bb
time mpif90 -f90=ifort -o module_ra_rrtmg_swf.o -c -O3 -ip -fp-model precise -w -ftz -align all -fno-alias -FR -convert big_endian    -I../dyn_em  -I/global/scratch/users/adamwise/compiling/WRFv4.4-DRM_real_GAD_slices_CPM/external/esmf_time_f90  -I/global/scratch/users/adamwise/compiling/WRFv4.4-DRM_real_GAD_slices_CPM/main -I/global/scratch/users/adamwise/compiling/WRFv4.4-DRM_real_GAD_slices_CPM/external/io_netcdf -I/global/scratch/users/adamwise/compiling/WRFv4.4-DRM_real_GAD_slices_CPM/external/io_int -I/global/scratch/users/adamwise/compiling/WRFv4.4-DRM_real_GAD_slices_CPM/frame -I/global/scratch/users/adamwise/compiling/WRFv4.4-DRM_real_GAD_slices_CPM/share -I/global/scratch/users/adamwise/compiling/WRFv4.4-DRM_real_GAD_slices_CPM/phys -I/global/scratch/users/adamwise/compiling/WRFv4.4-DRM_real_GAD_slices_CPM/wrftladj -I/global/scratch/users/adamwise/compiling/WRFv4.4-DRM_real_GAD_slices_CPM/chem -I/global/scratch/users/adamwise/compiling/WRFv4.4-DRM_real_GAD_slices_CPM/inc -I/global/software/sl-7.x86_64/modules/intel/2016.4.072/netcdf/4.4.1.1-intel-s/include  -real-size `expr 8 \* 4` -i4  module_ra_rrtmg_swf.f90

real	0m0.332s
user	0m0.038s
sys	0m0.088s
rm -f module_ra_rrtmg_swk.o
sed -e "s/^\!.*'.*//" -e "s/^ *\!.*'.*//" module_ra_rrtmg_swk.F > module_ra_rrtmg_swk.G
/lib/cpp -P -nostdinc -I/global/scratch/users/adamwise/compiling/WRFv4.4-DRM_real_GAD_slices_CPM/inc -DEM_CORE=1 -DNMM_CORE=0 -DNMM_MAX_DIM=2600 -DDA_CORE=0 -DWRFPLUS=0 -DIWORDSIZE=4 -DDWORDSIZE=8 -DRWORDSIZE=4 -DLWORDSIZE=4 -DNONSTANDARD_SYSTEM_FUNC  -DWRF_USE_CLM -DUSE_NETCDF4_FEATURES -DWRFIO_NCD_LARGE_FILE_SUPPORT  -DDM_PARALLEL -DNETCDF -DLANDREAD_STUB=1 -DUSE_ALLOCATABLES -Dwrfmodel -DGRIB1 -DINTIO -DKEEP_INT_AROUND -DLIMIT_ARGS -DBUILD_RRTMG_FAST=0 -DBUILD_RRTMK=0 -DBUILD_SBM_FAST=1 -DSHOW_ALL_VARS_USED=0 -DCONFIG_BUF_LEN=65536 -DMAX_DOMAINS_F=21 -DMAX_HISTORY=25 -DNMM_NEST=0  -I. -traditional-cpp -DUSE_NETCDF4_FEATURES -DWRFIO_NCD_LARGE_FILE_SUPPORT   module_ra_rrtmg_swk.G  > module_ra_rrtmg_swk.bb
/global/scratch/users/adamwise/compiling/WRFv4.4-DRM_real_GAD_slices_CPM/tools/standard.exe module_ra_rrtmg_swk.bb | /lib/cpp -P -nostdinc -traditional-cpp -DUSE_NETCDF4_FEATURES -DWRFIO_NCD_LARGE_FILE_SUPPORT > module_ra_rrtmg_swk.f90
rm -f module_ra_rrtmg_swk.G module_ra_rrtmg_swk.bb
time mpif90 -f90=ifort -o module_ra_rrtmg_swk.o -c -O3 -ip -fp-model precise -w -ftz -align all -fno-alias -FR -convert big_endian    -I../dyn_em  -I/global/scratch/users/adamwise/compiling/WRFv4.4-DRM_real_GAD_slices_CPM/external/esmf_time_f90  -I/global/scratch/users/adamwise/compiling/WRFv4.4-DRM_real_GAD_slices_CPM/main -I/global/scratch/users/adamwise/compiling/WRFv4.4-DRM_real_GAD_slices_CPM/external/io_netcdf -I/global/scratch/users/adamwise/compiling/WRFv4.4-DRM_real_GAD_slices_CPM/external/io_int -I/global/scratch/users/adamwise/compiling/WRFv4.4-DRM_real_GAD_slices_CPM/frame -I/global/scratch/users/adamwise/compiling/WRFv4.4-DRM_real_GAD_slices_CPM/share -I/global/scratch/users/adamwise/compiling/WRFv4.4-DRM_real_GAD_slices_CPM/phys -I/global/scratch/users/adamwise/compiling/WRFv4.4-DRM_real_GAD_slices_CPM/wrftladj -I/global/scratch/users/adamwise/compiling/WRFv4.4-DRM_real_GAD_slices_CPM/chem -I/global/scratch/users/adamwise/compiling/WRFv4.4-DRM_real_GAD_slices_CPM/inc -I/global/software/sl-7.x86_64/modules/intel/2016.4.072/netcdf/4.4.1.1-intel-s/include  -real-size `expr 8 \* 4` -i4  module_ra_rrtmg_swk.f90

real	0m0.335s
user	0m0.040s
sys	0m0.090s
rm -f module_ra_cam_support.o
sed -e "s/^\!.*'.*//" -e "s/^ *\!.*'.*//" module_ra_cam_support.F > module_ra_cam_support.G
/lib/cpp -P -nostdinc -I/global/scratch/users/adamwise/compiling/WRFv4.4-DRM_real_GAD_slices_CPM/inc -DEM_CORE=1 -DNMM_CORE=0 -DNMM_MAX_DIM=2600 -DDA_CORE=0 -DWRFPLUS=0 -DIWORDSIZE=4 -DDWORDSIZE=8 -DRWORDSIZE=4 -DLWORDSIZE=4 -DNONSTANDARD_SYSTEM_FUNC  -DWRF_USE_CLM -DUSE_NETCDF4_FEATURES -DWRFIO_NCD_LARGE_FILE_SUPPORT  -DDM_PARALLEL -DNETCDF -DLANDREAD_STUB=1 -DUSE_ALLOCATABLES -Dwrfmodel -DGRIB1 -DINTIO -DKEEP_INT_AROUND -DLIMIT_ARGS -DBUILD_RRTMG_FAST=0 -DBUILD_RRTMK=0 -DBUILD_SBM_FAST=1 -DSHOW_ALL_VARS_USED=0 -DCONFIG_BUF_LEN=65536 -DMAX_DOMAINS_F=21 -DMAX_HISTORY=25 -DNMM_NEST=0  -I. -traditional-cpp -DUSE_NETCDF4_FEATURES -DWRFIO_NCD_LARGE_FILE_SUPPORT   module_ra_cam_support.G  > module_ra_cam_support.bb
/global/scratch/users/adamwise/compiling/WRFv4.4-DRM_real_GAD_slices_CPM/tools/standard.exe module_ra_cam_support.bb | /lib/cpp -P -nostdinc -traditional-cpp -DUSE_NETCDF4_FEATURES -DWRFIO_NCD_LARGE_FILE_SUPPORT > module_ra_cam_support.f90
rm -f module_ra_cam_support.G module_ra_cam_support.bb
time mpif90 -f90=ifort -o module_ra_cam_support.o -c -O3 -ip -fp-model precise -w -ftz -align all -fno-alias -FR -convert big_endian    -I../dyn_em  -I/global/scratch/users/adamwise/compiling/WRFv4.4-DRM_real_GAD_slices_CPM/external/esmf_time_f90  -I/global/scratch/users/adamwise/compiling/WRFv4.4-DRM_real_GAD_slices_CPM/main -I/global/scratch/users/adamwise/compiling/WRFv4.4-DRM_real_GAD_slices_CPM/external/io_netcdf -I/global/scratch/users/adamwise/compiling/WRFv4.4-DRM_real_GAD_slices_CPM/external/io_int -I/global/scratch/users/adamwise/compiling/WRFv4.4-DRM_real_GAD_slices_CPM/frame -I/global/scratch/users/adamwise/compiling/WRFv4.4-DRM_real_GAD_slices_CPM/share -I/global/scratch/users/adamwise/compiling/WRFv4.4-DRM_real_GAD_slices_CPM/phys -I/global/scratch/users/adamwise/compiling/WRFv4.4-DRM_real_GAD_slices_CPM/wrftladj -I/global/scratch/users/adamwise/compiling/WRFv4.4-DRM_real_GAD_slices_CPM/chem -I/global/scratch/users/adamwise/compiling/WRFv4.4-DRM_real_GAD_slices_CPM/inc -I/global/software/sl-7.x86_64/modules/intel/2016.4.072/netcdf/4.4.1.1-intel-s/include  -real-size `expr 8 \* 4` -i4  module_ra_cam_support.f90

real	0m5.223s
user	0m2.922s
sys	0m0.294s
rm -f module_ra_gfdleta.o
sed -e "s/^\!.*'.*//" -e "s/^ *\!.*'.*//" module_ra_gfdleta.F > module_ra_gfdleta.G
/lib/cpp -P -nostdinc -I/global/scratch/users/adamwise/compiling/WRFv4.4-DRM_real_GAD_slices_CPM/inc -DEM_CORE=1 -DNMM_CORE=0 -DNMM_MAX_DIM=2600 -DDA_CORE=0 -DWRFPLUS=0 -DIWORDSIZE=4 -DDWORDSIZE=8 -DRWORDSIZE=4 -DLWORDSIZE=4 -DNONSTANDARD_SYSTEM_FUNC  -DWRF_USE_CLM -DUSE_NETCDF4_FEATURES -DWRFIO_NCD_LARGE_FILE_SUPPORT  -DDM_PARALLEL -DNETCDF -DLANDREAD_STUB=1 -DUSE_ALLOCATABLES -Dwrfmodel -DGRIB1 -DINTIO -DKEEP_INT_AROUND -DLIMIT_ARGS -DBUILD_RRTMG_FAST=0 -DBUILD_RRTMK=0 -DBUILD_SBM_FAST=1 -DSHOW_ALL_VARS_USED=0 -DCONFIG_BUF_LEN=65536 -DMAX_DOMAINS_F=21 -DMAX_HISTORY=25 -DNMM_NEST=0  -I. -traditional-cpp -DUSE_NETCDF4_FEATURES -DWRFIO_NCD_LARGE_FILE_SUPPORT   module_ra_gfdleta.G  > module_ra_gfdleta.bb
/global/scratch/users/adamwise/compiling/WRFv4.4-DRM_real_GAD_slices_CPM/tools/standard.exe module_ra_gfdleta.bb | /lib/cpp -P -nostdinc -traditional-cpp -DUSE_NETCDF4_FEATURES -DWRFIO_NCD_LARGE_FILE_SUPPORT > module_ra_gfdleta.f90
rm -f module_ra_gfdleta.G module_ra_gfdleta.bb
time mpif90 -f90=ifort -o module_ra_gfdleta.o -c -O3 -ip -fp-model precise -w -ftz -align all -fno-alias -FR -convert big_endian    -I../dyn_em  -I/global/scratch/users/adamwise/compiling/WRFv4.4-DRM_real_GAD_slices_CPM/external/esmf_time_f90  -I/global/scratch/users/adamwise/compiling/WRFv4.4-DRM_real_GAD_slices_CPM/main -I/global/scratch/users/adamwise/compiling/WRFv4.4-DRM_real_GAD_slices_CPM/external/io_netcdf -I/global/scratch/users/adamwise/compiling/WRFv4.4-DRM_real_GAD_slices_CPM/external/io_int -I/global/scratch/users/adamwise/compiling/WRFv4.4-DRM_real_GAD_slices_CPM/frame -I/global/scratch/users/adamwise/compiling/WRFv4.4-DRM_real_GAD_slices_CPM/share -I/global/scratch/users/adamwise/compiling/WRFv4.4-DRM_real_GAD_slices_CPM/phys -I/global/scratch/users/adamwise/compiling/WRFv4.4-DRM_real_GAD_slices_CPM/wrftladj -I/global/scratch/users/adamwise/compiling/WRFv4.4-DRM_real_GAD_slices_CPM/chem -I/global/scratch/users/adamwise/compiling/WRFv4.4-DRM_real_GAD_slices_CPM/inc -I/global/software/sl-7.x86_64/modules/intel/2016.4.072/netcdf/4.4.1.1-intel-s/include  -real-size `expr 8 \* 4` -i4  module_ra_gfdleta.f90

real	0m38.739s
user	0m37.934s
sys	0m0.452s
rm -f module_mp_thompson.o
sed -e "s/^\!.*'.*//" -e "s/^ *\!.*'.*//" module_mp_thompson.F > module_mp_thompson.G
/lib/cpp -P -nostdinc -I/global/scratch/users/adamwise/compiling/WRFv4.4-DRM_real_GAD_slices_CPM/inc -DEM_CORE=1 -DNMM_CORE=0 -DNMM_MAX_DIM=2600 -DDA_CORE=0 -DWRFPLUS=0 -DIWORDSIZE=4 -DDWORDSIZE=8 -DRWORDSIZE=4 -DLWORDSIZE=4 -DNONSTANDARD_SYSTEM_FUNC  -DWRF_USE_CLM -DUSE_NETCDF4_FEATURES -DWRFIO_NCD_LARGE_FILE_SUPPORT  -DDM_PARALLEL -DNETCDF -DLANDREAD_STUB=1 -DUSE_ALLOCATABLES -Dwrfmodel -DGRIB1 -DINTIO -DKEEP_INT_AROUND -DLIMIT_ARGS -DBUILD_RRTMG_FAST=0 -DBUILD_RRTMK=0 -DBUILD_SBM_FAST=1 -DSHOW_ALL_VARS_USED=0 -DCONFIG_BUF_LEN=65536 -DMAX_DOMAINS_F=21 -DMAX_HISTORY=25 -DNMM_NEST=0  -I. -traditional-cpp -DUSE_NETCDF4_FEATURES -DWRFIO_NCD_LARGE_FILE_SUPPORT   module_mp_thompson.G  > module_mp_thompson.bb
/global/scratch/users/adamwise/compiling/WRFv4.4-DRM_real_GAD_slices_CPM/tools/standard.exe module_mp_thompson.bb | /lib/cpp -P -nostdinc -traditional-cpp -DUSE_NETCDF4_FEATURES -DWRFIO_NCD_LARGE_FILE_SUPPORT > module_mp_thompson.f90
rm -f module_mp_thompson.G module_mp_thompson.bb
time mpif90 -f90=ifort -o module_mp_thompson.o -c -O3 -ip -fp-model precise -w -ftz -align all -fno-alias -FR -convert big_endian    -I../dyn_em  -I/global/scratch/users/adamwise/compiling/WRFv4.4-DRM_real_GAD_slices_CPM/external/esmf_time_f90  -I/global/scratch/users/adamwise/compiling/WRFv4.4-DRM_real_GAD_slices_CPM/main -I/global/scratch/users/adamwise/compiling/WRFv4.4-DRM_real_GAD_slices_CPM/external/io_netcdf -I/global/scratch/users/adamwise/compiling/WRFv4.4-DRM_real_GAD_slices_CPM/external/io_int -I/global/scratch/users/adamwise/compiling/WRFv4.4-DRM_real_GAD_slices_CPM/frame -I/global/scratch/users/adamwise/compiling/WRFv4.4-DRM_real_GAD_slices_CPM/share -I/global/scratch/users/adamwise/compiling/WRFv4.4-DRM_real_GAD_slices_CPM/phys -I/global/scratch/users/adamwise/compiling/WRFv4.4-DRM_real_GAD_slices_CPM/wrftladj -I/global/scratch/users/adamwise/compiling/WRFv4.4-DRM_real_GAD_slices_CPM/chem -I/global/scratch/users/adamwise/compiling/WRFv4.4-DRM_real_GAD_slices_CPM/inc -I/global/software/sl-7.x86_64/modules/intel/2016.4.072/netcdf/4.4.1.1-intel-s/include  -real-size `expr 8 \* 4` -i4  module_mp_thompson.f90

real	0m32.911s
user	0m32.364s
sys	0m0.308s
rm -f module_madwrf.o
sed -e "s/^\!.*'.*//" -e "s/^ *\!.*'.*//" module_madwrf.F > module_madwrf.G
/lib/cpp -P -nostdinc -I/global/scratch/users/adamwise/compiling/WRFv4.4-DRM_real_GAD_slices_CPM/inc -DEM_CORE=1 -DNMM_CORE=0 -DNMM_MAX_DIM=2600 -DDA_CORE=0 -DWRFPLUS=0 -DIWORDSIZE=4 -DDWORDSIZE=8 -DRWORDSIZE=4 -DLWORDSIZE=4 -DNONSTANDARD_SYSTEM_FUNC  -DWRF_USE_CLM -DUSE_NETCDF4_FEATURES -DWRFIO_NCD_LARGE_FILE_SUPPORT  -DDM_PARALLEL -DNETCDF -DLANDREAD_STUB=1 -DUSE_ALLOCATABLES -Dwrfmodel -DGRIB1 -DINTIO -DKEEP_INT_AROUND -DLIMIT_ARGS -DBUILD_RRTMG_FAST=0 -DBUILD_RRTMK=0 -DBUILD_SBM_FAST=1 -DSHOW_ALL_VARS_USED=0 -DCONFIG_BUF_LEN=65536 -DMAX_DOMAINS_F=21 -DMAX_HISTORY=25 -DNMM_NEST=0  -I. -traditional-cpp -DUSE_NETCDF4_FEATURES -DWRFIO_NCD_LARGE_FILE_SUPPORT   module_madwrf.G  > module_madwrf.bb
/global/scratch/users/adamwise/compiling/WRFv4.4-DRM_real_GAD_slices_CPM/tools/standard.exe module_madwrf.bb | /lib/cpp -P -nostdinc -traditional-cpp -DUSE_NETCDF4_FEATURES -DWRFIO_NCD_LARGE_FILE_SUPPORT > module_madwrf.f90
rm -f module_madwrf.G module_madwrf.bb
time mpif90 -f90=ifort -o module_madwrf.o -c -O3 -ip -fp-model precise -w -ftz -align all -fno-alias -FR -convert big_endian    -I../dyn_em  -I/global/scratch/users/adamwise/compiling/WRFv4.4-DRM_real_GAD_slices_CPM/external/esmf_time_f90  -I/global/scratch/users/adamwise/compiling/WRFv4.4-DRM_real_GAD_slices_CPM/main -I/global/scratch/users/adamwise/compiling/WRFv4.4-DRM_real_GAD_slices_CPM/external/io_netcdf -I/global/scratch/users/adamwise/compiling/WRFv4.4-DRM_real_GAD_slices_CPM/external/io_int -I/global/scratch/users/adamwise/compiling/WRFv4.4-DRM_real_GAD_slices_CPM/frame -I/global/scratch/users/adamwise/compiling/WRFv4.4-DRM_real_GAD_slices_CPM/share -I/global/scratch/users/adamwise/compiling/WRFv4.4-DRM_real_GAD_slices_CPM/phys -I/global/scratch/users/adamwise/compiling/WRFv4.4-DRM_real_GAD_slices_CPM/wrftladj -I/global/scratch/users/adamwise/compiling/WRFv4.4-DRM_real_GAD_slices_CPM/chem -I/global/scratch/users/adamwise/compiling/WRFv4.4-DRM_real_GAD_slices_CPM/inc -I/global/software/sl-7.x86_64/modules/intel/2016.4.072/netcdf/4.4.1.1-intel-s/include  -real-size `expr 8 \* 4` -i4  module_madwrf.f90

real	0m1.769s
user	0m1.407s
sys	0m0.140s
rm -f module_sf_gfs.o
sed -e "s/^\!.*'.*//" -e "s/^ *\!.*'.*//" module_sf_gfs.F > module_sf_gfs.G
/lib/cpp -P -nostdinc -I/global/scratch/users/adamwise/compiling/WRFv4.4-DRM_real_GAD_slices_CPM/inc -DEM_CORE=1 -DNMM_CORE=0 -DNMM_MAX_DIM=2600 -DDA_CORE=0 -DWRFPLUS=0 -DIWORDSIZE=4 -DDWORDSIZE=8 -DRWORDSIZE=4 -DLWORDSIZE=4 -DNONSTANDARD_SYSTEM_FUNC  -DWRF_USE_CLM -DUSE_NETCDF4_FEATURES -DWRFIO_NCD_LARGE_FILE_SUPPORT  -DDM_PARALLEL -DNETCDF -DLANDREAD_STUB=1 -DUSE_ALLOCATABLES -Dwrfmodel -DGRIB1 -DINTIO -DKEEP_INT_AROUND -DLIMIT_ARGS -DBUILD_RRTMG_FAST=0 -DBUILD_RRTMK=0 -DBUILD_SBM_FAST=1 -DSHOW_ALL_VARS_USED=0 -DCONFIG_BUF_LEN=65536 -DMAX_DOMAINS_F=21 -DMAX_HISTORY=25 -DNMM_NEST=0  -I. -traditional-cpp -DUSE_NETCDF4_FEATURES -DWRFIO_NCD_LARGE_FILE_SUPPORT   module_sf_gfs.G  > module_sf_gfs.bb
/global/scratch/users/adamwise/compiling/WRFv4.4-DRM_real_GAD_slices_CPM/tools/standard.exe module_sf_gfs.bb | /lib/cpp -P -nostdinc -traditional-cpp -DUSE_NETCDF4_FEATURES -DWRFIO_NCD_LARGE_FILE_SUPPORT > module_sf_gfs.f90
rm -f module_sf_gfs.G module_sf_gfs.bb
time mpif90 -f90=ifort -o module_sf_gfs.o -c -O3 -ip -fp-model precise -w -ftz -align all -fno-alias -FR -convert big_endian    -I../dyn_em  -I/global/scratch/users/adamwise/compiling/WRFv4.4-DRM_real_GAD_slices_CPM/external/esmf_time_f90  -I/global/scratch/users/adamwise/compiling/WRFv4.4-DRM_real_GAD_slices_CPM/main -I/global/scratch/users/adamwise/compiling/WRFv4.4-DRM_real_GAD_slices_CPM/external/io_netcdf -I/global/scratch/users/adamwise/compiling/WRFv4.4-DRM_real_GAD_slices_CPM/external/io_int -I/global/scratch/users/adamwise/compiling/WRFv4.4-DRM_real_GAD_slices_CPM/frame -I/global/scratch/users/adamwise/compiling/WRFv4.4-DRM_real_GAD_slices_CPM/share -I/global/scratch/users/adamwise/compiling/WRFv4.4-DRM_real_GAD_slices_CPM/phys -I/global/scratch/users/adamwise/compiling/WRFv4.4-DRM_real_GAD_slices_CPM/wrftladj -I/global/scratch/users/adamwise/compiling/WRFv4.4-DRM_real_GAD_slices_CPM/chem -I/global/scratch/users/adamwise/compiling/WRFv4.4-DRM_real_GAD_slices_CPM/inc -I/global/software/sl-7.x86_64/modules/intel/2016.4.072/netcdf/4.4.1.1-intel-s/include  -real-size `expr 8 \* 4` -i4  module_sf_gfs.f90

real	0m1.355s
user	0m1.003s
sys	0m0.139s
rm -f module_sf_gfdl.o
sed -e "s/^\!.*'.*//" -e "s/^ *\!.*'.*//" module_sf_gfdl.F > module_sf_gfdl.G
/lib/cpp -P -nostdinc -I/global/scratch/users/adamwise/compiling/WRFv4.4-DRM_real_GAD_slices_CPM/inc -DEM_CORE=1 -DNMM_CORE=0 -DNMM_MAX_DIM=2600 -DDA_CORE=0 -DWRFPLUS=0 -DIWORDSIZE=4 -DDWORDSIZE=8 -DRWORDSIZE=4 -DLWORDSIZE=4 -DNONSTANDARD_SYSTEM_FUNC  -DWRF_USE_CLM -DUSE_NETCDF4_FEATURES -DWRFIO_NCD_LARGE_FILE_SUPPORT  -DDM_PARALLEL -DNETCDF -DLANDREAD_STUB=1 -DUSE_ALLOCATABLES -Dwrfmodel -DGRIB1 -DINTIO -DKEEP_INT_AROUND -DLIMIT_ARGS -DBUILD_RRTMG_FAST=0 -DBUILD_RRTMK=0 -DBUILD_SBM_FAST=1 -DSHOW_ALL_VARS_USED=0 -DCONFIG_BUF_LEN=65536 -DMAX_DOMAINS_F=21 -DMAX_HISTORY=25 -DNMM_NEST=0  -I. -traditional-cpp -DUSE_NETCDF4_FEATURES -DWRFIO_NCD_LARGE_FILE_SUPPORT   module_sf_gfdl.G  > module_sf_gfdl.bb
/global/scratch/users/adamwise/compiling/WRFv4.4-DRM_real_GAD_slices_CPM/tools/standard.exe module_sf_gfdl.bb | /lib/cpp -P -nostdinc -traditional-cpp -DUSE_NETCDF4_FEATURES -DWRFIO_NCD_LARGE_FILE_SUPPORT > module_sf_gfdl.f90
rm -f module_sf_gfdl.G module_sf_gfdl.bb
time mpif90 -f90=ifort -o module_sf_gfdl.o -c -O3 -ip -fp-model precise -w -ftz -align all -fno-alias -FR -convert big_endian    -I../dyn_em  -I/global/scratch/users/adamwise/compiling/WRFv4.4-DRM_real_GAD_slices_CPM/external/esmf_time_f90  -I/global/scratch/users/adamwise/compiling/WRFv4.4-DRM_real_GAD_slices_CPM/main -I/global/scratch/users/adamwise/compiling/WRFv4.4-DRM_real_GAD_slices_CPM/external/io_netcdf -I/global/scratch/users/adamwise/compiling/WRFv4.4-DRM_real_GAD_slices_CPM/external/io_int -I/global/scratch/users/adamwise/compiling/WRFv4.4-DRM_real_GAD_slices_CPM/frame -I/global/scratch/users/adamwise/compiling/WRFv4.4-DRM_real_GAD_slices_CPM/share -I/global/scratch/users/adamwise/compiling/WRFv4.4-DRM_real_GAD_slices_CPM/phys -I/global/scratch/users/adamwise/compiling/WRFv4.4-DRM_real_GAD_slices_CPM/wrftladj -I/global/scratch/users/adamwise/compiling/WRFv4.4-DRM_real_GAD_slices_CPM/chem -I/global/scratch/users/adamwise/compiling/WRFv4.4-DRM_real_GAD_slices_CPM/inc -I/global/software/sl-7.x86_64/modules/intel/2016.4.072/netcdf/4.4.1.1-intel-s/include  -real-size `expr 8 \* 4` -i4  module_sf_gfdl.f90

real	0m13.965s
user	0m13.269s
sys	0m0.328s
rm -f module_sf_noahmplsm.o
sed -e "s/^\!.*'.*//" -e "s/^ *\!.*'.*//" module_sf_noahmplsm.F > module_sf_noahmplsm.G
/lib/cpp -P -nostdinc -I/global/scratch/users/adamwise/compiling/WRFv4.4-DRM_real_GAD_slices_CPM/inc -DEM_CORE=1 -DNMM_CORE=0 -DNMM_MAX_DIM=2600 -DDA_CORE=0 -DWRFPLUS=0 -DIWORDSIZE=4 -DDWORDSIZE=8 -DRWORDSIZE=4 -DLWORDSIZE=4 -DNONSTANDARD_SYSTEM_FUNC  -DWRF_USE_CLM -DUSE_NETCDF4_FEATURES -DWRFIO_NCD_LARGE_FILE_SUPPORT  -DDM_PARALLEL -DNETCDF -DLANDREAD_STUB=1 -DUSE_ALLOCATABLES -Dwrfmodel -DGRIB1 -DINTIO -DKEEP_INT_AROUND -DLIMIT_ARGS -DBUILD_RRTMG_FAST=0 -DBUILD_RRTMK=0 -DBUILD_SBM_FAST=1 -DSHOW_ALL_VARS_USED=0 -DCONFIG_BUF_LEN=65536 -DMAX_DOMAINS_F=21 -DMAX_HISTORY=25 -DNMM_NEST=0  -I. -traditional-cpp -DUSE_NETCDF4_FEATURES -DWRFIO_NCD_LARGE_FILE_SUPPORT   module_sf_noahmplsm.G  > module_sf_noahmplsm.bb
/global/scratch/users/adamwise/compiling/WRFv4.4-DRM_real_GAD_slices_CPM/tools/standard.exe module_sf_noahmplsm.bb | /lib/cpp -P -nostdinc -traditional-cpp -DUSE_NETCDF4_FEATURES -DWRFIO_NCD_LARGE_FILE_SUPPORT > module_sf_noahmplsm.f90
rm -f module_sf_noahmplsm.G module_sf_noahmplsm.bb
time mpif90 -f90=ifort -o module_sf_noahmplsm.o -c -O3 -ip -fp-model precise -w -ftz -align all -fno-alias -FR -convert big_endian    -I../dyn_em  -I/global/scratch/users/adamwise/compiling/WRFv4.4-DRM_real_GAD_slices_CPM/external/esmf_time_f90  -I/global/scratch/users/adamwise/compiling/WRFv4.4-DRM_real_GAD_slices_CPM/main -I/global/scratch/users/adamwise/compiling/WRFv4.4-DRM_real_GAD_slices_CPM/external/io_netcdf -I/global/scratch/users/adamwise/compiling/WRFv4.4-DRM_real_GAD_slices_CPM/external/io_int -I/global/scratch/users/adamwise/compiling/WRFv4.4-DRM_real_GAD_slices_CPM/frame -I/global/scratch/users/adamwise/compiling/WRFv4.4-DRM_real_GAD_slices_CPM/share -I/global/scratch/users/adamwise/compiling/WRFv4.4-DRM_real_GAD_slices_CPM/phys -I/global/scratch/users/adamwise/compiling/WRFv4.4-DRM_real_GAD_slices_CPM/wrftladj -I/global/scratch/users/adamwise/compiling/WRFv4.4-DRM_real_GAD_slices_CPM/chem -I/global/scratch/users/adamwise/compiling/WRFv4.4-DRM_real_GAD_slices_CPM/inc -I/global/software/sl-7.x86_64/modules/intel/2016.4.072/netcdf/4.4.1.1-intel-s/include  -real-size `expr 8 \* 4` -i4  module_sf_noahmplsm.f90

real	0m1.870s
user	0m1.516s
sys	0m0.140s
rm -f module_sf_bep.o
sed -e "s/^\!.*'.*//" -e "s/^ *\!.*'.*//" module_sf_bep.F > module_sf_bep.G
/lib/cpp -P -nostdinc -I/global/scratch/users/adamwise/compiling/WRFv4.4-DRM_real_GAD_slices_CPM/inc -DEM_CORE=1 -DNMM_CORE=0 -DNMM_MAX_DIM=2600 -DDA_CORE=0 -DWRFPLUS=0 -DIWORDSIZE=4 -DDWORDSIZE=8 -DRWORDSIZE=4 -DLWORDSIZE=4 -DNONSTANDARD_SYSTEM_FUNC  -DWRF_USE_CLM -DUSE_NETCDF4_FEATURES -DWRFIO_NCD_LARGE_FILE_SUPPORT  -DDM_PARALLEL -DNETCDF -DLANDREAD_STUB=1 -DUSE_ALLOCATABLES -Dwrfmodel -DGRIB1 -DINTIO -DKEEP_INT_AROUND -DLIMIT_ARGS -DBUILD_RRTMG_FAST=0 -DBUILD_RRTMK=0 -DBUILD_SBM_FAST=1 -DSHOW_ALL_VARS_USED=0 -DCONFIG_BUF_LEN=65536 -DMAX_DOMAINS_F=21 -DMAX_HISTORY=25 -DNMM_NEST=0  -I. -traditional-cpp -DUSE_NETCDF4_FEATURES -DWRFIO_NCD_LARGE_FILE_SUPPORT   module_sf_bep.G  > module_sf_bep.bb
/global/scratch/users/adamwise/compiling/WRFv4.4-DRM_real_GAD_slices_CPM/tools/standard.exe module_sf_bep.bb | /lib/cpp -P -nostdinc -traditional-cpp -DUSE_NETCDF4_FEATURES -DWRFIO_NCD_LARGE_FILE_SUPPORT > module_sf_bep.f90
rm -f module_sf_bep.G module_sf_bep.bb
time mpif90 -f90=ifort -o module_sf_bep.o -c -O3 -ip -fp-model precise -w -ftz -align all -fno-alias -FR -convert big_endian    -I../dyn_em  -I/global/scratch/users/adamwise/compiling/WRFv4.4-DRM_real_GAD_slices_CPM/external/esmf_time_f90  -I/global/scratch/users/adamwise/compiling/WRFv4.4-DRM_real_GAD_slices_CPM/main -I/global/scratch/users/adamwise/compiling/WRFv4.4-DRM_real_GAD_slices_CPM/external/io_netcdf -I/global/scratch/users/adamwise/compiling/WRFv4.4-DRM_real_GAD_slices_CPM/external/io_int -I/global/scratch/users/adamwise/compiling/WRFv4.4-DRM_real_GAD_slices_CPM/frame -I/global/scratch/users/adamwise/compiling/WRFv4.4-DRM_real_GAD_slices_CPM/share -I/global/scratch/users/adamwise/compiling/WRFv4.4-DRM_real_GAD_slices_CPM/phys -I/global/scratch/users/adamwise/compiling/WRFv4.4-DRM_real_GAD_slices_CPM/wrftladj -I/global/scratch/users/adamwise/compiling/WRFv4.4-DRM_real_GAD_slices_CPM/chem -I/global/scratch/users/adamwise/compiling/WRFv4.4-DRM_real_GAD_slices_CPM/inc -I/global/software/sl-7.x86_64/modules/intel/2016.4.072/netcdf/4.4.1.1-intel-s/include  -real-size `expr 8 \* 4` -i4  module_sf_bep.f90

real	0m8.395s
user	0m7.831s
sys	0m0.335s
rm -f module_sf_bep_bem.o
sed -e "s/^\!.*'.*//" -e "s/^ *\!.*'.*//" module_sf_bep_bem.F > module_sf_bep_bem.G
/lib/cpp -P -nostdinc -I/global/scratch/users/adamwise/compiling/WRFv4.4-DRM_real_GAD_slices_CPM/inc -DEM_CORE=1 -DNMM_CORE=0 -DNMM_MAX_DIM=2600 -DDA_CORE=0 -DWRFPLUS=0 -DIWORDSIZE=4 -DDWORDSIZE=8 -DRWORDSIZE=4 -DLWORDSIZE=4 -DNONSTANDARD_SYSTEM_FUNC  -DWRF_USE_CLM -DUSE_NETCDF4_FEATURES -DWRFIO_NCD_LARGE_FILE_SUPPORT  -DDM_PARALLEL -DNETCDF -DLANDREAD_STUB=1 -DUSE_ALLOCATABLES -Dwrfmodel -DGRIB1 -DINTIO -DKEEP_INT_AROUND -DLIMIT_ARGS -DBUILD_RRTMG_FAST=0 -DBUILD_RRTMK=0 -DBUILD_SBM_FAST=1 -DSHOW_ALL_VARS_USED=0 -DCONFIG_BUF_LEN=65536 -DMAX_DOMAINS_F=21 -DMAX_HISTORY=25 -DNMM_NEST=0  -I. -traditional-cpp -DUSE_NETCDF4_FEATURES -DWRFIO_NCD_LARGE_FILE_SUPPORT   module_sf_bep_bem.G  > module_sf_bep_bem.bb
/global/scratch/users/adamwise/compiling/WRFv4.4-DRM_real_GAD_slices_CPM/tools/standard.exe module_sf_bep_bem.bb | /lib/cpp -P -nostdinc -traditional-cpp -DUSE_NETCDF4_FEATURES -DWRFIO_NCD_LARGE_FILE_SUPPORT > module_sf_bep_bem.f90
rm -f module_sf_bep_bem.G module_sf_bep_bem.bb
time mpif90 -f90=ifort -o module_sf_bep_bem.o -c -O3 -ip -fp-model precise -w -ftz -align all -fno-alias -FR -convert big_endian    -I../dyn_em  -I/global/scratch/users/adamwise/compiling/WRFv4.4-DRM_real_GAD_slices_CPM/external/esmf_time_f90  -I/global/scratch/users/adamwise/compiling/WRFv4.4-DRM_real_GAD_slices_CPM/main -I/global/scratch/users/adamwise/compiling/WRFv4.4-DRM_real_GAD_slices_CPM/external/io_netcdf -I/global/scratch/users/adamwise/compiling/WRFv4.4-DRM_real_GAD_slices_CPM/external/io_int -I/global/scratch/users/adamwise/compiling/WRFv4.4-DRM_real_GAD_slices_CPM/frame -I/global/scratch/users/adamwise/compiling/WRFv4.4-DRM_real_GAD_slices_CPM/share -I/global/scratch/users/adamwise/compiling/WRFv4.4-DRM_real_GAD_slices_CPM/phys -I/global/scratch/users/adamwise/compiling/WRFv4.4-DRM_real_GAD_slices_CPM/wrftladj -I/global/scratch/users/adamwise/compiling/WRFv4.4-DRM_real_GAD_slices_CPM/chem -I/global/scratch/users/adamwise/compiling/WRFv4.4-DRM_real_GAD_slices_CPM/inc -I/global/software/sl-7.x86_64/modules/intel/2016.4.072/netcdf/4.4.1.1-intel-s/include  -real-size `expr 8 \* 4` -i4  module_sf_bep_bem.f90

real	0m8.399s
user	0m7.853s
sys	0m0.307s
rm -f module_sf_clm.o
sed -e "s/^\!.*'.*//" -e "s/^ *\!.*'.*//" module_sf_clm.F > module_sf_clm.G
/lib/cpp -P -nostdinc -I/global/scratch/users/adamwise/compiling/WRFv4.4-DRM_real_GAD_slices_CPM/inc -DEM_CORE=1 -DNMM_CORE=0 -DNMM_MAX_DIM=2600 -DDA_CORE=0 -DWRFPLUS=0 -DIWORDSIZE=4 -DDWORDSIZE=8 -DRWORDSIZE=4 -DLWORDSIZE=4 -DNONSTANDARD_SYSTEM_FUNC  -DWRF_USE_CLM -DUSE_NETCDF4_FEATURES -DWRFIO_NCD_LARGE_FILE_SUPPORT  -DDM_PARALLEL -DNETCDF -DLANDREAD_STUB=1 -DUSE_ALLOCATABLES -Dwrfmodel -DGRIB1 -DINTIO -DKEEP_INT_AROUND -DLIMIT_ARGS -DBUILD_RRTMG_FAST=0 -DBUILD_RRTMK=0 -DBUILD_SBM_FAST=1 -DSHOW_ALL_VARS_USED=0 -DCONFIG_BUF_LEN=65536 -DMAX_DOMAINS_F=21 -DMAX_HISTORY=25 -DNMM_NEST=0  -I. -traditional-cpp -DUSE_NETCDF4_FEATURES -DWRFIO_NCD_LARGE_FILE_SUPPORT   module_sf_clm.G  > module_sf_clm.bb
/global/scratch/users/adamwise/compiling/WRFv4.4-DRM_real_GAD_slices_CPM/tools/standard.exe module_sf_clm.bb | /lib/cpp -P -nostdinc -traditional-cpp -DUSE_NETCDF4_FEATURES -DWRFIO_NCD_LARGE_FILE_SUPPORT > module_sf_clm.f90
rm -f module_sf_clm.G module_sf_clm.bb
time mpif90 -f90=ifort -o module_sf_clm.o -c -O3 -ip -fp-model precise -w -ftz -align all -fno-alias -FR -convert big_endian    -I../dyn_em  -I/global/scratch/users/adamwise/compiling/WRFv4.4-DRM_real_GAD_slices_CPM/external/esmf_time_f90  -I/global/scratch/users/adamwise/compiling/WRFv4.4-DRM_real_GAD_slices_CPM/main -I/global/scratch/users/adamwise/compiling/WRFv4.4-DRM_real_GAD_slices_CPM/external/io_netcdf -I/global/scratch/users/adamwise/compiling/WRFv4.4-DRM_real_GAD_slices_CPM/external/io_int -I/global/scratch/users/adamwise/compiling/WRFv4.4-DRM_real_GAD_slices_CPM/frame -I/global/scratch/users/adamwise/compiling/WRFv4.4-DRM_real_GAD_slices_CPM/share -I/global/scratch/users/adamwise/compiling/WRFv4.4-DRM_real_GAD_slices_CPM/phys -I/global/scratch/users/adamwise/compiling/WRFv4.4-DRM_real_GAD_slices_CPM/wrftladj -I/global/scratch/users/adamwise/compiling/WRFv4.4-DRM_real_GAD_slices_CPM/chem -I/global/scratch/users/adamwise/compiling/WRFv4.4-DRM_real_GAD_slices_CPM/inc -I/global/software/sl-7.x86_64/modules/intel/2016.4.072/netcdf/4.4.1.1-intel-s/include  -real-size `expr 8 \* 4` -i4  module_sf_clm.f90

real	1m8.563s
user	1m7.573s
sys	0m0.580s
rm -f module_sf_noah_seaice_drv.o
sed -e "s/^\!.*'.*//" -e "s/^ *\!.*'.*//" module_sf_noah_seaice_drv.F > module_sf_noah_seaice_drv.G
/lib/cpp -P -nostdinc -I/global/scratch/users/adamwise/compiling/WRFv4.4-DRM_real_GAD_slices_CPM/inc -DEM_CORE=1 -DNMM_CORE=0 -DNMM_MAX_DIM=2600 -DDA_CORE=0 -DWRFPLUS=0 -DIWORDSIZE=4 -DDWORDSIZE=8 -DRWORDSIZE=4 -DLWORDSIZE=4 -DNONSTANDARD_SYSTEM_FUNC  -DWRF_USE_CLM -DUSE_NETCDF4_FEATURES -DWRFIO_NCD_LARGE_FILE_SUPPORT  -DDM_PARALLEL -DNETCDF -DLANDREAD_STUB=1 -DUSE_ALLOCATABLES -Dwrfmodel -DGRIB1 -DINTIO -DKEEP_INT_AROUND -DLIMIT_ARGS -DBUILD_RRTMG_FAST=0 -DBUILD_RRTMK=0 -DBUILD_SBM_FAST=1 -DSHOW_ALL_VARS_USED=0 -DCONFIG_BUF_LEN=65536 -DMAX_DOMAINS_F=21 -DMAX_HISTORY=25 -DNMM_NEST=0  -I. -traditional-cpp -DUSE_NETCDF4_FEATURES -DWRFIO_NCD_LARGE_FILE_SUPPORT   module_sf_noah_seaice_drv.G  > module_sf_noah_seaice_drv.bb
/global/scratch/users/adamwise/compiling/WRFv4.4-DRM_real_GAD_slices_CPM/tools/standard.exe module_sf_noah_seaice_drv.bb | /lib/cpp -P -nostdinc -traditional-cpp -DUSE_NETCDF4_FEATURES -DWRFIO_NCD_LARGE_FILE_SUPPORT > module_sf_noah_seaice_drv.f90
rm -f module_sf_noah_seaice_drv.G module_sf_noah_seaice_drv.bb
time mpif90 -f90=ifort -o module_sf_noah_seaice_drv.o -c -O3 -ip -fp-model precise -w -ftz -align all -fno-alias -FR -convert big_endian    -I../dyn_em  -I/global/scratch/users/adamwise/compiling/WRFv4.4-DRM_real_GAD_slices_CPM/external/esmf_time_f90  -I/global/scratch/users/adamwise/compiling/WRFv4.4-DRM_real_GAD_slices_CPM/main -I/global/scratch/users/adamwise/compiling/WRFv4.4-DRM_real_GAD_slices_CPM/external/io_netcdf -I/global/scratch/users/adamwise/compiling/WRFv4.4-DRM_real_GAD_slices_CPM/external/io_int -I/global/scratch/users/adamwise/compiling/WRFv4.4-DRM_real_GAD_slices_CPM/frame -I/global/scratch/users/adamwise/compiling/WRFv4.4-DRM_real_GAD_slices_CPM/share -I/global/scratch/users/adamwise/compiling/WRFv4.4-DRM_real_GAD_slices_CPM/phys -I/global/scratch/users/adamwise/compiling/WRFv4.4-DRM_real_GAD_slices_CPM/wrftladj -I/global/scratch/users/adamwise/compiling/WRFv4.4-DRM_real_GAD_slices_CPM/chem -I/global/scratch/users/adamwise/compiling/WRFv4.4-DRM_real_GAD_slices_CPM/inc -I/global/software/sl-7.x86_64/modules/intel/2016.4.072/netcdf/4.4.1.1-intel-s/include  -real-size `expr 8 \* 4` -i4  module_sf_noah_seaice_drv.f90

real	0m0.683s
user	0m0.224s
sys	0m0.129s
rm -f module_sf_noahmp_groundwater.o
sed -e "s/^\!.*'.*//" -e "s/^ *\!.*'.*//" module_sf_noahmp_groundwater.F > module_sf_noahmp_groundwater.G
/lib/cpp -P -nostdinc -I/global/scratch/users/adamwise/compiling/WRFv4.4-DRM_real_GAD_slices_CPM/inc -DEM_CORE=1 -DNMM_CORE=0 -DNMM_MAX_DIM=2600 -DDA_CORE=0 -DWRFPLUS=0 -DIWORDSIZE=4 -DDWORDSIZE=8 -DRWORDSIZE=4 -DLWORDSIZE=4 -DNONSTANDARD_SYSTEM_FUNC  -DWRF_USE_CLM -DUSE_NETCDF4_FEATURES -DWRFIO_NCD_LARGE_FILE_SUPPORT  -DDM_PARALLEL -DNETCDF -DLANDREAD_STUB=1 -DUSE_ALLOCATABLES -Dwrfmodel -DGRIB1 -DINTIO -DKEEP_INT_AROUND -DLIMIT_ARGS -DBUILD_RRTMG_FAST=0 -DBUILD_RRTMK=0 -DBUILD_SBM_FAST=1 -DSHOW_ALL_VARS_USED=0 -DCONFIG_BUF_LEN=65536 -DMAX_DOMAINS_F=21 -DMAX_HISTORY=25 -DNMM_NEST=0  -I. -traditional-cpp -DUSE_NETCDF4_FEATURES -DWRFIO_NCD_LARGE_FILE_SUPPORT   module_sf_noahmp_groundwater.G  > module_sf_noahmp_groundwater.bb
/global/scratch/users/adamwise/compiling/WRFv4.4-DRM_real_GAD_slices_CPM/tools/standard.exe module_sf_noahmp_groundwater.bb | /lib/cpp -P -nostdinc -traditional-cpp -DUSE_NETCDF4_FEATURES -DWRFIO_NCD_LARGE_FILE_SUPPORT > module_sf_noahmp_groundwater.f90
rm -f module_sf_noahmp_groundwater.G module_sf_noahmp_groundwater.bb
time mpif90 -f90=ifort -o module_sf_noahmp_groundwater.o -c -O3 -ip -fp-model precise -w -ftz -align all -fno-alias -FR -convert big_endian    -I../dyn_em  -I/global/scratch/users/adamwise/compiling/WRFv4.4-DRM_real_GAD_slices_CPM/external/esmf_time_f90  -I/global/scratch/users/adamwise/compiling/WRFv4.4-DRM_real_GAD_slices_CPM/main -I/global/scratch/users/adamwise/compiling/WRFv4.4-DRM_real_GAD_slices_CPM/external/io_netcdf -I/global/scratch/users/adamwise/compiling/WRFv4.4-DRM_real_GAD_slices_CPM/external/io_int -I/global/scratch/users/adamwise/compiling/WRFv4.4-DRM_real_GAD_slices_CPM/frame -I/global/scratch/users/adamwise/compiling/WRFv4.4-DRM_real_GAD_slices_CPM/share -I/global/scratch/users/adamwise/compiling/WRFv4.4-DRM_real_GAD_slices_CPM/phys -I/global/scratch/users/adamwise/compiling/WRFv4.4-DRM_real_GAD_slices_CPM/wrftladj -I/global/scratch/users/adamwise/compiling/WRFv4.4-DRM_real_GAD_slices_CPM/chem -I/global/scratch/users/adamwise/compiling/WRFv4.4-DRM_real_GAD_slices_CPM/inc -I/global/software/sl-7.x86_64/modules/intel/2016.4.072/netcdf/4.4.1.1-intel-s/include  -real-size `expr 8 \* 4` -i4  module_sf_noahmp_groundwater.f90

real	0m1.021s
user	0m0.692s
sys	0m0.119s
rm -f module_sf_pxlsm.o
sed -e "s/^\!.*'.*//" -e "s/^ *\!.*'.*//" module_sf_pxlsm.F > module_sf_pxlsm.G
/lib/cpp -P -nostdinc -I/global/scratch/users/adamwise/compiling/WRFv4.4-DRM_real_GAD_slices_CPM/inc -DEM_CORE=1 -DNMM_CORE=0 -DNMM_MAX_DIM=2600 -DDA_CORE=0 -DWRFPLUS=0 -DIWORDSIZE=4 -DDWORDSIZE=8 -DRWORDSIZE=4 -DLWORDSIZE=4 -DNONSTANDARD_SYSTEM_FUNC  -DWRF_USE_CLM -DUSE_NETCDF4_FEATURES -DWRFIO_NCD_LARGE_FILE_SUPPORT  -DDM_PARALLEL -DNETCDF -DLANDREAD_STUB=1 -DUSE_ALLOCATABLES -Dwrfmodel -DGRIB1 -DINTIO -DKEEP_INT_AROUND -DLIMIT_ARGS -DBUILD_RRTMG_FAST=0 -DBUILD_RRTMK=0 -DBUILD_SBM_FAST=1 -DSHOW_ALL_VARS_USED=0 -DCONFIG_BUF_LEN=65536 -DMAX_DOMAINS_F=21 -DMAX_HISTORY=25 -DNMM_NEST=0  -I. -traditional-cpp -DUSE_NETCDF4_FEATURES -DWRFIO_NCD_LARGE_FILE_SUPPORT   module_sf_pxlsm.G  > module_sf_pxlsm.bb
/global/scratch/users/adamwise/compiling/WRFv4.4-DRM_real_GAD_slices_CPM/tools/standard.exe module_sf_pxlsm.bb | /lib/cpp -P -nostdinc -traditional-cpp -DUSE_NETCDF4_FEATURES -DWRFIO_NCD_LARGE_FILE_SUPPORT > module_sf_pxlsm.f90
rm -f module_sf_pxlsm.G module_sf_pxlsm.bb
time mpif90 -f90=ifort -o module_sf_pxlsm.o -c -O3 -ip -fp-model precise -w -ftz -align all -fno-alias -FR -convert big_endian    -I../dyn_em  -I/global/scratch/users/adamwise/compiling/WRFv4.4-DRM_real_GAD_slices_CPM/external/esmf_time_f90  -I/global/scratch/users/adamwise/compiling/WRFv4.4-DRM_real_GAD_slices_CPM/main -I/global/scratch/users/adamwise/compiling/WRFv4.4-DRM_real_GAD_slices_CPM/external/io_netcdf -I/global/scratch/users/adamwise/compiling/WRFv4.4-DRM_real_GAD_slices_CPM/external/io_int -I/global/scratch/users/adamwise/compiling/WRFv4.4-DRM_real_GAD_slices_CPM/frame -I/global/scratch/users/adamwise/compiling/WRFv4.4-DRM_real_GAD_slices_CPM/share -I/global/scratch/users/adamwise/compiling/WRFv4.4-DRM_real_GAD_slices_CPM/phys -I/global/scratch/users/adamwise/compiling/WRFv4.4-DRM_real_GAD_slices_CPM/wrftladj -I/global/scratch/users/adamwise/compiling/WRFv4.4-DRM_real_GAD_slices_CPM/chem -I/global/scratch/users/adamwise/compiling/WRFv4.4-DRM_real_GAD_slices_CPM/inc -I/global/software/sl-7.x86_64/modules/intel/2016.4.072/netcdf/4.4.1.1-intel-s/include  -real-size `expr 8 \* 4` -i4  module_sf_pxlsm.f90

real	0m1.540s
user	0m1.200s
sys	0m0.115s
rm -f module_sf_ocean_driver.o
sed -e "s/^\!.*'.*//" -e "s/^ *\!.*'.*//" module_sf_ocean_driver.F > module_sf_ocean_driver.G
/lib/cpp -P -nostdinc -I/global/scratch/users/adamwise/compiling/WRFv4.4-DRM_real_GAD_slices_CPM/inc -DEM_CORE=1 -DNMM_CORE=0 -DNMM_MAX_DIM=2600 -DDA_CORE=0 -DWRFPLUS=0 -DIWORDSIZE=4 -DDWORDSIZE=8 -DRWORDSIZE=4 -DLWORDSIZE=4 -DNONSTANDARD_SYSTEM_FUNC  -DWRF_USE_CLM -DUSE_NETCDF4_FEATURES -DWRFIO_NCD_LARGE_FILE_SUPPORT  -DDM_PARALLEL -DNETCDF -DLANDREAD_STUB=1 -DUSE_ALLOCATABLES -Dwrfmodel -DGRIB1 -DINTIO -DKEEP_INT_AROUND -DLIMIT_ARGS -DBUILD_RRTMG_FAST=0 -DBUILD_RRTMK=0 -DBUILD_SBM_FAST=1 -DSHOW_ALL_VARS_USED=0 -DCONFIG_BUF_LEN=65536 -DMAX_DOMAINS_F=21 -DMAX_HISTORY=25 -DNMM_NEST=0  -I. -traditional-cpp -DUSE_NETCDF4_FEATURES -DWRFIO_NCD_LARGE_FILE_SUPPORT   module_sf_ocean_driver.G  > module_sf_ocean_driver.bb
/global/scratch/users/adamwise/compiling/WRFv4.4-DRM_real_GAD_slices_CPM/tools/standard.exe module_sf_ocean_driver.bb | /lib/cpp -P -nostdinc -traditional-cpp -DUSE_NETCDF4_FEATURES -DWRFIO_NCD_LARGE_FILE_SUPPORT > module_sf_ocean_driver.f90
rm -f module_sf_ocean_driver.G module_sf_ocean_driver.bb
time mpif90 -f90=ifort -o module_sf_ocean_driver.o -c -O3 -ip -fp-model precise -w -ftz -align all -fno-alias -FR -convert big_endian    -I../dyn_em  -I/global/scratch/users/adamwise/compiling/WRFv4.4-DRM_real_GAD_slices_CPM/external/esmf_time_f90  -I/global/scratch/users/adamwise/compiling/WRFv4.4-DRM_real_GAD_slices_CPM/main -I/global/scratch/users/adamwise/compiling/WRFv4.4-DRM_real_GAD_slices_CPM/external/io_netcdf -I/global/scratch/users/adamwise/compiling/WRFv4.4-DRM_real_GAD_slices_CPM/external/io_int -I/global/scratch/users/adamwise/compiling/WRFv4.4-DRM_real_GAD_slices_CPM/frame -I/global/scratch/users/adamwise/compiling/WRFv4.4-DRM_real_GAD_slices_CPM/share -I/global/scratch/users/adamwise/compiling/WRFv4.4-DRM_real_GAD_slices_CPM/phys -I/global/scratch/users/adamwise/compiling/WRFv4.4-DRM_real_GAD_slices_CPM/wrftladj -I/global/scratch/users/adamwise/compiling/WRFv4.4-DRM_real_GAD_slices_CPM/chem -I/global/scratch/users/adamwise/compiling/WRFv4.4-DRM_real_GAD_slices_CPM/inc -I/global/software/sl-7.x86_64/modules/intel/2016.4.072/netcdf/4.4.1.1-intel-s/include  -real-size `expr 8 \* 4` -i4  module_sf_ocean_driver.f90

real	0m0.416s
user	0m0.101s
sys	0m0.105s
rm -f module_lightning_driver.o
sed -e "s/^\!.*'.*//" -e "s/^ *\!.*'.*//" module_lightning_driver.F > module_lightning_driver.G
/lib/cpp -P -nostdinc -I/global/scratch/users/adamwise/compiling/WRFv4.4-DRM_real_GAD_slices_CPM/inc -DEM_CORE=1 -DNMM_CORE=0 -DNMM_MAX_DIM=2600 -DDA_CORE=0 -DWRFPLUS=0 -DIWORDSIZE=4 -DDWORDSIZE=8 -DRWORDSIZE=4 -DLWORDSIZE=4 -DNONSTANDARD_SYSTEM_FUNC  -DWRF_USE_CLM -DUSE_NETCDF4_FEATURES -DWRFIO_NCD_LARGE_FILE_SUPPORT  -DDM_PARALLEL -DNETCDF -DLANDREAD_STUB=1 -DUSE_ALLOCATABLES -Dwrfmodel -DGRIB1 -DINTIO -DKEEP_INT_AROUND -DLIMIT_ARGS -DBUILD_RRTMG_FAST=0 -DBUILD_RRTMK=0 -DBUILD_SBM_FAST=1 -DSHOW_ALL_VARS_USED=0 -DCONFIG_BUF_LEN=65536 -DMAX_DOMAINS_F=21 -DMAX_HISTORY=25 -DNMM_NEST=0  -I. -traditional-cpp -DUSE_NETCDF4_FEATURES -DWRFIO_NCD_LARGE_FILE_SUPPORT   module_lightning_driver.G  > module_lightning_driver.bb
/global/scratch/users/adamwise/compiling/WRFv4.4-DRM_real_GAD_slices_CPM/tools/standard.exe module_lightning_driver.bb | /lib/cpp -P -nostdinc -traditional-cpp -DUSE_NETCDF4_FEATURES -DWRFIO_NCD_LARGE_FILE_SUPPORT > module_lightning_driver.f90
rm -f module_lightning_driver.G module_lightning_driver.bb
time mpif90 -f90=ifort -o module_lightning_driver.o -c -O3 -ip -fp-model precise -w -ftz -align all -fno-alias -FR -convert big_endian    -I../dyn_em  -I/global/scratch/users/adamwise/compiling/WRFv4.4-DRM_real_GAD_slices_CPM/external/esmf_time_f90  -I/global/scratch/users/adamwise/compiling/WRFv4.4-DRM_real_GAD_slices_CPM/main -I/global/scratch/users/adamwise/compiling/WRFv4.4-DRM_real_GAD_slices_CPM/external/io_netcdf -I/global/scratch/users/adamwise/compiling/WRFv4.4-DRM_real_GAD_slices_CPM/external/io_int -I/global/scratch/users/adamwise/compiling/WRFv4.4-DRM_real_GAD_slices_CPM/frame -I/global/scratch/users/adamwise/compiling/WRFv4.4-DRM_real_GAD_slices_CPM/share -I/global/scratch/users/adamwise/compiling/WRFv4.4-DRM_real_GAD_slices_CPM/phys -I/global/scratch/users/adamwise/compiling/WRFv4.4-DRM_real_GAD_slices_CPM/wrftladj -I/global/scratch/users/adamwise/compiling/WRFv4.4-DRM_real_GAD_slices_CPM/chem -I/global/scratch/users/adamwise/compiling/WRFv4.4-DRM_real_GAD_slices_CPM/inc -I/global/software/sl-7.x86_64/modules/intel/2016.4.072/netcdf/4.4.1.1-intel-s/include  -real-size `expr 8 \* 4` -i4  module_lightning_driver.f90

real	0m0.675s
user	0m0.303s
sys	0m0.138s
rm -f module_diag_trad_fields.o
sed -e "s/^\!.*'.*//" -e "s/^ *\!.*'.*//" module_diag_trad_fields.F > module_diag_trad_fields.G
/lib/cpp -P -nostdinc -I/global/scratch/users/adamwise/compiling/WRFv4.4-DRM_real_GAD_slices_CPM/inc -DEM_CORE=1 -DNMM_CORE=0 -DNMM_MAX_DIM=2600 -DDA_CORE=0 -DWRFPLUS=0 -DIWORDSIZE=4 -DDWORDSIZE=8 -DRWORDSIZE=4 -DLWORDSIZE=4 -DNONSTANDARD_SYSTEM_FUNC  -DWRF_USE_CLM -DUSE_NETCDF4_FEATURES -DWRFIO_NCD_LARGE_FILE_SUPPORT  -DDM_PARALLEL -DNETCDF -DLANDREAD_STUB=1 -DUSE_ALLOCATABLES -Dwrfmodel -DGRIB1 -DINTIO -DKEEP_INT_AROUND -DLIMIT_ARGS -DBUILD_RRTMG_FAST=0 -DBUILD_RRTMK=0 -DBUILD_SBM_FAST=1 -DSHOW_ALL_VARS_USED=0 -DCONFIG_BUF_LEN=65536 -DMAX_DOMAINS_F=21 -DMAX_HISTORY=25 -DNMM_NEST=0  -I. -traditional-cpp -DUSE_NETCDF4_FEATURES -DWRFIO_NCD_LARGE_FILE_SUPPORT   module_diag_trad_fields.G  > module_diag_trad_fields.bb
/global/scratch/users/adamwise/compiling/WRFv4.4-DRM_real_GAD_slices_CPM/tools/standard.exe module_diag_trad_fields.bb | /lib/cpp -P -nostdinc -traditional-cpp -DUSE_NETCDF4_FEATURES -DWRFIO_NCD_LARGE_FILE_SUPPORT > module_diag_trad_fields.f90
rm -f module_diag_trad_fields.G module_diag_trad_fields.bb
time mpif90 -f90=ifort -o module_diag_trad_fields.o -c -O3 -ip -fp-model precise -w -ftz -align all -fno-alias -FR -convert big_endian    -I../dyn_em  -I/global/scratch/users/adamwise/compiling/WRFv4.4-DRM_real_GAD_slices_CPM/external/esmf_time_f90  -I/global/scratch/users/adamwise/compiling/WRFv4.4-DRM_real_GAD_slices_CPM/main -I/global/scratch/users/adamwise/compiling/WRFv4.4-DRM_real_GAD_slices_CPM/external/io_netcdf -I/global/scratch/users/adamwise/compiling/WRFv4.4-DRM_real_GAD_slices_CPM/external/io_int -I/global/scratch/users/adamwise/compiling/WRFv4.4-DRM_real_GAD_slices_CPM/frame -I/global/scratch/users/adamwise/compiling/WRFv4.4-DRM_real_GAD_slices_CPM/share -I/global/scratch/users/adamwise/compiling/WRFv4.4-DRM_real_GAD_slices_CPM/phys -I/global/scratch/users/adamwise/compiling/WRFv4.4-DRM_real_GAD_slices_CPM/wrftladj -I/global/scratch/users/adamwise/compiling/WRFv4.4-DRM_real_GAD_slices_CPM/chem -I/global/scratch/users/adamwise/compiling/WRFv4.4-DRM_real_GAD_slices_CPM/inc -I/global/software/sl-7.x86_64/modules/intel/2016.4.072/netcdf/4.4.1.1-intel-s/include  -real-size `expr 8 \* 4` -i4  module_diag_trad_fields.f90

real	0m0.550s
user	0m0.225s
sys	0m0.114s
rm -f module_diag_rasm.o
sed -e "s/^\!.*'.*//" -e "s/^ *\!.*'.*//" module_diag_rasm.F > module_diag_rasm.G
/lib/cpp -P -nostdinc -I/global/scratch/users/adamwise/compiling/WRFv4.4-DRM_real_GAD_slices_CPM/inc -DEM_CORE=1 -DNMM_CORE=0 -DNMM_MAX_DIM=2600 -DDA_CORE=0 -DWRFPLUS=0 -DIWORDSIZE=4 -DDWORDSIZE=8 -DRWORDSIZE=4 -DLWORDSIZE=4 -DNONSTANDARD_SYSTEM_FUNC  -DWRF_USE_CLM -DUSE_NETCDF4_FEATURES -DWRFIO_NCD_LARGE_FILE_SUPPORT  -DDM_PARALLEL -DNETCDF -DLANDREAD_STUB=1 -DUSE_ALLOCATABLES -Dwrfmodel -DGRIB1 -DINTIO -DKEEP_INT_AROUND -DLIMIT_ARGS -DBUILD_RRTMG_FAST=0 -DBUILD_RRTMK=0 -DBUILD_SBM_FAST=1 -DSHOW_ALL_VARS_USED=0 -DCONFIG_BUF_LEN=65536 -DMAX_DOMAINS_F=21 -DMAX_HISTORY=25 -DNMM_NEST=0  -I. -traditional-cpp -DUSE_NETCDF4_FEATURES -DWRFIO_NCD_LARGE_FILE_SUPPORT   module_diag_rasm.G  > module_diag_rasm.bb
/global/scratch/users/adamwise/compiling/WRFv4.4-DRM_real_GAD_slices_CPM/tools/standard.exe module_diag_rasm.bb | /lib/cpp -P -nostdinc -traditional-cpp -DUSE_NETCDF4_FEATURES -DWRFIO_NCD_LARGE_FILE_SUPPORT > module_diag_rasm.f90
rm -f module_diag_rasm.G module_diag_rasm.bb
time mpif90 -f90=ifort -o module_diag_rasm.o -c -O3 -ip -fp-model precise -w -ftz -align all -fno-alias -FR -convert big_endian    -I../dyn_em  -I/global/scratch/users/adamwise/compiling/WRFv4.4-DRM_real_GAD_slices_CPM/external/esmf_time_f90  -I/global/scratch/users/adamwise/compiling/WRFv4.4-DRM_real_GAD_slices_CPM/main -I/global/scratch/users/adamwise/compiling/WRFv4.4-DRM_real_GAD_slices_CPM/external/io_netcdf -I/global/scratch/users/adamwise/compiling/WRFv4.4-DRM_real_GAD_slices_CPM/external/io_int -I/global/scratch/users/adamwise/compiling/WRFv4.4-DRM_real_GAD_slices_CPM/frame -I/global/scratch/users/adamwise/compiling/WRFv4.4-DRM_real_GAD_slices_CPM/share -I/global/scratch/users/adamwise/compiling/WRFv4.4-DRM_real_GAD_slices_CPM/phys -I/global/scratch/users/adamwise/compiling/WRFv4.4-DRM_real_GAD_slices_CPM/wrftladj -I/global/scratch/users/adamwise/compiling/WRFv4.4-DRM_real_GAD_slices_CPM/chem -I/global/scratch/users/adamwise/compiling/WRFv4.4-DRM_real_GAD_slices_CPM/inc -I/global/software/sl-7.x86_64/modules/intel/2016.4.072/netcdf/4.4.1.1-intel-s/include  -real-size `expr 8 \* 4` -i4  module_diag_rasm.f90

real	0m4.456s
user	0m3.917s
sys	0m0.236s
rm -f module_gen_act_disk.o
sed -e "s/^\!.*'.*//" -e "s/^ *\!.*'.*//" module_gen_act_disk.F > module_gen_act_disk.G
/lib/cpp -P -nostdinc -I/global/scratch/users/adamwise/compiling/WRFv4.4-DRM_real_GAD_slices_CPM/inc -DEM_CORE=1 -DNMM_CORE=0 -DNMM_MAX_DIM=2600 -DDA_CORE=0 -DWRFPLUS=0 -DIWORDSIZE=4 -DDWORDSIZE=8 -DRWORDSIZE=4 -DLWORDSIZE=4 -DNONSTANDARD_SYSTEM_FUNC  -DWRF_USE_CLM -DUSE_NETCDF4_FEATURES -DWRFIO_NCD_LARGE_FILE_SUPPORT  -DDM_PARALLEL -DNETCDF -DLANDREAD_STUB=1 -DUSE_ALLOCATABLES -Dwrfmodel -DGRIB1 -DINTIO -DKEEP_INT_AROUND -DLIMIT_ARGS -DBUILD_RRTMG_FAST=0 -DBUILD_RRTMK=0 -DBUILD_SBM_FAST=1 -DSHOW_ALL_VARS_USED=0 -DCONFIG_BUF_LEN=65536 -DMAX_DOMAINS_F=21 -DMAX_HISTORY=25 -DNMM_NEST=0  -I. -traditional-cpp -DUSE_NETCDF4_FEATURES -DWRFIO_NCD_LARGE_FILE_SUPPORT   module_gen_act_disk.G  > module_gen_act_disk.bb
/global/scratch/users/adamwise/compiling/WRFv4.4-DRM_real_GAD_slices_CPM/tools/standard.exe module_gen_act_disk.bb | /lib/cpp -P -nostdinc -traditional-cpp -DUSE_NETCDF4_FEATURES -DWRFIO_NCD_LARGE_FILE_SUPPORT > module_gen_act_disk.f90
rm -f module_gen_act_disk.G module_gen_act_disk.bb
time mpif90 -f90=ifort -o module_gen_act_disk.o -c -O3 -ip -fp-model precise -w -ftz -align all -fno-alias -FR -convert big_endian    -I../dyn_em  -I/global/scratch/users/adamwise/compiling/WRFv4.4-DRM_real_GAD_slices_CPM/external/esmf_time_f90  -I/global/scratch/users/adamwise/compiling/WRFv4.4-DRM_real_GAD_slices_CPM/main -I/global/scratch/users/adamwise/compiling/WRFv4.4-DRM_real_GAD_slices_CPM/external/io_netcdf -I/global/scratch/users/adamwise/compiling/WRFv4.4-DRM_real_GAD_slices_CPM/external/io_int -I/global/scratch/users/adamwise/compiling/WRFv4.4-DRM_real_GAD_slices_CPM/frame -I/global/scratch/users/adamwise/compiling/WRFv4.4-DRM_real_GAD_slices_CPM/share -I/global/scratch/users/adamwise/compiling/WRFv4.4-DRM_real_GAD_slices_CPM/phys -I/global/scratch/users/adamwise/compiling/WRFv4.4-DRM_real_GAD_slices_CPM/wrftladj -I/global/scratch/users/adamwise/compiling/WRFv4.4-DRM_real_GAD_slices_CPM/chem -I/global/scratch/users/adamwise/compiling/WRFv4.4-DRM_real_GAD_slices_CPM/inc -I/global/software/sl-7.x86_64/modules/intel/2016.4.072/netcdf/4.4.1.1-intel-s/include  -real-size `expr 8 \* 4` -i4  module_gen_act_disk.f90

real	0m5.779s
user	0m3.241s
sys	0m0.447s
rm -f module_fr_fire_phys.o
sed -e "s/^\!.*'.*//" -e "s/^ *\!.*'.*//" module_fr_fire_phys.F > module_fr_fire_phys.G
/lib/cpp -P -nostdinc -I/global/scratch/users/adamwise/compiling/WRFv4.4-DRM_real_GAD_slices_CPM/inc -DEM_CORE=1 -DNMM_CORE=0 -DNMM_MAX_DIM=2600 -DDA_CORE=0 -DWRFPLUS=0 -DIWORDSIZE=4 -DDWORDSIZE=8 -DRWORDSIZE=4 -DLWORDSIZE=4 -DNONSTANDARD_SYSTEM_FUNC  -DWRF_USE_CLM -DUSE_NETCDF4_FEATURES -DWRFIO_NCD_LARGE_FILE_SUPPORT  -DDM_PARALLEL -DNETCDF -DLANDREAD_STUB=1 -DUSE_ALLOCATABLES -Dwrfmodel -DGRIB1 -DINTIO -DKEEP_INT_AROUND -DLIMIT_ARGS -DBUILD_RRTMG_FAST=0 -DBUILD_RRTMK=0 -DBUILD_SBM_FAST=1 -DSHOW_ALL_VARS_USED=0 -DCONFIG_BUF_LEN=65536 -DMAX_DOMAINS_F=21 -DMAX_HISTORY=25 -DNMM_NEST=0  -I. -traditional-cpp -DUSE_NETCDF4_FEATURES -DWRFIO_NCD_LARGE_FILE_SUPPORT   module_fr_fire_phys.G  > module_fr_fire_phys.bb
/global/scratch/users/adamwise/compiling/WRFv4.4-DRM_real_GAD_slices_CPM/tools/standard.exe module_fr_fire_phys.bb | /lib/cpp -P -nostdinc -traditional-cpp -DUSE_NETCDF4_FEATURES -DWRFIO_NCD_LARGE_FILE_SUPPORT > module_fr_fire_phys.f90
rm -f module_fr_fire_phys.G module_fr_fire_phys.bb
time mpif90 -f90=ifort -o module_fr_fire_phys.o -c -O3 -ip -fp-model precise -w -ftz -align all -fno-alias -FR -convert big_endian    -I../dyn_em  -I/global/scratch/users/adamwise/compiling/WRFv4.4-DRM_real_GAD_slices_CPM/external/esmf_time_f90  -I/global/scratch/users/adamwise/compiling/WRFv4.4-DRM_real_GAD_slices_CPM/main -I/global/scratch/users/adamwise/compiling/WRFv4.4-DRM_real_GAD_slices_CPM/external/io_netcdf -I/global/scratch/users/adamwise/compiling/WRFv4.4-DRM_real_GAD_slices_CPM/external/io_int -I/global/scratch/users/adamwise/compiling/WRFv4.4-DRM_real_GAD_slices_CPM/frame -I/global/scratch/users/adamwise/compiling/WRFv4.4-DRM_real_GAD_slices_CPM/share -I/global/scratch/users/adamwise/compiling/WRFv4.4-DRM_real_GAD_slices_CPM/phys -I/global/scratch/users/adamwise/compiling/WRFv4.4-DRM_real_GAD_slices_CPM/wrftladj -I/global/scratch/users/adamwise/compiling/WRFv4.4-DRM_real_GAD_slices_CPM/chem -I/global/scratch/users/adamwise/compiling/WRFv4.4-DRM_real_GAD_slices_CPM/inc -I/global/software/sl-7.x86_64/modules/intel/2016.4.072/netcdf/4.4.1.1-intel-s/include  -real-size `expr 8 \* 4` -i4  module_fr_fire_phys.f90

real	0m2.059s
user	0m1.689s
sys	0m0.149s
rm -f module_fr_fire_atm.o
sed -e "s/^\!.*'.*//" -e "s/^ *\!.*'.*//" module_fr_fire_atm.F > module_fr_fire_atm.G
/lib/cpp -P -nostdinc -I/global/scratch/users/adamwise/compiling/WRFv4.4-DRM_real_GAD_slices_CPM/inc -DEM_CORE=1 -DNMM_CORE=0 -DNMM_MAX_DIM=2600 -DDA_CORE=0 -DWRFPLUS=0 -DIWORDSIZE=4 -DDWORDSIZE=8 -DRWORDSIZE=4 -DLWORDSIZE=4 -DNONSTANDARD_SYSTEM_FUNC  -DWRF_USE_CLM -DUSE_NETCDF4_FEATURES -DWRFIO_NCD_LARGE_FILE_SUPPORT  -DDM_PARALLEL -DNETCDF -DLANDREAD_STUB=1 -DUSE_ALLOCATABLES -Dwrfmodel -DGRIB1 -DINTIO -DKEEP_INT_AROUND -DLIMIT_ARGS -DBUILD_RRTMG_FAST=0 -DBUILD_RRTMK=0 -DBUILD_SBM_FAST=1 -DSHOW_ALL_VARS_USED=0 -DCONFIG_BUF_LEN=65536 -DMAX_DOMAINS_F=21 -DMAX_HISTORY=25 -DNMM_NEST=0  -I. -traditional-cpp -DUSE_NETCDF4_FEATURES -DWRFIO_NCD_LARGE_FILE_SUPPORT   module_fr_fire_atm.G  > module_fr_fire_atm.bb
/global/scratch/users/adamwise/compiling/WRFv4.4-DRM_real_GAD_slices_CPM/tools/standard.exe module_fr_fire_atm.bb | /lib/cpp -P -nostdinc -traditional-cpp -DUSE_NETCDF4_FEATURES -DWRFIO_NCD_LARGE_FILE_SUPPORT > module_fr_fire_atm.f90
rm -f module_fr_fire_atm.G module_fr_fire_atm.bb
time mpif90 -f90=ifort -o module_fr_fire_atm.o -c -O3 -ip -fp-model precise -w -ftz -align all -fno-alias -FR -convert big_endian    -I../dyn_em  -I/global/scratch/users/adamwise/compiling/WRFv4.4-DRM_real_GAD_slices_CPM/external/esmf_time_f90  -I/global/scratch/users/adamwise/compiling/WRFv4.4-DRM_real_GAD_slices_CPM/main -I/global/scratch/users/adamwise/compiling/WRFv4.4-DRM_real_GAD_slices_CPM/external/io_netcdf -I/global/scratch/users/adamwise/compiling/WRFv4.4-DRM_real_GAD_slices_CPM/external/io_int -I/global/scratch/users/adamwise/compiling/WRFv4.4-DRM_real_GAD_slices_CPM/frame -I/global/scratch/users/adamwise/compiling/WRFv4.4-DRM_real_GAD_slices_CPM/share -I/global/scratch/users/adamwise/compiling/WRFv4.4-DRM_real_GAD_slices_CPM/phys -I/global/scratch/users/adamwise/compiling/WRFv4.4-DRM_real_GAD_slices_CPM/wrftladj -I/global/scratch/users/adamwise/compiling/WRFv4.4-DRM_real_GAD_slices_CPM/chem -I/global/scratch/users/adamwise/compiling/WRFv4.4-DRM_real_GAD_slices_CPM/inc -I/global/software/sl-7.x86_64/modules/intel/2016.4.072/netcdf/4.4.1.1-intel-s/include  -real-size `expr 8 \* 4` -i4  module_fr_fire_atm.f90

real	0m0.552s
user	0m0.239s
sys	0m0.100s
rm -f module_firebrand_spotting.o
sed -e "s/^\!.*'.*//" -e "s/^ *\!.*'.*//" module_firebrand_spotting.F > module_firebrand_spotting.G
/lib/cpp -P -nostdinc -I/global/scratch/users/adamwise/compiling/WRFv4.4-DRM_real_GAD_slices_CPM/inc -DEM_CORE=1 -DNMM_CORE=0 -DNMM_MAX_DIM=2600 -DDA_CORE=0 -DWRFPLUS=0 -DIWORDSIZE=4 -DDWORDSIZE=8 -DRWORDSIZE=4 -DLWORDSIZE=4 -DNONSTANDARD_SYSTEM_FUNC  -DWRF_USE_CLM -DUSE_NETCDF4_FEATURES -DWRFIO_NCD_LARGE_FILE_SUPPORT  -DDM_PARALLEL -DNETCDF -DLANDREAD_STUB=1 -DUSE_ALLOCATABLES -Dwrfmodel -DGRIB1 -DINTIO -DKEEP_INT_AROUND -DLIMIT_ARGS -DBUILD_RRTMG_FAST=0 -DBUILD_RRTMK=0 -DBUILD_SBM_FAST=1 -DSHOW_ALL_VARS_USED=0 -DCONFIG_BUF_LEN=65536 -DMAX_DOMAINS_F=21 -DMAX_HISTORY=25 -DNMM_NEST=0  -I. -traditional-cpp -DUSE_NETCDF4_FEATURES -DWRFIO_NCD_LARGE_FILE_SUPPORT   module_firebrand_spotting.G  > module_firebrand_spotting.bb
/global/scratch/users/adamwise/compiling/WRFv4.4-DRM_real_GAD_slices_CPM/tools/standard.exe module_firebrand_spotting.bb | /lib/cpp -P -nostdinc -traditional-cpp -DUSE_NETCDF4_FEATURES -DWRFIO_NCD_LARGE_FILE_SUPPORT > module_firebrand_spotting.f90
rm -f module_firebrand_spotting.G module_firebrand_spotting.bb
time mpif90 -f90=ifort -o module_firebrand_spotting.o -c -O3 -ip -fp-model precise -w -ftz -align all -fno-alias -FR -convert big_endian    -I../dyn_em  -I/global/scratch/users/adamwise/compiling/WRFv4.4-DRM_real_GAD_slices_CPM/external/esmf_time_f90  -I/global/scratch/users/adamwise/compiling/WRFv4.4-DRM_real_GAD_slices_CPM/main -I/global/scratch/users/adamwise/compiling/WRFv4.4-DRM_real_GAD_slices_CPM/external/io_netcdf -I/global/scratch/users/adamwise/compiling/WRFv4.4-DRM_real_GAD_slices_CPM/external/io_int -I/global/scratch/users/adamwise/compiling/WRFv4.4-DRM_real_GAD_slices_CPM/frame -I/global/scratch/users/adamwise/compiling/WRFv4.4-DRM_real_GAD_slices_CPM/share -I/global/scratch/users/adamwise/compiling/WRFv4.4-DRM_real_GAD_slices_CPM/phys -I/global/scratch/users/adamwise/compiling/WRFv4.4-DRM_real_GAD_slices_CPM/wrftladj -I/global/scratch/users/adamwise/compiling/WRFv4.4-DRM_real_GAD_slices_CPM/chem -I/global/scratch/users/adamwise/compiling/WRFv4.4-DRM_real_GAD_slices_CPM/inc -I/global/software/sl-7.x86_64/modules/intel/2016.4.072/netcdf/4.4.1.1-intel-s/include  -real-size `expr 8 \* 4` -i4  module_firebrand_spotting.f90

real	0m13.632s
user	0m12.907s
sys	0m0.427s
rm -f module_cam_physconst.o
sed -e "s/^\!.*'.*//" -e "s/^ *\!.*'.*//" module_cam_physconst.F > module_cam_physconst.G
/lib/cpp -P -nostdinc -I/global/scratch/users/adamwise/compiling/WRFv4.4-DRM_real_GAD_slices_CPM/inc -DEM_CORE=1 -DNMM_CORE=0 -DNMM_MAX_DIM=2600 -DDA_CORE=0 -DWRFPLUS=0 -DIWORDSIZE=4 -DDWORDSIZE=8 -DRWORDSIZE=4 -DLWORDSIZE=4 -DNONSTANDARD_SYSTEM_FUNC  -DWRF_USE_CLM -DUSE_NETCDF4_FEATURES -DWRFIO_NCD_LARGE_FILE_SUPPORT  -DDM_PARALLEL -DNETCDF -DLANDREAD_STUB=1 -DUSE_ALLOCATABLES -Dwrfmodel -DGRIB1 -DINTIO -DKEEP_INT_AROUND -DLIMIT_ARGS -DBUILD_RRTMG_FAST=0 -DBUILD_RRTMK=0 -DBUILD_SBM_FAST=1 -DSHOW_ALL_VARS_USED=0 -DCONFIG_BUF_LEN=65536 -DMAX_DOMAINS_F=21 -DMAX_HISTORY=25 -DNMM_NEST=0  -I. -traditional-cpp -DUSE_NETCDF4_FEATURES -DWRFIO_NCD_LARGE_FILE_SUPPORT   module_cam_physconst.G  > module_cam_physconst.bb
/global/scratch/users/adamwise/compiling/WRFv4.4-DRM_real_GAD_slices_CPM/tools/standard.exe module_cam_physconst.bb | /lib/cpp -P -nostdinc -traditional-cpp -DUSE_NETCDF4_FEATURES -DWRFIO_NCD_LARGE_FILE_SUPPORT > module_cam_physconst.f90
rm -f module_cam_physconst.G module_cam_physconst.bb
time mpif90 -f90=ifort -o module_cam_physconst.o -c -O3 -ip -fp-model precise -w -ftz -align all -fno-alias -FR -convert big_endian    -I../dyn_em  -I/global/scratch/users/adamwise/compiling/WRFv4.4-DRM_real_GAD_slices_CPM/external/esmf_time_f90  -I/global/scratch/users/adamwise/compiling/WRFv4.4-DRM_real_GAD_slices_CPM/main -I/global/scratch/users/adamwise/compiling/WRFv4.4-DRM_real_GAD_slices_CPM/external/io_netcdf -I/global/scratch/users/adamwise/compiling/WRFv4.4-DRM_real_GAD_slices_CPM/external/io_int -I/global/scratch/users/adamwise/compiling/WRFv4.4-DRM_real_GAD_slices_CPM/frame -I/global/scratch/users/adamwise/compiling/WRFv4.4-DRM_real_GAD_slices_CPM/share -I/global/scratch/users/adamwise/compiling/WRFv4.4-DRM_real_GAD_slices_CPM/phys -I/global/scratch/users/adamwise/compiling/WRFv4.4-DRM_real_GAD_slices_CPM/wrftladj -I/global/scratch/users/adamwise/compiling/WRFv4.4-DRM_real_GAD_slices_CPM/chem -I/global/scratch/users/adamwise/compiling/WRFv4.4-DRM_real_GAD_slices_CPM/inc -I/global/software/sl-7.x86_64/modules/intel/2016.4.072/netcdf/4.4.1.1-intel-s/include  -real-size `expr 8 \* 4` -i4  module_cam_physconst.f90

real	0m0.339s
user	0m0.046s
sys	0m0.084s
rm -f module_cam_bl_eddy_diff.o
sed -e "s/^\!.*'.*//" -e "s/^ *\!.*'.*//" module_cam_bl_eddy_diff.F > module_cam_bl_eddy_diff.G
/lib/cpp -P -nostdinc -I/global/scratch/users/adamwise/compiling/WRFv4.4-DRM_real_GAD_slices_CPM/inc -DEM_CORE=1 -DNMM_CORE=0 -DNMM_MAX_DIM=2600 -DDA_CORE=0 -DWRFPLUS=0 -DIWORDSIZE=4 -DDWORDSIZE=8 -DRWORDSIZE=4 -DLWORDSIZE=4 -DNONSTANDARD_SYSTEM_FUNC  -DWRF_USE_CLM -DUSE_NETCDF4_FEATURES -DWRFIO_NCD_LARGE_FILE_SUPPORT  -DDM_PARALLEL -DNETCDF -DLANDREAD_STUB=1 -DUSE_ALLOCATABLES -Dwrfmodel -DGRIB1 -DINTIO -DKEEP_INT_AROUND -DLIMIT_ARGS -DBUILD_RRTMG_FAST=0 -DBUILD_RRTMK=0 -DBUILD_SBM_FAST=1 -DSHOW_ALL_VARS_USED=0 -DCONFIG_BUF_LEN=65536 -DMAX_DOMAINS_F=21 -DMAX_HISTORY=25 -DNMM_NEST=0  -I. -traditional-cpp -DUSE_NETCDF4_FEATURES -DWRFIO_NCD_LARGE_FILE_SUPPORT   module_cam_bl_eddy_diff.G  > module_cam_bl_eddy_diff.bb
/global/scratch/users/adamwise/compiling/WRFv4.4-DRM_real_GAD_slices_CPM/tools/standard.exe module_cam_bl_eddy_diff.bb | /lib/cpp -P -nostdinc -traditional-cpp -DUSE_NETCDF4_FEATURES -DWRFIO_NCD_LARGE_FILE_SUPPORT > module_cam_bl_eddy_diff.f90
rm -f module_cam_bl_eddy_diff.G module_cam_bl_eddy_diff.bb
time mpif90 -f90=ifort -o module_cam_bl_eddy_diff.o -c -O3 -ip -fp-model precise -w -ftz -align all -fno-alias -FR -convert big_endian    -I../dyn_em  -I/global/scratch/users/adamwise/compiling/WRFv4.4-DRM_real_GAD_slices_CPM/external/esmf_time_f90  -I/global/scratch/users/adamwise/compiling/WRFv4.4-DRM_real_GAD_slices_CPM/main -I/global/scratch/users/adamwise/compiling/WRFv4.4-DRM_real_GAD_slices_CPM/external/io_netcdf -I/global/scratch/users/adamwise/compiling/WRFv4.4-DRM_real_GAD_slices_CPM/external/io_int -I/global/scratch/users/adamwise/compiling/WRFv4.4-DRM_real_GAD_slices_CPM/frame -I/global/scratch/users/adamwise/compiling/WRFv4.4-DRM_real_GAD_slices_CPM/share -I/global/scratch/users/adamwise/compiling/WRFv4.4-DRM_real_GAD_slices_CPM/phys -I/global/scratch/users/adamwise/compiling/WRFv4.4-DRM_real_GAD_slices_CPM/wrftladj -I/global/scratch/users/adamwise/compiling/WRFv4.4-DRM_real_GAD_slices_CPM/chem -I/global/scratch/users/adamwise/compiling/WRFv4.4-DRM_real_GAD_slices_CPM/inc -I/global/software/sl-7.x86_64/modules/intel/2016.4.072/netcdf/4.4.1.1-intel-s/include  -real-size `expr 8 \* 4` -i4  module_cam_bl_eddy_diff.f90

real	0m4.507s
user	0m4.059s
sys	0m0.226s
rm -f module_data_cam_mam_aero.o
sed -e "s/^\!.*'.*//" -e "s/^ *\!.*'.*//" module_data_cam_mam_aero.F > module_data_cam_mam_aero.G
/lib/cpp -P -nostdinc -I/global/scratch/users/adamwise/compiling/WRFv4.4-DRM_real_GAD_slices_CPM/inc -DEM_CORE=1 -DNMM_CORE=0 -DNMM_MAX_DIM=2600 -DDA_CORE=0 -DWRFPLUS=0 -DIWORDSIZE=4 -DDWORDSIZE=8 -DRWORDSIZE=4 -DLWORDSIZE=4 -DNONSTANDARD_SYSTEM_FUNC  -DWRF_USE_CLM -DUSE_NETCDF4_FEATURES -DWRFIO_NCD_LARGE_FILE_SUPPORT  -DDM_PARALLEL -DNETCDF -DLANDREAD_STUB=1 -DUSE_ALLOCATABLES -Dwrfmodel -DGRIB1 -DINTIO -DKEEP_INT_AROUND -DLIMIT_ARGS -DBUILD_RRTMG_FAST=0 -DBUILD_RRTMK=0 -DBUILD_SBM_FAST=1 -DSHOW_ALL_VARS_USED=0 -DCONFIG_BUF_LEN=65536 -DMAX_DOMAINS_F=21 -DMAX_HISTORY=25 -DNMM_NEST=0  -I. -traditional-cpp -DUSE_NETCDF4_FEATURES -DWRFIO_NCD_LARGE_FILE_SUPPORT   module_data_cam_mam_aero.G  > module_data_cam_mam_aero.bb
/global/scratch/users/adamwise/compiling/WRFv4.4-DRM_real_GAD_slices_CPM/tools/standard.exe module_data_cam_mam_aero.bb | /lib/cpp -P -nostdinc -traditional-cpp -DUSE_NETCDF4_FEATURES -DWRFIO_NCD_LARGE_FILE_SUPPORT > module_data_cam_mam_aero.f90
rm -f module_data_cam_mam_aero.G module_data_cam_mam_aero.bb
time mpif90 -f90=ifort -o module_data_cam_mam_aero.o -c -O3 -ip -fp-model precise -w -ftz -align all -fno-alias -FR -convert big_endian    -I../dyn_em  -I/global/scratch/users/adamwise/compiling/WRFv4.4-DRM_real_GAD_slices_CPM/external/esmf_time_f90  -I/global/scratch/users/adamwise/compiling/WRFv4.4-DRM_real_GAD_slices_CPM/main -I/global/scratch/users/adamwise/compiling/WRFv4.4-DRM_real_GAD_slices_CPM/external/io_netcdf -I/global/scratch/users/adamwise/compiling/WRFv4.4-DRM_real_GAD_slices_CPM/external/io_int -I/global/scratch/users/adamwise/compiling/WRFv4.4-DRM_real_GAD_slices_CPM/frame -I/global/scratch/users/adamwise/compiling/WRFv4.4-DRM_real_GAD_slices_CPM/share -I/global/scratch/users/adamwise/compiling/WRFv4.4-DRM_real_GAD_slices_CPM/phys -I/global/scratch/users/adamwise/compiling/WRFv4.4-DRM_real_GAD_slices_CPM/wrftladj -I/global/scratch/users/adamwise/compiling/WRFv4.4-DRM_real_GAD_slices_CPM/chem -I/global/scratch/users/adamwise/compiling/WRFv4.4-DRM_real_GAD_slices_CPM/inc -I/global/software/sl-7.x86_64/modules/intel/2016.4.072/netcdf/4.4.1.1-intel-s/include  -real-size `expr 8 \* 4` -i4  module_data_cam_mam_aero.f90

real	0m0.358s
user	0m0.046s
sys	0m0.102s
rm -f module_cam_mp_conv_water.o
sed -e "s/^\!.*'.*//" -e "s/^ *\!.*'.*//" module_cam_mp_conv_water.F > module_cam_mp_conv_water.G
/lib/cpp -P -nostdinc -I/global/scratch/users/adamwise/compiling/WRFv4.4-DRM_real_GAD_slices_CPM/inc -DEM_CORE=1 -DNMM_CORE=0 -DNMM_MAX_DIM=2600 -DDA_CORE=0 -DWRFPLUS=0 -DIWORDSIZE=4 -DDWORDSIZE=8 -DRWORDSIZE=4 -DLWORDSIZE=4 -DNONSTANDARD_SYSTEM_FUNC  -DWRF_USE_CLM -DUSE_NETCDF4_FEATURES -DWRFIO_NCD_LARGE_FILE_SUPPORT  -DDM_PARALLEL -DNETCDF -DLANDREAD_STUB=1 -DUSE_ALLOCATABLES -Dwrfmodel -DGRIB1 -DINTIO -DKEEP_INT_AROUND -DLIMIT_ARGS -DBUILD_RRTMG_FAST=0 -DBUILD_RRTMK=0 -DBUILD_SBM_FAST=1 -DSHOW_ALL_VARS_USED=0 -DCONFIG_BUF_LEN=65536 -DMAX_DOMAINS_F=21 -DMAX_HISTORY=25 -DNMM_NEST=0  -I. -traditional-cpp -DUSE_NETCDF4_FEATURES -DWRFIO_NCD_LARGE_FILE_SUPPORT   module_cam_mp_conv_water.G  > module_cam_mp_conv_water.bb
/global/scratch/users/adamwise/compiling/WRFv4.4-DRM_real_GAD_slices_CPM/tools/standard.exe module_cam_mp_conv_water.bb | /lib/cpp -P -nostdinc -traditional-cpp -DUSE_NETCDF4_FEATURES -DWRFIO_NCD_LARGE_FILE_SUPPORT > module_cam_mp_conv_water.f90
rm -f module_cam_mp_conv_water.G module_cam_mp_conv_water.bb
time mpif90 -f90=ifort -o module_cam_mp_conv_water.o -c -O3 -ip -fp-model precise -w -ftz -align all -fno-alias -FR -convert big_endian    -I../dyn_em  -I/global/scratch/users/adamwise/compiling/WRFv4.4-DRM_real_GAD_slices_CPM/external/esmf_time_f90  -I/global/scratch/users/adamwise/compiling/WRFv4.4-DRM_real_GAD_slices_CPM/main -I/global/scratch/users/adamwise/compiling/WRFv4.4-DRM_real_GAD_slices_CPM/external/io_netcdf -I/global/scratch/users/adamwise/compiling/WRFv4.4-DRM_real_GAD_slices_CPM/external/io_int -I/global/scratch/users/adamwise/compiling/WRFv4.4-DRM_real_GAD_slices_CPM/frame -I/global/scratch/users/adamwise/compiling/WRFv4.4-DRM_real_GAD_slices_CPM/share -I/global/scratch/users/adamwise/compiling/WRFv4.4-DRM_real_GAD_slices_CPM/phys -I/global/scratch/users/adamwise/compiling/WRFv4.4-DRM_real_GAD_slices_CPM/wrftladj -I/global/scratch/users/adamwise/compiling/WRFv4.4-DRM_real_GAD_slices_CPM/chem -I/global/scratch/users/adamwise/compiling/WRFv4.4-DRM_real_GAD_slices_CPM/inc -I/global/software/sl-7.x86_64/modules/intel/2016.4.072/netcdf/4.4.1.1-intel-s/include  -real-size `expr 8 \* 4` -i4  module_cam_mp_conv_water.f90

real	0m0.417s
user	0m0.102s
sys	0m0.103s
rm -f module_data_cam_mam_asect.o
sed -e "s/^\!.*'.*//" -e "s/^ *\!.*'.*//" module_data_cam_mam_asect.F > module_data_cam_mam_asect.G
/lib/cpp -P -nostdinc -I/global/scratch/users/adamwise/compiling/WRFv4.4-DRM_real_GAD_slices_CPM/inc -DEM_CORE=1 -DNMM_CORE=0 -DNMM_MAX_DIM=2600 -DDA_CORE=0 -DWRFPLUS=0 -DIWORDSIZE=4 -DDWORDSIZE=8 -DRWORDSIZE=4 -DLWORDSIZE=4 -DNONSTANDARD_SYSTEM_FUNC  -DWRF_USE_CLM -DUSE_NETCDF4_FEATURES -DWRFIO_NCD_LARGE_FILE_SUPPORT  -DDM_PARALLEL -DNETCDF -DLANDREAD_STUB=1 -DUSE_ALLOCATABLES -Dwrfmodel -DGRIB1 -DINTIO -DKEEP_INT_AROUND -DLIMIT_ARGS -DBUILD_RRTMG_FAST=0 -DBUILD_RRTMK=0 -DBUILD_SBM_FAST=1 -DSHOW_ALL_VARS_USED=0 -DCONFIG_BUF_LEN=65536 -DMAX_DOMAINS_F=21 -DMAX_HISTORY=25 -DNMM_NEST=0  -I. -traditional-cpp -DUSE_NETCDF4_FEATURES -DWRFIO_NCD_LARGE_FILE_SUPPORT   module_data_cam_mam_asect.G  > module_data_cam_mam_asect.bb
/global/scratch/users/adamwise/compiling/WRFv4.4-DRM_real_GAD_slices_CPM/tools/standard.exe module_data_cam_mam_asect.bb | /lib/cpp -P -nostdinc -traditional-cpp -DUSE_NETCDF4_FEATURES -DWRFIO_NCD_LARGE_FILE_SUPPORT > module_data_cam_mam_asect.f90
rm -f module_data_cam_mam_asect.G module_data_cam_mam_asect.bb
time mpif90 -f90=ifort -o module_data_cam_mam_asect.o -c -O3 -ip -fp-model precise -w -ftz -align all -fno-alias -FR -convert big_endian    -I../dyn_em  -I/global/scratch/users/adamwise/compiling/WRFv4.4-DRM_real_GAD_slices_CPM/external/esmf_time_f90  -I/global/scratch/users/adamwise/compiling/WRFv4.4-DRM_real_GAD_slices_CPM/main -I/global/scratch/users/adamwise/compiling/WRFv4.4-DRM_real_GAD_slices_CPM/external/io_netcdf -I/global/scratch/users/adamwise/compiling/WRFv4.4-DRM_real_GAD_slices_CPM/external/io_int -I/global/scratch/users/adamwise/compiling/WRFv4.4-DRM_real_GAD_slices_CPM/frame -I/global/scratch/users/adamwise/compiling/WRFv4.4-DRM_real_GAD_slices_CPM/share -I/global/scratch/users/adamwise/compiling/WRFv4.4-DRM_real_GAD_slices_CPM/phys -I/global/scratch/users/adamwise/compiling/WRFv4.4-DRM_real_GAD_slices_CPM/wrftladj -I/global/scratch/users/adamwise/compiling/WRFv4.4-DRM_real_GAD_slices_CPM/chem -I/global/scratch/users/adamwise/compiling/WRFv4.4-DRM_real_GAD_slices_CPM/inc -I/global/software/sl-7.x86_64/modules/intel/2016.4.072/netcdf/4.4.1.1-intel-s/include  -real-size `expr 8 \* 4` -i4  module_data_cam_mam_asect.f90

real	0m0.357s
user	0m0.056s
sys	0m0.091s
rm -f module_bl_gfs.o
sed -e "s/^\!.*'.*//" -e "s/^ *\!.*'.*//" module_bl_gfs.F > module_bl_gfs.G
/lib/cpp -P -nostdinc -I/global/scratch/users/adamwise/compiling/WRFv4.4-DRM_real_GAD_slices_CPM/inc -DEM_CORE=1 -DNMM_CORE=0 -DNMM_MAX_DIM=2600 -DDA_CORE=0 -DWRFPLUS=0 -DIWORDSIZE=4 -DDWORDSIZE=8 -DRWORDSIZE=4 -DLWORDSIZE=4 -DNONSTANDARD_SYSTEM_FUNC  -DWRF_USE_CLM -DUSE_NETCDF4_FEATURES -DWRFIO_NCD_LARGE_FILE_SUPPORT  -DDM_PARALLEL -DNETCDF -DLANDREAD_STUB=1 -DUSE_ALLOCATABLES -Dwrfmodel -DGRIB1 -DINTIO -DKEEP_INT_AROUND -DLIMIT_ARGS -DBUILD_RRTMG_FAST=0 -DBUILD_RRTMK=0 -DBUILD_SBM_FAST=1 -DSHOW_ALL_VARS_USED=0 -DCONFIG_BUF_LEN=65536 -DMAX_DOMAINS_F=21 -DMAX_HISTORY=25 -DNMM_NEST=0  -I. -traditional-cpp -DUSE_NETCDF4_FEATURES -DWRFIO_NCD_LARGE_FILE_SUPPORT   module_bl_gfs.G  > module_bl_gfs.bb
/global/scratch/users/adamwise/compiling/WRFv4.4-DRM_real_GAD_slices_CPM/tools/standard.exe module_bl_gfs.bb | /lib/cpp -P -nostdinc -traditional-cpp -DUSE_NETCDF4_FEATURES -DWRFIO_NCD_LARGE_FILE_SUPPORT > module_bl_gfs.f90
rm -f module_bl_gfs.G module_bl_gfs.bb
time mpif90 -f90=ifort -o module_bl_gfs.o -c -O3 -ip -fp-model precise -w -ftz -align all -fno-alias -FR -convert big_endian    -I../dyn_em  -I/global/scratch/users/adamwise/compiling/WRFv4.4-DRM_real_GAD_slices_CPM/external/esmf_time_f90  -I/global/scratch/users/adamwise/compiling/WRFv4.4-DRM_real_GAD_slices_CPM/main -I/global/scratch/users/adamwise/compiling/WRFv4.4-DRM_real_GAD_slices_CPM/external/io_netcdf -I/global/scratch/users/adamwise/compiling/WRFv4.4-DRM_real_GAD_slices_CPM/external/io_int -I/global/scratch/users/adamwise/compiling/WRFv4.4-DRM_real_GAD_slices_CPM/frame -I/global/scratch/users/adamwise/compiling/WRFv4.4-DRM_real_GAD_slices_CPM/share -I/global/scratch/users/adamwise/compiling/WRFv4.4-DRM_real_GAD_slices_CPM/phys -I/global/scratch/users/adamwise/compiling/WRFv4.4-DRM_real_GAD_slices_CPM/wrftladj -I/global/scratch/users/adamwise/compiling/WRFv4.4-DRM_real_GAD_slices_CPM/chem -I/global/scratch/users/adamwise/compiling/WRFv4.4-DRM_real_GAD_slices_CPM/inc -I/global/software/sl-7.x86_64/modules/intel/2016.4.072/netcdf/4.4.1.1-intel-s/include  -real-size `expr 8 \* 4` -i4  module_bl_gfs.f90

real	0m3.881s
user	0m3.503s
sys	0m0.162s
rm -f module_bl_gfsedmf.o
sed -e "s/^\!.*'.*//" -e "s/^ *\!.*'.*//" module_bl_gfsedmf.F > module_bl_gfsedmf.G
/lib/cpp -P -nostdinc -I/global/scratch/users/adamwise/compiling/WRFv4.4-DRM_real_GAD_slices_CPM/inc -DEM_CORE=1 -DNMM_CORE=0 -DNMM_MAX_DIM=2600 -DDA_CORE=0 -DWRFPLUS=0 -DIWORDSIZE=4 -DDWORDSIZE=8 -DRWORDSIZE=4 -DLWORDSIZE=4 -DNONSTANDARD_SYSTEM_FUNC  -DWRF_USE_CLM -DUSE_NETCDF4_FEATURES -DWRFIO_NCD_LARGE_FILE_SUPPORT  -DDM_PARALLEL -DNETCDF -DLANDREAD_STUB=1 -DUSE_ALLOCATABLES -Dwrfmodel -DGRIB1 -DINTIO -DKEEP_INT_AROUND -DLIMIT_ARGS -DBUILD_RRTMG_FAST=0 -DBUILD_RRTMK=0 -DBUILD_SBM_FAST=1 -DSHOW_ALL_VARS_USED=0 -DCONFIG_BUF_LEN=65536 -DMAX_DOMAINS_F=21 -DMAX_HISTORY=25 -DNMM_NEST=0  -I. -traditional-cpp -DUSE_NETCDF4_FEATURES -DWRFIO_NCD_LARGE_FILE_SUPPORT   module_bl_gfsedmf.G  > module_bl_gfsedmf.bb
/global/scratch/users/adamwise/compiling/WRFv4.4-DRM_real_GAD_slices_CPM/tools/standard.exe module_bl_gfsedmf.bb | /lib/cpp -P -nostdinc -traditional-cpp -DUSE_NETCDF4_FEATURES -DWRFIO_NCD_LARGE_FILE_SUPPORT > module_bl_gfsedmf.f90
rm -f module_bl_gfsedmf.G module_bl_gfsedmf.bb
time mpif90 -f90=ifort -o module_bl_gfsedmf.o -c -O3 -ip -fp-model precise -w -ftz -align all -fno-alias -FR -convert big_endian    -I../dyn_em  -I/global/scratch/users/adamwise/compiling/WRFv4.4-DRM_real_GAD_slices_CPM/external/esmf_time_f90  -I/global/scratch/users/adamwise/compiling/WRFv4.4-DRM_real_GAD_slices_CPM/main -I/global/scratch/users/adamwise/compiling/WRFv4.4-DRM_real_GAD_slices_CPM/external/io_netcdf -I/global/scratch/users/adamwise/compiling/WRFv4.4-DRM_real_GAD_slices_CPM/external/io_int -I/global/scratch/users/adamwise/compiling/WRFv4.4-DRM_real_GAD_slices_CPM/frame -I/global/scratch/users/adamwise/compiling/WRFv4.4-DRM_real_GAD_slices_CPM/share -I/global/scratch/users/adamwise/compiling/WRFv4.4-DRM_real_GAD_slices_CPM/phys -I/global/scratch/users/adamwise/compiling/WRFv4.4-DRM_real_GAD_slices_CPM/wrftladj -I/global/scratch/users/adamwise/compiling/WRFv4.4-DRM_real_GAD_slices_CPM/chem -I/global/scratch/users/adamwise/compiling/WRFv4.4-DRM_real_GAD_slices_CPM/inc -I/global/software/sl-7.x86_64/modules/intel/2016.4.072/netcdf/4.4.1.1-intel-s/include  -real-size `expr 8 \* 4` -i4  module_bl_gfsedmf.f90

real	0m0.348s
user	0m0.044s
sys	0m0.096s
rm -f module_cu_tiedtke.o
sed -e "s/^\!.*'.*//" -e "s/^ *\!.*'.*//" module_cu_tiedtke.F > module_cu_tiedtke.G
/lib/cpp -P -nostdinc -I/global/scratch/users/adamwise/compiling/WRFv4.4-DRM_real_GAD_slices_CPM/inc -DEM_CORE=1 -DNMM_CORE=0 -DNMM_MAX_DIM=2600 -DDA_CORE=0 -DWRFPLUS=0 -DIWORDSIZE=4 -DDWORDSIZE=8 -DRWORDSIZE=4 -DLWORDSIZE=4 -DNONSTANDARD_SYSTEM_FUNC  -DWRF_USE_CLM -DUSE_NETCDF4_FEATURES -DWRFIO_NCD_LARGE_FILE_SUPPORT  -DDM_PARALLEL -DNETCDF -DLANDREAD_STUB=1 -DUSE_ALLOCATABLES -Dwrfmodel -DGRIB1 -DINTIO -DKEEP_INT_AROUND -DLIMIT_ARGS -DBUILD_RRTMG_FAST=0 -DBUILD_RRTMK=0 -DBUILD_SBM_FAST=1 -DSHOW_ALL_VARS_USED=0 -DCONFIG_BUF_LEN=65536 -DMAX_DOMAINS_F=21 -DMAX_HISTORY=25 -DNMM_NEST=0  -I. -traditional-cpp -DUSE_NETCDF4_FEATURES -DWRFIO_NCD_LARGE_FILE_SUPPORT   module_cu_tiedtke.G  > module_cu_tiedtke.bb
/global/scratch/users/adamwise/compiling/WRFv4.4-DRM_real_GAD_slices_CPM/tools/standard.exe module_cu_tiedtke.bb | /lib/cpp -P -nostdinc -traditional-cpp -DUSE_NETCDF4_FEATURES -DWRFIO_NCD_LARGE_FILE_SUPPORT > module_cu_tiedtke.f90
rm -f module_cu_tiedtke.G module_cu_tiedtke.bb
time mpif90 -f90=ifort -o module_cu_tiedtke.o -c -O3 -ip -fp-model precise -w -ftz -align all -fno-alias -FR -convert big_endian    -I../dyn_em  -I/global/scratch/users/adamwise/compiling/WRFv4.4-DRM_real_GAD_slices_CPM/external/esmf_time_f90  -I/global/scratch/users/adamwise/compiling/WRFv4.4-DRM_real_GAD_slices_CPM/main -I/global/scratch/users/adamwise/compiling/WRFv4.4-DRM_real_GAD_slices_CPM/external/io_netcdf -I/global/scratch/users/adamwise/compiling/WRFv4.4-DRM_real_GAD_slices_CPM/external/io_int -I/global/scratch/users/adamwise/compiling/WRFv4.4-DRM_real_GAD_slices_CPM/frame -I/global/scratch/users/adamwise/compiling/WRFv4.4-DRM_real_GAD_slices_CPM/share -I/global/scratch/users/adamwise/compiling/WRFv4.4-DRM_real_GAD_slices_CPM/phys -I/global/scratch/users/adamwise/compiling/WRFv4.4-DRM_real_GAD_slices_CPM/wrftladj -I/global/scratch/users/adamwise/compiling/WRFv4.4-DRM_real_GAD_slices_CPM/chem -I/global/scratch/users/adamwise/compiling/WRFv4.4-DRM_real_GAD_slices_CPM/inc -I/global/software/sl-7.x86_64/modules/intel/2016.4.072/netcdf/4.4.1.1-intel-s/include  -real-size `expr 8 \* 4` -i4  module_cu_tiedtke.f90

real	0m5.423s
user	0m5.025s
sys	0m0.172s
rm -f module_cu_gf_deep.o
sed -e "s/^\!.*'.*//" -e "s/^ *\!.*'.*//" module_cu_gf_deep.F > module_cu_gf_deep.G
/lib/cpp -P -nostdinc -I/global/scratch/users/adamwise/compiling/WRFv4.4-DRM_real_GAD_slices_CPM/inc -DEM_CORE=1 -DNMM_CORE=0 -DNMM_MAX_DIM=2600 -DDA_CORE=0 -DWRFPLUS=0 -DIWORDSIZE=4 -DDWORDSIZE=8 -DRWORDSIZE=4 -DLWORDSIZE=4 -DNONSTANDARD_SYSTEM_FUNC  -DWRF_USE_CLM -DUSE_NETCDF4_FEATURES -DWRFIO_NCD_LARGE_FILE_SUPPORT  -DDM_PARALLEL -DNETCDF -DLANDREAD_STUB=1 -DUSE_ALLOCATABLES -Dwrfmodel -DGRIB1 -DINTIO -DKEEP_INT_AROUND -DLIMIT_ARGS -DBUILD_RRTMG_FAST=0 -DBUILD_RRTMK=0 -DBUILD_SBM_FAST=1 -DSHOW_ALL_VARS_USED=0 -DCONFIG_BUF_LEN=65536 -DMAX_DOMAINS_F=21 -DMAX_HISTORY=25 -DNMM_NEST=0  -I. -traditional-cpp -DUSE_NETCDF4_FEATURES -DWRFIO_NCD_LARGE_FILE_SUPPORT   module_cu_gf_deep.G  > module_cu_gf_deep.bb
/global/scratch/users/adamwise/compiling/WRFv4.4-DRM_real_GAD_slices_CPM/tools/standard.exe module_cu_gf_deep.bb | /lib/cpp -P -nostdinc -traditional-cpp -DUSE_NETCDF4_FEATURES -DWRFIO_NCD_LARGE_FILE_SUPPORT > module_cu_gf_deep.f90
rm -f module_cu_gf_deep.G module_cu_gf_deep.bb
time mpif90 -f90=ifort -o module_cu_gf_deep.o -c -O3 -ip -fp-model precise -w -ftz -align all -fno-alias -FR -convert big_endian    -I../dyn_em  -I/global/scratch/users/adamwise/compiling/WRFv4.4-DRM_real_GAD_slices_CPM/external/esmf_time_f90  -I/global/scratch/users/adamwise/compiling/WRFv4.4-DRM_real_GAD_slices_CPM/main -I/global/scratch/users/adamwise/compiling/WRFv4.4-DRM_real_GAD_slices_CPM/external/io_netcdf -I/global/scratch/users/adamwise/compiling/WRFv4.4-DRM_real_GAD_slices_CPM/external/io_int -I/global/scratch/users/adamwise/compiling/WRFv4.4-DRM_real_GAD_slices_CPM/frame -I/global/scratch/users/adamwise/compiling/WRFv4.4-DRM_real_GAD_slices_CPM/share -I/global/scratch/users/adamwise/compiling/WRFv4.4-DRM_real_GAD_slices_CPM/phys -I/global/scratch/users/adamwise/compiling/WRFv4.4-DRM_real_GAD_slices_CPM/wrftladj -I/global/scratch/users/adamwise/compiling/WRFv4.4-DRM_real_GAD_slices_CPM/chem -I/global/scratch/users/adamwise/compiling/WRFv4.4-DRM_real_GAD_slices_CPM/inc -I/global/software/sl-7.x86_64/modules/intel/2016.4.072/netcdf/4.4.1.1-intel-s/include  -real-size `expr 8 \* 4` -i4  module_cu_gf_deep.f90

real	0m9.500s
user	0m8.922s
sys	0m0.353s
rm -f module_ra_rrtmg_sw.o
sed -e "s/^\!.*'.*//" -e "s/^ *\!.*'.*//" module_ra_rrtmg_sw.F > module_ra_rrtmg_sw.G
/lib/cpp -P -nostdinc -I/global/scratch/users/adamwise/compiling/WRFv4.4-DRM_real_GAD_slices_CPM/inc -DEM_CORE=1 -DNMM_CORE=0 -DNMM_MAX_DIM=2600 -DDA_CORE=0 -DWRFPLUS=0 -DIWORDSIZE=4 -DDWORDSIZE=8 -DRWORDSIZE=4 -DLWORDSIZE=4 -DNONSTANDARD_SYSTEM_FUNC  -DWRF_USE_CLM -DUSE_NETCDF4_FEATURES -DWRFIO_NCD_LARGE_FILE_SUPPORT  -DDM_PARALLEL -DNETCDF -DLANDREAD_STUB=1 -DUSE_ALLOCATABLES -Dwrfmodel -DGRIB1 -DINTIO -DKEEP_INT_AROUND -DLIMIT_ARGS -DBUILD_RRTMG_FAST=0 -DBUILD_RRTMK=0 -DBUILD_SBM_FAST=1 -DSHOW_ALL_VARS_USED=0 -DCONFIG_BUF_LEN=65536 -DMAX_DOMAINS_F=21 -DMAX_HISTORY=25 -DNMM_NEST=0  -I. -traditional-cpp -DUSE_NETCDF4_FEATURES -DWRFIO_NCD_LARGE_FILE_SUPPORT   module_ra_rrtmg_sw.G  > module_ra_rrtmg_sw.bb
/global/scratch/users/adamwise/compiling/WRFv4.4-DRM_real_GAD_slices_CPM/tools/standard.exe module_ra_rrtmg_sw.bb | /lib/cpp -P -nostdinc -traditional-cpp -DUSE_NETCDF4_FEATURES -DWRFIO_NCD_LARGE_FILE_SUPPORT > module_ra_rrtmg_sw.f90
rm -f module_ra_rrtmg_sw.G module_ra_rrtmg_sw.bb
time mpif90 -f90=ifort -o module_ra_rrtmg_sw.o -c -O3 -ip -fp-model precise -w -ftz -align all -fno-alias -FR -convert big_endian    -I../dyn_em  -I/global/scratch/users/adamwise/compiling/WRFv4.4-DRM_real_GAD_slices_CPM/external/esmf_time_f90  -I/global/scratch/users/adamwise/compiling/WRFv4.4-DRM_real_GAD_slices_CPM/main -I/global/scratch/users/adamwise/compiling/WRFv4.4-DRM_real_GAD_slices_CPM/external/io_netcdf -I/global/scratch/users/adamwise/compiling/WRFv4.4-DRM_real_GAD_slices_CPM/external/io_int -I/global/scratch/users/adamwise/compiling/WRFv4.4-DRM_real_GAD_slices_CPM/frame -I/global/scratch/users/adamwise/compiling/WRFv4.4-DRM_real_GAD_slices_CPM/share -I/global/scratch/users/adamwise/compiling/WRFv4.4-DRM_real_GAD_slices_CPM/phys -I/global/scratch/users/adamwise/compiling/WRFv4.4-DRM_real_GAD_slices_CPM/wrftladj -I/global/scratch/users/adamwise/compiling/WRFv4.4-DRM_real_GAD_slices_CPM/chem -I/global/scratch/users/adamwise/compiling/WRFv4.4-DRM_real_GAD_slices_CPM/inc -I/global/software/sl-7.x86_64/modules/intel/2016.4.072/netcdf/4.4.1.1-intel-s/include  -real-size `expr 8 \* 4` -i4  module_ra_rrtmg_sw.f90

real	0m39.217s
user	0m38.474s
sys	0m0.391s
rm -f module_ra_cam.o
sed -e "s/^\!.*'.*//" -e "s/^ *\!.*'.*//" module_ra_cam.F > module_ra_cam.G
/lib/cpp -P -nostdinc -I/global/scratch/users/adamwise/compiling/WRFv4.4-DRM_real_GAD_slices_CPM/inc -DEM_CORE=1 -DNMM_CORE=0 -DNMM_MAX_DIM=2600 -DDA_CORE=0 -DWRFPLUS=0 -DIWORDSIZE=4 -DDWORDSIZE=8 -DRWORDSIZE=4 -DLWORDSIZE=4 -DNONSTANDARD_SYSTEM_FUNC  -DWRF_USE_CLM -DUSE_NETCDF4_FEATURES -DWRFIO_NCD_LARGE_FILE_SUPPORT  -DDM_PARALLEL -DNETCDF -DLANDREAD_STUB=1 -DUSE_ALLOCATABLES -Dwrfmodel -DGRIB1 -DINTIO -DKEEP_INT_AROUND -DLIMIT_ARGS -DBUILD_RRTMG_FAST=0 -DBUILD_RRTMK=0 -DBUILD_SBM_FAST=1 -DSHOW_ALL_VARS_USED=0 -DCONFIG_BUF_LEN=65536 -DMAX_DOMAINS_F=21 -DMAX_HISTORY=25 -DNMM_NEST=0  -I. -traditional-cpp -DUSE_NETCDF4_FEATURES -DWRFIO_NCD_LARGE_FILE_SUPPORT   module_ra_cam.G  > module_ra_cam.bb
/global/scratch/users/adamwise/compiling/WRFv4.4-DRM_real_GAD_slices_CPM/tools/standard.exe module_ra_cam.bb | /lib/cpp -P -nostdinc -traditional-cpp -DUSE_NETCDF4_FEATURES -DWRFIO_NCD_LARGE_FILE_SUPPORT > module_ra_cam.f90
rm -f module_ra_cam.G module_ra_cam.bb
time mpif90 -f90=ifort -o module_ra_cam.o -c -O3 -ip -fp-model precise -w -ftz -align all -fno-alias -FR -convert big_endian    -I../dyn_em  -I/global/scratch/users/adamwise/compiling/WRFv4.4-DRM_real_GAD_slices_CPM/external/esmf_time_f90  -I/global/scratch/users/adamwise/compiling/WRFv4.4-DRM_real_GAD_slices_CPM/main -I/global/scratch/users/adamwise/compiling/WRFv4.4-DRM_real_GAD_slices_CPM/external/io_netcdf -I/global/scratch/users/adamwise/compiling/WRFv4.4-DRM_real_GAD_slices_CPM/external/io_int -I/global/scratch/users/adamwise/compiling/WRFv4.4-DRM_real_GAD_slices_CPM/frame -I/global/scratch/users/adamwise/compiling/WRFv4.4-DRM_real_GAD_slices_CPM/share -I/global/scratch/users/adamwise/compiling/WRFv4.4-DRM_real_GAD_slices_CPM/phys -I/global/scratch/users/adamwise/compiling/WRFv4.4-DRM_real_GAD_slices_CPM/wrftladj -I/global/scratch/users/adamwise/compiling/WRFv4.4-DRM_real_GAD_slices_CPM/chem -I/global/scratch/users/adamwise/compiling/WRFv4.4-DRM_real_GAD_slices_CPM/inc -I/global/software/sl-7.x86_64/modules/intel/2016.4.072/netcdf/4.4.1.1-intel-s/include  -real-size `expr 8 \* 4` -i4  module_ra_cam.f90

real	0m16.065s
user	0m15.426s
sys	0m0.284s
rm -f module_sf_noahlsm_glacial_only.o
sed -e "s/^\!.*'.*//" -e "s/^ *\!.*'.*//" module_sf_noahlsm_glacial_only.F > module_sf_noahlsm_glacial_only.G
/lib/cpp -P -nostdinc -I/global/scratch/users/adamwise/compiling/WRFv4.4-DRM_real_GAD_slices_CPM/inc -DEM_CORE=1 -DNMM_CORE=0 -DNMM_MAX_DIM=2600 -DDA_CORE=0 -DWRFPLUS=0 -DIWORDSIZE=4 -DDWORDSIZE=8 -DRWORDSIZE=4 -DLWORDSIZE=4 -DNONSTANDARD_SYSTEM_FUNC  -DWRF_USE_CLM -DUSE_NETCDF4_FEATURES -DWRFIO_NCD_LARGE_FILE_SUPPORT  -DDM_PARALLEL -DNETCDF -DLANDREAD_STUB=1 -DUSE_ALLOCATABLES -Dwrfmodel -DGRIB1 -DINTIO -DKEEP_INT_AROUND -DLIMIT_ARGS -DBUILD_RRTMG_FAST=0 -DBUILD_RRTMK=0 -DBUILD_SBM_FAST=1 -DSHOW_ALL_VARS_USED=0 -DCONFIG_BUF_LEN=65536 -DMAX_DOMAINS_F=21 -DMAX_HISTORY=25 -DNMM_NEST=0  -I. -traditional-cpp -DUSE_NETCDF4_FEATURES -DWRFIO_NCD_LARGE_FILE_SUPPORT   module_sf_noahlsm_glacial_only.G  > module_sf_noahlsm_glacial_only.bb
/global/scratch/users/adamwise/compiling/WRFv4.4-DRM_real_GAD_slices_CPM/tools/standard.exe module_sf_noahlsm_glacial_only.bb | /lib/cpp -P -nostdinc -traditional-cpp -DUSE_NETCDF4_FEATURES -DWRFIO_NCD_LARGE_FILE_SUPPORT > module_sf_noahlsm_glacial_only.f90
rm -f module_sf_noahlsm_glacial_only.G module_sf_noahlsm_glacial_only.bb
time mpif90 -f90=ifort -o module_sf_noahlsm_glacial_only.o -c -O3 -ip -fp-model precise -w -ftz -align all -fno-alias -FR -convert big_endian    -I../dyn_em  -I/global/scratch/users/adamwise/compiling/WRFv4.4-DRM_real_GAD_slices_CPM/external/esmf_time_f90  -I/global/scratch/users/adamwise/compiling/WRFv4.4-DRM_real_GAD_slices_CPM/main -I/global/scratch/users/adamwise/compiling/WRFv4.4-DRM_real_GAD_slices_CPM/external/io_netcdf -I/global/scratch/users/adamwise/compiling/WRFv4.4-DRM_real_GAD_slices_CPM/external/io_int -I/global/scratch/users/adamwise/compiling/WRFv4.4-DRM_real_GAD_slices_CPM/frame -I/global/scratch/users/adamwise/compiling/WRFv4.4-DRM_real_GAD_slices_CPM/share -I/global/scratch/users/adamwise/compiling/WRFv4.4-DRM_real_GAD_slices_CPM/phys -I/global/scratch/users/adamwise/compiling/WRFv4.4-DRM_real_GAD_slices_CPM/wrftladj -I/global/scratch/users/adamwise/compiling/WRFv4.4-DRM_real_GAD_slices_CPM/chem -I/global/scratch/users/adamwise/compiling/WRFv4.4-DRM_real_GAD_slices_CPM/inc -I/global/software/sl-7.x86_64/modules/intel/2016.4.072/netcdf/4.4.1.1-intel-s/include  -real-size `expr 8 \* 4` -i4  module_sf_noahlsm_glacial_only.f90

real	0m0.797s
user	0m0.461s
sys	0m0.120s
rm -f module_sf_noahmpdrv.o
sed -e "s/^\!.*'.*//" -e "s/^ *\!.*'.*//" module_sf_noahmpdrv.F > module_sf_noahmpdrv.G
/lib/cpp -P -nostdinc -I/global/scratch/users/adamwise/compiling/WRFv4.4-DRM_real_GAD_slices_CPM/inc -DEM_CORE=1 -DNMM_CORE=0 -DNMM_MAX_DIM=2600 -DDA_CORE=0 -DWRFPLUS=0 -DIWORDSIZE=4 -DDWORDSIZE=8 -DRWORDSIZE=4 -DLWORDSIZE=4 -DNONSTANDARD_SYSTEM_FUNC  -DWRF_USE_CLM -DUSE_NETCDF4_FEATURES -DWRFIO_NCD_LARGE_FILE_SUPPORT  -DDM_PARALLEL -DNETCDF -DLANDREAD_STUB=1 -DUSE_ALLOCATABLES -Dwrfmodel -DGRIB1 -DINTIO -DKEEP_INT_AROUND -DLIMIT_ARGS -DBUILD_RRTMG_FAST=0 -DBUILD_RRTMK=0 -DBUILD_SBM_FAST=1 -DSHOW_ALL_VARS_USED=0 -DCONFIG_BUF_LEN=65536 -DMAX_DOMAINS_F=21 -DMAX_HISTORY=25 -DNMM_NEST=0  -I. -traditional-cpp -DUSE_NETCDF4_FEATURES -DWRFIO_NCD_LARGE_FILE_SUPPORT   module_sf_noahmpdrv.G  > module_sf_noahmpdrv.bb
/global/scratch/users/adamwise/compiling/WRFv4.4-DRM_real_GAD_slices_CPM/tools/standard.exe module_sf_noahmpdrv.bb | /lib/cpp -P -nostdinc -traditional-cpp -DUSE_NETCDF4_FEATURES -DWRFIO_NCD_LARGE_FILE_SUPPORT > module_sf_noahmpdrv.f90
rm -f module_sf_noahmpdrv.G module_sf_noahmpdrv.bb
time mpif90 -f90=ifort -o module_sf_noahmpdrv.o -c -O3 -ip -fp-model precise -w -ftz -align all -fno-alias -FR -convert big_endian    -I../dyn_em  -I/global/scratch/users/adamwise/compiling/WRFv4.4-DRM_real_GAD_slices_CPM/external/esmf_time_f90  -I/global/scratch/users/adamwise/compiling/WRFv4.4-DRM_real_GAD_slices_CPM/main -I/global/scratch/users/adamwise/compiling/WRFv4.4-DRM_real_GAD_slices_CPM/external/io_netcdf -I/global/scratch/users/adamwise/compiling/WRFv4.4-DRM_real_GAD_slices_CPM/external/io_int -I/global/scratch/users/adamwise/compiling/WRFv4.4-DRM_real_GAD_slices_CPM/frame -I/global/scratch/users/adamwise/compiling/WRFv4.4-DRM_real_GAD_slices_CPM/share -I/global/scratch/users/adamwise/compiling/WRFv4.4-DRM_real_GAD_slices_CPM/phys -I/global/scratch/users/adamwise/compiling/WRFv4.4-DRM_real_GAD_slices_CPM/wrftladj -I/global/scratch/users/adamwise/compiling/WRFv4.4-DRM_real_GAD_slices_CPM/chem -I/global/scratch/users/adamwise/compiling/WRFv4.4-DRM_real_GAD_slices_CPM/inc -I/global/software/sl-7.x86_64/modules/intel/2016.4.072/netcdf/4.4.1.1-intel-s/include  -real-size `expr 8 \* 4` -i4  module_sf_noahmpdrv.f90

real	0m11.415s
user	0m10.147s
sys	0m0.990s
rm -f module_diag_afwa.o
sed -e "s/^\!.*'.*//" -e "s/^ *\!.*'.*//" module_diag_afwa.F > module_diag_afwa.G
/lib/cpp -P -nostdinc -I/global/scratch/users/adamwise/compiling/WRFv4.4-DRM_real_GAD_slices_CPM/inc -DEM_CORE=1 -DNMM_CORE=0 -DNMM_MAX_DIM=2600 -DDA_CORE=0 -DWRFPLUS=0 -DIWORDSIZE=4 -DDWORDSIZE=8 -DRWORDSIZE=4 -DLWORDSIZE=4 -DNONSTANDARD_SYSTEM_FUNC  -DWRF_USE_CLM -DUSE_NETCDF4_FEATURES -DWRFIO_NCD_LARGE_FILE_SUPPORT  -DDM_PARALLEL -DNETCDF -DLANDREAD_STUB=1 -DUSE_ALLOCATABLES -Dwrfmodel -DGRIB1 -DINTIO -DKEEP_INT_AROUND -DLIMIT_ARGS -DBUILD_RRTMG_FAST=0 -DBUILD_RRTMK=0 -DBUILD_SBM_FAST=1 -DSHOW_ALL_VARS_USED=0 -DCONFIG_BUF_LEN=65536 -DMAX_DOMAINS_F=21 -DMAX_HISTORY=25 -DNMM_NEST=0  -I. -traditional-cpp -DUSE_NETCDF4_FEATURES -DWRFIO_NCD_LARGE_FILE_SUPPORT   module_diag_afwa.G  > module_diag_afwa.bb
/global/scratch/users/adamwise/compiling/WRFv4.4-DRM_real_GAD_slices_CPM/tools/standard.exe module_diag_afwa.bb | /lib/cpp -P -nostdinc -traditional-cpp -DUSE_NETCDF4_FEATURES -DWRFIO_NCD_LARGE_FILE_SUPPORT > module_diag_afwa.f90
rm -f module_diag_afwa.G module_diag_afwa.bb
time mpif90 -f90=ifort -o module_diag_afwa.o -c -O3 -ip -fp-model precise -w -ftz -align all -fno-alias -FR -convert big_endian    -I../dyn_em  -I/global/scratch/users/adamwise/compiling/WRFv4.4-DRM_real_GAD_slices_CPM/external/esmf_time_f90  -I/global/scratch/users/adamwise/compiling/WRFv4.4-DRM_real_GAD_slices_CPM/main -I/global/scratch/users/adamwise/compiling/WRFv4.4-DRM_real_GAD_slices_CPM/external/io_netcdf -I/global/scratch/users/adamwise/compiling/WRFv4.4-DRM_real_GAD_slices_CPM/external/io_int -I/global/scratch/users/adamwise/compiling/WRFv4.4-DRM_real_GAD_slices_CPM/frame -I/global/scratch/users/adamwise/compiling/WRFv4.4-DRM_real_GAD_slices_CPM/share -I/global/scratch/users/adamwise/compiling/WRFv4.4-DRM_real_GAD_slices_CPM/phys -I/global/scratch/users/adamwise/compiling/WRFv4.4-DRM_real_GAD_slices_CPM/wrftladj -I/global/scratch/users/adamwise/compiling/WRFv4.4-DRM_real_GAD_slices_CPM/chem -I/global/scratch/users/adamwise/compiling/WRFv4.4-DRM_real_GAD_slices_CPM/inc -I/global/software/sl-7.x86_64/modules/intel/2016.4.072/netcdf/4.4.1.1-intel-s/include  -real-size `expr 8 \* 4` -i4  module_diag_afwa.f90

real	0m5.341s
user	0m4.837s
sys	0m0.248s
rm -f module_wind_param_driver.o
sed -e "s/^\!.*'.*//" -e "s/^ *\!.*'.*//" module_wind_param_driver.F > module_wind_param_driver.G
/lib/cpp -P -nostdinc -I/global/scratch/users/adamwise/compiling/WRFv4.4-DRM_real_GAD_slices_CPM/inc -DEM_CORE=1 -DNMM_CORE=0 -DNMM_MAX_DIM=2600 -DDA_CORE=0 -DWRFPLUS=0 -DIWORDSIZE=4 -DDWORDSIZE=8 -DRWORDSIZE=4 -DLWORDSIZE=4 -DNONSTANDARD_SYSTEM_FUNC  -DWRF_USE_CLM -DUSE_NETCDF4_FEATURES -DWRFIO_NCD_LARGE_FILE_SUPPORT  -DDM_PARALLEL -DNETCDF -DLANDREAD_STUB=1 -DUSE_ALLOCATABLES -Dwrfmodel -DGRIB1 -DINTIO -DKEEP_INT_AROUND -DLIMIT_ARGS -DBUILD_RRTMG_FAST=0 -DBUILD_RRTMK=0 -DBUILD_SBM_FAST=1 -DSHOW_ALL_VARS_USED=0 -DCONFIG_BUF_LEN=65536 -DMAX_DOMAINS_F=21 -DMAX_HISTORY=25 -DNMM_NEST=0  -I. -traditional-cpp -DUSE_NETCDF4_FEATURES -DWRFIO_NCD_LARGE_FILE_SUPPORT   module_wind_param_driver.G  > module_wind_param_driver.bb
/global/scratch/users/adamwise/compiling/WRFv4.4-DRM_real_GAD_slices_CPM/tools/standard.exe module_wind_param_driver.bb | /lib/cpp -P -nostdinc -traditional-cpp -DUSE_NETCDF4_FEATURES -DWRFIO_NCD_LARGE_FILE_SUPPORT > module_wind_param_driver.f90
rm -f module_wind_param_driver.G module_wind_param_driver.bb
time mpif90 -f90=ifort -o module_wind_param_driver.o -c -O3 -ip -fp-model precise -w -ftz -align all -fno-alias -FR -convert big_endian    -I../dyn_em  -I/global/scratch/users/adamwise/compiling/WRFv4.4-DRM_real_GAD_slices_CPM/external/esmf_time_f90  -I/global/scratch/users/adamwise/compiling/WRFv4.4-DRM_real_GAD_slices_CPM/main -I/global/scratch/users/adamwise/compiling/WRFv4.4-DRM_real_GAD_slices_CPM/external/io_netcdf -I/global/scratch/users/adamwise/compiling/WRFv4.4-DRM_real_GAD_slices_CPM/external/io_int -I/global/scratch/users/adamwise/compiling/WRFv4.4-DRM_real_GAD_slices_CPM/frame -I/global/scratch/users/adamwise/compiling/WRFv4.4-DRM_real_GAD_slices_CPM/share -I/global/scratch/users/adamwise/compiling/WRFv4.4-DRM_real_GAD_slices_CPM/phys -I/global/scratch/users/adamwise/compiling/WRFv4.4-DRM_real_GAD_slices_CPM/wrftladj -I/global/scratch/users/adamwise/compiling/WRFv4.4-DRM_real_GAD_slices_CPM/chem -I/global/scratch/users/adamwise/compiling/WRFv4.4-DRM_real_GAD_slices_CPM/inc -I/global/software/sl-7.x86_64/modules/intel/2016.4.072/netcdf/4.4.1.1-intel-s/include  -real-size `expr 8 \* 4` -i4  module_wind_param_driver.f90

real	0m1.270s
user	0m0.867s
sys	0m0.156s
rm -f module_fr_fire_core.o
sed -e "s/^\!.*'.*//" -e "s/^ *\!.*'.*//" module_fr_fire_core.F > module_fr_fire_core.G
/lib/cpp -P -nostdinc -I/global/scratch/users/adamwise/compiling/WRFv4.4-DRM_real_GAD_slices_CPM/inc -DEM_CORE=1 -DNMM_CORE=0 -DNMM_MAX_DIM=2600 -DDA_CORE=0 -DWRFPLUS=0 -DIWORDSIZE=4 -DDWORDSIZE=8 -DRWORDSIZE=4 -DLWORDSIZE=4 -DNONSTANDARD_SYSTEM_FUNC  -DWRF_USE_CLM -DUSE_NETCDF4_FEATURES -DWRFIO_NCD_LARGE_FILE_SUPPORT  -DDM_PARALLEL -DNETCDF -DLANDREAD_STUB=1 -DUSE_ALLOCATABLES -Dwrfmodel -DGRIB1 -DINTIO -DKEEP_INT_AROUND -DLIMIT_ARGS -DBUILD_RRTMG_FAST=0 -DBUILD_RRTMK=0 -DBUILD_SBM_FAST=1 -DSHOW_ALL_VARS_USED=0 -DCONFIG_BUF_LEN=65536 -DMAX_DOMAINS_F=21 -DMAX_HISTORY=25 -DNMM_NEST=0  -I. -traditional-cpp -DUSE_NETCDF4_FEATURES -DWRFIO_NCD_LARGE_FILE_SUPPORT   module_fr_fire_core.G  > module_fr_fire_core.bb
/global/scratch/users/adamwise/compiling/WRFv4.4-DRM_real_GAD_slices_CPM/tools/standard.exe module_fr_fire_core.bb | /lib/cpp -P -nostdinc -traditional-cpp -DUSE_NETCDF4_FEATURES -DWRFIO_NCD_LARGE_FILE_SUPPORT > module_fr_fire_core.f90
rm -f module_fr_fire_core.G module_fr_fire_core.bb
time mpif90 -f90=ifort -o module_fr_fire_core.o -c -O3 -ip -fp-model precise -w -ftz -align all -fno-alias -FR -convert big_endian    -I../dyn_em  -I/global/scratch/users/adamwise/compiling/WRFv4.4-DRM_real_GAD_slices_CPM/external/esmf_time_f90  -I/global/scratch/users/adamwise/compiling/WRFv4.4-DRM_real_GAD_slices_CPM/main -I/global/scratch/users/adamwise/compiling/WRFv4.4-DRM_real_GAD_slices_CPM/external/io_netcdf -I/global/scratch/users/adamwise/compiling/WRFv4.4-DRM_real_GAD_slices_CPM/external/io_int -I/global/scratch/users/adamwise/compiling/WRFv4.4-DRM_real_GAD_slices_CPM/frame -I/global/scratch/users/adamwise/compiling/WRFv4.4-DRM_real_GAD_slices_CPM/share -I/global/scratch/users/adamwise/compiling/WRFv4.4-DRM_real_GAD_slices_CPM/phys -I/global/scratch/users/adamwise/compiling/WRFv4.4-DRM_real_GAD_slices_CPM/wrftladj -I/global/scratch/users/adamwise/compiling/WRFv4.4-DRM_real_GAD_slices_CPM/chem -I/global/scratch/users/adamwise/compiling/WRFv4.4-DRM_real_GAD_slices_CPM/inc -I/global/software/sl-7.x86_64/modules/intel/2016.4.072/netcdf/4.4.1.1-intel-s/include  -real-size `expr 8 \* 4` -i4  module_fr_fire_core.f90

real	0m9.140s
user	0m7.443s
sys	0m1.405s
rm -f module_cam_gffgch.o
sed -e "s/^\!.*'.*//" -e "s/^ *\!.*'.*//" module_cam_gffgch.F > module_cam_gffgch.G
/lib/cpp -P -nostdinc -I/global/scratch/users/adamwise/compiling/WRFv4.4-DRM_real_GAD_slices_CPM/inc -DEM_CORE=1 -DNMM_CORE=0 -DNMM_MAX_DIM=2600 -DDA_CORE=0 -DWRFPLUS=0 -DIWORDSIZE=4 -DDWORDSIZE=8 -DRWORDSIZE=4 -DLWORDSIZE=4 -DNONSTANDARD_SYSTEM_FUNC  -DWRF_USE_CLM -DUSE_NETCDF4_FEATURES -DWRFIO_NCD_LARGE_FILE_SUPPORT  -DDM_PARALLEL -DNETCDF -DLANDREAD_STUB=1 -DUSE_ALLOCATABLES -Dwrfmodel -DGRIB1 -DINTIO -DKEEP_INT_AROUND -DLIMIT_ARGS -DBUILD_RRTMG_FAST=0 -DBUILD_RRTMK=0 -DBUILD_SBM_FAST=1 -DSHOW_ALL_VARS_USED=0 -DCONFIG_BUF_LEN=65536 -DMAX_DOMAINS_F=21 -DMAX_HISTORY=25 -DNMM_NEST=0  -I. -traditional-cpp -DUSE_NETCDF4_FEATURES -DWRFIO_NCD_LARGE_FILE_SUPPORT   module_cam_gffgch.G  > module_cam_gffgch.bb
/global/scratch/users/adamwise/compiling/WRFv4.4-DRM_real_GAD_slices_CPM/tools/standard.exe module_cam_gffgch.bb | /lib/cpp -P -nostdinc -traditional-cpp -DUSE_NETCDF4_FEATURES -DWRFIO_NCD_LARGE_FILE_SUPPORT > module_cam_gffgch.f90
rm -f module_cam_gffgch.G module_cam_gffgch.bb
time mpif90 -f90=ifort -o module_cam_gffgch.o -c -O3 -ip -fp-model precise -w -ftz -align all -fno-alias -FR -convert big_endian    -I../dyn_em  -I/global/scratch/users/adamwise/compiling/WRFv4.4-DRM_real_GAD_slices_CPM/external/esmf_time_f90  -I/global/scratch/users/adamwise/compiling/WRFv4.4-DRM_real_GAD_slices_CPM/main -I/global/scratch/users/adamwise/compiling/WRFv4.4-DRM_real_GAD_slices_CPM/external/io_netcdf -I/global/scratch/users/adamwise/compiling/WRFv4.4-DRM_real_GAD_slices_CPM/external/io_int -I/global/scratch/users/adamwise/compiling/WRFv4.4-DRM_real_GAD_slices_CPM/frame -I/global/scratch/users/adamwise/compiling/WRFv4.4-DRM_real_GAD_slices_CPM/share -I/global/scratch/users/adamwise/compiling/WRFv4.4-DRM_real_GAD_slices_CPM/phys -I/global/scratch/users/adamwise/compiling/WRFv4.4-DRM_real_GAD_slices_CPM/wrftladj -I/global/scratch/users/adamwise/compiling/WRFv4.4-DRM_real_GAD_slices_CPM/chem -I/global/scratch/users/adamwise/compiling/WRFv4.4-DRM_real_GAD_slices_CPM/inc -I/global/software/sl-7.x86_64/modules/intel/2016.4.072/netcdf/4.4.1.1-intel-s/include  -real-size `expr 8 \* 4` -i4  module_cam_gffgch.f90

real	0m0.361s
user	0m0.063s
sys	0m0.088s
rm -f module_cam_constituents.o
sed -e "s/^\!.*'.*//" -e "s/^ *\!.*'.*//" module_cam_constituents.F > module_cam_constituents.G
/lib/cpp -P -nostdinc -I/global/scratch/users/adamwise/compiling/WRFv4.4-DRM_real_GAD_slices_CPM/inc -DEM_CORE=1 -DNMM_CORE=0 -DNMM_MAX_DIM=2600 -DDA_CORE=0 -DWRFPLUS=0 -DIWORDSIZE=4 -DDWORDSIZE=8 -DRWORDSIZE=4 -DLWORDSIZE=4 -DNONSTANDARD_SYSTEM_FUNC  -DWRF_USE_CLM -DUSE_NETCDF4_FEATURES -DWRFIO_NCD_LARGE_FILE_SUPPORT  -DDM_PARALLEL -DNETCDF -DLANDREAD_STUB=1 -DUSE_ALLOCATABLES -Dwrfmodel -DGRIB1 -DINTIO -DKEEP_INT_AROUND -DLIMIT_ARGS -DBUILD_RRTMG_FAST=0 -DBUILD_RRTMK=0 -DBUILD_SBM_FAST=1 -DSHOW_ALL_VARS_USED=0 -DCONFIG_BUF_LEN=65536 -DMAX_DOMAINS_F=21 -DMAX_HISTORY=25 -DNMM_NEST=0  -I. -traditional-cpp -DUSE_NETCDF4_FEATURES -DWRFIO_NCD_LARGE_FILE_SUPPORT   module_cam_constituents.G  > module_cam_constituents.bb
/global/scratch/users/adamwise/compiling/WRFv4.4-DRM_real_GAD_slices_CPM/tools/standard.exe module_cam_constituents.bb | /lib/cpp -P -nostdinc -traditional-cpp -DUSE_NETCDF4_FEATURES -DWRFIO_NCD_LARGE_FILE_SUPPORT > module_cam_constituents.f90
rm -f module_cam_constituents.G module_cam_constituents.bb
time mpif90 -f90=ifort -o module_cam_constituents.o -c -O3 -ip -fp-model precise -w -ftz -align all -fno-alias -FR -convert big_endian    -I../dyn_em  -I/global/scratch/users/adamwise/compiling/WRFv4.4-DRM_real_GAD_slices_CPM/external/esmf_time_f90  -I/global/scratch/users/adamwise/compiling/WRFv4.4-DRM_real_GAD_slices_CPM/main -I/global/scratch/users/adamwise/compiling/WRFv4.4-DRM_real_GAD_slices_CPM/external/io_netcdf -I/global/scratch/users/adamwise/compiling/WRFv4.4-DRM_real_GAD_slices_CPM/external/io_int -I/global/scratch/users/adamwise/compiling/WRFv4.4-DRM_real_GAD_slices_CPM/frame -I/global/scratch/users/adamwise/compiling/WRFv4.4-DRM_real_GAD_slices_CPM/share -I/global/scratch/users/adamwise/compiling/WRFv4.4-DRM_real_GAD_slices_CPM/phys -I/global/scratch/users/adamwise/compiling/WRFv4.4-DRM_real_GAD_slices_CPM/wrftladj -I/global/scratch/users/adamwise/compiling/WRFv4.4-DRM_real_GAD_slices_CPM/chem -I/global/scratch/users/adamwise/compiling/WRFv4.4-DRM_real_GAD_slices_CPM/inc -I/global/software/sl-7.x86_64/modules/intel/2016.4.072/netcdf/4.4.1.1-intel-s/include  -real-size `expr 8 \* 4` -i4  module_cam_constituents.f90

real	0m0.463s
user	0m0.141s
sys	0m0.112s
rm -f module_cam_mp_modal_aero_initialize_data_phys.o
sed -e "s/^\!.*'.*//" -e "s/^ *\!.*'.*//" module_cam_mp_modal_aero_initialize_data_phys.F > module_cam_mp_modal_aero_initialize_data_phys.G
/lib/cpp -P -nostdinc -I/global/scratch/users/adamwise/compiling/WRFv4.4-DRM_real_GAD_slices_CPM/inc -DEM_CORE=1 -DNMM_CORE=0 -DNMM_MAX_DIM=2600 -DDA_CORE=0 -DWRFPLUS=0 -DIWORDSIZE=4 -DDWORDSIZE=8 -DRWORDSIZE=4 -DLWORDSIZE=4 -DNONSTANDARD_SYSTEM_FUNC  -DWRF_USE_CLM -DUSE_NETCDF4_FEATURES -DWRFIO_NCD_LARGE_FILE_SUPPORT  -DDM_PARALLEL -DNETCDF -DLANDREAD_STUB=1 -DUSE_ALLOCATABLES -Dwrfmodel -DGRIB1 -DINTIO -DKEEP_INT_AROUND -DLIMIT_ARGS -DBUILD_RRTMG_FAST=0 -DBUILD_RRTMK=0 -DBUILD_SBM_FAST=1 -DSHOW_ALL_VARS_USED=0 -DCONFIG_BUF_LEN=65536 -DMAX_DOMAINS_F=21 -DMAX_HISTORY=25 -DNMM_NEST=0  -I. -traditional-cpp -DUSE_NETCDF4_FEATURES -DWRFIO_NCD_LARGE_FILE_SUPPORT   module_cam_mp_modal_aero_initialize_data_phys.G  > module_cam_mp_modal_aero_initialize_data_phys.bb
/global/scratch/users/adamwise/compiling/WRFv4.4-DRM_real_GAD_slices_CPM/tools/standard.exe module_cam_mp_modal_aero_initialize_data_phys.bb | /lib/cpp -P -nostdinc -traditional-cpp -DUSE_NETCDF4_FEATURES -DWRFIO_NCD_LARGE_FILE_SUPPORT > module_cam_mp_modal_aero_initialize_data_phys.f90
rm -f module_cam_mp_modal_aero_initialize_data_phys.G module_cam_mp_modal_aero_initialize_data_phys.bb
time mpif90 -f90=ifort -o module_cam_mp_modal_aero_initialize_data_phys.o -c -O3 -ip -fp-model precise -w -ftz -align all -fno-alias -FR -convert big_endian    -I../dyn_em  -I/global/scratch/users/adamwise/compiling/WRFv4.4-DRM_real_GAD_slices_CPM/external/esmf_time_f90  -I/global/scratch/users/adamwise/compiling/WRFv4.4-DRM_real_GAD_slices_CPM/main -I/global/scratch/users/adamwise/compiling/WRFv4.4-DRM_real_GAD_slices_CPM/external/io_netcdf -I/global/scratch/users/adamwise/compiling/WRFv4.4-DRM_real_GAD_slices_CPM/external/io_int -I/global/scratch/users/adamwise/compiling/WRFv4.4-DRM_real_GAD_slices_CPM/frame -I/global/scratch/users/adamwise/compiling/WRFv4.4-DRM_real_GAD_slices_CPM/share -I/global/scratch/users/adamwise/compiling/WRFv4.4-DRM_real_GAD_slices_CPM/phys -I/global/scratch/users/adamwise/compiling/WRFv4.4-DRM_real_GAD_slices_CPM/wrftladj -I/global/scratch/users/adamwise/compiling/WRFv4.4-DRM_real_GAD_slices_CPM/chem -I/global/scratch/users/adamwise/compiling/WRFv4.4-DRM_real_GAD_slices_CPM/inc -I/global/software/sl-7.x86_64/modules/intel/2016.4.072/netcdf/4.4.1.1-intel-s/include  -real-size `expr 8 \* 4` -i4  module_cam_mp_modal_aero_initialize_data_phys.f90

real	0m0.438s
user	0m0.123s
sys	0m0.105s
rm -f module_cu_gf_sh.o
sed -e "s/^\!.*'.*//" -e "s/^ *\!.*'.*//" module_cu_gf_sh.F > module_cu_gf_sh.G
/lib/cpp -P -nostdinc -I/global/scratch/users/adamwise/compiling/WRFv4.4-DRM_real_GAD_slices_CPM/inc -DEM_CORE=1 -DNMM_CORE=0 -DNMM_MAX_DIM=2600 -DDA_CORE=0 -DWRFPLUS=0 -DIWORDSIZE=4 -DDWORDSIZE=8 -DRWORDSIZE=4 -DLWORDSIZE=4 -DNONSTANDARD_SYSTEM_FUNC  -DWRF_USE_CLM -DUSE_NETCDF4_FEATURES -DWRFIO_NCD_LARGE_FILE_SUPPORT  -DDM_PARALLEL -DNETCDF -DLANDREAD_STUB=1 -DUSE_ALLOCATABLES -Dwrfmodel -DGRIB1 -DINTIO -DKEEP_INT_AROUND -DLIMIT_ARGS -DBUILD_RRTMG_FAST=0 -DBUILD_RRTMK=0 -DBUILD_SBM_FAST=1 -DSHOW_ALL_VARS_USED=0 -DCONFIG_BUF_LEN=65536 -DMAX_DOMAINS_F=21 -DMAX_HISTORY=25 -DNMM_NEST=0  -I. -traditional-cpp -DUSE_NETCDF4_FEATURES -DWRFIO_NCD_LARGE_FILE_SUPPORT   module_cu_gf_sh.G  > module_cu_gf_sh.bb
/global/scratch/users/adamwise/compiling/WRFv4.4-DRM_real_GAD_slices_CPM/tools/standard.exe module_cu_gf_sh.bb | /lib/cpp -P -nostdinc -traditional-cpp -DUSE_NETCDF4_FEATURES -DWRFIO_NCD_LARGE_FILE_SUPPORT > module_cu_gf_sh.f90
rm -f module_cu_gf_sh.G module_cu_gf_sh.bb
time mpif90 -f90=ifort -o module_cu_gf_sh.o -c -O3 -ip -fp-model precise -w -ftz -align all -fno-alias -FR -convert big_endian    -I../dyn_em  -I/global/scratch/users/adamwise/compiling/WRFv4.4-DRM_real_GAD_slices_CPM/external/esmf_time_f90  -I/global/scratch/users/adamwise/compiling/WRFv4.4-DRM_real_GAD_slices_CPM/main -I/global/scratch/users/adamwise/compiling/WRFv4.4-DRM_real_GAD_slices_CPM/external/io_netcdf -I/global/scratch/users/adamwise/compiling/WRFv4.4-DRM_real_GAD_slices_CPM/external/io_int -I/global/scratch/users/adamwise/compiling/WRFv4.4-DRM_real_GAD_slices_CPM/frame -I/global/scratch/users/adamwise/compiling/WRFv4.4-DRM_real_GAD_slices_CPM/share -I/global/scratch/users/adamwise/compiling/WRFv4.4-DRM_real_GAD_slices_CPM/phys -I/global/scratch/users/adamwise/compiling/WRFv4.4-DRM_real_GAD_slices_CPM/wrftladj -I/global/scratch/users/adamwise/compiling/WRFv4.4-DRM_real_GAD_slices_CPM/chem -I/global/scratch/users/adamwise/compiling/WRFv4.4-DRM_real_GAD_slices_CPM/inc -I/global/software/sl-7.x86_64/modules/intel/2016.4.072/netcdf/4.4.1.1-intel-s/include  -real-size `expr 8 \* 4` -i4  module_cu_gf_sh.f90

real	0m1.880s
user	0m1.528s
sys	0m0.138s
rm -f module_radiation_driver.o
sed -e "s/^\!.*'.*//" -e "s/^ *\!.*'.*//" module_radiation_driver.F > module_radiation_driver.G
/lib/cpp -P -nostdinc -I/global/scratch/users/adamwise/compiling/WRFv4.4-DRM_real_GAD_slices_CPM/inc -DEM_CORE=1 -DNMM_CORE=0 -DNMM_MAX_DIM=2600 -DDA_CORE=0 -DWRFPLUS=0 -DIWORDSIZE=4 -DDWORDSIZE=8 -DRWORDSIZE=4 -DLWORDSIZE=4 -DNONSTANDARD_SYSTEM_FUNC  -DWRF_USE_CLM -DUSE_NETCDF4_FEATURES -DWRFIO_NCD_LARGE_FILE_SUPPORT  -DDM_PARALLEL -DNETCDF -DLANDREAD_STUB=1 -DUSE_ALLOCATABLES -Dwrfmodel -DGRIB1 -DINTIO -DKEEP_INT_AROUND -DLIMIT_ARGS -DBUILD_RRTMG_FAST=0 -DBUILD_RRTMK=0 -DBUILD_SBM_FAST=1 -DSHOW_ALL_VARS_USED=0 -DCONFIG_BUF_LEN=65536 -DMAX_DOMAINS_F=21 -DMAX_HISTORY=25 -DNMM_NEST=0  -I. -traditional-cpp -DUSE_NETCDF4_FEATURES -DWRFIO_NCD_LARGE_FILE_SUPPORT   module_radiation_driver.G  > module_radiation_driver.bb
/global/scratch/users/adamwise/compiling/WRFv4.4-DRM_real_GAD_slices_CPM/tools/standard.exe module_radiation_driver.bb | /lib/cpp -P -nostdinc -traditional-cpp -DUSE_NETCDF4_FEATURES -DWRFIO_NCD_LARGE_FILE_SUPPORT > module_radiation_driver.f90
rm -f module_radiation_driver.G module_radiation_driver.bb
time mpif90 -f90=ifort -o module_radiation_driver.o -c -O3 -ip -fp-model precise -w -ftz -align all -fno-alias -FR -convert big_endian    -I../dyn_em  -I/global/scratch/users/adamwise/compiling/WRFv4.4-DRM_real_GAD_slices_CPM/external/esmf_time_f90  -I/global/scratch/users/adamwise/compiling/WRFv4.4-DRM_real_GAD_slices_CPM/main -I/global/scratch/users/adamwise/compiling/WRFv4.4-DRM_real_GAD_slices_CPM/external/io_netcdf -I/global/scratch/users/adamwise/compiling/WRFv4.4-DRM_real_GAD_slices_CPM/external/io_int -I/global/scratch/users/adamwise/compiling/WRFv4.4-DRM_real_GAD_slices_CPM/frame -I/global/scratch/users/adamwise/compiling/WRFv4.4-DRM_real_GAD_slices_CPM/share -I/global/scratch/users/adamwise/compiling/WRFv4.4-DRM_real_GAD_slices_CPM/phys -I/global/scratch/users/adamwise/compiling/WRFv4.4-DRM_real_GAD_slices_CPM/wrftladj -I/global/scratch/users/adamwise/compiling/WRFv4.4-DRM_real_GAD_slices_CPM/chem -I/global/scratch/users/adamwise/compiling/WRFv4.4-DRM_real_GAD_slices_CPM/inc -I/global/software/sl-7.x86_64/modules/intel/2016.4.072/netcdf/4.4.1.1-intel-s/include  -real-size `expr 8 \* 4` -i4  module_radiation_driver.f90

real	0m22.506s
user	0m19.020s
sys	0m1.112s
rm -f module_sf_noahdrv.o
sed -e "s/^\!.*'.*//" -e "s/^ *\!.*'.*//" module_sf_noahdrv.F > module_sf_noahdrv.G
/lib/cpp -P -nostdinc -I/global/scratch/users/adamwise/compiling/WRFv4.4-DRM_real_GAD_slices_CPM/inc -DEM_CORE=1 -DNMM_CORE=0 -DNMM_MAX_DIM=2600 -DDA_CORE=0 -DWRFPLUS=0 -DIWORDSIZE=4 -DDWORDSIZE=8 -DRWORDSIZE=4 -DLWORDSIZE=4 -DNONSTANDARD_SYSTEM_FUNC  -DWRF_USE_CLM -DUSE_NETCDF4_FEATURES -DWRFIO_NCD_LARGE_FILE_SUPPORT  -DDM_PARALLEL -DNETCDF -DLANDREAD_STUB=1 -DUSE_ALLOCATABLES -Dwrfmodel -DGRIB1 -DINTIO -DKEEP_INT_AROUND -DLIMIT_ARGS -DBUILD_RRTMG_FAST=0 -DBUILD_RRTMK=0 -DBUILD_SBM_FAST=1 -DSHOW_ALL_VARS_USED=0 -DCONFIG_BUF_LEN=65536 -DMAX_DOMAINS_F=21 -DMAX_HISTORY=25 -DNMM_NEST=0  -I. -traditional-cpp -DUSE_NETCDF4_FEATURES -DWRFIO_NCD_LARGE_FILE_SUPPORT   module_sf_noahdrv.G  > module_sf_noahdrv.bb
/global/scratch/users/adamwise/compiling/WRFv4.4-DRM_real_GAD_slices_CPM/tools/standard.exe module_sf_noahdrv.bb | /lib/cpp -P -nostdinc -traditional-cpp -DUSE_NETCDF4_FEATURES -DWRFIO_NCD_LARGE_FILE_SUPPORT > module_sf_noahdrv.f90
rm -f module_sf_noahdrv.G module_sf_noahdrv.bb
time mpif90 -f90=ifort -o module_sf_noahdrv.o -c -O3 -ip -fp-model precise -w -ftz -align all -fno-alias -FR -convert big_endian    -I../dyn_em  -I/global/scratch/users/adamwise/compiling/WRFv4.4-DRM_real_GAD_slices_CPM/external/esmf_time_f90  -I/global/scratch/users/adamwise/compiling/WRFv4.4-DRM_real_GAD_slices_CPM/main -I/global/scratch/users/adamwise/compiling/WRFv4.4-DRM_real_GAD_slices_CPM/external/io_netcdf -I/global/scratch/users/adamwise/compiling/WRFv4.4-DRM_real_GAD_slices_CPM/external/io_int -I/global/scratch/users/adamwise/compiling/WRFv4.4-DRM_real_GAD_slices_CPM/frame -I/global/scratch/users/adamwise/compiling/WRFv4.4-DRM_real_GAD_slices_CPM/share -I/global/scratch/users/adamwise/compiling/WRFv4.4-DRM_real_GAD_slices_CPM/phys -I/global/scratch/users/adamwise/compiling/WRFv4.4-DRM_real_GAD_slices_CPM/wrftladj -I/global/scratch/users/adamwise/compiling/WRFv4.4-DRM_real_GAD_slices_CPM/chem -I/global/scratch/users/adamwise/compiling/WRFv4.4-DRM_real_GAD_slices_CPM/inc -I/global/software/sl-7.x86_64/modules/intel/2016.4.072/netcdf/4.4.1.1-intel-s/include  -real-size `expr 8 \* 4` -i4  module_sf_noahdrv.f90

real	0m9.930s
user	0m9.257s
sys	0m0.324s
rm -f module_diagnostics_driver.o
sed -e "s/^\!.*'.*//" -e "s/^ *\!.*'.*//" module_diagnostics_driver.F > module_diagnostics_driver.G
/lib/cpp -P -nostdinc -I/global/scratch/users/adamwise/compiling/WRFv4.4-DRM_real_GAD_slices_CPM/inc -DEM_CORE=1 -DNMM_CORE=0 -DNMM_MAX_DIM=2600 -DDA_CORE=0 -DWRFPLUS=0 -DIWORDSIZE=4 -DDWORDSIZE=8 -DRWORDSIZE=4 -DLWORDSIZE=4 -DNONSTANDARD_SYSTEM_FUNC  -DWRF_USE_CLM -DUSE_NETCDF4_FEATURES -DWRFIO_NCD_LARGE_FILE_SUPPORT  -DDM_PARALLEL -DNETCDF -DLANDREAD_STUB=1 -DUSE_ALLOCATABLES -Dwrfmodel -DGRIB1 -DINTIO -DKEEP_INT_AROUND -DLIMIT_ARGS -DBUILD_RRTMG_FAST=0 -DBUILD_RRTMK=0 -DBUILD_SBM_FAST=1 -DSHOW_ALL_VARS_USED=0 -DCONFIG_BUF_LEN=65536 -DMAX_DOMAINS_F=21 -DMAX_HISTORY=25 -DNMM_NEST=0  -I. -traditional-cpp -DUSE_NETCDF4_FEATURES -DWRFIO_NCD_LARGE_FILE_SUPPORT   module_diagnostics_driver.G  > module_diagnostics_driver.bb
/global/scratch/users/adamwise/compiling/WRFv4.4-DRM_real_GAD_slices_CPM/tools/standard.exe module_diagnostics_driver.bb | /lib/cpp -P -nostdinc -traditional-cpp -DUSE_NETCDF4_FEATURES -DWRFIO_NCD_LARGE_FILE_SUPPORT > module_diagnostics_driver.f90
rm -f module_diagnostics_driver.G module_diagnostics_driver.bb
time mpif90 -f90=ifort -o module_diagnostics_driver.o -c -O3 -ip -fp-model precise -w -ftz -align all -fno-alias -FR -convert big_endian    -I../dyn_em  -I/global/scratch/users/adamwise/compiling/WRFv4.4-DRM_real_GAD_slices_CPM/external/esmf_time_f90  -I/global/scratch/users/adamwise/compiling/WRFv4.4-DRM_real_GAD_slices_CPM/main -I/global/scratch/users/adamwise/compiling/WRFv4.4-DRM_real_GAD_slices_CPM/external/io_netcdf -I/global/scratch/users/adamwise/compiling/WRFv4.4-DRM_real_GAD_slices_CPM/external/io_int -I/global/scratch/users/adamwise/compiling/WRFv4.4-DRM_real_GAD_slices_CPM/frame -I/global/scratch/users/adamwise/compiling/WRFv4.4-DRM_real_GAD_slices_CPM/share -I/global/scratch/users/adamwise/compiling/WRFv4.4-DRM_real_GAD_slices_CPM/phys -I/global/scratch/users/adamwise/compiling/WRFv4.4-DRM_real_GAD_slices_CPM/wrftladj -I/global/scratch/users/adamwise/compiling/WRFv4.4-DRM_real_GAD_slices_CPM/chem -I/global/scratch/users/adamwise/compiling/WRFv4.4-DRM_real_GAD_slices_CPM/inc -I/global/software/sl-7.x86_64/modules/intel/2016.4.072/netcdf/4.4.1.1-intel-s/include  -real-size `expr 8 \* 4` -i4  module_diagnostics_driver.f90

real	0m12.235s
user	0m11.648s
sys	0m0.315s
rm -f module_fr_fire_model.o
sed -e "s/^\!.*'.*//" -e "s/^ *\!.*'.*//" module_fr_fire_model.F > module_fr_fire_model.G
/lib/cpp -P -nostdinc -I/global/scratch/users/adamwise/compiling/WRFv4.4-DRM_real_GAD_slices_CPM/inc -DEM_CORE=1 -DNMM_CORE=0 -DNMM_MAX_DIM=2600 -DDA_CORE=0 -DWRFPLUS=0 -DIWORDSIZE=4 -DDWORDSIZE=8 -DRWORDSIZE=4 -DLWORDSIZE=4 -DNONSTANDARD_SYSTEM_FUNC  -DWRF_USE_CLM -DUSE_NETCDF4_FEATURES -DWRFIO_NCD_LARGE_FILE_SUPPORT  -DDM_PARALLEL -DNETCDF -DLANDREAD_STUB=1 -DUSE_ALLOCATABLES -Dwrfmodel -DGRIB1 -DINTIO -DKEEP_INT_AROUND -DLIMIT_ARGS -DBUILD_RRTMG_FAST=0 -DBUILD_RRTMK=0 -DBUILD_SBM_FAST=1 -DSHOW_ALL_VARS_USED=0 -DCONFIG_BUF_LEN=65536 -DMAX_DOMAINS_F=21 -DMAX_HISTORY=25 -DNMM_NEST=0  -I. -traditional-cpp -DUSE_NETCDF4_FEATURES -DWRFIO_NCD_LARGE_FILE_SUPPORT   module_fr_fire_model.G  > module_fr_fire_model.bb
/global/scratch/users/adamwise/compiling/WRFv4.4-DRM_real_GAD_slices_CPM/tools/standard.exe module_fr_fire_model.bb | /lib/cpp -P -nostdinc -traditional-cpp -DUSE_NETCDF4_FEATURES -DWRFIO_NCD_LARGE_FILE_SUPPORT > module_fr_fire_model.f90
rm -f module_fr_fire_model.G module_fr_fire_model.bb
time mpif90 -f90=ifort -o module_fr_fire_model.o -c -O3 -ip -fp-model precise -w -ftz -align all -fno-alias -FR -convert big_endian    -I../dyn_em  -I/global/scratch/users/adamwise/compiling/WRFv4.4-DRM_real_GAD_slices_CPM/external/esmf_time_f90  -I/global/scratch/users/adamwise/compiling/WRFv4.4-DRM_real_GAD_slices_CPM/main -I/global/scratch/users/adamwise/compiling/WRFv4.4-DRM_real_GAD_slices_CPM/external/io_netcdf -I/global/scratch/users/adamwise/compiling/WRFv4.4-DRM_real_GAD_slices_CPM/external/io_int -I/global/scratch/users/adamwise/compiling/WRFv4.4-DRM_real_GAD_slices_CPM/frame -I/global/scratch/users/adamwise/compiling/WRFv4.4-DRM_real_GAD_slices_CPM/share -I/global/scratch/users/adamwise/compiling/WRFv4.4-DRM_real_GAD_slices_CPM/phys -I/global/scratch/users/adamwise/compiling/WRFv4.4-DRM_real_GAD_slices_CPM/wrftladj -I/global/scratch/users/adamwise/compiling/WRFv4.4-DRM_real_GAD_slices_CPM/chem -I/global/scratch/users/adamwise/compiling/WRFv4.4-DRM_real_GAD_slices_CPM/inc -I/global/software/sl-7.x86_64/modules/intel/2016.4.072/netcdf/4.4.1.1-intel-s/include  -real-size `expr 8 \* 4` -i4  module_fr_fire_model.f90

real	0m4.879s
user	0m3.765s
sys	0m0.860s
rm -f module_cam_wv_saturation.o
sed -e "s/^\!.*'.*//" -e "s/^ *\!.*'.*//" module_cam_wv_saturation.F > module_cam_wv_saturation.G
/lib/cpp -P -nostdinc -I/global/scratch/users/adamwise/compiling/WRFv4.4-DRM_real_GAD_slices_CPM/inc -DEM_CORE=1 -DNMM_CORE=0 -DNMM_MAX_DIM=2600 -DDA_CORE=0 -DWRFPLUS=0 -DIWORDSIZE=4 -DDWORDSIZE=8 -DRWORDSIZE=4 -DLWORDSIZE=4 -DNONSTANDARD_SYSTEM_FUNC  -DWRF_USE_CLM -DUSE_NETCDF4_FEATURES -DWRFIO_NCD_LARGE_FILE_SUPPORT  -DDM_PARALLEL -DNETCDF -DLANDREAD_STUB=1 -DUSE_ALLOCATABLES -Dwrfmodel -DGRIB1 -DINTIO -DKEEP_INT_AROUND -DLIMIT_ARGS -DBUILD_RRTMG_FAST=0 -DBUILD_RRTMK=0 -DBUILD_SBM_FAST=1 -DSHOW_ALL_VARS_USED=0 -DCONFIG_BUF_LEN=65536 -DMAX_DOMAINS_F=21 -DMAX_HISTORY=25 -DNMM_NEST=0  -I. -traditional-cpp -DUSE_NETCDF4_FEATURES -DWRFIO_NCD_LARGE_FILE_SUPPORT   module_cam_wv_saturation.G  > module_cam_wv_saturation.bb
/global/scratch/users/adamwise/compiling/WRFv4.4-DRM_real_GAD_slices_CPM/tools/standard.exe module_cam_wv_saturation.bb | /lib/cpp -P -nostdinc -traditional-cpp -DUSE_NETCDF4_FEATURES -DWRFIO_NCD_LARGE_FILE_SUPPORT > module_cam_wv_saturation.f90
rm -f module_cam_wv_saturation.G module_cam_wv_saturation.bb
time mpif90 -f90=ifort -o module_cam_wv_saturation.o -c -O3 -ip -fp-model precise -w -ftz -align all -fno-alias -FR -convert big_endian    -I../dyn_em  -I/global/scratch/users/adamwise/compiling/WRFv4.4-DRM_real_GAD_slices_CPM/external/esmf_time_f90  -I/global/scratch/users/adamwise/compiling/WRFv4.4-DRM_real_GAD_slices_CPM/main -I/global/scratch/users/adamwise/compiling/WRFv4.4-DRM_real_GAD_slices_CPM/external/io_netcdf -I/global/scratch/users/adamwise/compiling/WRFv4.4-DRM_real_GAD_slices_CPM/external/io_int -I/global/scratch/users/adamwise/compiling/WRFv4.4-DRM_real_GAD_slices_CPM/frame -I/global/scratch/users/adamwise/compiling/WRFv4.4-DRM_real_GAD_slices_CPM/share -I/global/scratch/users/adamwise/compiling/WRFv4.4-DRM_real_GAD_slices_CPM/phys -I/global/scratch/users/adamwise/compiling/WRFv4.4-DRM_real_GAD_slices_CPM/wrftladj -I/global/scratch/users/adamwise/compiling/WRFv4.4-DRM_real_GAD_slices_CPM/chem -I/global/scratch/users/adamwise/compiling/WRFv4.4-DRM_real_GAD_slices_CPM/inc -I/global/software/sl-7.x86_64/modules/intel/2016.4.072/netcdf/4.4.1.1-intel-s/include  -real-size `expr 8 \* 4` -i4  module_cam_wv_saturation.f90

real	0m0.784s
user	0m0.445s
sys	0m0.123s
rm -f module_cam_molec_diff.o
sed -e "s/^\!.*'.*//" -e "s/^ *\!.*'.*//" module_cam_molec_diff.F > module_cam_molec_diff.G
/lib/cpp -P -nostdinc -I/global/scratch/users/adamwise/compiling/WRFv4.4-DRM_real_GAD_slices_CPM/inc -DEM_CORE=1 -DNMM_CORE=0 -DNMM_MAX_DIM=2600 -DDA_CORE=0 -DWRFPLUS=0 -DIWORDSIZE=4 -DDWORDSIZE=8 -DRWORDSIZE=4 -DLWORDSIZE=4 -DNONSTANDARD_SYSTEM_FUNC  -DWRF_USE_CLM -DUSE_NETCDF4_FEATURES -DWRFIO_NCD_LARGE_FILE_SUPPORT  -DDM_PARALLEL -DNETCDF -DLANDREAD_STUB=1 -DUSE_ALLOCATABLES -Dwrfmodel -DGRIB1 -DINTIO -DKEEP_INT_AROUND -DLIMIT_ARGS -DBUILD_RRTMG_FAST=0 -DBUILD_RRTMK=0 -DBUILD_SBM_FAST=1 -DSHOW_ALL_VARS_USED=0 -DCONFIG_BUF_LEN=65536 -DMAX_DOMAINS_F=21 -DMAX_HISTORY=25 -DNMM_NEST=0  -I. -traditional-cpp -DUSE_NETCDF4_FEATURES -DWRFIO_NCD_LARGE_FILE_SUPPORT   module_cam_molec_diff.G  > module_cam_molec_diff.bb
/global/scratch/users/adamwise/compiling/WRFv4.4-DRM_real_GAD_slices_CPM/tools/standard.exe module_cam_molec_diff.bb | /lib/cpp -P -nostdinc -traditional-cpp -DUSE_NETCDF4_FEATURES -DWRFIO_NCD_LARGE_FILE_SUPPORT > module_cam_molec_diff.f90
rm -f module_cam_molec_diff.G module_cam_molec_diff.bb
time mpif90 -f90=ifort -o module_cam_molec_diff.o -c -O3 -ip -fp-model precise -w -ftz -align all -fno-alias -FR -convert big_endian    -I../dyn_em  -I/global/scratch/users/adamwise/compiling/WRFv4.4-DRM_real_GAD_slices_CPM/external/esmf_time_f90  -I/global/scratch/users/adamwise/compiling/WRFv4.4-DRM_real_GAD_slices_CPM/main -I/global/scratch/users/adamwise/compiling/WRFv4.4-DRM_real_GAD_slices_CPM/external/io_netcdf -I/global/scratch/users/adamwise/compiling/WRFv4.4-DRM_real_GAD_slices_CPM/external/io_int -I/global/scratch/users/adamwise/compiling/WRFv4.4-DRM_real_GAD_slices_CPM/frame -I/global/scratch/users/adamwise/compiling/WRFv4.4-DRM_real_GAD_slices_CPM/share -I/global/scratch/users/adamwise/compiling/WRFv4.4-DRM_real_GAD_slices_CPM/phys -I/global/scratch/users/adamwise/compiling/WRFv4.4-DRM_real_GAD_slices_CPM/wrftladj -I/global/scratch/users/adamwise/compiling/WRFv4.4-DRM_real_GAD_slices_CPM/chem -I/global/scratch/users/adamwise/compiling/WRFv4.4-DRM_real_GAD_slices_CPM/inc -I/global/software/sl-7.x86_64/modules/intel/2016.4.072/netcdf/4.4.1.1-intel-s/include  -real-size `expr 8 \* 4` -i4  module_cam_molec_diff.f90

real	0m0.996s
user	0m0.670s
sys	0m0.113s
rm -f module_cam_mp_ndrop.o
sed -e "s/^\!.*'.*//" -e "s/^ *\!.*'.*//" module_cam_mp_ndrop.F > module_cam_mp_ndrop.G
/lib/cpp -P -nostdinc -I/global/scratch/users/adamwise/compiling/WRFv4.4-DRM_real_GAD_slices_CPM/inc -DEM_CORE=1 -DNMM_CORE=0 -DNMM_MAX_DIM=2600 -DDA_CORE=0 -DWRFPLUS=0 -DIWORDSIZE=4 -DDWORDSIZE=8 -DRWORDSIZE=4 -DLWORDSIZE=4 -DNONSTANDARD_SYSTEM_FUNC  -DWRF_USE_CLM -DUSE_NETCDF4_FEATURES -DWRFIO_NCD_LARGE_FILE_SUPPORT  -DDM_PARALLEL -DNETCDF -DLANDREAD_STUB=1 -DUSE_ALLOCATABLES -Dwrfmodel -DGRIB1 -DINTIO -DKEEP_INT_AROUND -DLIMIT_ARGS -DBUILD_RRTMG_FAST=0 -DBUILD_RRTMK=0 -DBUILD_SBM_FAST=1 -DSHOW_ALL_VARS_USED=0 -DCONFIG_BUF_LEN=65536 -DMAX_DOMAINS_F=21 -DMAX_HISTORY=25 -DNMM_NEST=0  -I. -traditional-cpp -DUSE_NETCDF4_FEATURES -DWRFIO_NCD_LARGE_FILE_SUPPORT   module_cam_mp_ndrop.G  > module_cam_mp_ndrop.bb
/global/scratch/users/adamwise/compiling/WRFv4.4-DRM_real_GAD_slices_CPM/tools/standard.exe module_cam_mp_ndrop.bb | /lib/cpp -P -nostdinc -traditional-cpp -DUSE_NETCDF4_FEATURES -DWRFIO_NCD_LARGE_FILE_SUPPORT > module_cam_mp_ndrop.f90
rm -f module_cam_mp_ndrop.G module_cam_mp_ndrop.bb
time mpif90 -f90=ifort -o module_cam_mp_ndrop.o -c -O3 -ip -fp-model precise -w -ftz -align all -fno-alias -FR -convert big_endian    -I../dyn_em  -I/global/scratch/users/adamwise/compiling/WRFv4.4-DRM_real_GAD_slices_CPM/external/esmf_time_f90  -I/global/scratch/users/adamwise/compiling/WRFv4.4-DRM_real_GAD_slices_CPM/main -I/global/scratch/users/adamwise/compiling/WRFv4.4-DRM_real_GAD_slices_CPM/external/io_netcdf -I/global/scratch/users/adamwise/compiling/WRFv4.4-DRM_real_GAD_slices_CPM/external/io_int -I/global/scratch/users/adamwise/compiling/WRFv4.4-DRM_real_GAD_slices_CPM/frame -I/global/scratch/users/adamwise/compiling/WRFv4.4-DRM_real_GAD_slices_CPM/share -I/global/scratch/users/adamwise/compiling/WRFv4.4-DRM_real_GAD_slices_CPM/phys -I/global/scratch/users/adamwise/compiling/WRFv4.4-DRM_real_GAD_slices_CPM/wrftladj -I/global/scratch/users/adamwise/compiling/WRFv4.4-DRM_real_GAD_slices_CPM/chem -I/global/scratch/users/adamwise/compiling/WRFv4.4-DRM_real_GAD_slices_CPM/inc -I/global/software/sl-7.x86_64/modules/intel/2016.4.072/netcdf/4.4.1.1-intel-s/include  -real-size `expr 8 \* 4` -i4  module_cam_mp_ndrop.f90

real	0m3.660s
user	0m3.261s
sys	0m0.176s
rm -f module_cam_mp_cldwat2m_micro.o
sed -e "s/^\!.*'.*//" -e "s/^ *\!.*'.*//" module_cam_mp_cldwat2m_micro.F > module_cam_mp_cldwat2m_micro.G
/lib/cpp -P -nostdinc -I/global/scratch/users/adamwise/compiling/WRFv4.4-DRM_real_GAD_slices_CPM/inc -DEM_CORE=1 -DNMM_CORE=0 -DNMM_MAX_DIM=2600 -DDA_CORE=0 -DWRFPLUS=0 -DIWORDSIZE=4 -DDWORDSIZE=8 -DRWORDSIZE=4 -DLWORDSIZE=4 -DNONSTANDARD_SYSTEM_FUNC  -DWRF_USE_CLM -DUSE_NETCDF4_FEATURES -DWRFIO_NCD_LARGE_FILE_SUPPORT  -DDM_PARALLEL -DNETCDF -DLANDREAD_STUB=1 -DUSE_ALLOCATABLES -Dwrfmodel -DGRIB1 -DINTIO -DKEEP_INT_AROUND -DLIMIT_ARGS -DBUILD_RRTMG_FAST=0 -DBUILD_RRTMK=0 -DBUILD_SBM_FAST=1 -DSHOW_ALL_VARS_USED=0 -DCONFIG_BUF_LEN=65536 -DMAX_DOMAINS_F=21 -DMAX_HISTORY=25 -DNMM_NEST=0  -I. -traditional-cpp -DUSE_NETCDF4_FEATURES -DWRFIO_NCD_LARGE_FILE_SUPPORT   module_cam_mp_cldwat2m_micro.G  > module_cam_mp_cldwat2m_micro.bb
/global/scratch/users/adamwise/compiling/WRFv4.4-DRM_real_GAD_slices_CPM/tools/standard.exe module_cam_mp_cldwat2m_micro.bb | /lib/cpp -P -nostdinc -traditional-cpp -DUSE_NETCDF4_FEATURES -DWRFIO_NCD_LARGE_FILE_SUPPORT > module_cam_mp_cldwat2m_micro.f90
rm -f module_cam_mp_cldwat2m_micro.G module_cam_mp_cldwat2m_micro.bb
time mpif90 -f90=ifort -o module_cam_mp_cldwat2m_micro.o -c -O3 -ip -fp-model precise -w -ftz -align all -fno-alias -FR -convert big_endian    -I../dyn_em  -I/global/scratch/users/adamwise/compiling/WRFv4.4-DRM_real_GAD_slices_CPM/external/esmf_time_f90  -I/global/scratch/users/adamwise/compiling/WRFv4.4-DRM_real_GAD_slices_CPM/main -I/global/scratch/users/adamwise/compiling/WRFv4.4-DRM_real_GAD_slices_CPM/external/io_netcdf -I/global/scratch/users/adamwise/compiling/WRFv4.4-DRM_real_GAD_slices_CPM/external/io_int -I/global/scratch/users/adamwise/compiling/WRFv4.4-DRM_real_GAD_slices_CPM/frame -I/global/scratch/users/adamwise/compiling/WRFv4.4-DRM_real_GAD_slices_CPM/share -I/global/scratch/users/adamwise/compiling/WRFv4.4-DRM_real_GAD_slices_CPM/phys -I/global/scratch/users/adamwise/compiling/WRFv4.4-DRM_real_GAD_slices_CPM/wrftladj -I/global/scratch/users/adamwise/compiling/WRFv4.4-DRM_real_GAD_slices_CPM/chem -I/global/scratch/users/adamwise/compiling/WRFv4.4-DRM_real_GAD_slices_CPM/inc -I/global/software/sl-7.x86_64/modules/intel/2016.4.072/netcdf/4.4.1.1-intel-s/include  -real-size `expr 8 \* 4` -i4  module_cam_mp_cldwat2m_micro.f90

real	0m10.255s
user	0m9.734s
sys	0m0.299s
rm -f module_cu_gf_wrfdrv.o
sed -e "s/^\!.*'.*//" -e "s/^ *\!.*'.*//" module_cu_gf_wrfdrv.F > module_cu_gf_wrfdrv.G
/lib/cpp -P -nostdinc -I/global/scratch/users/adamwise/compiling/WRFv4.4-DRM_real_GAD_slices_CPM/inc -DEM_CORE=1 -DNMM_CORE=0 -DNMM_MAX_DIM=2600 -DDA_CORE=0 -DWRFPLUS=0 -DIWORDSIZE=4 -DDWORDSIZE=8 -DRWORDSIZE=4 -DLWORDSIZE=4 -DNONSTANDARD_SYSTEM_FUNC  -DWRF_USE_CLM -DUSE_NETCDF4_FEATURES -DWRFIO_NCD_LARGE_FILE_SUPPORT  -DDM_PARALLEL -DNETCDF -DLANDREAD_STUB=1 -DUSE_ALLOCATABLES -Dwrfmodel -DGRIB1 -DINTIO -DKEEP_INT_AROUND -DLIMIT_ARGS -DBUILD_RRTMG_FAST=0 -DBUILD_RRTMK=0 -DBUILD_SBM_FAST=1 -DSHOW_ALL_VARS_USED=0 -DCONFIG_BUF_LEN=65536 -DMAX_DOMAINS_F=21 -DMAX_HISTORY=25 -DNMM_NEST=0  -I. -traditional-cpp -DUSE_NETCDF4_FEATURES -DWRFIO_NCD_LARGE_FILE_SUPPORT   module_cu_gf_wrfdrv.G  > module_cu_gf_wrfdrv.bb
/global/scratch/users/adamwise/compiling/WRFv4.4-DRM_real_GAD_slices_CPM/tools/standard.exe module_cu_gf_wrfdrv.bb | /lib/cpp -P -nostdinc -traditional-cpp -DUSE_NETCDF4_FEATURES -DWRFIO_NCD_LARGE_FILE_SUPPORT > module_cu_gf_wrfdrv.f90
rm -f module_cu_gf_wrfdrv.G module_cu_gf_wrfdrv.bb
time mpif90 -f90=ifort -o module_cu_gf_wrfdrv.o -c -O3 -ip -fp-model precise -w -ftz -align all -fno-alias -FR -convert big_endian    -I../dyn_em  -I/global/scratch/users/adamwise/compiling/WRFv4.4-DRM_real_GAD_slices_CPM/external/esmf_time_f90  -I/global/scratch/users/adamwise/compiling/WRFv4.4-DRM_real_GAD_slices_CPM/main -I/global/scratch/users/adamwise/compiling/WRFv4.4-DRM_real_GAD_slices_CPM/external/io_netcdf -I/global/scratch/users/adamwise/compiling/WRFv4.4-DRM_real_GAD_slices_CPM/external/io_int -I/global/scratch/users/adamwise/compiling/WRFv4.4-DRM_real_GAD_slices_CPM/frame -I/global/scratch/users/adamwise/compiling/WRFv4.4-DRM_real_GAD_slices_CPM/share -I/global/scratch/users/adamwise/compiling/WRFv4.4-DRM_real_GAD_slices_CPM/phys -I/global/scratch/users/adamwise/compiling/WRFv4.4-DRM_real_GAD_slices_CPM/wrftladj -I/global/scratch/users/adamwise/compiling/WRFv4.4-DRM_real_GAD_slices_CPM/chem -I/global/scratch/users/adamwise/compiling/WRFv4.4-DRM_real_GAD_slices_CPM/inc -I/global/software/sl-7.x86_64/modules/intel/2016.4.072/netcdf/4.4.1.1-intel-s/include  -real-size `expr 8 \* 4` -i4  module_cu_gf_wrfdrv.f90

real	0m3.101s
user	0m2.703s
sys	0m0.181s
rm -f module_mixactivate.o
sed -e "s/^\!.*'.*//" -e "s/^ *\!.*'.*//" module_mixactivate.F > module_mixactivate.G
/lib/cpp -P -nostdinc -I/global/scratch/users/adamwise/compiling/WRFv4.4-DRM_real_GAD_slices_CPM/inc -DEM_CORE=1 -DNMM_CORE=0 -DNMM_MAX_DIM=2600 -DDA_CORE=0 -DWRFPLUS=0 -DIWORDSIZE=4 -DDWORDSIZE=8 -DRWORDSIZE=4 -DLWORDSIZE=4 -DNONSTANDARD_SYSTEM_FUNC  -DWRF_USE_CLM -DUSE_NETCDF4_FEATURES -DWRFIO_NCD_LARGE_FILE_SUPPORT  -DDM_PARALLEL -DNETCDF -DLANDREAD_STUB=1 -DUSE_ALLOCATABLES -Dwrfmodel -DGRIB1 -DINTIO -DKEEP_INT_AROUND -DLIMIT_ARGS -DBUILD_RRTMG_FAST=0 -DBUILD_RRTMK=0 -DBUILD_SBM_FAST=1 -DSHOW_ALL_VARS_USED=0 -DCONFIG_BUF_LEN=65536 -DMAX_DOMAINS_F=21 -DMAX_HISTORY=25 -DNMM_NEST=0  -I. -traditional-cpp -DUSE_NETCDF4_FEATURES -DWRFIO_NCD_LARGE_FILE_SUPPORT   module_mixactivate.G  > module_mixactivate.bb
/global/scratch/users/adamwise/compiling/WRFv4.4-DRM_real_GAD_slices_CPM/tools/standard.exe module_mixactivate.bb | /lib/cpp -P -nostdinc -traditional-cpp -DUSE_NETCDF4_FEATURES -DWRFIO_NCD_LARGE_FILE_SUPPORT > module_mixactivate.f90
rm -f module_mixactivate.G module_mixactivate.bb
time mpif90 -f90=ifort -o module_mixactivate.o -c -O3 -ip -fp-model precise -w -ftz -align all -fno-alias -FR -convert big_endian    -I../dyn_em  -I/global/scratch/users/adamwise/compiling/WRFv4.4-DRM_real_GAD_slices_CPM/external/esmf_time_f90  -I/global/scratch/users/adamwise/compiling/WRFv4.4-DRM_real_GAD_slices_CPM/main -I/global/scratch/users/adamwise/compiling/WRFv4.4-DRM_real_GAD_slices_CPM/external/io_netcdf -I/global/scratch/users/adamwise/compiling/WRFv4.4-DRM_real_GAD_slices_CPM/external/io_int -I/global/scratch/users/adamwise/compiling/WRFv4.4-DRM_real_GAD_slices_CPM/frame -I/global/scratch/users/adamwise/compiling/WRFv4.4-DRM_real_GAD_slices_CPM/share -I/global/scratch/users/adamwise/compiling/WRFv4.4-DRM_real_GAD_slices_CPM/phys -I/global/scratch/users/adamwise/compiling/WRFv4.4-DRM_real_GAD_slices_CPM/wrftladj -I/global/scratch/users/adamwise/compiling/WRFv4.4-DRM_real_GAD_slices_CPM/chem -I/global/scratch/users/adamwise/compiling/WRFv4.4-DRM_real_GAD_slices_CPM/inc -I/global/software/sl-7.x86_64/modules/intel/2016.4.072/netcdf/4.4.1.1-intel-s/include  -real-size `expr 8 \* 4` -i4  module_mixactivate.f90

real	0m7.845s
user	0m7.387s
sys	0m0.232s
rm -f module_fr_fire_driver.o
sed -e "s/^\!.*'.*//" -e "s/^ *\!.*'.*//" module_fr_fire_driver.F > module_fr_fire_driver.G
/lib/cpp -P -nostdinc -I/global/scratch/users/adamwise/compiling/WRFv4.4-DRM_real_GAD_slices_CPM/inc -DEM_CORE=1 -DNMM_CORE=0 -DNMM_MAX_DIM=2600 -DDA_CORE=0 -DWRFPLUS=0 -DIWORDSIZE=4 -DDWORDSIZE=8 -DRWORDSIZE=4 -DLWORDSIZE=4 -DNONSTANDARD_SYSTEM_FUNC  -DWRF_USE_CLM -DUSE_NETCDF4_FEATURES -DWRFIO_NCD_LARGE_FILE_SUPPORT  -DDM_PARALLEL -DNETCDF -DLANDREAD_STUB=1 -DUSE_ALLOCATABLES -Dwrfmodel -DGRIB1 -DINTIO -DKEEP_INT_AROUND -DLIMIT_ARGS -DBUILD_RRTMG_FAST=0 -DBUILD_RRTMK=0 -DBUILD_SBM_FAST=1 -DSHOW_ALL_VARS_USED=0 -DCONFIG_BUF_LEN=65536 -DMAX_DOMAINS_F=21 -DMAX_HISTORY=25 -DNMM_NEST=0  -I. -traditional-cpp -DUSE_NETCDF4_FEATURES -DWRFIO_NCD_LARGE_FILE_SUPPORT   module_fr_fire_driver.G  > module_fr_fire_driver.bb
/global/scratch/users/adamwise/compiling/WRFv4.4-DRM_real_GAD_slices_CPM/tools/standard.exe module_fr_fire_driver.bb | /lib/cpp -P -nostdinc -traditional-cpp -DUSE_NETCDF4_FEATURES -DWRFIO_NCD_LARGE_FILE_SUPPORT > module_fr_fire_driver.f90
rm -f module_fr_fire_driver.G module_fr_fire_driver.bb
time mpif90 -f90=ifort -o module_fr_fire_driver.o -c -O3 -ip -fp-model precise -w -ftz -align all -fno-alias -FR -convert big_endian    -I../dyn_em  -I/global/scratch/users/adamwise/compiling/WRFv4.4-DRM_real_GAD_slices_CPM/external/esmf_time_f90  -I/global/scratch/users/adamwise/compiling/WRFv4.4-DRM_real_GAD_slices_CPM/main -I/global/scratch/users/adamwise/compiling/WRFv4.4-DRM_real_GAD_slices_CPM/external/io_netcdf -I/global/scratch/users/adamwise/compiling/WRFv4.4-DRM_real_GAD_slices_CPM/external/io_int -I/global/scratch/users/adamwise/compiling/WRFv4.4-DRM_real_GAD_slices_CPM/frame -I/global/scratch/users/adamwise/compiling/WRFv4.4-DRM_real_GAD_slices_CPM/share -I/global/scratch/users/adamwise/compiling/WRFv4.4-DRM_real_GAD_slices_CPM/phys -I/global/scratch/users/adamwise/compiling/WRFv4.4-DRM_real_GAD_slices_CPM/wrftladj -I/global/scratch/users/adamwise/compiling/WRFv4.4-DRM_real_GAD_slices_CPM/chem -I/global/scratch/users/adamwise/compiling/WRFv4.4-DRM_real_GAD_slices_CPM/inc -I/global/software/sl-7.x86_64/modules/intel/2016.4.072/netcdf/4.4.1.1-intel-s/include  -real-size `expr 8 \* 4` -i4  module_fr_fire_driver.f90

real	0m9.030s
user	0m7.682s
sys	0m1.048s
rm -f module_cam_cldwat.o
sed -e "s/^\!.*'.*//" -e "s/^ *\!.*'.*//" module_cam_cldwat.F > module_cam_cldwat.G
/lib/cpp -P -nostdinc -I/global/scratch/users/adamwise/compiling/WRFv4.4-DRM_real_GAD_slices_CPM/inc -DEM_CORE=1 -DNMM_CORE=0 -DNMM_MAX_DIM=2600 -DDA_CORE=0 -DWRFPLUS=0 -DIWORDSIZE=4 -DDWORDSIZE=8 -DRWORDSIZE=4 -DLWORDSIZE=4 -DNONSTANDARD_SYSTEM_FUNC  -DWRF_USE_CLM -DUSE_NETCDF4_FEATURES -DWRFIO_NCD_LARGE_FILE_SUPPORT  -DDM_PARALLEL -DNETCDF -DLANDREAD_STUB=1 -DUSE_ALLOCATABLES -Dwrfmodel -DGRIB1 -DINTIO -DKEEP_INT_AROUND -DLIMIT_ARGS -DBUILD_RRTMG_FAST=0 -DBUILD_RRTMK=0 -DBUILD_SBM_FAST=1 -DSHOW_ALL_VARS_USED=0 -DCONFIG_BUF_LEN=65536 -DMAX_DOMAINS_F=21 -DMAX_HISTORY=25 -DNMM_NEST=0  -I. -traditional-cpp -DUSE_NETCDF4_FEATURES -DWRFIO_NCD_LARGE_FILE_SUPPORT   module_cam_cldwat.G  > module_cam_cldwat.bb
/global/scratch/users/adamwise/compiling/WRFv4.4-DRM_real_GAD_slices_CPM/tools/standard.exe module_cam_cldwat.bb | /lib/cpp -P -nostdinc -traditional-cpp -DUSE_NETCDF4_FEATURES -DWRFIO_NCD_LARGE_FILE_SUPPORT > module_cam_cldwat.f90
rm -f module_cam_cldwat.G module_cam_cldwat.bb
time mpif90 -f90=ifort -o module_cam_cldwat.o -c -O3 -ip -fp-model precise -w -ftz -align all -fno-alias -FR -convert big_endian    -I../dyn_em  -I/global/scratch/users/adamwise/compiling/WRFv4.4-DRM_real_GAD_slices_CPM/external/esmf_time_f90  -I/global/scratch/users/adamwise/compiling/WRFv4.4-DRM_real_GAD_slices_CPM/main -I/global/scratch/users/adamwise/compiling/WRFv4.4-DRM_real_GAD_slices_CPM/external/io_netcdf -I/global/scratch/users/adamwise/compiling/WRFv4.4-DRM_real_GAD_slices_CPM/external/io_int -I/global/scratch/users/adamwise/compiling/WRFv4.4-DRM_real_GAD_slices_CPM/frame -I/global/scratch/users/adamwise/compiling/WRFv4.4-DRM_real_GAD_slices_CPM/share -I/global/scratch/users/adamwise/compiling/WRFv4.4-DRM_real_GAD_slices_CPM/phys -I/global/scratch/users/adamwise/compiling/WRFv4.4-DRM_real_GAD_slices_CPM/wrftladj -I/global/scratch/users/adamwise/compiling/WRFv4.4-DRM_real_GAD_slices_CPM/chem -I/global/scratch/users/adamwise/compiling/WRFv4.4-DRM_real_GAD_slices_CPM/inc -I/global/software/sl-7.x86_64/modules/intel/2016.4.072/netcdf/4.4.1.1-intel-s/include  -real-size `expr 8 \* 4` -i4  module_cam_cldwat.f90

real	0m0.609s
user	0m0.077s
sys	0m0.108s
rm -f module_cam_esinti.o
sed -e "s/^\!.*'.*//" -e "s/^ *\!.*'.*//" module_cam_esinti.F > module_cam_esinti.G
/lib/cpp -P -nostdinc -I/global/scratch/users/adamwise/compiling/WRFv4.4-DRM_real_GAD_slices_CPM/inc -DEM_CORE=1 -DNMM_CORE=0 -DNMM_MAX_DIM=2600 -DDA_CORE=0 -DWRFPLUS=0 -DIWORDSIZE=4 -DDWORDSIZE=8 -DRWORDSIZE=4 -DLWORDSIZE=4 -DNONSTANDARD_SYSTEM_FUNC  -DWRF_USE_CLM -DUSE_NETCDF4_FEATURES -DWRFIO_NCD_LARGE_FILE_SUPPORT  -DDM_PARALLEL -DNETCDF -DLANDREAD_STUB=1 -DUSE_ALLOCATABLES -Dwrfmodel -DGRIB1 -DINTIO -DKEEP_INT_AROUND -DLIMIT_ARGS -DBUILD_RRTMG_FAST=0 -DBUILD_RRTMK=0 -DBUILD_SBM_FAST=1 -DSHOW_ALL_VARS_USED=0 -DCONFIG_BUF_LEN=65536 -DMAX_DOMAINS_F=21 -DMAX_HISTORY=25 -DNMM_NEST=0  -I. -traditional-cpp -DUSE_NETCDF4_FEATURES -DWRFIO_NCD_LARGE_FILE_SUPPORT   module_cam_esinti.G  > module_cam_esinti.bb
/global/scratch/users/adamwise/compiling/WRFv4.4-DRM_real_GAD_slices_CPM/tools/standard.exe module_cam_esinti.bb | /lib/cpp -P -nostdinc -traditional-cpp -DUSE_NETCDF4_FEATURES -DWRFIO_NCD_LARGE_FILE_SUPPORT > module_cam_esinti.f90
rm -f module_cam_esinti.G module_cam_esinti.bb
time mpif90 -f90=ifort -o module_cam_esinti.o -c -O3 -ip -fp-model precise -w -ftz -align all -fno-alias -FR -convert big_endian    -I../dyn_em  -I/global/scratch/users/adamwise/compiling/WRFv4.4-DRM_real_GAD_slices_CPM/external/esmf_time_f90  -I/global/scratch/users/adamwise/compiling/WRFv4.4-DRM_real_GAD_slices_CPM/main -I/global/scratch/users/adamwise/compiling/WRFv4.4-DRM_real_GAD_slices_CPM/external/io_netcdf -I/global/scratch/users/adamwise/compiling/WRFv4.4-DRM_real_GAD_slices_CPM/external/io_int -I/global/scratch/users/adamwise/compiling/WRFv4.4-DRM_real_GAD_slices_CPM/frame -I/global/scratch/users/adamwise/compiling/WRFv4.4-DRM_real_GAD_slices_CPM/share -I/global/scratch/users/adamwise/compiling/WRFv4.4-DRM_real_GAD_slices_CPM/phys -I/global/scratch/users/adamwise/compiling/WRFv4.4-DRM_real_GAD_slices_CPM/wrftladj -I/global/scratch/users/adamwise/compiling/WRFv4.4-DRM_real_GAD_slices_CPM/chem -I/global/scratch/users/adamwise/compiling/WRFv4.4-DRM_real_GAD_slices_CPM/inc -I/global/software/sl-7.x86_64/modules/intel/2016.4.072/netcdf/4.4.1.1-intel-s/include  -real-size `expr 8 \* 4` -i4  module_cam_esinti.f90

real	0m0.340s
user	0m0.047s
sys	0m0.085s
rm -f module_cam_mp_microp_aero.o
sed -e "s/^\!.*'.*//" -e "s/^ *\!.*'.*//" module_cam_mp_microp_aero.F > module_cam_mp_microp_aero.G
/lib/cpp -P -nostdinc -I/global/scratch/users/adamwise/compiling/WRFv4.4-DRM_real_GAD_slices_CPM/inc -DEM_CORE=1 -DNMM_CORE=0 -DNMM_MAX_DIM=2600 -DDA_CORE=0 -DWRFPLUS=0 -DIWORDSIZE=4 -DDWORDSIZE=8 -DRWORDSIZE=4 -DLWORDSIZE=4 -DNONSTANDARD_SYSTEM_FUNC  -DWRF_USE_CLM -DUSE_NETCDF4_FEATURES -DWRFIO_NCD_LARGE_FILE_SUPPORT  -DDM_PARALLEL -DNETCDF -DLANDREAD_STUB=1 -DUSE_ALLOCATABLES -Dwrfmodel -DGRIB1 -DINTIO -DKEEP_INT_AROUND -DLIMIT_ARGS -DBUILD_RRTMG_FAST=0 -DBUILD_RRTMK=0 -DBUILD_SBM_FAST=1 -DSHOW_ALL_VARS_USED=0 -DCONFIG_BUF_LEN=65536 -DMAX_DOMAINS_F=21 -DMAX_HISTORY=25 -DNMM_NEST=0  -I. -traditional-cpp -DUSE_NETCDF4_FEATURES -DWRFIO_NCD_LARGE_FILE_SUPPORT   module_cam_mp_microp_aero.G  > module_cam_mp_microp_aero.bb
/global/scratch/users/adamwise/compiling/WRFv4.4-DRM_real_GAD_slices_CPM/tools/standard.exe module_cam_mp_microp_aero.bb | /lib/cpp -P -nostdinc -traditional-cpp -DUSE_NETCDF4_FEATURES -DWRFIO_NCD_LARGE_FILE_SUPPORT > module_cam_mp_microp_aero.f90
rm -f module_cam_mp_microp_aero.G module_cam_mp_microp_aero.bb
time mpif90 -f90=ifort -o module_cam_mp_microp_aero.o -c -O3 -ip -fp-model precise -w -ftz -align all -fno-alias -FR -convert big_endian    -I../dyn_em  -I/global/scratch/users/adamwise/compiling/WRFv4.4-DRM_real_GAD_slices_CPM/external/esmf_time_f90  -I/global/scratch/users/adamwise/compiling/WRFv4.4-DRM_real_GAD_slices_CPM/main -I/global/scratch/users/adamwise/compiling/WRFv4.4-DRM_real_GAD_slices_CPM/external/io_netcdf -I/global/scratch/users/adamwise/compiling/WRFv4.4-DRM_real_GAD_slices_CPM/external/io_int -I/global/scratch/users/adamwise/compiling/WRFv4.4-DRM_real_GAD_slices_CPM/frame -I/global/scratch/users/adamwise/compiling/WRFv4.4-DRM_real_GAD_slices_CPM/share -I/global/scratch/users/adamwise/compiling/WRFv4.4-DRM_real_GAD_slices_CPM/phys -I/global/scratch/users/adamwise/compiling/WRFv4.4-DRM_real_GAD_slices_CPM/wrftladj -I/global/scratch/users/adamwise/compiling/WRFv4.4-DRM_real_GAD_slices_CPM/chem -I/global/scratch/users/adamwise/compiling/WRFv4.4-DRM_real_GAD_slices_CPM/inc -I/global/software/sl-7.x86_64/modules/intel/2016.4.072/netcdf/4.4.1.1-intel-s/include  -real-size `expr 8 \* 4` -i4  module_cam_mp_microp_aero.f90

real	0m1.454s
user	0m1.110s
sys	0m0.125s
rm -f module_bl_camuwpbl_driver.o
sed -e "s/^\!.*'.*//" -e "s/^ *\!.*'.*//" module_bl_camuwpbl_driver.F > module_bl_camuwpbl_driver.G
/lib/cpp -P -nostdinc -I/global/scratch/users/adamwise/compiling/WRFv4.4-DRM_real_GAD_slices_CPM/inc -DEM_CORE=1 -DNMM_CORE=0 -DNMM_MAX_DIM=2600 -DDA_CORE=0 -DWRFPLUS=0 -DIWORDSIZE=4 -DDWORDSIZE=8 -DRWORDSIZE=4 -DLWORDSIZE=4 -DNONSTANDARD_SYSTEM_FUNC  -DWRF_USE_CLM -DUSE_NETCDF4_FEATURES -DWRFIO_NCD_LARGE_FILE_SUPPORT  -DDM_PARALLEL -DNETCDF -DLANDREAD_STUB=1 -DUSE_ALLOCATABLES -Dwrfmodel -DGRIB1 -DINTIO -DKEEP_INT_AROUND -DLIMIT_ARGS -DBUILD_RRTMG_FAST=0 -DBUILD_RRTMK=0 -DBUILD_SBM_FAST=1 -DSHOW_ALL_VARS_USED=0 -DCONFIG_BUF_LEN=65536 -DMAX_DOMAINS_F=21 -DMAX_HISTORY=25 -DNMM_NEST=0  -I. -traditional-cpp -DUSE_NETCDF4_FEATURES -DWRFIO_NCD_LARGE_FILE_SUPPORT   module_bl_camuwpbl_driver.G  > module_bl_camuwpbl_driver.bb
/global/scratch/users/adamwise/compiling/WRFv4.4-DRM_real_GAD_slices_CPM/tools/standard.exe module_bl_camuwpbl_driver.bb | /lib/cpp -P -nostdinc -traditional-cpp -DUSE_NETCDF4_FEATURES -DWRFIO_NCD_LARGE_FILE_SUPPORT > module_bl_camuwpbl_driver.f90
rm -f module_bl_camuwpbl_driver.G module_bl_camuwpbl_driver.bb
time mpif90 -f90=ifort -o module_bl_camuwpbl_driver.o -c -O3 -ip -fp-model precise -w -ftz -align all -fno-alias -FR -convert big_endian    -I../dyn_em  -I/global/scratch/users/adamwise/compiling/WRFv4.4-DRM_real_GAD_slices_CPM/external/esmf_time_f90  -I/global/scratch/users/adamwise/compiling/WRFv4.4-DRM_real_GAD_slices_CPM/main -I/global/scratch/users/adamwise/compiling/WRFv4.4-DRM_real_GAD_slices_CPM/external/io_netcdf -I/global/scratch/users/adamwise/compiling/WRFv4.4-DRM_real_GAD_slices_CPM/external/io_int -I/global/scratch/users/adamwise/compiling/WRFv4.4-DRM_real_GAD_slices_CPM/frame -I/global/scratch/users/adamwise/compiling/WRFv4.4-DRM_real_GAD_slices_CPM/share -I/global/scratch/users/adamwise/compiling/WRFv4.4-DRM_real_GAD_slices_CPM/phys -I/global/scratch/users/adamwise/compiling/WRFv4.4-DRM_real_GAD_slices_CPM/wrftladj -I/global/scratch/users/adamwise/compiling/WRFv4.4-DRM_real_GAD_slices_CPM/chem -I/global/scratch/users/adamwise/compiling/WRFv4.4-DRM_real_GAD_slices_CPM/inc -I/global/software/sl-7.x86_64/modules/intel/2016.4.072/netcdf/4.4.1.1-intel-s/include  -real-size `expr 8 \* 4` -i4  module_bl_camuwpbl_driver.f90

real	0m5.098s
user	0m4.654s
sys	0m0.218s
rm -f module_mp_cammgmp_driver.o
sed -e "s/^\!.*'.*//" -e "s/^ *\!.*'.*//" module_mp_cammgmp_driver.F > module_mp_cammgmp_driver.G
/lib/cpp -P -nostdinc -I/global/scratch/users/adamwise/compiling/WRFv4.4-DRM_real_GAD_slices_CPM/inc -DEM_CORE=1 -DNMM_CORE=0 -DNMM_MAX_DIM=2600 -DDA_CORE=0 -DWRFPLUS=0 -DIWORDSIZE=4 -DDWORDSIZE=8 -DRWORDSIZE=4 -DLWORDSIZE=4 -DNONSTANDARD_SYSTEM_FUNC  -DWRF_USE_CLM -DUSE_NETCDF4_FEATURES -DWRFIO_NCD_LARGE_FILE_SUPPORT  -DDM_PARALLEL -DNETCDF -DLANDREAD_STUB=1 -DUSE_ALLOCATABLES -Dwrfmodel -DGRIB1 -DINTIO -DKEEP_INT_AROUND -DLIMIT_ARGS -DBUILD_RRTMG_FAST=0 -DBUILD_RRTMK=0 -DBUILD_SBM_FAST=1 -DSHOW_ALL_VARS_USED=0 -DCONFIG_BUF_LEN=65536 -DMAX_DOMAINS_F=21 -DMAX_HISTORY=25 -DNMM_NEST=0  -I. -traditional-cpp -DUSE_NETCDF4_FEATURES -DWRFIO_NCD_LARGE_FILE_SUPPORT   module_mp_cammgmp_driver.G  > module_mp_cammgmp_driver.bb
/global/scratch/users/adamwise/compiling/WRFv4.4-DRM_real_GAD_slices_CPM/tools/standard.exe module_mp_cammgmp_driver.bb | /lib/cpp -P -nostdinc -traditional-cpp -DUSE_NETCDF4_FEATURES -DWRFIO_NCD_LARGE_FILE_SUPPORT > module_mp_cammgmp_driver.f90
rm -f module_mp_cammgmp_driver.G module_mp_cammgmp_driver.bb
time mpif90 -f90=ifort -o module_mp_cammgmp_driver.o -c -O3 -ip -fp-model precise -w -ftz -align all -fno-alias -FR -convert big_endian    -I../dyn_em  -I/global/scratch/users/adamwise/compiling/WRFv4.4-DRM_real_GAD_slices_CPM/external/esmf_time_f90  -I/global/scratch/users/adamwise/compiling/WRFv4.4-DRM_real_GAD_slices_CPM/main -I/global/scratch/users/adamwise/compiling/WRFv4.4-DRM_real_GAD_slices_CPM/external/io_netcdf -I/global/scratch/users/adamwise/compiling/WRFv4.4-DRM_real_GAD_slices_CPM/external/io_int -I/global/scratch/users/adamwise/compiling/WRFv4.4-DRM_real_GAD_slices_CPM/frame -I/global/scratch/users/adamwise/compiling/WRFv4.4-DRM_real_GAD_slices_CPM/share -I/global/scratch/users/adamwise/compiling/WRFv4.4-DRM_real_GAD_slices_CPM/phys -I/global/scratch/users/adamwise/compiling/WRFv4.4-DRM_real_GAD_slices_CPM/wrftladj -I/global/scratch/users/adamwise/compiling/WRFv4.4-DRM_real_GAD_slices_CPM/chem -I/global/scratch/users/adamwise/compiling/WRFv4.4-DRM_real_GAD_slices_CPM/inc -I/global/software/sl-7.x86_64/modules/intel/2016.4.072/netcdf/4.4.1.1-intel-s/include  -real-size `expr 8 \* 4` -i4  module_mp_cammgmp_driver.f90

real	0m8.158s
user	0m7.633s
sys	0m0.282s
rm -f module_shcu_camuwshcu.o
sed -e "s/^\!.*'.*//" -e "s/^ *\!.*'.*//" module_shcu_camuwshcu.F > module_shcu_camuwshcu.G
/lib/cpp -P -nostdinc -I/global/scratch/users/adamwise/compiling/WRFv4.4-DRM_real_GAD_slices_CPM/inc -DEM_CORE=1 -DNMM_CORE=0 -DNMM_MAX_DIM=2600 -DDA_CORE=0 -DWRFPLUS=0 -DIWORDSIZE=4 -DDWORDSIZE=8 -DRWORDSIZE=4 -DLWORDSIZE=4 -DNONSTANDARD_SYSTEM_FUNC  -DWRF_USE_CLM -DUSE_NETCDF4_FEATURES -DWRFIO_NCD_LARGE_FILE_SUPPORT  -DDM_PARALLEL -DNETCDF -DLANDREAD_STUB=1 -DUSE_ALLOCATABLES -Dwrfmodel -DGRIB1 -DINTIO -DKEEP_INT_AROUND -DLIMIT_ARGS -DBUILD_RRTMG_FAST=0 -DBUILD_RRTMK=0 -DBUILD_SBM_FAST=1 -DSHOW_ALL_VARS_USED=0 -DCONFIG_BUF_LEN=65536 -DMAX_DOMAINS_F=21 -DMAX_HISTORY=25 -DNMM_NEST=0  -I. -traditional-cpp -DUSE_NETCDF4_FEATURES -DWRFIO_NCD_LARGE_FILE_SUPPORT   module_shcu_camuwshcu.G  > module_shcu_camuwshcu.bb
/global/scratch/users/adamwise/compiling/WRFv4.4-DRM_real_GAD_slices_CPM/tools/standard.exe module_shcu_camuwshcu.bb | /lib/cpp -P -nostdinc -traditional-cpp -DUSE_NETCDF4_FEATURES -DWRFIO_NCD_LARGE_FILE_SUPPORT > module_shcu_camuwshcu.f90
rm -f module_shcu_camuwshcu.G module_shcu_camuwshcu.bb
time mpif90 -f90=ifort -o module_shcu_camuwshcu.o -c -O3 -ip -fp-model precise -w -ftz -align all -fno-alias -FR -convert big_endian    -I../dyn_em  -I/global/scratch/users/adamwise/compiling/WRFv4.4-DRM_real_GAD_slices_CPM/external/esmf_time_f90  -I/global/scratch/users/adamwise/compiling/WRFv4.4-DRM_real_GAD_slices_CPM/main -I/global/scratch/users/adamwise/compiling/WRFv4.4-DRM_real_GAD_slices_CPM/external/io_netcdf -I/global/scratch/users/adamwise/compiling/WRFv4.4-DRM_real_GAD_slices_CPM/external/io_int -I/global/scratch/users/adamwise/compiling/WRFv4.4-DRM_real_GAD_slices_CPM/frame -I/global/scratch/users/adamwise/compiling/WRFv4.4-DRM_real_GAD_slices_CPM/share -I/global/scratch/users/adamwise/compiling/WRFv4.4-DRM_real_GAD_slices_CPM/phys -I/global/scratch/users/adamwise/compiling/WRFv4.4-DRM_real_GAD_slices_CPM/wrftladj -I/global/scratch/users/adamwise/compiling/WRFv4.4-DRM_real_GAD_slices_CPM/chem -I/global/scratch/users/adamwise/compiling/WRFv4.4-DRM_real_GAD_slices_CPM/inc -I/global/software/sl-7.x86_64/modules/intel/2016.4.072/netcdf/4.4.1.1-intel-s/include  -real-size `expr 8 \* 4` -i4  module_shcu_camuwshcu.f90

real	0m16.652s
user	0m16.041s
sys	0m0.384s
rm -f module_cu_camzm.o
sed -e "s/^\!.*'.*//" -e "s/^ *\!.*'.*//" module_cu_camzm.F > module_cu_camzm.G
/lib/cpp -P -nostdinc -I/global/scratch/users/adamwise/compiling/WRFv4.4-DRM_real_GAD_slices_CPM/inc -DEM_CORE=1 -DNMM_CORE=0 -DNMM_MAX_DIM=2600 -DDA_CORE=0 -DWRFPLUS=0 -DIWORDSIZE=4 -DDWORDSIZE=8 -DRWORDSIZE=4 -DLWORDSIZE=4 -DNONSTANDARD_SYSTEM_FUNC  -DWRF_USE_CLM -DUSE_NETCDF4_FEATURES -DWRFIO_NCD_LARGE_FILE_SUPPORT  -DDM_PARALLEL -DNETCDF -DLANDREAD_STUB=1 -DUSE_ALLOCATABLES -Dwrfmodel -DGRIB1 -DINTIO -DKEEP_INT_AROUND -DLIMIT_ARGS -DBUILD_RRTMG_FAST=0 -DBUILD_RRTMK=0 -DBUILD_SBM_FAST=1 -DSHOW_ALL_VARS_USED=0 -DCONFIG_BUF_LEN=65536 -DMAX_DOMAINS_F=21 -DMAX_HISTORY=25 -DNMM_NEST=0  -I. -traditional-cpp -DUSE_NETCDF4_FEATURES -DWRFIO_NCD_LARGE_FILE_SUPPORT   module_cu_camzm.G  > module_cu_camzm.bb
/global/scratch/users/adamwise/compiling/WRFv4.4-DRM_real_GAD_slices_CPM/tools/standard.exe module_cu_camzm.bb | /lib/cpp -P -nostdinc -traditional-cpp -DUSE_NETCDF4_FEATURES -DWRFIO_NCD_LARGE_FILE_SUPPORT > module_cu_camzm.f90
rm -f module_cu_camzm.G module_cu_camzm.bb
time mpif90 -f90=ifort -o module_cu_camzm.o -c -O3 -ip -fp-model precise -w -ftz -align all -fno-alias -FR -convert big_endian    -I../dyn_em  -I/global/scratch/users/adamwise/compiling/WRFv4.4-DRM_real_GAD_slices_CPM/external/esmf_time_f90  -I/global/scratch/users/adamwise/compiling/WRFv4.4-DRM_real_GAD_slices_CPM/main -I/global/scratch/users/adamwise/compiling/WRFv4.4-DRM_real_GAD_slices_CPM/external/io_netcdf -I/global/scratch/users/adamwise/compiling/WRFv4.4-DRM_real_GAD_slices_CPM/external/io_int -I/global/scratch/users/adamwise/compiling/WRFv4.4-DRM_real_GAD_slices_CPM/frame -I/global/scratch/users/adamwise/compiling/WRFv4.4-DRM_real_GAD_slices_CPM/share -I/global/scratch/users/adamwise/compiling/WRFv4.4-DRM_real_GAD_slices_CPM/phys -I/global/scratch/users/adamwise/compiling/WRFv4.4-DRM_real_GAD_slices_CPM/wrftladj -I/global/scratch/users/adamwise/compiling/WRFv4.4-DRM_real_GAD_slices_CPM/chem -I/global/scratch/users/adamwise/compiling/WRFv4.4-DRM_real_GAD_slices_CPM/inc -I/global/software/sl-7.x86_64/modules/intel/2016.4.072/netcdf/4.4.1.1-intel-s/include  -real-size `expr 8 \* 4` -i4  module_cu_camzm.f90

real	0m5.726s
user	0m5.334s
sys	0m0.173s
rm -f module_cu_kfcup.o
sed -e "s/^\!.*'.*//" -e "s/^ *\!.*'.*//" module_cu_kfcup.F > module_cu_kfcup.G
/lib/cpp -P -nostdinc -I/global/scratch/users/adamwise/compiling/WRFv4.4-DRM_real_GAD_slices_CPM/inc -DEM_CORE=1 -DNMM_CORE=0 -DNMM_MAX_DIM=2600 -DDA_CORE=0 -DWRFPLUS=0 -DIWORDSIZE=4 -DDWORDSIZE=8 -DRWORDSIZE=4 -DLWORDSIZE=4 -DNONSTANDARD_SYSTEM_FUNC  -DWRF_USE_CLM -DUSE_NETCDF4_FEATURES -DWRFIO_NCD_LARGE_FILE_SUPPORT  -DDM_PARALLEL -DNETCDF -DLANDREAD_STUB=1 -DUSE_ALLOCATABLES -Dwrfmodel -DGRIB1 -DINTIO -DKEEP_INT_AROUND -DLIMIT_ARGS -DBUILD_RRTMG_FAST=0 -DBUILD_RRTMK=0 -DBUILD_SBM_FAST=1 -DSHOW_ALL_VARS_USED=0 -DCONFIG_BUF_LEN=65536 -DMAX_DOMAINS_F=21 -DMAX_HISTORY=25 -DNMM_NEST=0  -I. -traditional-cpp -DUSE_NETCDF4_FEATURES -DWRFIO_NCD_LARGE_FILE_SUPPORT   module_cu_kfcup.G  > module_cu_kfcup.bb
/global/scratch/users/adamwise/compiling/WRFv4.4-DRM_real_GAD_slices_CPM/tools/standard.exe module_cu_kfcup.bb | /lib/cpp -P -nostdinc -traditional-cpp -DUSE_NETCDF4_FEATURES -DWRFIO_NCD_LARGE_FILE_SUPPORT > module_cu_kfcup.f90
rm -f module_cu_kfcup.G module_cu_kfcup.bb
time mpif90 -f90=ifort -o module_cu_kfcup.o -c -O3 -ip -fp-model precise -w -ftz -align all -fno-alias -FR -convert big_endian    -I../dyn_em  -I/global/scratch/users/adamwise/compiling/WRFv4.4-DRM_real_GAD_slices_CPM/external/esmf_time_f90  -I/global/scratch/users/adamwise/compiling/WRFv4.4-DRM_real_GAD_slices_CPM/main -I/global/scratch/users/adamwise/compiling/WRFv4.4-DRM_real_GAD_slices_CPM/external/io_netcdf -I/global/scratch/users/adamwise/compiling/WRFv4.4-DRM_real_GAD_slices_CPM/external/io_int -I/global/scratch/users/adamwise/compiling/WRFv4.4-DRM_real_GAD_slices_CPM/frame -I/global/scratch/users/adamwise/compiling/WRFv4.4-DRM_real_GAD_slices_CPM/share -I/global/scratch/users/adamwise/compiling/WRFv4.4-DRM_real_GAD_slices_CPM/phys -I/global/scratch/users/adamwise/compiling/WRFv4.4-DRM_real_GAD_slices_CPM/wrftladj -I/global/scratch/users/adamwise/compiling/WRFv4.4-DRM_real_GAD_slices_CPM/chem -I/global/scratch/users/adamwise/compiling/WRFv4.4-DRM_real_GAD_slices_CPM/inc -I/global/software/sl-7.x86_64/modules/intel/2016.4.072/netcdf/4.4.1.1-intel-s/include  -real-size `expr 8 \* 4` -i4  module_cu_kfcup.f90

real	0m16.431s
user	0m15.856s
sys	0m0.343s
rm -f module_pbl_driver.o
sed -e "s/^\!.*'.*//" -e "s/^ *\!.*'.*//" module_pbl_driver.F > module_pbl_driver.G
/lib/cpp -P -nostdinc -I/global/scratch/users/adamwise/compiling/WRFv4.4-DRM_real_GAD_slices_CPM/inc -DEM_CORE=1 -DNMM_CORE=0 -DNMM_MAX_DIM=2600 -DDA_CORE=0 -DWRFPLUS=0 -DIWORDSIZE=4 -DDWORDSIZE=8 -DRWORDSIZE=4 -DLWORDSIZE=4 -DNONSTANDARD_SYSTEM_FUNC  -DWRF_USE_CLM -DUSE_NETCDF4_FEATURES -DWRFIO_NCD_LARGE_FILE_SUPPORT  -DDM_PARALLEL -DNETCDF -DLANDREAD_STUB=1 -DUSE_ALLOCATABLES -Dwrfmodel -DGRIB1 -DINTIO -DKEEP_INT_AROUND -DLIMIT_ARGS -DBUILD_RRTMG_FAST=0 -DBUILD_RRTMK=0 -DBUILD_SBM_FAST=1 -DSHOW_ALL_VARS_USED=0 -DCONFIG_BUF_LEN=65536 -DMAX_DOMAINS_F=21 -DMAX_HISTORY=25 -DNMM_NEST=0  -I. -traditional-cpp -DUSE_NETCDF4_FEATURES -DWRFIO_NCD_LARGE_FILE_SUPPORT   module_pbl_driver.G  > module_pbl_driver.bb
/global/scratch/users/adamwise/compiling/WRFv4.4-DRM_real_GAD_slices_CPM/tools/standard.exe module_pbl_driver.bb | /lib/cpp -P -nostdinc -traditional-cpp -DUSE_NETCDF4_FEATURES -DWRFIO_NCD_LARGE_FILE_SUPPORT > module_pbl_driver.f90
rm -f module_pbl_driver.G module_pbl_driver.bb
time mpif90 -f90=ifort -o module_pbl_driver.o -c -O3 -ip -fp-model precise -w -ftz -align all -fno-alias -FR -convert big_endian    -I../dyn_em  -I/global/scratch/users/adamwise/compiling/WRFv4.4-DRM_real_GAD_slices_CPM/external/esmf_time_f90  -I/global/scratch/users/adamwise/compiling/WRFv4.4-DRM_real_GAD_slices_CPM/main -I/global/scratch/users/adamwise/compiling/WRFv4.4-DRM_real_GAD_slices_CPM/external/io_netcdf -I/global/scratch/users/adamwise/compiling/WRFv4.4-DRM_real_GAD_slices_CPM/external/io_int -I/global/scratch/users/adamwise/compiling/WRFv4.4-DRM_real_GAD_slices_CPM/frame -I/global/scratch/users/adamwise/compiling/WRFv4.4-DRM_real_GAD_slices_CPM/share -I/global/scratch/users/adamwise/compiling/WRFv4.4-DRM_real_GAD_slices_CPM/phys -I/global/scratch/users/adamwise/compiling/WRFv4.4-DRM_real_GAD_slices_CPM/wrftladj -I/global/scratch/users/adamwise/compiling/WRFv4.4-DRM_real_GAD_slices_CPM/chem -I/global/scratch/users/adamwise/compiling/WRFv4.4-DRM_real_GAD_slices_CPM/inc -I/global/software/sl-7.x86_64/modules/intel/2016.4.072/netcdf/4.4.1.1-intel-s/include  -real-size `expr 8 \* 4` -i4  module_pbl_driver.f90

real	0m5.629s
user	0m5.113s
sys	0m0.256s
rm -f module_microphysics_driver.o
sed -e "s/^\!.*'.*//" -e "s/^ *\!.*'.*//" module_microphysics_driver.F > module_microphysics_driver.G
/lib/cpp -P -nostdinc -I/global/scratch/users/adamwise/compiling/WRFv4.4-DRM_real_GAD_slices_CPM/inc -DEM_CORE=1 -DNMM_CORE=0 -DNMM_MAX_DIM=2600 -DDA_CORE=0 -DWRFPLUS=0 -DIWORDSIZE=4 -DDWORDSIZE=8 -DRWORDSIZE=4 -DLWORDSIZE=4 -DNONSTANDARD_SYSTEM_FUNC  -DWRF_USE_CLM -DUSE_NETCDF4_FEATURES -DWRFIO_NCD_LARGE_FILE_SUPPORT  -DDM_PARALLEL -DNETCDF -DLANDREAD_STUB=1 -DUSE_ALLOCATABLES -Dwrfmodel -DGRIB1 -DINTIO -DKEEP_INT_AROUND -DLIMIT_ARGS -DBUILD_RRTMG_FAST=0 -DBUILD_RRTMK=0 -DBUILD_SBM_FAST=1 -DSHOW_ALL_VARS_USED=0 -DCONFIG_BUF_LEN=65536 -DMAX_DOMAINS_F=21 -DMAX_HISTORY=25 -DNMM_NEST=0  -I. -traditional-cpp -DUSE_NETCDF4_FEATURES -DWRFIO_NCD_LARGE_FILE_SUPPORT   module_microphysics_driver.G  > module_microphysics_driver.bb
/global/scratch/users/adamwise/compiling/WRFv4.4-DRM_real_GAD_slices_CPM/tools/standard.exe module_microphysics_driver.bb | /lib/cpp -P -nostdinc -traditional-cpp -DUSE_NETCDF4_FEATURES -DWRFIO_NCD_LARGE_FILE_SUPPORT > module_microphysics_driver.f90
rm -f module_microphysics_driver.G module_microphysics_driver.bb
time mpif90 -f90=ifort -o module_microphysics_driver.o -c -O3 -ip -fp-model precise -w -ftz -align all -fno-alias -FR -convert big_endian    -I../dyn_em  -I/global/scratch/users/adamwise/compiling/WRFv4.4-DRM_real_GAD_slices_CPM/external/esmf_time_f90  -I/global/scratch/users/adamwise/compiling/WRFv4.4-DRM_real_GAD_slices_CPM/main -I/global/scratch/users/adamwise/compiling/WRFv4.4-DRM_real_GAD_slices_CPM/external/io_netcdf -I/global/scratch/users/adamwise/compiling/WRFv4.4-DRM_real_GAD_slices_CPM/external/io_int -I/global/scratch/users/adamwise/compiling/WRFv4.4-DRM_real_GAD_slices_CPM/frame -I/global/scratch/users/adamwise/compiling/WRFv4.4-DRM_real_GAD_slices_CPM/share -I/global/scratch/users/adamwise/compiling/WRFv4.4-DRM_real_GAD_slices_CPM/phys -I/global/scratch/users/adamwise/compiling/WRFv4.4-DRM_real_GAD_slices_CPM/wrftladj -I/global/scratch/users/adamwise/compiling/WRFv4.4-DRM_real_GAD_slices_CPM/chem -I/global/scratch/users/adamwise/compiling/WRFv4.4-DRM_real_GAD_slices_CPM/inc -I/global/software/sl-7.x86_64/modules/intel/2016.4.072/netcdf/4.4.1.1-intel-s/include  -real-size `expr 8 \* 4` -i4  module_microphysics_driver.f90

real	0m4.031s
user	0m3.312s
sys	0m0.287s
rm -f module_fr_fire_driver_wrf.o
sed -e "s/^\!.*'.*//" -e "s/^ *\!.*'.*//" module_fr_fire_driver_wrf.F > module_fr_fire_driver_wrf.G
/lib/cpp -P -nostdinc -I/global/scratch/users/adamwise/compiling/WRFv4.4-DRM_real_GAD_slices_CPM/inc -DEM_CORE=1 -DNMM_CORE=0 -DNMM_MAX_DIM=2600 -DDA_CORE=0 -DWRFPLUS=0 -DIWORDSIZE=4 -DDWORDSIZE=8 -DRWORDSIZE=4 -DLWORDSIZE=4 -DNONSTANDARD_SYSTEM_FUNC  -DWRF_USE_CLM -DUSE_NETCDF4_FEATURES -DWRFIO_NCD_LARGE_FILE_SUPPORT  -DDM_PARALLEL -DNETCDF -DLANDREAD_STUB=1 -DUSE_ALLOCATABLES -Dwrfmodel -DGRIB1 -DINTIO -DKEEP_INT_AROUND -DLIMIT_ARGS -DBUILD_RRTMG_FAST=0 -DBUILD_RRTMK=0 -DBUILD_SBM_FAST=1 -DSHOW_ALL_VARS_USED=0 -DCONFIG_BUF_LEN=65536 -DMAX_DOMAINS_F=21 -DMAX_HISTORY=25 -DNMM_NEST=0  -I. -traditional-cpp -DUSE_NETCDF4_FEATURES -DWRFIO_NCD_LARGE_FILE_SUPPORT   module_fr_fire_driver_wrf.G  > module_fr_fire_driver_wrf.bb
/global/scratch/users/adamwise/compiling/WRFv4.4-DRM_real_GAD_slices_CPM/tools/standard.exe module_fr_fire_driver_wrf.bb | /lib/cpp -P -nostdinc -traditional-cpp -DUSE_NETCDF4_FEATURES -DWRFIO_NCD_LARGE_FILE_SUPPORT > module_fr_fire_driver_wrf.f90
rm -f module_fr_fire_driver_wrf.G module_fr_fire_driver_wrf.bb
time mpif90 -f90=ifort -o module_fr_fire_driver_wrf.o -c -O3 -ip -fp-model precise -w -ftz -align all -fno-alias -FR -convert big_endian    -I../dyn_em  -I/global/scratch/users/adamwise/compiling/WRFv4.4-DRM_real_GAD_slices_CPM/external/esmf_time_f90  -I/global/scratch/users/adamwise/compiling/WRFv4.4-DRM_real_GAD_slices_CPM/main -I/global/scratch/users/adamwise/compiling/WRFv4.4-DRM_real_GAD_slices_CPM/external/io_netcdf -I/global/scratch/users/adamwise/compiling/WRFv4.4-DRM_real_GAD_slices_CPM/external/io_int -I/global/scratch/users/adamwise/compiling/WRFv4.4-DRM_real_GAD_slices_CPM/frame -I/global/scratch/users/adamwise/compiling/WRFv4.4-DRM_real_GAD_slices_CPM/share -I/global/scratch/users/adamwise/compiling/WRFv4.4-DRM_real_GAD_slices_CPM/phys -I/global/scratch/users/adamwise/compiling/WRFv4.4-DRM_real_GAD_slices_CPM/wrftladj -I/global/scratch/users/adamwise/compiling/WRFv4.4-DRM_real_GAD_slices_CPM/chem -I/global/scratch/users/adamwise/compiling/WRFv4.4-DRM_real_GAD_slices_CPM/inc -I/global/software/sl-7.x86_64/modules/intel/2016.4.072/netcdf/4.4.1.1-intel-s/include  -real-size `expr 8 \* 4` -i4  module_fr_fire_driver_wrf.f90

real	0m3.294s
user	0m2.828s
sys	0m0.210s
rm -f module_shcu_camuwshcu_driver.o
sed -e "s/^\!.*'.*//" -e "s/^ *\!.*'.*//" module_shcu_camuwshcu_driver.F > module_shcu_camuwshcu_driver.G
/lib/cpp -P -nostdinc -I/global/scratch/users/adamwise/compiling/WRFv4.4-DRM_real_GAD_slices_CPM/inc -DEM_CORE=1 -DNMM_CORE=0 -DNMM_MAX_DIM=2600 -DDA_CORE=0 -DWRFPLUS=0 -DIWORDSIZE=4 -DDWORDSIZE=8 -DRWORDSIZE=4 -DLWORDSIZE=4 -DNONSTANDARD_SYSTEM_FUNC  -DWRF_USE_CLM -DUSE_NETCDF4_FEATURES -DWRFIO_NCD_LARGE_FILE_SUPPORT  -DDM_PARALLEL -DNETCDF -DLANDREAD_STUB=1 -DUSE_ALLOCATABLES -Dwrfmodel -DGRIB1 -DINTIO -DKEEP_INT_AROUND -DLIMIT_ARGS -DBUILD_RRTMG_FAST=0 -DBUILD_RRTMK=0 -DBUILD_SBM_FAST=1 -DSHOW_ALL_VARS_USED=0 -DCONFIG_BUF_LEN=65536 -DMAX_DOMAINS_F=21 -DMAX_HISTORY=25 -DNMM_NEST=0  -I. -traditional-cpp -DUSE_NETCDF4_FEATURES -DWRFIO_NCD_LARGE_FILE_SUPPORT   module_shcu_camuwshcu_driver.G  > module_shcu_camuwshcu_driver.bb
/global/scratch/users/adamwise/compiling/WRFv4.4-DRM_real_GAD_slices_CPM/tools/standard.exe module_shcu_camuwshcu_driver.bb | /lib/cpp -P -nostdinc -traditional-cpp -DUSE_NETCDF4_FEATURES -DWRFIO_NCD_LARGE_FILE_SUPPORT > module_shcu_camuwshcu_driver.f90
rm -f module_shcu_camuwshcu_driver.G module_shcu_camuwshcu_driver.bb
time mpif90 -f90=ifort -o module_shcu_camuwshcu_driver.o -c -O3 -ip -fp-model precise -w -ftz -align all -fno-alias -FR -convert big_endian    -I../dyn_em  -I/global/scratch/users/adamwise/compiling/WRFv4.4-DRM_real_GAD_slices_CPM/external/esmf_time_f90  -I/global/scratch/users/adamwise/compiling/WRFv4.4-DRM_real_GAD_slices_CPM/main -I/global/scratch/users/adamwise/compiling/WRFv4.4-DRM_real_GAD_slices_CPM/external/io_netcdf -I/global/scratch/users/adamwise/compiling/WRFv4.4-DRM_real_GAD_slices_CPM/external/io_int -I/global/scratch/users/adamwise/compiling/WRFv4.4-DRM_real_GAD_slices_CPM/frame -I/global/scratch/users/adamwise/compiling/WRFv4.4-DRM_real_GAD_slices_CPM/share -I/global/scratch/users/adamwise/compiling/WRFv4.4-DRM_real_GAD_slices_CPM/phys -I/global/scratch/users/adamwise/compiling/WRFv4.4-DRM_real_GAD_slices_CPM/wrftladj -I/global/scratch/users/adamwise/compiling/WRFv4.4-DRM_real_GAD_slices_CPM/chem -I/global/scratch/users/adamwise/compiling/WRFv4.4-DRM_real_GAD_slices_CPM/inc -I/global/software/sl-7.x86_64/modules/intel/2016.4.072/netcdf/4.4.1.1-intel-s/include  -real-size `expr 8 \* 4` -i4  module_shcu_camuwshcu_driver.f90

real	0m1.202s
user	0m0.861s
sys	0m0.125s
rm -f module_cu_camzm_driver.o
sed -e "s/^\!.*'.*//" -e "s/^ *\!.*'.*//" module_cu_camzm_driver.F > module_cu_camzm_driver.G
/lib/cpp -P -nostdinc -I/global/scratch/users/adamwise/compiling/WRFv4.4-DRM_real_GAD_slices_CPM/inc -DEM_CORE=1 -DNMM_CORE=0 -DNMM_MAX_DIM=2600 -DDA_CORE=0 -DWRFPLUS=0 -DIWORDSIZE=4 -DDWORDSIZE=8 -DRWORDSIZE=4 -DLWORDSIZE=4 -DNONSTANDARD_SYSTEM_FUNC  -DWRF_USE_CLM -DUSE_NETCDF4_FEATURES -DWRFIO_NCD_LARGE_FILE_SUPPORT  -DDM_PARALLEL -DNETCDF -DLANDREAD_STUB=1 -DUSE_ALLOCATABLES -Dwrfmodel -DGRIB1 -DINTIO -DKEEP_INT_AROUND -DLIMIT_ARGS -DBUILD_RRTMG_FAST=0 -DBUILD_RRTMK=0 -DBUILD_SBM_FAST=1 -DSHOW_ALL_VARS_USED=0 -DCONFIG_BUF_LEN=65536 -DMAX_DOMAINS_F=21 -DMAX_HISTORY=25 -DNMM_NEST=0  -I. -traditional-cpp -DUSE_NETCDF4_FEATURES -DWRFIO_NCD_LARGE_FILE_SUPPORT   module_cu_camzm_driver.G  > module_cu_camzm_driver.bb
/global/scratch/users/adamwise/compiling/WRFv4.4-DRM_real_GAD_slices_CPM/tools/standard.exe module_cu_camzm_driver.bb | /lib/cpp -P -nostdinc -traditional-cpp -DUSE_NETCDF4_FEATURES -DWRFIO_NCD_LARGE_FILE_SUPPORT > module_cu_camzm_driver.f90
rm -f module_cu_camzm_driver.G module_cu_camzm_driver.bb
time mpif90 -f90=ifort -o module_cu_camzm_driver.o -c -O3 -ip -fp-model precise -w -ftz -align all -fno-alias -FR -convert big_endian    -I../dyn_em  -I/global/scratch/users/adamwise/compiling/WRFv4.4-DRM_real_GAD_slices_CPM/external/esmf_time_f90  -I/global/scratch/users/adamwise/compiling/WRFv4.4-DRM_real_GAD_slices_CPM/main -I/global/scratch/users/adamwise/compiling/WRFv4.4-DRM_real_GAD_slices_CPM/external/io_netcdf -I/global/scratch/users/adamwise/compiling/WRFv4.4-DRM_real_GAD_slices_CPM/external/io_int -I/global/scratch/users/adamwise/compiling/WRFv4.4-DRM_real_GAD_slices_CPM/frame -I/global/scratch/users/adamwise/compiling/WRFv4.4-DRM_real_GAD_slices_CPM/share -I/global/scratch/users/adamwise/compiling/WRFv4.4-DRM_real_GAD_slices_CPM/phys -I/global/scratch/users/adamwise/compiling/WRFv4.4-DRM_real_GAD_slices_CPM/wrftladj -I/global/scratch/users/adamwise/compiling/WRFv4.4-DRM_real_GAD_slices_CPM/chem -I/global/scratch/users/adamwise/compiling/WRFv4.4-DRM_real_GAD_slices_CPM/inc -I/global/software/sl-7.x86_64/modules/intel/2016.4.072/netcdf/4.4.1.1-intel-s/include  -real-size `expr 8 \* 4` -i4  module_cu_camzm_driver.f90

real	0m5.007s
user	0m4.557s
sys	0m0.222s
rm -f module_shallowcu_driver.o
sed -e "s/^\!.*'.*//" -e "s/^ *\!.*'.*//" module_shallowcu_driver.F > module_shallowcu_driver.G
/lib/cpp -P -nostdinc -I/global/scratch/users/adamwise/compiling/WRFv4.4-DRM_real_GAD_slices_CPM/inc -DEM_CORE=1 -DNMM_CORE=0 -DNMM_MAX_DIM=2600 -DDA_CORE=0 -DWRFPLUS=0 -DIWORDSIZE=4 -DDWORDSIZE=8 -DRWORDSIZE=4 -DLWORDSIZE=4 -DNONSTANDARD_SYSTEM_FUNC  -DWRF_USE_CLM -DUSE_NETCDF4_FEATURES -DWRFIO_NCD_LARGE_FILE_SUPPORT  -DDM_PARALLEL -DNETCDF -DLANDREAD_STUB=1 -DUSE_ALLOCATABLES -Dwrfmodel -DGRIB1 -DINTIO -DKEEP_INT_AROUND -DLIMIT_ARGS -DBUILD_RRTMG_FAST=0 -DBUILD_RRTMK=0 -DBUILD_SBM_FAST=1 -DSHOW_ALL_VARS_USED=0 -DCONFIG_BUF_LEN=65536 -DMAX_DOMAINS_F=21 -DMAX_HISTORY=25 -DNMM_NEST=0  -I. -traditional-cpp -DUSE_NETCDF4_FEATURES -DWRFIO_NCD_LARGE_FILE_SUPPORT   module_shallowcu_driver.G  > module_shallowcu_driver.bb
/global/scratch/users/adamwise/compiling/WRFv4.4-DRM_real_GAD_slices_CPM/tools/standard.exe module_shallowcu_driver.bb | /lib/cpp -P -nostdinc -traditional-cpp -DUSE_NETCDF4_FEATURES -DWRFIO_NCD_LARGE_FILE_SUPPORT > module_shallowcu_driver.f90
rm -f module_shallowcu_driver.G module_shallowcu_driver.bb
time mpif90 -f90=ifort -o module_shallowcu_driver.o -c -O3 -ip -fp-model precise -w -ftz -align all -fno-alias -FR -convert big_endian    -I../dyn_em  -I/global/scratch/users/adamwise/compiling/WRFv4.4-DRM_real_GAD_slices_CPM/external/esmf_time_f90  -I/global/scratch/users/adamwise/compiling/WRFv4.4-DRM_real_GAD_slices_CPM/main -I/global/scratch/users/adamwise/compiling/WRFv4.4-DRM_real_GAD_slices_CPM/external/io_netcdf -I/global/scratch/users/adamwise/compiling/WRFv4.4-DRM_real_GAD_slices_CPM/external/io_int -I/global/scratch/users/adamwise/compiling/WRFv4.4-DRM_real_GAD_slices_CPM/frame -I/global/scratch/users/adamwise/compiling/WRFv4.4-DRM_real_GAD_slices_CPM/share -I/global/scratch/users/adamwise/compiling/WRFv4.4-DRM_real_GAD_slices_CPM/phys -I/global/scratch/users/adamwise/compiling/WRFv4.4-DRM_real_GAD_slices_CPM/wrftladj -I/global/scratch/users/adamwise/compiling/WRFv4.4-DRM_real_GAD_slices_CPM/chem -I/global/scratch/users/adamwise/compiling/WRFv4.4-DRM_real_GAD_slices_CPM/inc -I/global/software/sl-7.x86_64/modules/intel/2016.4.072/netcdf/4.4.1.1-intel-s/include  -real-size `expr 8 \* 4` -i4  module_shallowcu_driver.f90

real	0m1.496s
user	0m1.105s
sys	0m0.148s
rm -f module_cumulus_driver.o
sed -e "s/^\!.*'.*//" -e "s/^ *\!.*'.*//" module_cumulus_driver.F > module_cumulus_driver.G
/lib/cpp -P -nostdinc -I/global/scratch/users/adamwise/compiling/WRFv4.4-DRM_real_GAD_slices_CPM/inc -DEM_CORE=1 -DNMM_CORE=0 -DNMM_MAX_DIM=2600 -DDA_CORE=0 -DWRFPLUS=0 -DIWORDSIZE=4 -DDWORDSIZE=8 -DRWORDSIZE=4 -DLWORDSIZE=4 -DNONSTANDARD_SYSTEM_FUNC  -DWRF_USE_CLM -DUSE_NETCDF4_FEATURES -DWRFIO_NCD_LARGE_FILE_SUPPORT  -DDM_PARALLEL -DNETCDF -DLANDREAD_STUB=1 -DUSE_ALLOCATABLES -Dwrfmodel -DGRIB1 -DINTIO -DKEEP_INT_AROUND -DLIMIT_ARGS -DBUILD_RRTMG_FAST=0 -DBUILD_RRTMK=0 -DBUILD_SBM_FAST=1 -DSHOW_ALL_VARS_USED=0 -DCONFIG_BUF_LEN=65536 -DMAX_DOMAINS_F=21 -DMAX_HISTORY=25 -DNMM_NEST=0  -I. -traditional-cpp -DUSE_NETCDF4_FEATURES -DWRFIO_NCD_LARGE_FILE_SUPPORT   module_cumulus_driver.G  > module_cumulus_driver.bb
/global/scratch/users/adamwise/compiling/WRFv4.4-DRM_real_GAD_slices_CPM/tools/standard.exe module_cumulus_driver.bb | /lib/cpp -P -nostdinc -traditional-cpp -DUSE_NETCDF4_FEATURES -DWRFIO_NCD_LARGE_FILE_SUPPORT > module_cumulus_driver.f90
rm -f module_cumulus_driver.G module_cumulus_driver.bb
time mpif90 -f90=ifort -o module_cumulus_driver.o -c -O3 -ip -fp-model precise -w -ftz -align all -fno-alias -FR -convert big_endian    -I../dyn_em  -I/global/scratch/users/adamwise/compiling/WRFv4.4-DRM_real_GAD_slices_CPM/external/esmf_time_f90  -I/global/scratch/users/adamwise/compiling/WRFv4.4-DRM_real_GAD_slices_CPM/main -I/global/scratch/users/adamwise/compiling/WRFv4.4-DRM_real_GAD_slices_CPM/external/io_netcdf -I/global/scratch/users/adamwise/compiling/WRFv4.4-DRM_real_GAD_slices_CPM/external/io_int -I/global/scratch/users/adamwise/compiling/WRFv4.4-DRM_real_GAD_slices_CPM/frame -I/global/scratch/users/adamwise/compiling/WRFv4.4-DRM_real_GAD_slices_CPM/share -I/global/scratch/users/adamwise/compiling/WRFv4.4-DRM_real_GAD_slices_CPM/phys -I/global/scratch/users/adamwise/compiling/WRFv4.4-DRM_real_GAD_slices_CPM/wrftladj -I/global/scratch/users/adamwise/compiling/WRFv4.4-DRM_real_GAD_slices_CPM/chem -I/global/scratch/users/adamwise/compiling/WRFv4.4-DRM_real_GAD_slices_CPM/inc -I/global/software/sl-7.x86_64/modules/intel/2016.4.072/netcdf/4.4.1.1-intel-s/include  -real-size `expr 8 \* 4` -i4  module_cumulus_driver.f90

real	0m5.342s
user	0m4.212s
sys	0m0.850s

real	12m3.768s
user	11m57.260s
sys	0m5.017s
rm -f module_physics_init.o
rm -f module_surface_driver.o
/lib/cpp -P -nostdinc -I/global/scratch/users/adamwise/compiling/WRFv4.4-DRM_real_GAD_slices_CPM/inc -DEM_CORE=1 -DNMM_CORE=0 -DNMM_MAX_DIM=2600 -DDA_CORE=0 -DWRFPLUS=0 -DIWORDSIZE=4 -DDWORDSIZE=8 -DRWORDSIZE=4 -DLWORDSIZE=4 -DNONSTANDARD_SYSTEM_FUNC  -DWRF_USE_CLM -DUSE_NETCDF4_FEATURES -DWRFIO_NCD_LARGE_FILE_SUPPORT  -DDM_PARALLEL -DNETCDF -DLANDREAD_STUB=1 -DUSE_ALLOCATABLES -Dwrfmodel -DGRIB1 -DINTIO -DKEEP_INT_AROUND -DLIMIT_ARGS -DBUILD_RRTMG_FAST=0 -DBUILD_RRTMK=0 -DBUILD_SBM_FAST=1 -DSHOW_ALL_VARS_USED=0 -DCONFIG_BUF_LEN=65536 -DMAX_DOMAINS_F=21 -DMAX_HISTORY=25 -DNMM_NEST=0  -I. -traditional-cpp -DUSE_NETCDF4_FEATURES -DWRFIO_NCD_LARGE_FILE_SUPPORT   module_physics_init.F  > module_physics_init.bb
sed -e "s/^\!.*'.*//" -e "s/^ *\!.*'.*//" module_surface_driver.F > module_surface_driver.G
/lib/cpp -P -nostdinc -I/global/scratch/users/adamwise/compiling/WRFv4.4-DRM_real_GAD_slices_CPM/inc -DEM_CORE=1 -DNMM_CORE=0 -DNMM_MAX_DIM=2600 -DDA_CORE=0 -DWRFPLUS=0 -DIWORDSIZE=4 -DDWORDSIZE=8 -DRWORDSIZE=4 -DLWORDSIZE=4 -DNONSTANDARD_SYSTEM_FUNC  -DWRF_USE_CLM -DUSE_NETCDF4_FEATURES -DWRFIO_NCD_LARGE_FILE_SUPPORT  -DDM_PARALLEL -DNETCDF -DLANDREAD_STUB=1 -DUSE_ALLOCATABLES -Dwrfmodel -DGRIB1 -DINTIO -DKEEP_INT_AROUND -DLIMIT_ARGS -DBUILD_RRTMG_FAST=0 -DBUILD_RRTMK=0 -DBUILD_SBM_FAST=1 -DSHOW_ALL_VARS_USED=0 -DCONFIG_BUF_LEN=65536 -DMAX_DOMAINS_F=21 -DMAX_HISTORY=25 -DNMM_NEST=0  -I. -traditional-cpp -DUSE_NETCDF4_FEATURES -DWRFIO_NCD_LARGE_FILE_SUPPORT   module_surface_driver.G  > module_surface_driver.bb
/global/scratch/users/adamwise/compiling/WRFv4.4-DRM_real_GAD_slices_CPM/tools/standard.exe module_physics_init.bb | /lib/cpp -P -nostdinc -traditional-cpp -DUSE_NETCDF4_FEATURES -DWRFIO_NCD_LARGE_FILE_SUPPORT > module_physics_init.f90
/global/scratch/users/adamwise/compiling/WRFv4.4-DRM_real_GAD_slices_CPM/tools/standard.exe module_surface_driver.bb | /lib/cpp -P -nostdinc -traditional-cpp -DUSE_NETCDF4_FEATURES -DWRFIO_NCD_LARGE_FILE_SUPPORT > module_surface_driver.f90
rm -f module_physics_init.b module_physics_init.bb
time mpif90 -f90=ifort -c -real-size `expr 8 \* 4` -i4  -O0 -fno-inline -no-ip -ip -fp-model precise -w -ftz -align all -fno-alias -FR -convert big_endian   -I../dyn_em  -I/global/scratch/users/adamwise/compiling/WRFv4.4-DRM_real_GAD_slices_CPM/external/esmf_time_f90  -I/global/scratch/users/adamwise/compiling/WRFv4.4-DRM_real_GAD_slices_CPM/main -I/global/scratch/users/adamwise/compiling/WRFv4.4-DRM_real_GAD_slices_CPM/external/io_netcdf -I/global/scratch/users/adamwise/compiling/WRFv4.4-DRM_real_GAD_slices_CPM/external/io_int -I/global/scratch/users/adamwise/compiling/WRFv4.4-DRM_real_GAD_slices_CPM/frame -I/global/scratch/users/adamwise/compiling/WRFv4.4-DRM_real_GAD_slices_CPM/share -I/global/scratch/users/adamwise/compiling/WRFv4.4-DRM_real_GAD_slices_CPM/phys -I/global/scratch/users/adamwise/compiling/WRFv4.4-DRM_real_GAD_slices_CPM/wrftladj -I/global/scratch/users/adamwise/compiling/WRFv4.4-DRM_real_GAD_slices_CPM/chem -I/global/scratch/users/adamwise/compiling/WRFv4.4-DRM_real_GAD_slices_CPM/inc -I/global/software/sl-7.x86_64/modules/intel/2016.4.072/netcdf/4.4.1.1-intel-s/include  module_physics_init.f90
rm -f module_surface_driver.G module_surface_driver.bb
time mpif90 -f90=ifort -o module_surface_driver.o -c -O3 -ip -fp-model precise -w -ftz -align all -fno-alias -FR -convert big_endian    -I../dyn_em  -I/global/scratch/users/adamwise/compiling/WRFv4.4-DRM_real_GAD_slices_CPM/external/esmf_time_f90  -I/global/scratch/users/adamwise/compiling/WRFv4.4-DRM_real_GAD_slices_CPM/main -I/global/scratch/users/adamwise/compiling/WRFv4.4-DRM_real_GAD_slices_CPM/external/io_netcdf -I/global/scratch/users/adamwise/compiling/WRFv4.4-DRM_real_GAD_slices_CPM/external/io_int -I/global/scratch/users/adamwise/compiling/WRFv4.4-DRM_real_GAD_slices_CPM/frame -I/global/scratch/users/adamwise/compiling/WRFv4.4-DRM_real_GAD_slices_CPM/share -I/global/scratch/users/adamwise/compiling/WRFv4.4-DRM_real_GAD_slices_CPM/phys -I/global/scratch/users/adamwise/compiling/WRFv4.4-DRM_real_GAD_slices_CPM/wrftladj -I/global/scratch/users/adamwise/compiling/WRFv4.4-DRM_real_GAD_slices_CPM/chem -I/global/scratch/users/adamwise/compiling/WRFv4.4-DRM_real_GAD_slices_CPM/inc -I/global/software/sl-7.x86_64/modules/intel/2016.4.072/netcdf/4.4.1.1-intel-s/include  -real-size `expr 8 \* 4` -i4  module_surface_driver.f90

real	0m3.702s
user	0m2.676s
sys	0m0.403s

real	0m27.726s
user	0m26.546s
sys	0m0.590s
make[3]: Leaving directory `/global/scratch/users/adamwise/compiling/WRFv4.4-DRM_real_GAD_slices_CPM/phys'
make[2]: Leaving directory `/global/scratch/users/adamwise/compiling/WRFv4.4-DRM_real_GAD_slices_CPM/phys'
/bin/sh: line 2: [: -eq: unary operator expected
make[1]: Leaving directory `/global/scratch/users/adamwise/compiling/WRFv4.4-DRM_real_GAD_slices_CPM'
------------------------------------------------------------------------------
NoahMP submodule files populating WRF directories
------------------------------------------------------------------------------
if [ 0  -eq 1 ]    ; then make -i -r MODULE_DIRS="-I../dyn_em  -I/global/scratch/users/adamwise/compiling/WRFv4.4-DRM_real_GAD_slices_CPM/external/esmf_time_f90  -I/global/scratch/users/adamwise/compiling/WRFv4.4-DRM_real_GAD_slices_CPM/main -I/global/scratch/users/adamwise/compiling/WRFv4.4-DRM_real_GAD_slices_CPM/external/io_netcdf -I/global/scratch/users/adamwise/compiling/WRFv4.4-DRM_real_GAD_slices_CPM/external/io_int -I/global/scratch/users/adamwise/compiling/WRFv4.4-DRM_real_GAD_slices_CPM/frame -I/global/scratch/users/adamwise/compiling/WRFv4.4-DRM_real_GAD_slices_CPM/share -I/global/scratch/users/adamwise/compiling/WRFv4.4-DRM_real_GAD_slices_CPM/phys -I/global/scratch/users/adamwise/compiling/WRFv4.4-DRM_real_GAD_slices_CPM/wrftladj -I/global/scratch/users/adamwise/compiling/WRFv4.4-DRM_real_GAD_slices_CPM/chem -I/global/scratch/users/adamwise/compiling/WRFv4.4-DRM_real_GAD_slices_CPM/inc -I/global/software/sl-7.x86_64/modules/intel/2016.4.072/netcdf/4.4.1.1-intel-s/include " chemics ; fi
if [ 1 -eq 1 ]    ; then make -i -r MODULE_DIRS="-I../dyn_em  -I/global/scratch/users/adamwise/compiling/WRFv4.4-DRM_real_GAD_slices_CPM/external/esmf_time_f90  -I/global/scratch/users/adamwise/compiling/WRFv4.4-DRM_real_GAD_slices_CPM/main -I/global/scratch/users/adamwise/compiling/WRFv4.4-DRM_real_GAD_slices_CPM/external/io_netcdf -I/global/scratch/users/adamwise/compiling/WRFv4.4-DRM_real_GAD_slices_CPM/external/io_int -I/global/scratch/users/adamwise/compiling/WRFv4.4-DRM_real_GAD_slices_CPM/frame -I/global/scratch/users/adamwise/compiling/WRFv4.4-DRM_real_GAD_slices_CPM/share -I/global/scratch/users/adamwise/compiling/WRFv4.4-DRM_real_GAD_slices_CPM/phys -I/global/scratch/users/adamwise/compiling/WRFv4.4-DRM_real_GAD_slices_CPM/wrftladj -I/global/scratch/users/adamwise/compiling/WRFv4.4-DRM_real_GAD_slices_CPM/chem -I/global/scratch/users/adamwise/compiling/WRFv4.4-DRM_real_GAD_slices_CPM/inc -I/global/software/sl-7.x86_64/modules/intel/2016.4.072/netcdf/4.4.1.1-intel-s/include " em_core ; fi
make[1]: Entering directory `/global/scratch/users/adamwise/compiling/WRFv4.4-DRM_real_GAD_slices_CPM'
--------------------------------------
if [ 0  -eq 0 ] ; then \
	CF= ; \
else \
	CF="../chem/module_aerosols_sorgam.o ../chem/module_gocart_aerosols.o ../chem/module_mosaic_driver.o ../chem/module_input_tracer.o ../chem/module_aerosols_soa_vbs.o" ; \
fi
( cd dyn_em ; make -i -r -j 2 CF="" )
make[2]: Entering directory `/global/scratch/users/adamwise/compiling/WRFv4.4-DRM_real_GAD_slices_CPM/dyn_em'
rm -f module_advect_em.o
rm -f module_ieva_em.o
sed -e "s/^\!.*'.*//" -e "s/^ *\!.*'.*//" module_advect_em.F > module_advect_em.G
sed -e "s/^\!.*'.*//" -e "s/^ *\!.*'.*//" module_ieva_em.F > module_ieva_em.G
/lib/cpp -P -nostdinc -I/global/scratch/users/adamwise/compiling/WRFv4.4-DRM_real_GAD_slices_CPM/inc -DEM_CORE=1 -DNMM_CORE=0 -DNMM_MAX_DIM=2600 -DDA_CORE=0 -DWRFPLUS=0 -DIWORDSIZE=4 -DDWORDSIZE=8 -DRWORDSIZE=4 -DLWORDSIZE=4 -DNONSTANDARD_SYSTEM_FUNC  -DWRF_USE_CLM -DUSE_NETCDF4_FEATURES -DWRFIO_NCD_LARGE_FILE_SUPPORT  -DDM_PARALLEL -DNETCDF -DLANDREAD_STUB=1 -DUSE_ALLOCATABLES -Dwrfmodel -DGRIB1 -DINTIO -DKEEP_INT_AROUND -DLIMIT_ARGS -DBUILD_RRTMG_FAST=0 -DBUILD_RRTMK=0 -DBUILD_SBM_FAST=1 -DSHOW_ALL_VARS_USED=0 -DCONFIG_BUF_LEN=65536 -DMAX_DOMAINS_F=21 -DMAX_HISTORY=25 -DNMM_NEST=0  -I. -traditional-cpp -DUSE_NETCDF4_FEATURES -DWRFIO_NCD_LARGE_FILE_SUPPORT   module_ieva_em.G  > module_ieva_em.bb
/global/scratch/users/adamwise/compiling/WRFv4.4-DRM_real_GAD_slices_CPM/tools/standard.exe module_ieva_em.bb | /lib/cpp -P -nostdinc -traditional-cpp -DUSE_NETCDF4_FEATURES -DWRFIO_NCD_LARGE_FILE_SUPPORT > module_ieva_em.f90
rm -f module_ieva_em.G module_ieva_em.bb
/lib/cpp -P -nostdinc -I/global/scratch/users/adamwise/compiling/WRFv4.4-DRM_real_GAD_slices_CPM/inc -DEM_CORE=1 -DNMM_CORE=0 -DNMM_MAX_DIM=2600 -DDA_CORE=0 -DWRFPLUS=0 -DIWORDSIZE=4 -DDWORDSIZE=8 -DRWORDSIZE=4 -DLWORDSIZE=4 -DNONSTANDARD_SYSTEM_FUNC  -DWRF_USE_CLM -DUSE_NETCDF4_FEATURES -DWRFIO_NCD_LARGE_FILE_SUPPORT  -DDM_PARALLEL -DNETCDF -DLANDREAD_STUB=1 -DUSE_ALLOCATABLES -Dwrfmodel -DGRIB1 -DINTIO -DKEEP_INT_AROUND -DLIMIT_ARGS -DBUILD_RRTMG_FAST=0 -DBUILD_RRTMK=0 -DBUILD_SBM_FAST=1 -DSHOW_ALL_VARS_USED=0 -DCONFIG_BUF_LEN=65536 -DMAX_DOMAINS_F=21 -DMAX_HISTORY=25 -DNMM_NEST=0  -I. -traditional-cpp -DUSE_NETCDF4_FEATURES -DWRFIO_NCD_LARGE_FILE_SUPPORT   module_advect_em.G  > module_advect_em.bb
time mpif90 -f90=ifort -o module_ieva_em.o -c -O3 -ip -fp-model precise -w -ftz -align all -fno-alias -FR -convert big_endian    -I../dyn_em  -I/global/scratch/users/adamwise/compiling/WRFv4.4-DRM_real_GAD_slices_CPM/external/esmf_time_f90  -I/global/scratch/users/adamwise/compiling/WRFv4.4-DRM_real_GAD_slices_CPM/main -I/global/scratch/users/adamwise/compiling/WRFv4.4-DRM_real_GAD_slices_CPM/external/io_netcdf -I/global/scratch/users/adamwise/compiling/WRFv4.4-DRM_real_GAD_slices_CPM/external/io_int -I/global/scratch/users/adamwise/compiling/WRFv4.4-DRM_real_GAD_slices_CPM/frame -I/global/scratch/users/adamwise/compiling/WRFv4.4-DRM_real_GAD_slices_CPM/share -I/global/scratch/users/adamwise/compiling/WRFv4.4-DRM_real_GAD_slices_CPM/phys -I/global/scratch/users/adamwise/compiling/WRFv4.4-DRM_real_GAD_slices_CPM/wrftladj -I/global/scratch/users/adamwise/compiling/WRFv4.4-DRM_real_GAD_slices_CPM/chem -I/global/scratch/users/adamwise/compiling/WRFv4.4-DRM_real_GAD_slices_CPM/inc -I/global/software/sl-7.x86_64/modules/intel/2016.4.072/netcdf/4.4.1.1-intel-s/include  -real-size `expr 8 \* 4` -i4  module_ieva_em.f90
/global/scratch/users/adamwise/compiling/WRFv4.4-DRM_real_GAD_slices_CPM/tools/standard.exe module_advect_em.bb | /lib/cpp -P -nostdinc -traditional-cpp -DUSE_NETCDF4_FEATURES -DWRFIO_NCD_LARGE_FILE_SUPPORT > module_advect_em.f90
rm -f module_advect_em.G module_advect_em.bb
time mpif90 -f90=ifort -o module_advect_em.o -c -O3 -ip -fp-model precise -w -ftz -align all -fno-alias -FR -convert big_endian    -I../dyn_em  -I/global/scratch/users/adamwise/compiling/WRFv4.4-DRM_real_GAD_slices_CPM/external/esmf_time_f90  -I/global/scratch/users/adamwise/compiling/WRFv4.4-DRM_real_GAD_slices_CPM/main -I/global/scratch/users/adamwise/compiling/WRFv4.4-DRM_real_GAD_slices_CPM/external/io_netcdf -I/global/scratch/users/adamwise/compiling/WRFv4.4-DRM_real_GAD_slices_CPM/external/io_int -I/global/scratch/users/adamwise/compiling/WRFv4.4-DRM_real_GAD_slices_CPM/frame -I/global/scratch/users/adamwise/compiling/WRFv4.4-DRM_real_GAD_slices_CPM/share -I/global/scratch/users/adamwise/compiling/WRFv4.4-DRM_real_GAD_slices_CPM/phys -I/global/scratch/users/adamwise/compiling/WRFv4.4-DRM_real_GAD_slices_CPM/wrftladj -I/global/scratch/users/adamwise/compiling/WRFv4.4-DRM_real_GAD_slices_CPM/chem -I/global/scratch/users/adamwise/compiling/WRFv4.4-DRM_real_GAD_slices_CPM/inc -I/global/software/sl-7.x86_64/modules/intel/2016.4.072/netcdf/4.4.1.1-intel-s/include  -real-size `expr 8 \* 4` -i4  module_advect_em.f90

real	0m3.027s
user	0m2.620s
sys	0m0.159s
rm -f module_big_step_utilities_em.o
sed -e "s/^\!.*'.*//" -e "s/^ *\!.*'.*//" module_big_step_utilities_em.F > module_big_step_utilities_em.G
/lib/cpp -P -nostdinc -I/global/scratch/users/adamwise/compiling/WRFv4.4-DRM_real_GAD_slices_CPM/inc -DEM_CORE=1 -DNMM_CORE=0 -DNMM_MAX_DIM=2600 -DDA_CORE=0 -DWRFPLUS=0 -DIWORDSIZE=4 -DDWORDSIZE=8 -DRWORDSIZE=4 -DLWORDSIZE=4 -DNONSTANDARD_SYSTEM_FUNC  -DWRF_USE_CLM -DUSE_NETCDF4_FEATURES -DWRFIO_NCD_LARGE_FILE_SUPPORT  -DDM_PARALLEL -DNETCDF -DLANDREAD_STUB=1 -DUSE_ALLOCATABLES -Dwrfmodel -DGRIB1 -DINTIO -DKEEP_INT_AROUND -DLIMIT_ARGS -DBUILD_RRTMG_FAST=0 -DBUILD_RRTMK=0 -DBUILD_SBM_FAST=1 -DSHOW_ALL_VARS_USED=0 -DCONFIG_BUF_LEN=65536 -DMAX_DOMAINS_F=21 -DMAX_HISTORY=25 -DNMM_NEST=0  -I. -traditional-cpp -DUSE_NETCDF4_FEATURES -DWRFIO_NCD_LARGE_FILE_SUPPORT   module_big_step_utilities_em.G  > module_big_step_utilities_em.bb
/global/scratch/users/adamwise/compiling/WRFv4.4-DRM_real_GAD_slices_CPM/tools/standard.exe module_big_step_utilities_em.bb | /lib/cpp -P -nostdinc -traditional-cpp -DUSE_NETCDF4_FEATURES -DWRFIO_NCD_LARGE_FILE_SUPPORT > module_big_step_utilities_em.f90
rm -f module_big_step_utilities_em.G module_big_step_utilities_em.bb
time mpif90 -f90=ifort -o module_big_step_utilities_em.o -c -O3 -ip -fp-model precise -w -ftz -align all -fno-alias -FR -convert big_endian    -I../dyn_em  -I/global/scratch/users/adamwise/compiling/WRFv4.4-DRM_real_GAD_slices_CPM/external/esmf_time_f90  -I/global/scratch/users/adamwise/compiling/WRFv4.4-DRM_real_GAD_slices_CPM/main -I/global/scratch/users/adamwise/compiling/WRFv4.4-DRM_real_GAD_slices_CPM/external/io_netcdf -I/global/scratch/users/adamwise/compiling/WRFv4.4-DRM_real_GAD_slices_CPM/external/io_int -I/global/scratch/users/adamwise/compiling/WRFv4.4-DRM_real_GAD_slices_CPM/frame -I/global/scratch/users/adamwise/compiling/WRFv4.4-DRM_real_GAD_slices_CPM/share -I/global/scratch/users/adamwise/compiling/WRFv4.4-DRM_real_GAD_slices_CPM/phys -I/global/scratch/users/adamwise/compiling/WRFv4.4-DRM_real_GAD_slices_CPM/wrftladj -I/global/scratch/users/adamwise/compiling/WRFv4.4-DRM_real_GAD_slices_CPM/chem -I/global/scratch/users/adamwise/compiling/WRFv4.4-DRM_real_GAD_slices_CPM/inc -I/global/software/sl-7.x86_64/modules/intel/2016.4.072/netcdf/4.4.1.1-intel-s/include  -real-size `expr 8 \* 4` -i4  module_big_step_utilities_em.f90

real	0m26.274s
user	0m25.712s
sys	0m0.308s
rm -f module_small_step_em.o
sed -e "s/^\!.*'.*//" -e "s/^ *\!.*'.*//" module_small_step_em.F > module_small_step_em.G
/lib/cpp -P -nostdinc -I/global/scratch/users/adamwise/compiling/WRFv4.4-DRM_real_GAD_slices_CPM/inc -DEM_CORE=1 -DNMM_CORE=0 -DNMM_MAX_DIM=2600 -DDA_CORE=0 -DWRFPLUS=0 -DIWORDSIZE=4 -DDWORDSIZE=8 -DRWORDSIZE=4 -DLWORDSIZE=4 -DNONSTANDARD_SYSTEM_FUNC  -DWRF_USE_CLM -DUSE_NETCDF4_FEATURES -DWRFIO_NCD_LARGE_FILE_SUPPORT  -DDM_PARALLEL -DNETCDF -DLANDREAD_STUB=1 -DUSE_ALLOCATABLES -Dwrfmodel -DGRIB1 -DINTIO -DKEEP_INT_AROUND -DLIMIT_ARGS -DBUILD_RRTMG_FAST=0 -DBUILD_RRTMK=0 -DBUILD_SBM_FAST=1 -DSHOW_ALL_VARS_USED=0 -DCONFIG_BUF_LEN=65536 -DMAX_DOMAINS_F=21 -DMAX_HISTORY=25 -DNMM_NEST=0  -I. -traditional-cpp -DUSE_NETCDF4_FEATURES -DWRFIO_NCD_LARGE_FILE_SUPPORT   module_small_step_em.G  > module_small_step_em.bb
/global/scratch/users/adamwise/compiling/WRFv4.4-DRM_real_GAD_slices_CPM/tools/standard.exe module_small_step_em.bb | /lib/cpp -P -nostdinc -traditional-cpp -DUSE_NETCDF4_FEATURES -DWRFIO_NCD_LARGE_FILE_SUPPORT > module_small_step_em.f90
rm -f module_small_step_em.G module_small_step_em.bb
time mpif90 -f90=ifort -o module_small_step_em.o -c -O3 -ip -fp-model precise -w -ftz -align all -fno-alias -FR -convert big_endian    -I../dyn_em  -I/global/scratch/users/adamwise/compiling/WRFv4.4-DRM_real_GAD_slices_CPM/external/esmf_time_f90  -I/global/scratch/users/adamwise/compiling/WRFv4.4-DRM_real_GAD_slices_CPM/main -I/global/scratch/users/adamwise/compiling/WRFv4.4-DRM_real_GAD_slices_CPM/external/io_netcdf -I/global/scratch/users/adamwise/compiling/WRFv4.4-DRM_real_GAD_slices_CPM/external/io_int -I/global/scratch/users/adamwise/compiling/WRFv4.4-DRM_real_GAD_slices_CPM/frame -I/global/scratch/users/adamwise/compiling/WRFv4.4-DRM_real_GAD_slices_CPM/share -I/global/scratch/users/adamwise/compiling/WRFv4.4-DRM_real_GAD_slices_CPM/phys -I/global/scratch/users/adamwise/compiling/WRFv4.4-DRM_real_GAD_slices_CPM/wrftladj -I/global/scratch/users/adamwise/compiling/WRFv4.4-DRM_real_GAD_slices_CPM/chem -I/global/scratch/users/adamwise/compiling/WRFv4.4-DRM_real_GAD_slices_CPM/inc -I/global/software/sl-7.x86_64/modules/intel/2016.4.072/netcdf/4.4.1.1-intel-s/include  -real-size `expr 8 \* 4` -i4  module_small_step_em.f90

real	0m8.156s
user	0m7.713s
sys	0m0.213s
rm -f module_damping_em.o
sed -e "s/^\!.*'.*//" -e "s/^ *\!.*'.*//" module_damping_em.F > module_damping_em.G
/lib/cpp -P -nostdinc -I/global/scratch/users/adamwise/compiling/WRFv4.4-DRM_real_GAD_slices_CPM/inc -DEM_CORE=1 -DNMM_CORE=0 -DNMM_MAX_DIM=2600 -DDA_CORE=0 -DWRFPLUS=0 -DIWORDSIZE=4 -DDWORDSIZE=8 -DRWORDSIZE=4 -DLWORDSIZE=4 -DNONSTANDARD_SYSTEM_FUNC  -DWRF_USE_CLM -DUSE_NETCDF4_FEATURES -DWRFIO_NCD_LARGE_FILE_SUPPORT  -DDM_PARALLEL -DNETCDF -DLANDREAD_STUB=1 -DUSE_ALLOCATABLES -Dwrfmodel -DGRIB1 -DINTIO -DKEEP_INT_AROUND -DLIMIT_ARGS -DBUILD_RRTMG_FAST=0 -DBUILD_RRTMK=0 -DBUILD_SBM_FAST=1 -DSHOW_ALL_VARS_USED=0 -DCONFIG_BUF_LEN=65536 -DMAX_DOMAINS_F=21 -DMAX_HISTORY=25 -DNMM_NEST=0  -I. -traditional-cpp -DUSE_NETCDF4_FEATURES -DWRFIO_NCD_LARGE_FILE_SUPPORT   module_damping_em.G  > module_damping_em.bb
/global/scratch/users/adamwise/compiling/WRFv4.4-DRM_real_GAD_slices_CPM/tools/standard.exe module_damping_em.bb | /lib/cpp -P -nostdinc -traditional-cpp -DUSE_NETCDF4_FEATURES -DWRFIO_NCD_LARGE_FILE_SUPPORT > module_damping_em.f90
rm -f module_damping_em.G module_damping_em.bb
time mpif90 -f90=ifort -o module_damping_em.o -c -O3 -ip -fp-model precise -w -ftz -align all -fno-alias -FR -convert big_endian    -I../dyn_em  -I/global/scratch/users/adamwise/compiling/WRFv4.4-DRM_real_GAD_slices_CPM/external/esmf_time_f90  -I/global/scratch/users/adamwise/compiling/WRFv4.4-DRM_real_GAD_slices_CPM/main -I/global/scratch/users/adamwise/compiling/WRFv4.4-DRM_real_GAD_slices_CPM/external/io_netcdf -I/global/scratch/users/adamwise/compiling/WRFv4.4-DRM_real_GAD_slices_CPM/external/io_int -I/global/scratch/users/adamwise/compiling/WRFv4.4-DRM_real_GAD_slices_CPM/frame -I/global/scratch/users/adamwise/compiling/WRFv4.4-DRM_real_GAD_slices_CPM/share -I/global/scratch/users/adamwise/compiling/WRFv4.4-DRM_real_GAD_slices_CPM/phys -I/global/scratch/users/adamwise/compiling/WRFv4.4-DRM_real_GAD_slices_CPM/wrftladj -I/global/scratch/users/adamwise/compiling/WRFv4.4-DRM_real_GAD_slices_CPM/chem -I/global/scratch/users/adamwise/compiling/WRFv4.4-DRM_real_GAD_slices_CPM/inc -I/global/software/sl-7.x86_64/modules/intel/2016.4.072/netcdf/4.4.1.1-intel-s/include  -real-size `expr 8 \* 4` -i4  module_damping_em.f90

real	0m0.614s
user	0m0.165s
sys	0m0.118s
rm -f module_solvedebug_em.o
sed -e "s/^\!.*'.*//" -e "s/^ *\!.*'.*//" module_solvedebug_em.F > module_solvedebug_em.G
/lib/cpp -P -nostdinc -I/global/scratch/users/adamwise/compiling/WRFv4.4-DRM_real_GAD_slices_CPM/inc -DEM_CORE=1 -DNMM_CORE=0 -DNMM_MAX_DIM=2600 -DDA_CORE=0 -DWRFPLUS=0 -DIWORDSIZE=4 -DDWORDSIZE=8 -DRWORDSIZE=4 -DLWORDSIZE=4 -DNONSTANDARD_SYSTEM_FUNC  -DWRF_USE_CLM -DUSE_NETCDF4_FEATURES -DWRFIO_NCD_LARGE_FILE_SUPPORT  -DDM_PARALLEL -DNETCDF -DLANDREAD_STUB=1 -DUSE_ALLOCATABLES -Dwrfmodel -DGRIB1 -DINTIO -DKEEP_INT_AROUND -DLIMIT_ARGS -DBUILD_RRTMG_FAST=0 -DBUILD_RRTMK=0 -DBUILD_SBM_FAST=1 -DSHOW_ALL_VARS_USED=0 -DCONFIG_BUF_LEN=65536 -DMAX_DOMAINS_F=21 -DMAX_HISTORY=25 -DNMM_NEST=0  -I. -traditional-cpp -DUSE_NETCDF4_FEATURES -DWRFIO_NCD_LARGE_FILE_SUPPORT   module_solvedebug_em.G  > module_solvedebug_em.bb
/global/scratch/users/adamwise/compiling/WRFv4.4-DRM_real_GAD_slices_CPM/tools/standard.exe module_solvedebug_em.bb | /lib/cpp -P -nostdinc -traditional-cpp -DUSE_NETCDF4_FEATURES -DWRFIO_NCD_LARGE_FILE_SUPPORT > module_solvedebug_em.f90
rm -f module_solvedebug_em.G module_solvedebug_em.bb
time mpif90 -f90=ifort -o module_solvedebug_em.o -c -O3 -ip -fp-model precise -w -ftz -align all -fno-alias -FR -convert big_endian    -I../dyn_em  -I/global/scratch/users/adamwise/compiling/WRFv4.4-DRM_real_GAD_slices_CPM/external/esmf_time_f90  -I/global/scratch/users/adamwise/compiling/WRFv4.4-DRM_real_GAD_slices_CPM/main -I/global/scratch/users/adamwise/compiling/WRFv4.4-DRM_real_GAD_slices_CPM/external/io_netcdf -I/global/scratch/users/adamwise/compiling/WRFv4.4-DRM_real_GAD_slices_CPM/external/io_int -I/global/scratch/users/adamwise/compiling/WRFv4.4-DRM_real_GAD_slices_CPM/frame -I/global/scratch/users/adamwise/compiling/WRFv4.4-DRM_real_GAD_slices_CPM/share -I/global/scratch/users/adamwise/compiling/WRFv4.4-DRM_real_GAD_slices_CPM/phys -I/global/scratch/users/adamwise/compiling/WRFv4.4-DRM_real_GAD_slices_CPM/wrftladj -I/global/scratch/users/adamwise/compiling/WRFv4.4-DRM_real_GAD_slices_CPM/chem -I/global/scratch/users/adamwise/compiling/WRFv4.4-DRM_real_GAD_slices_CPM/inc -I/global/software/sl-7.x86_64/modules/intel/2016.4.072/netcdf/4.4.1.1-intel-s/include  -real-size `expr 8 \* 4` -i4  module_solvedebug_em.f90

real	0m0.588s
user	0m0.285s
sys	0m0.099s
rm -f module_bc_em.o
sed -e "s/^\!.*'.*//" -e "s/^ *\!.*'.*//" module_bc_em.F > module_bc_em.G
/lib/cpp -P -nostdinc -I/global/scratch/users/adamwise/compiling/WRFv4.4-DRM_real_GAD_slices_CPM/inc -DEM_CORE=1 -DNMM_CORE=0 -DNMM_MAX_DIM=2600 -DDA_CORE=0 -DWRFPLUS=0 -DIWORDSIZE=4 -DDWORDSIZE=8 -DRWORDSIZE=4 -DLWORDSIZE=4 -DNONSTANDARD_SYSTEM_FUNC  -DWRF_USE_CLM -DUSE_NETCDF4_FEATURES -DWRFIO_NCD_LARGE_FILE_SUPPORT  -DDM_PARALLEL -DNETCDF -DLANDREAD_STUB=1 -DUSE_ALLOCATABLES -Dwrfmodel -DGRIB1 -DINTIO -DKEEP_INT_AROUND -DLIMIT_ARGS -DBUILD_RRTMG_FAST=0 -DBUILD_RRTMK=0 -DBUILD_SBM_FAST=1 -DSHOW_ALL_VARS_USED=0 -DCONFIG_BUF_LEN=65536 -DMAX_DOMAINS_F=21 -DMAX_HISTORY=25 -DNMM_NEST=0  -I. -traditional-cpp -DUSE_NETCDF4_FEATURES -DWRFIO_NCD_LARGE_FILE_SUPPORT   module_bc_em.G  > module_bc_em.bb
/global/scratch/users/adamwise/compiling/WRFv4.4-DRM_real_GAD_slices_CPM/tools/standard.exe module_bc_em.bb | /lib/cpp -P -nostdinc -traditional-cpp -DUSE_NETCDF4_FEATURES -DWRFIO_NCD_LARGE_FILE_SUPPORT > module_bc_em.f90
rm -f module_bc_em.G module_bc_em.bb
time mpif90 -f90=ifort -o module_bc_em.o -c -O3 -ip -fp-model precise -w -ftz -align all -fno-alias -FR -convert big_endian    -I../dyn_em  -I/global/scratch/users/adamwise/compiling/WRFv4.4-DRM_real_GAD_slices_CPM/external/esmf_time_f90  -I/global/scratch/users/adamwise/compiling/WRFv4.4-DRM_real_GAD_slices_CPM/main -I/global/scratch/users/adamwise/compiling/WRFv4.4-DRM_real_GAD_slices_CPM/external/io_netcdf -I/global/scratch/users/adamwise/compiling/WRFv4.4-DRM_real_GAD_slices_CPM/external/io_int -I/global/scratch/users/adamwise/compiling/WRFv4.4-DRM_real_GAD_slices_CPM/frame -I/global/scratch/users/adamwise/compiling/WRFv4.4-DRM_real_GAD_slices_CPM/share -I/global/scratch/users/adamwise/compiling/WRFv4.4-DRM_real_GAD_slices_CPM/phys -I/global/scratch/users/adamwise/compiling/WRFv4.4-DRM_real_GAD_slices_CPM/wrftladj -I/global/scratch/users/adamwise/compiling/WRFv4.4-DRM_real_GAD_slices_CPM/chem -I/global/scratch/users/adamwise/compiling/WRFv4.4-DRM_real_GAD_slices_CPM/inc -I/global/software/sl-7.x86_64/modules/intel/2016.4.072/netcdf/4.4.1.1-intel-s/include  -real-size `expr 8 \* 4` -i4  module_bc_em.f90

real	0m2.943s
user	0m2.551s
sys	0m0.164s
rm -f module_init_utilities.o
sed -e "s/^\!.*'.*//" -e "s/^ *\!.*'.*//" module_init_utilities.F > module_init_utilities.G
/lib/cpp -P -nostdinc -I/global/scratch/users/adamwise/compiling/WRFv4.4-DRM_real_GAD_slices_CPM/inc -DEM_CORE=1 -DNMM_CORE=0 -DNMM_MAX_DIM=2600 -DDA_CORE=0 -DWRFPLUS=0 -DIWORDSIZE=4 -DDWORDSIZE=8 -DRWORDSIZE=4 -DLWORDSIZE=4 -DNONSTANDARD_SYSTEM_FUNC  -DWRF_USE_CLM -DUSE_NETCDF4_FEATURES -DWRFIO_NCD_LARGE_FILE_SUPPORT  -DDM_PARALLEL -DNETCDF -DLANDREAD_STUB=1 -DUSE_ALLOCATABLES -Dwrfmodel -DGRIB1 -DINTIO -DKEEP_INT_AROUND -DLIMIT_ARGS -DBUILD_RRTMG_FAST=0 -DBUILD_RRTMK=0 -DBUILD_SBM_FAST=1 -DSHOW_ALL_VARS_USED=0 -DCONFIG_BUF_LEN=65536 -DMAX_DOMAINS_F=21 -DMAX_HISTORY=25 -DNMM_NEST=0  -I. -traditional-cpp -DUSE_NETCDF4_FEATURES -DWRFIO_NCD_LARGE_FILE_SUPPORT   module_init_utilities.G  > module_init_utilities.bb
/global/scratch/users/adamwise/compiling/WRFv4.4-DRM_real_GAD_slices_CPM/tools/standard.exe module_init_utilities.bb | /lib/cpp -P -nostdinc -traditional-cpp -DUSE_NETCDF4_FEATURES -DWRFIO_NCD_LARGE_FILE_SUPPORT > module_init_utilities.f90
rm -f module_init_utilities.G module_init_utilities.bb
time mpif90 -f90=ifort -o module_init_utilities.o -c -O3 -ip -fp-model precise -w -ftz -align all -fno-alias -FR -convert big_endian    -I../dyn_em  -I/global/scratch/users/adamwise/compiling/WRFv4.4-DRM_real_GAD_slices_CPM/external/esmf_time_f90  -I/global/scratch/users/adamwise/compiling/WRFv4.4-DRM_real_GAD_slices_CPM/main -I/global/scratch/users/adamwise/compiling/WRFv4.4-DRM_real_GAD_slices_CPM/external/io_netcdf -I/global/scratch/users/adamwise/compiling/WRFv4.4-DRM_real_GAD_slices_CPM/external/io_int -I/global/scratch/users/adamwise/compiling/WRFv4.4-DRM_real_GAD_slices_CPM/frame -I/global/scratch/users/adamwise/compiling/WRFv4.4-DRM_real_GAD_slices_CPM/share -I/global/scratch/users/adamwise/compiling/WRFv4.4-DRM_real_GAD_slices_CPM/phys -I/global/scratch/users/adamwise/compiling/WRFv4.4-DRM_real_GAD_slices_CPM/wrftladj -I/global/scratch/users/adamwise/compiling/WRFv4.4-DRM_real_GAD_slices_CPM/chem -I/global/scratch/users/adamwise/compiling/WRFv4.4-DRM_real_GAD_slices_CPM/inc -I/global/software/sl-7.x86_64/modules/intel/2016.4.072/netcdf/4.4.1.1-intel-s/include  -real-size `expr 8 \* 4` -i4  module_init_utilities.f90

real	0m0.369s
user	0m0.055s
sys	0m0.100s
rm -f module_wps_io_arw.o
/global/scratch/users/adamwise/compiling/WRFv4.4-DRM_real_GAD_slices_CPM/tools/standard.exe module_wps_io_arw.F > module_wps_io_arw.b 
/lib/cpp -P -nostdinc -I/global/scratch/users/adamwise/compiling/WRFv4.4-DRM_real_GAD_slices_CPM/inc -DEM_CORE=1 -DNMM_CORE=0 -DNMM_MAX_DIM=2600 -DDA_CORE=0 -DWRFPLUS=0 -DIWORDSIZE=4 -DDWORDSIZE=8 -DRWORDSIZE=4 -DLWORDSIZE=4 -DNONSTANDARD_SYSTEM_FUNC  -DWRF_USE_CLM -DUSE_NETCDF4_FEATURES -DWRFIO_NCD_LARGE_FILE_SUPPORT  -DDM_PARALLEL -DNETCDF -DLANDREAD_STUB=1 -DUSE_ALLOCATABLES -Dwrfmodel -DGRIB1 -DINTIO -DKEEP_INT_AROUND -DLIMIT_ARGS -DBUILD_RRTMG_FAST=0 -DBUILD_RRTMK=0 -DBUILD_SBM_FAST=1 -DSHOW_ALL_VARS_USED=0 -DCONFIG_BUF_LEN=65536 -DMAX_DOMAINS_F=21 -DMAX_HISTORY=25 -DNMM_NEST=0  -I. -traditional-cpp -DUSE_NETCDF4_FEATURES -DWRFIO_NCD_LARGE_FILE_SUPPORT   module_wps_io_arw.b  > module_wps_io_arw.f90
rm -f module_wps_io_arw.b
if fgrep -iq '!$OMP' module_wps_io_arw.f90 ; then \
          if [ -n "" ] ; then echo COMPILING module_wps_io_arw.F WITH OMP ; fi ; \
  time mpif90 -f90=ifort -c -real-size `expr 8 \* 4` -i4 -O0 -fno-inline -no-ip -ip -fp-model precise -w -ftz -align all -fno-alias -FR -convert big_endian   -I../dyn_em  -I/global/scratch/users/adamwise/compiling/WRFv4.4-DRM_real_GAD_slices_CPM/external/esmf_time_f90  -I/global/scratch/users/adamwise/compiling/WRFv4.4-DRM_real_GAD_slices_CPM/main -I/global/scratch/users/adamwise/compiling/WRFv4.4-DRM_real_GAD_slices_CPM/external/io_netcdf -I/global/scratch/users/adamwise/compiling/WRFv4.4-DRM_real_GAD_slices_CPM/external/io_int -I/global/scratch/users/adamwise/compiling/WRFv4.4-DRM_real_GAD_slices_CPM/frame -I/global/scratch/users/adamwise/compiling/WRFv4.4-DRM_real_GAD_slices_CPM/share -I/global/scratch/users/adamwise/compiling/WRFv4.4-DRM_real_GAD_slices_CPM/phys -I/global/scratch/users/adamwise/compiling/WRFv4.4-DRM_real_GAD_slices_CPM/wrftladj -I/global/scratch/users/adamwise/compiling/WRFv4.4-DRM_real_GAD_slices_CPM/chem -I/global/scratch/users/adamwise/compiling/WRFv4.4-DRM_real_GAD_slices_CPM/inc -I/global/software/sl-7.x86_64/modules/intel/2016.4.072/netcdf/4.4.1.1-intel-s/include    module_wps_io_arw.f90 ; \
        else \
          if [ -n "" ] ; then echo COMPILING module_wps_io_arw.F WITHOUT OMP ; fi ; \
  time mpif90 -f90=ifort -c -real-size `expr 8 \* 4` -i4 -O0 -fno-inline -no-ip -ip -fp-model precise -w -ftz -align all -fno-alias -FR -convert big_endian   -I../dyn_em  -I/global/scratch/users/adamwise/compiling/WRFv4.4-DRM_real_GAD_slices_CPM/external/esmf_time_f90  -I/global/scratch/users/adamwise/compiling/WRFv4.4-DRM_real_GAD_slices_CPM/main -I/global/scratch/users/adamwise/compiling/WRFv4.4-DRM_real_GAD_slices_CPM/external/io_netcdf -I/global/scratch/users/adamwise/compiling/WRFv4.4-DRM_real_GAD_slices_CPM/external/io_int -I/global/scratch/users/adamwise/compiling/WRFv4.4-DRM_real_GAD_slices_CPM/frame -I/global/scratch/users/adamwise/compiling/WRFv4.4-DRM_real_GAD_slices_CPM/share -I/global/scratch/users/adamwise/compiling/WRFv4.4-DRM_real_GAD_slices_CPM/phys -I/global/scratch/users/adamwise/compiling/WRFv4.4-DRM_real_GAD_slices_CPM/wrftladj -I/global/scratch/users/adamwise/compiling/WRFv4.4-DRM_real_GAD_slices_CPM/chem -I/global/scratch/users/adamwise/compiling/WRFv4.4-DRM_real_GAD_slices_CPM/inc -I/global/software/sl-7.x86_64/modules/intel/2016.4.072/netcdf/4.4.1.1-intel-s/include   module_wps_io_arw.f90 ; \
        fi

real	0m3.964s
user	0m1.279s
sys	0m0.482s
rm -f module_polarfft.o
sed -e "s/^\!.*'.*//" -e "s/^ *\!.*'.*//" module_polarfft.F > module_polarfft.G
/lib/cpp -P -nostdinc -I/global/scratch/users/adamwise/compiling/WRFv4.4-DRM_real_GAD_slices_CPM/inc -DEM_CORE=1 -DNMM_CORE=0 -DNMM_MAX_DIM=2600 -DDA_CORE=0 -DWRFPLUS=0 -DIWORDSIZE=4 -DDWORDSIZE=8 -DRWORDSIZE=4 -DLWORDSIZE=4 -DNONSTANDARD_SYSTEM_FUNC  -DWRF_USE_CLM -DUSE_NETCDF4_FEATURES -DWRFIO_NCD_LARGE_FILE_SUPPORT  -DDM_PARALLEL -DNETCDF -DLANDREAD_STUB=1 -DUSE_ALLOCATABLES -Dwrfmodel -DGRIB1 -DINTIO -DKEEP_INT_AROUND -DLIMIT_ARGS -DBUILD_RRTMG_FAST=0 -DBUILD_RRTMK=0 -DBUILD_SBM_FAST=1 -DSHOW_ALL_VARS_USED=0 -DCONFIG_BUF_LEN=65536 -DMAX_DOMAINS_F=21 -DMAX_HISTORY=25 -DNMM_NEST=0  -I. -traditional-cpp -DUSE_NETCDF4_FEATURES -DWRFIO_NCD_LARGE_FILE_SUPPORT   module_polarfft.G  > module_polarfft.bb
/global/scratch/users/adamwise/compiling/WRFv4.4-DRM_real_GAD_slices_CPM/tools/standard.exe module_polarfft.bb | /lib/cpp -P -nostdinc -traditional-cpp -DUSE_NETCDF4_FEATURES -DWRFIO_NCD_LARGE_FILE_SUPPORT > module_polarfft.f90
rm -f module_polarfft.G module_polarfft.bb
time mpif90 -f90=ifort -o module_polarfft.o -c -O3 -ip -fp-model precise -w -ftz -align all -fno-alias -FR -convert big_endian    -I../dyn_em  -I/global/scratch/users/adamwise/compiling/WRFv4.4-DRM_real_GAD_slices_CPM/external/esmf_time_f90  -I/global/scratch/users/adamwise/compiling/WRFv4.4-DRM_real_GAD_slices_CPM/main -I/global/scratch/users/adamwise/compiling/WRFv4.4-DRM_real_GAD_slices_CPM/external/io_netcdf -I/global/scratch/users/adamwise/compiling/WRFv4.4-DRM_real_GAD_slices_CPM/external/io_int -I/global/scratch/users/adamwise/compiling/WRFv4.4-DRM_real_GAD_slices_CPM/frame -I/global/scratch/users/adamwise/compiling/WRFv4.4-DRM_real_GAD_slices_CPM/share -I/global/scratch/users/adamwise/compiling/WRFv4.4-DRM_real_GAD_slices_CPM/phys -I/global/scratch/users/adamwise/compiling/WRFv4.4-DRM_real_GAD_slices_CPM/wrftladj -I/global/scratch/users/adamwise/compiling/WRFv4.4-DRM_real_GAD_slices_CPM/chem -I/global/scratch/users/adamwise/compiling/WRFv4.4-DRM_real_GAD_slices_CPM/inc -I/global/software/sl-7.x86_64/modules/intel/2016.4.072/netcdf/4.4.1.1-intel-s/include  -real-size `expr 8 \* 4` -i4  module_polarfft.f90

real	0m4.239s
user	0m3.752s
sys	0m0.229s
rm -f module_force_scm.o
sed -e "s/^\!.*'.*//" -e "s/^ *\!.*'.*//" module_force_scm.F > module_force_scm.G
/lib/cpp -P -nostdinc -I/global/scratch/users/adamwise/compiling/WRFv4.4-DRM_real_GAD_slices_CPM/inc -DEM_CORE=1 -DNMM_CORE=0 -DNMM_MAX_DIM=2600 -DDA_CORE=0 -DWRFPLUS=0 -DIWORDSIZE=4 -DDWORDSIZE=8 -DRWORDSIZE=4 -DLWORDSIZE=4 -DNONSTANDARD_SYSTEM_FUNC  -DWRF_USE_CLM -DUSE_NETCDF4_FEATURES -DWRFIO_NCD_LARGE_FILE_SUPPORT  -DDM_PARALLEL -DNETCDF -DLANDREAD_STUB=1 -DUSE_ALLOCATABLES -Dwrfmodel -DGRIB1 -DINTIO -DKEEP_INT_AROUND -DLIMIT_ARGS -DBUILD_RRTMG_FAST=0 -DBUILD_RRTMK=0 -DBUILD_SBM_FAST=1 -DSHOW_ALL_VARS_USED=0 -DCONFIG_BUF_LEN=65536 -DMAX_DOMAINS_F=21 -DMAX_HISTORY=25 -DNMM_NEST=0  -I. -traditional-cpp -DUSE_NETCDF4_FEATURES -DWRFIO_NCD_LARGE_FILE_SUPPORT   module_force_scm.G  > module_force_scm.bb
/global/scratch/users/adamwise/compiling/WRFv4.4-DRM_real_GAD_slices_CPM/tools/standard.exe module_force_scm.bb | /lib/cpp -P -nostdinc -traditional-cpp -DUSE_NETCDF4_FEATURES -DWRFIO_NCD_LARGE_FILE_SUPPORT > module_force_scm.f90
rm -f module_force_scm.G module_force_scm.bb
time mpif90 -f90=ifort -o module_force_scm.o -c -O3 -ip -fp-model precise -w -ftz -align all -fno-alias -FR -convert big_endian    -I../dyn_em  -I/global/scratch/users/adamwise/compiling/WRFv4.4-DRM_real_GAD_slices_CPM/external/esmf_time_f90  -I/global/scratch/users/adamwise/compiling/WRFv4.4-DRM_real_GAD_slices_CPM/main -I/global/scratch/users/adamwise/compiling/WRFv4.4-DRM_real_GAD_slices_CPM/external/io_netcdf -I/global/scratch/users/adamwise/compiling/WRFv4.4-DRM_real_GAD_slices_CPM/external/io_int -I/global/scratch/users/adamwise/compiling/WRFv4.4-DRM_real_GAD_slices_CPM/frame -I/global/scratch/users/adamwise/compiling/WRFv4.4-DRM_real_GAD_slices_CPM/share -I/global/scratch/users/adamwise/compiling/WRFv4.4-DRM_real_GAD_slices_CPM/phys -I/global/scratch/users/adamwise/compiling/WRFv4.4-DRM_real_GAD_slices_CPM/wrftladj -I/global/scratch/users/adamwise/compiling/WRFv4.4-DRM_real_GAD_slices_CPM/chem -I/global/scratch/users/adamwise/compiling/WRFv4.4-DRM_real_GAD_slices_CPM/inc -I/global/software/sl-7.x86_64/modules/intel/2016.4.072/netcdf/4.4.1.1-intel-s/include  -real-size `expr 8 \* 4` -i4  module_force_scm.f90

real	0m1.830s
user	0m1.497s
sys	0m0.122s
rm -f module_convtrans_prep.o
sed -e "s/^\!.*'.*//" -e "s/^ *\!.*'.*//" module_convtrans_prep.F > module_convtrans_prep.G
/lib/cpp -P -nostdinc -I/global/scratch/users/adamwise/compiling/WRFv4.4-DRM_real_GAD_slices_CPM/inc -DEM_CORE=1 -DNMM_CORE=0 -DNMM_MAX_DIM=2600 -DDA_CORE=0 -DWRFPLUS=0 -DIWORDSIZE=4 -DDWORDSIZE=8 -DRWORDSIZE=4 -DLWORDSIZE=4 -DNONSTANDARD_SYSTEM_FUNC  -DWRF_USE_CLM -DUSE_NETCDF4_FEATURES -DWRFIO_NCD_LARGE_FILE_SUPPORT  -DDM_PARALLEL -DNETCDF -DLANDREAD_STUB=1 -DUSE_ALLOCATABLES -Dwrfmodel -DGRIB1 -DINTIO -DKEEP_INT_AROUND -DLIMIT_ARGS -DBUILD_RRTMG_FAST=0 -DBUILD_RRTMK=0 -DBUILD_SBM_FAST=1 -DSHOW_ALL_VARS_USED=0 -DCONFIG_BUF_LEN=65536 -DMAX_DOMAINS_F=21 -DMAX_HISTORY=25 -DNMM_NEST=0  -I. -traditional-cpp -DUSE_NETCDF4_FEATURES -DWRFIO_NCD_LARGE_FILE_SUPPORT   module_convtrans_prep.G  > module_convtrans_prep.bb
/global/scratch/users/adamwise/compiling/WRFv4.4-DRM_real_GAD_slices_CPM/tools/standard.exe module_convtrans_prep.bb | /lib/cpp -P -nostdinc -traditional-cpp -DUSE_NETCDF4_FEATURES -DWRFIO_NCD_LARGE_FILE_SUPPORT > module_convtrans_prep.f90
rm -f module_convtrans_prep.G module_convtrans_prep.bb
time mpif90 -f90=ifort -o module_convtrans_prep.o -c -O3 -ip -fp-model precise -w -ftz -align all -fno-alias -FR -convert big_endian    -I../dyn_em  -I/global/scratch/users/adamwise/compiling/WRFv4.4-DRM_real_GAD_slices_CPM/external/esmf_time_f90  -I/global/scratch/users/adamwise/compiling/WRFv4.4-DRM_real_GAD_slices_CPM/main -I/global/scratch/users/adamwise/compiling/WRFv4.4-DRM_real_GAD_slices_CPM/external/io_netcdf -I/global/scratch/users/adamwise/compiling/WRFv4.4-DRM_real_GAD_slices_CPM/external/io_int -I/global/scratch/users/adamwise/compiling/WRFv4.4-DRM_real_GAD_slices_CPM/frame -I/global/scratch/users/adamwise/compiling/WRFv4.4-DRM_real_GAD_slices_CPM/share -I/global/scratch/users/adamwise/compiling/WRFv4.4-DRM_real_GAD_slices_CPM/phys -I/global/scratch/users/adamwise/compiling/WRFv4.4-DRM_real_GAD_slices_CPM/wrftladj -I/global/scratch/users/adamwise/compiling/WRFv4.4-DRM_real_GAD_slices_CPM/chem -I/global/scratch/users/adamwise/compiling/WRFv4.4-DRM_real_GAD_slices_CPM/inc -I/global/software/sl-7.x86_64/modules/intel/2016.4.072/netcdf/4.4.1.1-intel-s/include  -real-size `expr 8 \* 4` -i4  module_convtrans_prep.f90

real	0m0.837s
user	0m0.529s
sys	0m0.102s
rm -f module_stoch.o
sed -e "s/^\!.*'.*//" -e "s/^ *\!.*'.*//" module_stoch.F > module_stoch.G
/lib/cpp -P -nostdinc -I/global/scratch/users/adamwise/compiling/WRFv4.4-DRM_real_GAD_slices_CPM/inc -DEM_CORE=1 -DNMM_CORE=0 -DNMM_MAX_DIM=2600 -DDA_CORE=0 -DWRFPLUS=0 -DIWORDSIZE=4 -DDWORDSIZE=8 -DRWORDSIZE=4 -DLWORDSIZE=4 -DNONSTANDARD_SYSTEM_FUNC  -DWRF_USE_CLM -DUSE_NETCDF4_FEATURES -DWRFIO_NCD_LARGE_FILE_SUPPORT  -DDM_PARALLEL -DNETCDF -DLANDREAD_STUB=1 -DUSE_ALLOCATABLES -Dwrfmodel -DGRIB1 -DINTIO -DKEEP_INT_AROUND -DLIMIT_ARGS -DBUILD_RRTMG_FAST=0 -DBUILD_RRTMK=0 -DBUILD_SBM_FAST=1 -DSHOW_ALL_VARS_USED=0 -DCONFIG_BUF_LEN=65536 -DMAX_DOMAINS_F=21 -DMAX_HISTORY=25 -DNMM_NEST=0  -I. -traditional-cpp -DUSE_NETCDF4_FEATURES -DWRFIO_NCD_LARGE_FILE_SUPPORT   module_stoch.G  > module_stoch.bb
/global/scratch/users/adamwise/compiling/WRFv4.4-DRM_real_GAD_slices_CPM/tools/standard.exe module_stoch.bb | /lib/cpp -P -nostdinc -traditional-cpp -DUSE_NETCDF4_FEATURES -DWRFIO_NCD_LARGE_FILE_SUPPORT > module_stoch.f90
rm -f module_stoch.G module_stoch.bb
time mpif90 -f90=ifort -o module_stoch.o -c -O3 -ip -fp-model precise -w -ftz -align all -fno-alias -FR -convert big_endian    -I../dyn_em  -I/global/scratch/users/adamwise/compiling/WRFv4.4-DRM_real_GAD_slices_CPM/external/esmf_time_f90  -I/global/scratch/users/adamwise/compiling/WRFv4.4-DRM_real_GAD_slices_CPM/main -I/global/scratch/users/adamwise/compiling/WRFv4.4-DRM_real_GAD_slices_CPM/external/io_netcdf -I/global/scratch/users/adamwise/compiling/WRFv4.4-DRM_real_GAD_slices_CPM/external/io_int -I/global/scratch/users/adamwise/compiling/WRFv4.4-DRM_real_GAD_slices_CPM/frame -I/global/scratch/users/adamwise/compiling/WRFv4.4-DRM_real_GAD_slices_CPM/share -I/global/scratch/users/adamwise/compiling/WRFv4.4-DRM_real_GAD_slices_CPM/phys -I/global/scratch/users/adamwise/compiling/WRFv4.4-DRM_real_GAD_slices_CPM/wrftladj -I/global/scratch/users/adamwise/compiling/WRFv4.4-DRM_real_GAD_slices_CPM/chem -I/global/scratch/users/adamwise/compiling/WRFv4.4-DRM_real_GAD_slices_CPM/inc -I/global/software/sl-7.x86_64/modules/intel/2016.4.072/netcdf/4.4.1.1-intel-s/include  -real-size `expr 8 \* 4` -i4  module_stoch.f90

real	0m7.652s
user	0m7.145s
sys	0m0.241s
rm -f module_sfs_nba.o
sed -e "s/^\!.*'.*//" -e "s/^ *\!.*'.*//" module_sfs_nba.F > module_sfs_nba.G
/lib/cpp -P -nostdinc -I/global/scratch/users/adamwise/compiling/WRFv4.4-DRM_real_GAD_slices_CPM/inc -DEM_CORE=1 -DNMM_CORE=0 -DNMM_MAX_DIM=2600 -DDA_CORE=0 -DWRFPLUS=0 -DIWORDSIZE=4 -DDWORDSIZE=8 -DRWORDSIZE=4 -DLWORDSIZE=4 -DNONSTANDARD_SYSTEM_FUNC  -DWRF_USE_CLM -DUSE_NETCDF4_FEATURES -DWRFIO_NCD_LARGE_FILE_SUPPORT  -DDM_PARALLEL -DNETCDF -DLANDREAD_STUB=1 -DUSE_ALLOCATABLES -Dwrfmodel -DGRIB1 -DINTIO -DKEEP_INT_AROUND -DLIMIT_ARGS -DBUILD_RRTMG_FAST=0 -DBUILD_RRTMK=0 -DBUILD_SBM_FAST=1 -DSHOW_ALL_VARS_USED=0 -DCONFIG_BUF_LEN=65536 -DMAX_DOMAINS_F=21 -DMAX_HISTORY=25 -DNMM_NEST=0  -I. -traditional-cpp -DUSE_NETCDF4_FEATURES -DWRFIO_NCD_LARGE_FILE_SUPPORT   module_sfs_nba.G  > module_sfs_nba.bb
/global/scratch/users/adamwise/compiling/WRFv4.4-DRM_real_GAD_slices_CPM/tools/standard.exe module_sfs_nba.bb | /lib/cpp -P -nostdinc -traditional-cpp -DUSE_NETCDF4_FEATURES -DWRFIO_NCD_LARGE_FILE_SUPPORT > module_sfs_nba.f90
rm -f module_sfs_nba.G module_sfs_nba.bb
time mpif90 -f90=ifort -o module_sfs_nba.o -c -O3 -ip -fp-model precise -w -ftz -align all -fno-alias -FR -convert big_endian    -I../dyn_em  -I/global/scratch/users/adamwise/compiling/WRFv4.4-DRM_real_GAD_slices_CPM/external/esmf_time_f90  -I/global/scratch/users/adamwise/compiling/WRFv4.4-DRM_real_GAD_slices_CPM/main -I/global/scratch/users/adamwise/compiling/WRFv4.4-DRM_real_GAD_slices_CPM/external/io_netcdf -I/global/scratch/users/adamwise/compiling/WRFv4.4-DRM_real_GAD_slices_CPM/external/io_int -I/global/scratch/users/adamwise/compiling/WRFv4.4-DRM_real_GAD_slices_CPM/frame -I/global/scratch/users/adamwise/compiling/WRFv4.4-DRM_real_GAD_slices_CPM/share -I/global/scratch/users/adamwise/compiling/WRFv4.4-DRM_real_GAD_slices_CPM/phys -I/global/scratch/users/adamwise/compiling/WRFv4.4-DRM_real_GAD_slices_CPM/wrftladj -I/global/scratch/users/adamwise/compiling/WRFv4.4-DRM_real_GAD_slices_CPM/chem -I/global/scratch/users/adamwise/compiling/WRFv4.4-DRM_real_GAD_slices_CPM/inc -I/global/software/sl-7.x86_64/modules/intel/2016.4.072/netcdf/4.4.1.1-intel-s/include  -real-size `expr 8 \* 4` -i4  module_sfs_nba.f90

real	0m3.816s
user	0m3.448s
sys	0m0.139s
rm -f module_sfs_drm.o
sed -e "s/^\!.*'.*//" -e "s/^ *\!.*'.*//" module_sfs_drm.F > module_sfs_drm.G
/lib/cpp -P -nostdinc -I/global/scratch/users/adamwise/compiling/WRFv4.4-DRM_real_GAD_slices_CPM/inc -DEM_CORE=1 -DNMM_CORE=0 -DNMM_MAX_DIM=2600 -DDA_CORE=0 -DWRFPLUS=0 -DIWORDSIZE=4 -DDWORDSIZE=8 -DRWORDSIZE=4 -DLWORDSIZE=4 -DNONSTANDARD_SYSTEM_FUNC  -DWRF_USE_CLM -DUSE_NETCDF4_FEATURES -DWRFIO_NCD_LARGE_FILE_SUPPORT  -DDM_PARALLEL -DNETCDF -DLANDREAD_STUB=1 -DUSE_ALLOCATABLES -Dwrfmodel -DGRIB1 -DINTIO -DKEEP_INT_AROUND -DLIMIT_ARGS -DBUILD_RRTMG_FAST=0 -DBUILD_RRTMK=0 -DBUILD_SBM_FAST=1 -DSHOW_ALL_VARS_USED=0 -DCONFIG_BUF_LEN=65536 -DMAX_DOMAINS_F=21 -DMAX_HISTORY=25 -DNMM_NEST=0  -I. -traditional-cpp -DUSE_NETCDF4_FEATURES -DWRFIO_NCD_LARGE_FILE_SUPPORT   module_sfs_drm.G  > module_sfs_drm.bb
/global/scratch/users/adamwise/compiling/WRFv4.4-DRM_real_GAD_slices_CPM/tools/standard.exe module_sfs_drm.bb | /lib/cpp -P -nostdinc -traditional-cpp -DUSE_NETCDF4_FEATURES -DWRFIO_NCD_LARGE_FILE_SUPPORT > module_sfs_drm.f90
rm -f module_sfs_drm.G module_sfs_drm.bb
time mpif90 -f90=ifort -o module_sfs_drm.o -c -O3 -ip -fp-model precise -w -ftz -align all -fno-alias -FR -convert big_endian    -I../dyn_em  -I/global/scratch/users/adamwise/compiling/WRFv4.4-DRM_real_GAD_slices_CPM/external/esmf_time_f90  -I/global/scratch/users/adamwise/compiling/WRFv4.4-DRM_real_GAD_slices_CPM/main -I/global/scratch/users/adamwise/compiling/WRFv4.4-DRM_real_GAD_slices_CPM/external/io_netcdf -I/global/scratch/users/adamwise/compiling/WRFv4.4-DRM_real_GAD_slices_CPM/external/io_int -I/global/scratch/users/adamwise/compiling/WRFv4.4-DRM_real_GAD_slices_CPM/frame -I/global/scratch/users/adamwise/compiling/WRFv4.4-DRM_real_GAD_slices_CPM/share -I/global/scratch/users/adamwise/compiling/WRFv4.4-DRM_real_GAD_slices_CPM/phys -I/global/scratch/users/adamwise/compiling/WRFv4.4-DRM_real_GAD_slices_CPM/wrftladj -I/global/scratch/users/adamwise/compiling/WRFv4.4-DRM_real_GAD_slices_CPM/chem -I/global/scratch/users/adamwise/compiling/WRFv4.4-DRM_real_GAD_slices_CPM/inc -I/global/software/sl-7.x86_64/modules/intel/2016.4.072/netcdf/4.4.1.1-intel-s/include  -real-size `expr 8 \* 4` -i4  module_sfs_drm.f90

real	0m5.994s
user	0m5.578s
sys	0m0.195s
rm -f module_sfs_rsfs.o
sed -e "s/^\!.*'.*//" -e "s/^ *\!.*'.*//" module_sfs_rsfs.F > module_sfs_rsfs.G
/lib/cpp -P -nostdinc -I/global/scratch/users/adamwise/compiling/WRFv4.4-DRM_real_GAD_slices_CPM/inc -DEM_CORE=1 -DNMM_CORE=0 -DNMM_MAX_DIM=2600 -DDA_CORE=0 -DWRFPLUS=0 -DIWORDSIZE=4 -DDWORDSIZE=8 -DRWORDSIZE=4 -DLWORDSIZE=4 -DNONSTANDARD_SYSTEM_FUNC  -DWRF_USE_CLM -DUSE_NETCDF4_FEATURES -DWRFIO_NCD_LARGE_FILE_SUPPORT  -DDM_PARALLEL -DNETCDF -DLANDREAD_STUB=1 -DUSE_ALLOCATABLES -Dwrfmodel -DGRIB1 -DINTIO -DKEEP_INT_AROUND -DLIMIT_ARGS -DBUILD_RRTMG_FAST=0 -DBUILD_RRTMK=0 -DBUILD_SBM_FAST=1 -DSHOW_ALL_VARS_USED=0 -DCONFIG_BUF_LEN=65536 -DMAX_DOMAINS_F=21 -DMAX_HISTORY=25 -DNMM_NEST=0  -I. -traditional-cpp -DUSE_NETCDF4_FEATURES -DWRFIO_NCD_LARGE_FILE_SUPPORT   module_sfs_rsfs.G  > module_sfs_rsfs.bb
/global/scratch/users/adamwise/compiling/WRFv4.4-DRM_real_GAD_slices_CPM/tools/standard.exe module_sfs_rsfs.bb | /lib/cpp -P -nostdinc -traditional-cpp -DUSE_NETCDF4_FEATURES -DWRFIO_NCD_LARGE_FILE_SUPPORT > module_sfs_rsfs.f90
rm -f module_sfs_rsfs.G module_sfs_rsfs.bb
time mpif90 -f90=ifort -o module_sfs_rsfs.o -c -O3 -ip -fp-model precise -w -ftz -align all -fno-alias -FR -convert big_endian    -I../dyn_em  -I/global/scratch/users/adamwise/compiling/WRFv4.4-DRM_real_GAD_slices_CPM/external/esmf_time_f90  -I/global/scratch/users/adamwise/compiling/WRFv4.4-DRM_real_GAD_slices_CPM/main -I/global/scratch/users/adamwise/compiling/WRFv4.4-DRM_real_GAD_slices_CPM/external/io_netcdf -I/global/scratch/users/adamwise/compiling/WRFv4.4-DRM_real_GAD_slices_CPM/external/io_int -I/global/scratch/users/adamwise/compiling/WRFv4.4-DRM_real_GAD_slices_CPM/frame -I/global/scratch/users/adamwise/compiling/WRFv4.4-DRM_real_GAD_slices_CPM/share -I/global/scratch/users/adamwise/compiling/WRFv4.4-DRM_real_GAD_slices_CPM/phys -I/global/scratch/users/adamwise/compiling/WRFv4.4-DRM_real_GAD_slices_CPM/wrftladj -I/global/scratch/users/adamwise/compiling/WRFv4.4-DRM_real_GAD_slices_CPM/chem -I/global/scratch/users/adamwise/compiling/WRFv4.4-DRM_real_GAD_slices_CPM/inc -I/global/software/sl-7.x86_64/modules/intel/2016.4.072/netcdf/4.4.1.1-intel-s/include  -real-size `expr 8 \* 4` -i4  module_sfs_rsfs.f90

real	0m5.766s
user	0m5.314s
sys	0m0.206s
rm -f module_stoch_les_inflow_perts.o
sed -e "s/^\!.*'.*//" -e "s/^ *\!.*'.*//" module_stoch_les_inflow_perts.F > module_stoch_les_inflow_perts.G
/lib/cpp -P -nostdinc -I/global/scratch/users/adamwise/compiling/WRFv4.4-DRM_real_GAD_slices_CPM/inc -DEM_CORE=1 -DNMM_CORE=0 -DNMM_MAX_DIM=2600 -DDA_CORE=0 -DWRFPLUS=0 -DIWORDSIZE=4 -DDWORDSIZE=8 -DRWORDSIZE=4 -DLWORDSIZE=4 -DNONSTANDARD_SYSTEM_FUNC  -DWRF_USE_CLM -DUSE_NETCDF4_FEATURES -DWRFIO_NCD_LARGE_FILE_SUPPORT  -DDM_PARALLEL -DNETCDF -DLANDREAD_STUB=1 -DUSE_ALLOCATABLES -Dwrfmodel -DGRIB1 -DINTIO -DKEEP_INT_AROUND -DLIMIT_ARGS -DBUILD_RRTMG_FAST=0 -DBUILD_RRTMK=0 -DBUILD_SBM_FAST=1 -DSHOW_ALL_VARS_USED=0 -DCONFIG_BUF_LEN=65536 -DMAX_DOMAINS_F=21 -DMAX_HISTORY=25 -DNMM_NEST=0  -I. -traditional-cpp -DUSE_NETCDF4_FEATURES -DWRFIO_NCD_LARGE_FILE_SUPPORT   module_stoch_les_inflow_perts.G  > module_stoch_les_inflow_perts.bb
/global/scratch/users/adamwise/compiling/WRFv4.4-DRM_real_GAD_slices_CPM/tools/standard.exe module_stoch_les_inflow_perts.bb | /lib/cpp -P -nostdinc -traditional-cpp -DUSE_NETCDF4_FEATURES -DWRFIO_NCD_LARGE_FILE_SUPPORT > module_stoch_les_inflow_perts.f90
rm -f module_stoch_les_inflow_perts.G module_stoch_les_inflow_perts.bb
time mpif90 -f90=ifort -o module_stoch_les_inflow_perts.o -c -O3 -ip -fp-model precise -w -ftz -align all -fno-alias -FR -convert big_endian    -I../dyn_em  -I/global/scratch/users/adamwise/compiling/WRFv4.4-DRM_real_GAD_slices_CPM/external/esmf_time_f90  -I/global/scratch/users/adamwise/compiling/WRFv4.4-DRM_real_GAD_slices_CPM/main -I/global/scratch/users/adamwise/compiling/WRFv4.4-DRM_real_GAD_slices_CPM/external/io_netcdf -I/global/scratch/users/adamwise/compiling/WRFv4.4-DRM_real_GAD_slices_CPM/external/io_int -I/global/scratch/users/adamwise/compiling/WRFv4.4-DRM_real_GAD_slices_CPM/frame -I/global/scratch/users/adamwise/compiling/WRFv4.4-DRM_real_GAD_slices_CPM/share -I/global/scratch/users/adamwise/compiling/WRFv4.4-DRM_real_GAD_slices_CPM/phys -I/global/scratch/users/adamwise/compiling/WRFv4.4-DRM_real_GAD_slices_CPM/wrftladj -I/global/scratch/users/adamwise/compiling/WRFv4.4-DRM_real_GAD_slices_CPM/chem -I/global/scratch/users/adamwise/compiling/WRFv4.4-DRM_real_GAD_slices_CPM/inc -I/global/software/sl-7.x86_64/modules/intel/2016.4.072/netcdf/4.4.1.1-intel-s/include  -real-size `expr 8 \* 4` -i4  module_stoch_les_inflow_perts.f90

real	0m6.337s
user	0m1.916s
sys	0m0.485s
rm -f module_avgflx_em.o
sed -e "s/^\!.*'.*//" -e "s/^ *\!.*'.*//" module_avgflx_em.F > module_avgflx_em.G
/lib/cpp -P -nostdinc -I/global/scratch/users/adamwise/compiling/WRFv4.4-DRM_real_GAD_slices_CPM/inc -DEM_CORE=1 -DNMM_CORE=0 -DNMM_MAX_DIM=2600 -DDA_CORE=0 -DWRFPLUS=0 -DIWORDSIZE=4 -DDWORDSIZE=8 -DRWORDSIZE=4 -DLWORDSIZE=4 -DNONSTANDARD_SYSTEM_FUNC  -DWRF_USE_CLM -DUSE_NETCDF4_FEATURES -DWRFIO_NCD_LARGE_FILE_SUPPORT  -DDM_PARALLEL -DNETCDF -DLANDREAD_STUB=1 -DUSE_ALLOCATABLES -Dwrfmodel -DGRIB1 -DINTIO -DKEEP_INT_AROUND -DLIMIT_ARGS -DBUILD_RRTMG_FAST=0 -DBUILD_RRTMK=0 -DBUILD_SBM_FAST=1 -DSHOW_ALL_VARS_USED=0 -DCONFIG_BUF_LEN=65536 -DMAX_DOMAINS_F=21 -DMAX_HISTORY=25 -DNMM_NEST=0  -I. -traditional-cpp -DUSE_NETCDF4_FEATURES -DWRFIO_NCD_LARGE_FILE_SUPPORT   module_avgflx_em.G  > module_avgflx_em.bb
/global/scratch/users/adamwise/compiling/WRFv4.4-DRM_real_GAD_slices_CPM/tools/standard.exe module_avgflx_em.bb | /lib/cpp -P -nostdinc -traditional-cpp -DUSE_NETCDF4_FEATURES -DWRFIO_NCD_LARGE_FILE_SUPPORT > module_avgflx_em.f90
rm -f module_avgflx_em.G module_avgflx_em.bb
time mpif90 -f90=ifort -o module_avgflx_em.o -c -O3 -ip -fp-model precise -w -ftz -align all -fno-alias -FR -convert big_endian    -I../dyn_em  -I/global/scratch/users/adamwise/compiling/WRFv4.4-DRM_real_GAD_slices_CPM/external/esmf_time_f90  -I/global/scratch/users/adamwise/compiling/WRFv4.4-DRM_real_GAD_slices_CPM/main -I/global/scratch/users/adamwise/compiling/WRFv4.4-DRM_real_GAD_slices_CPM/external/io_netcdf -I/global/scratch/users/adamwise/compiling/WRFv4.4-DRM_real_GAD_slices_CPM/external/io_int -I/global/scratch/users/adamwise/compiling/WRFv4.4-DRM_real_GAD_slices_CPM/frame -I/global/scratch/users/adamwise/compiling/WRFv4.4-DRM_real_GAD_slices_CPM/share -I/global/scratch/users/adamwise/compiling/WRFv4.4-DRM_real_GAD_slices_CPM/phys -I/global/scratch/users/adamwise/compiling/WRFv4.4-DRM_real_GAD_slices_CPM/wrftladj -I/global/scratch/users/adamwise/compiling/WRFv4.4-DRM_real_GAD_slices_CPM/chem -I/global/scratch/users/adamwise/compiling/WRFv4.4-DRM_real_GAD_slices_CPM/inc -I/global/software/sl-7.x86_64/modules/intel/2016.4.072/netcdf/4.4.1.1-intel-s/include  -real-size `expr 8 \* 4` -i4  module_avgflx_em.f90

real	0m0.660s
user	0m0.323s
sys	0m0.117s
rm -f module_after_all_rk_steps.o
sed -e "s/^\!.*'.*//" -e "s/^ *\!.*'.*//" module_after_all_rk_steps.F > module_after_all_rk_steps.G
/lib/cpp -P -nostdinc -I/global/scratch/users/adamwise/compiling/WRFv4.4-DRM_real_GAD_slices_CPM/inc -DEM_CORE=1 -DNMM_CORE=0 -DNMM_MAX_DIM=2600 -DDA_CORE=0 -DWRFPLUS=0 -DIWORDSIZE=4 -DDWORDSIZE=8 -DRWORDSIZE=4 -DLWORDSIZE=4 -DNONSTANDARD_SYSTEM_FUNC  -DWRF_USE_CLM -DUSE_NETCDF4_FEATURES -DWRFIO_NCD_LARGE_FILE_SUPPORT  -DDM_PARALLEL -DNETCDF -DLANDREAD_STUB=1 -DUSE_ALLOCATABLES -Dwrfmodel -DGRIB1 -DINTIO -DKEEP_INT_AROUND -DLIMIT_ARGS -DBUILD_RRTMG_FAST=0 -DBUILD_RRTMK=0 -DBUILD_SBM_FAST=1 -DSHOW_ALL_VARS_USED=0 -DCONFIG_BUF_LEN=65536 -DMAX_DOMAINS_F=21 -DMAX_HISTORY=25 -DNMM_NEST=0  -I. -traditional-cpp -DUSE_NETCDF4_FEATURES -DWRFIO_NCD_LARGE_FILE_SUPPORT   module_after_all_rk_steps.G  > module_after_all_rk_steps.bb
/global/scratch/users/adamwise/compiling/WRFv4.4-DRM_real_GAD_slices_CPM/tools/standard.exe module_after_all_rk_steps.bb | /lib/cpp -P -nostdinc -traditional-cpp -DUSE_NETCDF4_FEATURES -DWRFIO_NCD_LARGE_FILE_SUPPORT > module_after_all_rk_steps.f90
rm -f module_after_all_rk_steps.G module_after_all_rk_steps.bb
time mpif90 -f90=ifort -o module_after_all_rk_steps.o -c -O3 -ip -fp-model precise -w -ftz -align all -fno-alias -FR -convert big_endian    -I../dyn_em  -I/global/scratch/users/adamwise/compiling/WRFv4.4-DRM_real_GAD_slices_CPM/external/esmf_time_f90  -I/global/scratch/users/adamwise/compiling/WRFv4.4-DRM_real_GAD_slices_CPM/main -I/global/scratch/users/adamwise/compiling/WRFv4.4-DRM_real_GAD_slices_CPM/external/io_netcdf -I/global/scratch/users/adamwise/compiling/WRFv4.4-DRM_real_GAD_slices_CPM/external/io_int -I/global/scratch/users/adamwise/compiling/WRFv4.4-DRM_real_GAD_slices_CPM/frame -I/global/scratch/users/adamwise/compiling/WRFv4.4-DRM_real_GAD_slices_CPM/share -I/global/scratch/users/adamwise/compiling/WRFv4.4-DRM_real_GAD_slices_CPM/phys -I/global/scratch/users/adamwise/compiling/WRFv4.4-DRM_real_GAD_slices_CPM/wrftladj -I/global/scratch/users/adamwise/compiling/WRFv4.4-DRM_real_GAD_slices_CPM/chem -I/global/scratch/users/adamwise/compiling/WRFv4.4-DRM_real_GAD_slices_CPM/inc -I/global/software/sl-7.x86_64/modules/intel/2016.4.072/netcdf/4.4.1.1-intel-s/include  -real-size `expr 8 \* 4` -i4  module_after_all_rk_steps.f90

real	0m3.594s
user	0m2.525s
sys	0m0.818s
rm -f module_horizontal_slices.o
sed -e "s/^\!.*'.*//" -e "s/^ *\!.*'.*//" module_horizontal_slices.F > module_horizontal_slices.G
/lib/cpp -P -nostdinc -I/global/scratch/users/adamwise/compiling/WRFv4.4-DRM_real_GAD_slices_CPM/inc -DEM_CORE=1 -DNMM_CORE=0 -DNMM_MAX_DIM=2600 -DDA_CORE=0 -DWRFPLUS=0 -DIWORDSIZE=4 -DDWORDSIZE=8 -DRWORDSIZE=4 -DLWORDSIZE=4 -DNONSTANDARD_SYSTEM_FUNC  -DWRF_USE_CLM -DUSE_NETCDF4_FEATURES -DWRFIO_NCD_LARGE_FILE_SUPPORT  -DDM_PARALLEL -DNETCDF -DLANDREAD_STUB=1 -DUSE_ALLOCATABLES -Dwrfmodel -DGRIB1 -DINTIO -DKEEP_INT_AROUND -DLIMIT_ARGS -DBUILD_RRTMG_FAST=0 -DBUILD_RRTMK=0 -DBUILD_SBM_FAST=1 -DSHOW_ALL_VARS_USED=0 -DCONFIG_BUF_LEN=65536 -DMAX_DOMAINS_F=21 -DMAX_HISTORY=25 -DNMM_NEST=0  -I. -traditional-cpp -DUSE_NETCDF4_FEATURES -DWRFIO_NCD_LARGE_FILE_SUPPORT   module_horizontal_slices.G  > module_horizontal_slices.bb
/global/scratch/users/adamwise/compiling/WRFv4.4-DRM_real_GAD_slices_CPM/tools/standard.exe module_horizontal_slices.bb | /lib/cpp -P -nostdinc -traditional-cpp -DUSE_NETCDF4_FEATURES -DWRFIO_NCD_LARGE_FILE_SUPPORT > module_horizontal_slices.f90
rm -f module_horizontal_slices.G module_horizontal_slices.bb
time mpif90 -f90=ifort -o module_horizontal_slices.o -c -O3 -ip -fp-model precise -w -ftz -align all -fno-alias -FR -convert big_endian    -I../dyn_em  -I/global/scratch/users/adamwise/compiling/WRFv4.4-DRM_real_GAD_slices_CPM/external/esmf_time_f90  -I/global/scratch/users/adamwise/compiling/WRFv4.4-DRM_real_GAD_slices_CPM/main -I/global/scratch/users/adamwise/compiling/WRFv4.4-DRM_real_GAD_slices_CPM/external/io_netcdf -I/global/scratch/users/adamwise/compiling/WRFv4.4-DRM_real_GAD_slices_CPM/external/io_int -I/global/scratch/users/adamwise/compiling/WRFv4.4-DRM_real_GAD_slices_CPM/frame -I/global/scratch/users/adamwise/compiling/WRFv4.4-DRM_real_GAD_slices_CPM/share -I/global/scratch/users/adamwise/compiling/WRFv4.4-DRM_real_GAD_slices_CPM/phys -I/global/scratch/users/adamwise/compiling/WRFv4.4-DRM_real_GAD_slices_CPM/wrftladj -I/global/scratch/users/adamwise/compiling/WRFv4.4-DRM_real_GAD_slices_CPM/chem -I/global/scratch/users/adamwise/compiling/WRFv4.4-DRM_real_GAD_slices_CPM/inc -I/global/software/sl-7.x86_64/modules/intel/2016.4.072/netcdf/4.4.1.1-intel-s/include  -real-size `expr 8 \* 4` -i4  module_horizontal_slices.f90

real	0m0.459s
user	0m0.135s
sys	0m0.099s
rm -f init_modules_em.o
/global/scratch/users/adamwise/compiling/WRFv4.4-DRM_real_GAD_slices_CPM/tools/standard.exe init_modules_em.F > init_modules_em.b 
/lib/cpp -P -nostdinc -I/global/scratch/users/adamwise/compiling/WRFv4.4-DRM_real_GAD_slices_CPM/inc -DEM_CORE=1 -DNMM_CORE=0 -DNMM_MAX_DIM=2600 -DDA_CORE=0 -DWRFPLUS=0 -DIWORDSIZE=4 -DDWORDSIZE=8 -DRWORDSIZE=4 -DLWORDSIZE=4 -DNONSTANDARD_SYSTEM_FUNC  -DWRF_USE_CLM -DUSE_NETCDF4_FEATURES -DWRFIO_NCD_LARGE_FILE_SUPPORT  -DDM_PARALLEL -DNETCDF -DLANDREAD_STUB=1 -DUSE_ALLOCATABLES -Dwrfmodel -DGRIB1 -DINTIO -DKEEP_INT_AROUND -DLIMIT_ARGS -DBUILD_RRTMG_FAST=0 -DBUILD_RRTMK=0 -DBUILD_SBM_FAST=1 -DSHOW_ALL_VARS_USED=0 -DCONFIG_BUF_LEN=65536 -DMAX_DOMAINS_F=21 -DMAX_HISTORY=25 -DNMM_NEST=0  -I. -traditional-cpp -DUSE_NETCDF4_FEATURES -DWRFIO_NCD_LARGE_FILE_SUPPORT   init_modules_em.b  > init_modules_em.f90
rm -f init_modules_em.b
if fgrep -iq '!$OMP' init_modules_em.f90 ; then \
          if [ -n "" ] ; then echo COMPILING init_modules_em.F WITH OMP ; fi ; \
  time mpif90 -f90=ifort -c -real-size `expr 8 \* 4` -i4 -O0 -fno-inline -no-ip -ip -fp-model precise -w -ftz -align all -fno-alias -FR -convert big_endian   -I../dyn_em  -I/global/scratch/users/adamwise/compiling/WRFv4.4-DRM_real_GAD_slices_CPM/external/esmf_time_f90  -I/global/scratch/users/adamwise/compiling/WRFv4.4-DRM_real_GAD_slices_CPM/main -I/global/scratch/users/adamwise/compiling/WRFv4.4-DRM_real_GAD_slices_CPM/external/io_netcdf -I/global/scratch/users/adamwise/compiling/WRFv4.4-DRM_real_GAD_slices_CPM/external/io_int -I/global/scratch/users/adamwise/compiling/WRFv4.4-DRM_real_GAD_slices_CPM/frame -I/global/scratch/users/adamwise/compiling/WRFv4.4-DRM_real_GAD_slices_CPM/share -I/global/scratch/users/adamwise/compiling/WRFv4.4-DRM_real_GAD_slices_CPM/phys -I/global/scratch/users/adamwise/compiling/WRFv4.4-DRM_real_GAD_slices_CPM/wrftladj -I/global/scratch/users/adamwise/compiling/WRFv4.4-DRM_real_GAD_slices_CPM/chem -I/global/scratch/users/adamwise/compiling/WRFv4.4-DRM_real_GAD_slices_CPM/inc -I/global/software/sl-7.x86_64/modules/intel/2016.4.072/netcdf/4.4.1.1-intel-s/include    init_modules_em.f90 ; \
        else \
          if [ -n "" ] ; then echo COMPILING init_modules_em.F WITHOUT OMP ; fi ; \
  time mpif90 -f90=ifort -c -real-size `expr 8 \* 4` -i4 -O0 -fno-inline -no-ip -ip -fp-model precise -w -ftz -align all -fno-alias -FR -convert big_endian   -I../dyn_em  -I/global/scratch/users/adamwise/compiling/WRFv4.4-DRM_real_GAD_slices_CPM/external/esmf_time_f90  -I/global/scratch/users/adamwise/compiling/WRFv4.4-DRM_real_GAD_slices_CPM/main -I/global/scratch/users/adamwise/compiling/WRFv4.4-DRM_real_GAD_slices_CPM/external/io_netcdf -I/global/scratch/users/adamwise/compiling/WRFv4.4-DRM_real_GAD_slices_CPM/external/io_int -I/global/scratch/users/adamwise/compiling/WRFv4.4-DRM_real_GAD_slices_CPM/frame -I/global/scratch/users/adamwise/compiling/WRFv4.4-DRM_real_GAD_slices_CPM/share -I/global/scratch/users/adamwise/compiling/WRFv4.4-DRM_real_GAD_slices_CPM/phys -I/global/scratch/users/adamwise/compiling/WRFv4.4-DRM_real_GAD_slices_CPM/wrftladj -I/global/scratch/users/adamwise/compiling/WRFv4.4-DRM_real_GAD_slices_CPM/chem -I/global/scratch/users/adamwise/compiling/WRFv4.4-DRM_real_GAD_slices_CPM/inc -I/global/software/sl-7.x86_64/modules/intel/2016.4.072/netcdf/4.4.1.1-intel-s/include   init_modules_em.f90 ; \
        fi

real	0m0.340s
user	0m0.037s
sys	0m0.096s
rm -f start_em.o
sed -e "s/^\!.*'.*//" -e "s/^ *\!.*'.*//" start_em.F > start_em.G
/lib/cpp -P -nostdinc -I/global/scratch/users/adamwise/compiling/WRFv4.4-DRM_real_GAD_slices_CPM/inc -DEM_CORE=1 -DNMM_CORE=0 -DNMM_MAX_DIM=2600 -DDA_CORE=0 -DWRFPLUS=0 -DIWORDSIZE=4 -DDWORDSIZE=8 -DRWORDSIZE=4 -DLWORDSIZE=4 -DNONSTANDARD_SYSTEM_FUNC  -DWRF_USE_CLM -DUSE_NETCDF4_FEATURES -DWRFIO_NCD_LARGE_FILE_SUPPORT  -DDM_PARALLEL -DNETCDF -DLANDREAD_STUB=1 -DUSE_ALLOCATABLES -Dwrfmodel -DGRIB1 -DINTIO -DKEEP_INT_AROUND -DLIMIT_ARGS -DBUILD_RRTMG_FAST=0 -DBUILD_RRTMK=0 -DBUILD_SBM_FAST=1 -DSHOW_ALL_VARS_USED=0 -DCONFIG_BUF_LEN=65536 -DMAX_DOMAINS_F=21 -DMAX_HISTORY=25 -DNMM_NEST=0  -I. -traditional-cpp -DUSE_NETCDF4_FEATURES -DWRFIO_NCD_LARGE_FILE_SUPPORT   start_em.G  > start_em.bb
/global/scratch/users/adamwise/compiling/WRFv4.4-DRM_real_GAD_slices_CPM/tools/standard.exe start_em.bb | /lib/cpp -P -nostdinc -traditional-cpp -DUSE_NETCDF4_FEATURES -DWRFIO_NCD_LARGE_FILE_SUPPORT > start_em.f90
rm -f start_em.G start_em.bb
time mpif90 -f90=ifort -o start_em.o -c -O3 -ip -fp-model precise -w -ftz -align all -fno-alias -FR -convert big_endian    -I../dyn_em  -I/global/scratch/users/adamwise/compiling/WRFv4.4-DRM_real_GAD_slices_CPM/external/esmf_time_f90  -I/global/scratch/users/adamwise/compiling/WRFv4.4-DRM_real_GAD_slices_CPM/main -I/global/scratch/users/adamwise/compiling/WRFv4.4-DRM_real_GAD_slices_CPM/external/io_netcdf -I/global/scratch/users/adamwise/compiling/WRFv4.4-DRM_real_GAD_slices_CPM/external/io_int -I/global/scratch/users/adamwise/compiling/WRFv4.4-DRM_real_GAD_slices_CPM/frame -I/global/scratch/users/adamwise/compiling/WRFv4.4-DRM_real_GAD_slices_CPM/share -I/global/scratch/users/adamwise/compiling/WRFv4.4-DRM_real_GAD_slices_CPM/phys -I/global/scratch/users/adamwise/compiling/WRFv4.4-DRM_real_GAD_slices_CPM/wrftladj -I/global/scratch/users/adamwise/compiling/WRFv4.4-DRM_real_GAD_slices_CPM/chem -I/global/scratch/users/adamwise/compiling/WRFv4.4-DRM_real_GAD_slices_CPM/inc -I/global/software/sl-7.x86_64/modules/intel/2016.4.072/netcdf/4.4.1.1-intel-s/include  -real-size `expr 8 \* 4` -i4  start_em.f90

real	1m38.368s
user	1m37.510s
sys	0m0.570s
rm -f shift_domain_em.o
sed -e "s/^\!.*'.*//" -e "s/^ *\!.*'.*//" shift_domain_em.F > shift_domain_em.G
/lib/cpp -P -nostdinc -I/global/scratch/users/adamwise/compiling/WRFv4.4-DRM_real_GAD_slices_CPM/inc -DEM_CORE=1 -DNMM_CORE=0 -DNMM_MAX_DIM=2600 -DDA_CORE=0 -DWRFPLUS=0 -DIWORDSIZE=4 -DDWORDSIZE=8 -DRWORDSIZE=4 -DLWORDSIZE=4 -DNONSTANDARD_SYSTEM_FUNC  -DWRF_USE_CLM -DUSE_NETCDF4_FEATURES -DWRFIO_NCD_LARGE_FILE_SUPPORT  -DDM_PARALLEL -DNETCDF -DLANDREAD_STUB=1 -DUSE_ALLOCATABLES -Dwrfmodel -DGRIB1 -DINTIO -DKEEP_INT_AROUND -DLIMIT_ARGS -DBUILD_RRTMG_FAST=0 -DBUILD_RRTMK=0 -DBUILD_SBM_FAST=1 -DSHOW_ALL_VARS_USED=0 -DCONFIG_BUF_LEN=65536 -DMAX_DOMAINS_F=21 -DMAX_HISTORY=25 -DNMM_NEST=0  -I. -traditional-cpp -DUSE_NETCDF4_FEATURES -DWRFIO_NCD_LARGE_FILE_SUPPORT   shift_domain_em.G  > shift_domain_em.bb
/global/scratch/users/adamwise/compiling/WRFv4.4-DRM_real_GAD_slices_CPM/tools/standard.exe shift_domain_em.bb | /lib/cpp -P -nostdinc -traditional-cpp -DUSE_NETCDF4_FEATURES -DWRFIO_NCD_LARGE_FILE_SUPPORT > shift_domain_em.f90
rm -f shift_domain_em.G shift_domain_em.bb
time mpif90 -f90=ifort -o shift_domain_em.o -c -O3 -ip -fp-model precise -w -ftz -align all -fno-alias -FR -convert big_endian    -I../dyn_em  -I/global/scratch/users/adamwise/compiling/WRFv4.4-DRM_real_GAD_slices_CPM/external/esmf_time_f90  -I/global/scratch/users/adamwise/compiling/WRFv4.4-DRM_real_GAD_slices_CPM/main -I/global/scratch/users/adamwise/compiling/WRFv4.4-DRM_real_GAD_slices_CPM/external/io_netcdf -I/global/scratch/users/adamwise/compiling/WRFv4.4-DRM_real_GAD_slices_CPM/external/io_int -I/global/scratch/users/adamwise/compiling/WRFv4.4-DRM_real_GAD_slices_CPM/frame -I/global/scratch/users/adamwise/compiling/WRFv4.4-DRM_real_GAD_slices_CPM/share -I/global/scratch/users/adamwise/compiling/WRFv4.4-DRM_real_GAD_slices_CPM/phys -I/global/scratch/users/adamwise/compiling/WRFv4.4-DRM_real_GAD_slices_CPM/wrftladj -I/global/scratch/users/adamwise/compiling/WRFv4.4-DRM_real_GAD_slices_CPM/chem -I/global/scratch/users/adamwise/compiling/WRFv4.4-DRM_real_GAD_slices_CPM/inc -I/global/software/sl-7.x86_64/modules/intel/2016.4.072/netcdf/4.4.1.1-intel-s/include  -real-size `expr 8 \* 4` -i4  shift_domain_em.f90

real	0m5.645s
user	0m4.048s
sys	0m1.185s
rm -f couple_or_uncouple_em.o
sed -e "s/^\!.*'.*//" -e "s/^ *\!.*'.*//" couple_or_uncouple_em.F > couple_or_uncouple_em.G
/lib/cpp -P -nostdinc -I/global/scratch/users/adamwise/compiling/WRFv4.4-DRM_real_GAD_slices_CPM/inc -DEM_CORE=1 -DNMM_CORE=0 -DNMM_MAX_DIM=2600 -DDA_CORE=0 -DWRFPLUS=0 -DIWORDSIZE=4 -DDWORDSIZE=8 -DRWORDSIZE=4 -DLWORDSIZE=4 -DNONSTANDARD_SYSTEM_FUNC  -DWRF_USE_CLM -DUSE_NETCDF4_FEATURES -DWRFIO_NCD_LARGE_FILE_SUPPORT  -DDM_PARALLEL -DNETCDF -DLANDREAD_STUB=1 -DUSE_ALLOCATABLES -Dwrfmodel -DGRIB1 -DINTIO -DKEEP_INT_AROUND -DLIMIT_ARGS -DBUILD_RRTMG_FAST=0 -DBUILD_RRTMK=0 -DBUILD_SBM_FAST=1 -DSHOW_ALL_VARS_USED=0 -DCONFIG_BUF_LEN=65536 -DMAX_DOMAINS_F=21 -DMAX_HISTORY=25 -DNMM_NEST=0  -I. -traditional-cpp -DUSE_NETCDF4_FEATURES -DWRFIO_NCD_LARGE_FILE_SUPPORT   couple_or_uncouple_em.G  > couple_or_uncouple_em.bb
/global/scratch/users/adamwise/compiling/WRFv4.4-DRM_real_GAD_slices_CPM/tools/standard.exe couple_or_uncouple_em.bb | /lib/cpp -P -nostdinc -traditional-cpp -DUSE_NETCDF4_FEATURES -DWRFIO_NCD_LARGE_FILE_SUPPORT > couple_or_uncouple_em.f90
rm -f couple_or_uncouple_em.G couple_or_uncouple_em.bb
time mpif90 -f90=ifort -o couple_or_uncouple_em.o -c -O3 -ip -fp-model precise -w -ftz -align all -fno-alias -FR -convert big_endian    -I../dyn_em  -I/global/scratch/users/adamwise/compiling/WRFv4.4-DRM_real_GAD_slices_CPM/external/esmf_time_f90  -I/global/scratch/users/adamwise/compiling/WRFv4.4-DRM_real_GAD_slices_CPM/main -I/global/scratch/users/adamwise/compiling/WRFv4.4-DRM_real_GAD_slices_CPM/external/io_netcdf -I/global/scratch/users/adamwise/compiling/WRFv4.4-DRM_real_GAD_slices_CPM/external/io_int -I/global/scratch/users/adamwise/compiling/WRFv4.4-DRM_real_GAD_slices_CPM/frame -I/global/scratch/users/adamwise/compiling/WRFv4.4-DRM_real_GAD_slices_CPM/share -I/global/scratch/users/adamwise/compiling/WRFv4.4-DRM_real_GAD_slices_CPM/phys -I/global/scratch/users/adamwise/compiling/WRFv4.4-DRM_real_GAD_slices_CPM/wrftladj -I/global/scratch/users/adamwise/compiling/WRFv4.4-DRM_real_GAD_slices_CPM/chem -I/global/scratch/users/adamwise/compiling/WRFv4.4-DRM_real_GAD_slices_CPM/inc -I/global/software/sl-7.x86_64/modules/intel/2016.4.072/netcdf/4.4.1.1-intel-s/include  -real-size `expr 8 \* 4` -i4  couple_or_uncouple_em.f90

real	0m6.796s
user	0m5.670s
sys	0m0.859s
rm -f nest_init_utils.o
sed -e "s/^\!.*'.*//" -e "s/^ *\!.*'.*//" nest_init_utils.F > nest_init_utils.G
/lib/cpp -P -nostdinc -I/global/scratch/users/adamwise/compiling/WRFv4.4-DRM_real_GAD_slices_CPM/inc -DEM_CORE=1 -DNMM_CORE=0 -DNMM_MAX_DIM=2600 -DDA_CORE=0 -DWRFPLUS=0 -DIWORDSIZE=4 -DDWORDSIZE=8 -DRWORDSIZE=4 -DLWORDSIZE=4 -DNONSTANDARD_SYSTEM_FUNC  -DWRF_USE_CLM -DUSE_NETCDF4_FEATURES -DWRFIO_NCD_LARGE_FILE_SUPPORT  -DDM_PARALLEL -DNETCDF -DLANDREAD_STUB=1 -DUSE_ALLOCATABLES -Dwrfmodel -DGRIB1 -DINTIO -DKEEP_INT_AROUND -DLIMIT_ARGS -DBUILD_RRTMG_FAST=0 -DBUILD_RRTMK=0 -DBUILD_SBM_FAST=1 -DSHOW_ALL_VARS_USED=0 -DCONFIG_BUF_LEN=65536 -DMAX_DOMAINS_F=21 -DMAX_HISTORY=25 -DNMM_NEST=0  -I. -traditional-cpp -DUSE_NETCDF4_FEATURES -DWRFIO_NCD_LARGE_FILE_SUPPORT   nest_init_utils.G  > nest_init_utils.bb
/global/scratch/users/adamwise/compiling/WRFv4.4-DRM_real_GAD_slices_CPM/tools/standard.exe nest_init_utils.bb | /lib/cpp -P -nostdinc -traditional-cpp -DUSE_NETCDF4_FEATURES -DWRFIO_NCD_LARGE_FILE_SUPPORT > nest_init_utils.f90
rm -f nest_init_utils.G nest_init_utils.bb
time mpif90 -f90=ifort -o nest_init_utils.o -c -O3 -ip -fp-model precise -w -ftz -align all -fno-alias -FR -convert big_endian    -I../dyn_em  -I/global/scratch/users/adamwise/compiling/WRFv4.4-DRM_real_GAD_slices_CPM/external/esmf_time_f90  -I/global/scratch/users/adamwise/compiling/WRFv4.4-DRM_real_GAD_slices_CPM/main -I/global/scratch/users/adamwise/compiling/WRFv4.4-DRM_real_GAD_slices_CPM/external/io_netcdf -I/global/scratch/users/adamwise/compiling/WRFv4.4-DRM_real_GAD_slices_CPM/external/io_int -I/global/scratch/users/adamwise/compiling/WRFv4.4-DRM_real_GAD_slices_CPM/frame -I/global/scratch/users/adamwise/compiling/WRFv4.4-DRM_real_GAD_slices_CPM/share -I/global/scratch/users/adamwise/compiling/WRFv4.4-DRM_real_GAD_slices_CPM/phys -I/global/scratch/users/adamwise/compiling/WRFv4.4-DRM_real_GAD_slices_CPM/wrftladj -I/global/scratch/users/adamwise/compiling/WRFv4.4-DRM_real_GAD_slices_CPM/chem -I/global/scratch/users/adamwise/compiling/WRFv4.4-DRM_real_GAD_slices_CPM/inc -I/global/software/sl-7.x86_64/modules/intel/2016.4.072/netcdf/4.4.1.1-intel-s/include  -real-size `expr 8 \* 4` -i4  nest_init_utils.f90

real	0m6.663s
user	0m5.268s
sys	0m0.992s
rm -f adapt_timestep_em.o
sed -e "s/^\!.*'.*//" -e "s/^ *\!.*'.*//" adapt_timestep_em.F > adapt_timestep_em.G
/lib/cpp -P -nostdinc -I/global/scratch/users/adamwise/compiling/WRFv4.4-DRM_real_GAD_slices_CPM/inc -DEM_CORE=1 -DNMM_CORE=0 -DNMM_MAX_DIM=2600 -DDA_CORE=0 -DWRFPLUS=0 -DIWORDSIZE=4 -DDWORDSIZE=8 -DRWORDSIZE=4 -DLWORDSIZE=4 -DNONSTANDARD_SYSTEM_FUNC  -DWRF_USE_CLM -DUSE_NETCDF4_FEATURES -DWRFIO_NCD_LARGE_FILE_SUPPORT  -DDM_PARALLEL -DNETCDF -DLANDREAD_STUB=1 -DUSE_ALLOCATABLES -Dwrfmodel -DGRIB1 -DINTIO -DKEEP_INT_AROUND -DLIMIT_ARGS -DBUILD_RRTMG_FAST=0 -DBUILD_RRTMK=0 -DBUILD_SBM_FAST=1 -DSHOW_ALL_VARS_USED=0 -DCONFIG_BUF_LEN=65536 -DMAX_DOMAINS_F=21 -DMAX_HISTORY=25 -DNMM_NEST=0  -I. -traditional-cpp -DUSE_NETCDF4_FEATURES -DWRFIO_NCD_LARGE_FILE_SUPPORT   adapt_timestep_em.G  > adapt_timestep_em.bb
/global/scratch/users/adamwise/compiling/WRFv4.4-DRM_real_GAD_slices_CPM/tools/standard.exe adapt_timestep_em.bb | /lib/cpp -P -nostdinc -traditional-cpp -DUSE_NETCDF4_FEATURES -DWRFIO_NCD_LARGE_FILE_SUPPORT > adapt_timestep_em.f90
rm -f adapt_timestep_em.G adapt_timestep_em.bb
time mpif90 -f90=ifort -o adapt_timestep_em.o -c -O3 -ip -fp-model precise -w -ftz -align all -fno-alias -FR -convert big_endian    -I../dyn_em  -I/global/scratch/users/adamwise/compiling/WRFv4.4-DRM_real_GAD_slices_CPM/external/esmf_time_f90  -I/global/scratch/users/adamwise/compiling/WRFv4.4-DRM_real_GAD_slices_CPM/main -I/global/scratch/users/adamwise/compiling/WRFv4.4-DRM_real_GAD_slices_CPM/external/io_netcdf -I/global/scratch/users/adamwise/compiling/WRFv4.4-DRM_real_GAD_slices_CPM/external/io_int -I/global/scratch/users/adamwise/compiling/WRFv4.4-DRM_real_GAD_slices_CPM/frame -I/global/scratch/users/adamwise/compiling/WRFv4.4-DRM_real_GAD_slices_CPM/share -I/global/scratch/users/adamwise/compiling/WRFv4.4-DRM_real_GAD_slices_CPM/phys -I/global/scratch/users/adamwise/compiling/WRFv4.4-DRM_real_GAD_slices_CPM/wrftladj -I/global/scratch/users/adamwise/compiling/WRFv4.4-DRM_real_GAD_slices_CPM/chem -I/global/scratch/users/adamwise/compiling/WRFv4.4-DRM_real_GAD_slices_CPM/inc -I/global/software/sl-7.x86_64/modules/intel/2016.4.072/netcdf/4.4.1.1-intel-s/include  -real-size `expr 8 \* 4` -i4  adapt_timestep_em.f90

real	0m1.452s
user	0m0.945s
sys	0m0.221s
rm -f interp_domain_em.o
sed -e "s/^\!.*'.*//" -e "s/^ *\!.*'.*//" interp_domain_em.F > interp_domain_em.G
/lib/cpp -P -nostdinc -I/global/scratch/users/adamwise/compiling/WRFv4.4-DRM_real_GAD_slices_CPM/inc -DEM_CORE=1 -DNMM_CORE=0 -DNMM_MAX_DIM=2600 -DDA_CORE=0 -DWRFPLUS=0 -DIWORDSIZE=4 -DDWORDSIZE=8 -DRWORDSIZE=4 -DLWORDSIZE=4 -DNONSTANDARD_SYSTEM_FUNC  -DWRF_USE_CLM -DUSE_NETCDF4_FEATURES -DWRFIO_NCD_LARGE_FILE_SUPPORT  -DDM_PARALLEL -DNETCDF -DLANDREAD_STUB=1 -DUSE_ALLOCATABLES -Dwrfmodel -DGRIB1 -DINTIO -DKEEP_INT_AROUND -DLIMIT_ARGS -DBUILD_RRTMG_FAST=0 -DBUILD_RRTMK=0 -DBUILD_SBM_FAST=1 -DSHOW_ALL_VARS_USED=0 -DCONFIG_BUF_LEN=65536 -DMAX_DOMAINS_F=21 -DMAX_HISTORY=25 -DNMM_NEST=0  -I. -traditional-cpp -DUSE_NETCDF4_FEATURES -DWRFIO_NCD_LARGE_FILE_SUPPORT   interp_domain_em.G  > interp_domain_em.bb
/global/scratch/users/adamwise/compiling/WRFv4.4-DRM_real_GAD_slices_CPM/tools/standard.exe interp_domain_em.bb | /lib/cpp -P -nostdinc -traditional-cpp -DUSE_NETCDF4_FEATURES -DWRFIO_NCD_LARGE_FILE_SUPPORT > interp_domain_em.f90
rm -f interp_domain_em.G interp_domain_em.bb
time mpif90 -f90=ifort -o interp_domain_em.o -c -O3 -ip -fp-model precise -w -ftz -align all -fno-alias -FR -convert big_endian    -I../dyn_em  -I/global/scratch/users/adamwise/compiling/WRFv4.4-DRM_real_GAD_slices_CPM/external/esmf_time_f90  -I/global/scratch/users/adamwise/compiling/WRFv4.4-DRM_real_GAD_slices_CPM/main -I/global/scratch/users/adamwise/compiling/WRFv4.4-DRM_real_GAD_slices_CPM/external/io_netcdf -I/global/scratch/users/adamwise/compiling/WRFv4.4-DRM_real_GAD_slices_CPM/external/io_int -I/global/scratch/users/adamwise/compiling/WRFv4.4-DRM_real_GAD_slices_CPM/frame -I/global/scratch/users/adamwise/compiling/WRFv4.4-DRM_real_GAD_slices_CPM/share -I/global/scratch/users/adamwise/compiling/WRFv4.4-DRM_real_GAD_slices_CPM/phys -I/global/scratch/users/adamwise/compiling/WRFv4.4-DRM_real_GAD_slices_CPM/wrftladj -I/global/scratch/users/adamwise/compiling/WRFv4.4-DRM_real_GAD_slices_CPM/chem -I/global/scratch/users/adamwise/compiling/WRFv4.4-DRM_real_GAD_slices_CPM/inc -I/global/software/sl-7.x86_64/modules/intel/2016.4.072/netcdf/4.4.1.1-intel-s/include  -real-size `expr 8 \* 4` -i4  interp_domain_em.f90

real	0m0.338s
user	0m0.043s
sys	0m0.091s
rm -f module_diffusion_em.o
sed -e "s/^\!.*'.*//" -e "s/^ *\!.*'.*//" module_diffusion_em.F > module_diffusion_em.G
/lib/cpp -P -nostdinc -I/global/scratch/users/adamwise/compiling/WRFv4.4-DRM_real_GAD_slices_CPM/inc -DEM_CORE=1 -DNMM_CORE=0 -DNMM_MAX_DIM=2600 -DDA_CORE=0 -DWRFPLUS=0 -DIWORDSIZE=4 -DDWORDSIZE=8 -DRWORDSIZE=4 -DLWORDSIZE=4 -DNONSTANDARD_SYSTEM_FUNC  -DWRF_USE_CLM -DUSE_NETCDF4_FEATURES -DWRFIO_NCD_LARGE_FILE_SUPPORT  -DDM_PARALLEL -DNETCDF -DLANDREAD_STUB=1 -DUSE_ALLOCATABLES -Dwrfmodel -DGRIB1 -DINTIO -DKEEP_INT_AROUND -DLIMIT_ARGS -DBUILD_RRTMG_FAST=0 -DBUILD_RRTMK=0 -DBUILD_SBM_FAST=1 -DSHOW_ALL_VARS_USED=0 -DCONFIG_BUF_LEN=65536 -DMAX_DOMAINS_F=21 -DMAX_HISTORY=25 -DNMM_NEST=0  -I. -traditional-cpp -DUSE_NETCDF4_FEATURES -DWRFIO_NCD_LARGE_FILE_SUPPORT   module_diffusion_em.G  > module_diffusion_em.bb
/global/scratch/users/adamwise/compiling/WRFv4.4-DRM_real_GAD_slices_CPM/tools/standard.exe module_diffusion_em.bb | /lib/cpp -P -nostdinc -traditional-cpp -DUSE_NETCDF4_FEATURES -DWRFIO_NCD_LARGE_FILE_SUPPORT > module_diffusion_em.f90
rm -f module_diffusion_em.G module_diffusion_em.bb
time mpif90 -f90=ifort -o module_diffusion_em.o -c -O3 -ip -fp-model precise -w -ftz -align all -fno-alias -FR -convert big_endian    -I../dyn_em  -I/global/scratch/users/adamwise/compiling/WRFv4.4-DRM_real_GAD_slices_CPM/external/esmf_time_f90  -I/global/scratch/users/adamwise/compiling/WRFv4.4-DRM_real_GAD_slices_CPM/main -I/global/scratch/users/adamwise/compiling/WRFv4.4-DRM_real_GAD_slices_CPM/external/io_netcdf -I/global/scratch/users/adamwise/compiling/WRFv4.4-DRM_real_GAD_slices_CPM/external/io_int -I/global/scratch/users/adamwise/compiling/WRFv4.4-DRM_real_GAD_slices_CPM/frame -I/global/scratch/users/adamwise/compiling/WRFv4.4-DRM_real_GAD_slices_CPM/share -I/global/scratch/users/adamwise/compiling/WRFv4.4-DRM_real_GAD_slices_CPM/phys -I/global/scratch/users/adamwise/compiling/WRFv4.4-DRM_real_GAD_slices_CPM/wrftladj -I/global/scratch/users/adamwise/compiling/WRFv4.4-DRM_real_GAD_slices_CPM/chem -I/global/scratch/users/adamwise/compiling/WRFv4.4-DRM_real_GAD_slices_CPM/inc -I/global/software/sl-7.x86_64/modules/intel/2016.4.072/netcdf/4.4.1.1-intel-s/include  -real-size `expr 8 \* 4` -i4  module_diffusion_em.f90

real	0m37.388s
user	0m36.775s
sys	0m0.365s
rm -f module_em.o
sed -e "s/^\!.*'.*//" -e "s/^ *\!.*'.*//" module_em.F > module_em.G
/lib/cpp -P -nostdinc -I/global/scratch/users/adamwise/compiling/WRFv4.4-DRM_real_GAD_slices_CPM/inc -DEM_CORE=1 -DNMM_CORE=0 -DNMM_MAX_DIM=2600 -DDA_CORE=0 -DWRFPLUS=0 -DIWORDSIZE=4 -DDWORDSIZE=8 -DRWORDSIZE=4 -DLWORDSIZE=4 -DNONSTANDARD_SYSTEM_FUNC  -DWRF_USE_CLM -DUSE_NETCDF4_FEATURES -DWRFIO_NCD_LARGE_FILE_SUPPORT  -DDM_PARALLEL -DNETCDF -DLANDREAD_STUB=1 -DUSE_ALLOCATABLES -Dwrfmodel -DGRIB1 -DINTIO -DKEEP_INT_AROUND -DLIMIT_ARGS -DBUILD_RRTMG_FAST=0 -DBUILD_RRTMK=0 -DBUILD_SBM_FAST=1 -DSHOW_ALL_VARS_USED=0 -DCONFIG_BUF_LEN=65536 -DMAX_DOMAINS_F=21 -DMAX_HISTORY=25 -DNMM_NEST=0  -I. -traditional-cpp -DUSE_NETCDF4_FEATURES -DWRFIO_NCD_LARGE_FILE_SUPPORT   module_em.G  > module_em.bb
/global/scratch/users/adamwise/compiling/WRFv4.4-DRM_real_GAD_slices_CPM/tools/standard.exe module_em.bb | /lib/cpp -P -nostdinc -traditional-cpp -DUSE_NETCDF4_FEATURES -DWRFIO_NCD_LARGE_FILE_SUPPORT > module_em.f90
rm -f module_em.G module_em.bb
time mpif90 -f90=ifort -o module_em.o -c -O3 -ip -fp-model precise -w -ftz -align all -fno-alias -FR -convert big_endian    -I../dyn_em  -I/global/scratch/users/adamwise/compiling/WRFv4.4-DRM_real_GAD_slices_CPM/external/esmf_time_f90  -I/global/scratch/users/adamwise/compiling/WRFv4.4-DRM_real_GAD_slices_CPM/main -I/global/scratch/users/adamwise/compiling/WRFv4.4-DRM_real_GAD_slices_CPM/external/io_netcdf -I/global/scratch/users/adamwise/compiling/WRFv4.4-DRM_real_GAD_slices_CPM/external/io_int -I/global/scratch/users/adamwise/compiling/WRFv4.4-DRM_real_GAD_slices_CPM/frame -I/global/scratch/users/adamwise/compiling/WRFv4.4-DRM_real_GAD_slices_CPM/share -I/global/scratch/users/adamwise/compiling/WRFv4.4-DRM_real_GAD_slices_CPM/phys -I/global/scratch/users/adamwise/compiling/WRFv4.4-DRM_real_GAD_slices_CPM/wrftladj -I/global/scratch/users/adamwise/compiling/WRFv4.4-DRM_real_GAD_slices_CPM/chem -I/global/scratch/users/adamwise/compiling/WRFv4.4-DRM_real_GAD_slices_CPM/inc -I/global/software/sl-7.x86_64/modules/intel/2016.4.072/netcdf/4.4.1.1-intel-s/include  -real-size `expr 8 \* 4` -i4  module_em.f90

real	0m6.286s
user	0m5.689s
sys	0m0.307s
rm -f module_sfs_driver.o
sed -e "s/^\!.*'.*//" -e "s/^ *\!.*'.*//" module_sfs_driver.F > module_sfs_driver.G
/lib/cpp -P -nostdinc -I/global/scratch/users/adamwise/compiling/WRFv4.4-DRM_real_GAD_slices_CPM/inc -DEM_CORE=1 -DNMM_CORE=0 -DNMM_MAX_DIM=2600 -DDA_CORE=0 -DWRFPLUS=0 -DIWORDSIZE=4 -DDWORDSIZE=8 -DRWORDSIZE=4 -DLWORDSIZE=4 -DNONSTANDARD_SYSTEM_FUNC  -DWRF_USE_CLM -DUSE_NETCDF4_FEATURES -DWRFIO_NCD_LARGE_FILE_SUPPORT  -DDM_PARALLEL -DNETCDF -DLANDREAD_STUB=1 -DUSE_ALLOCATABLES -Dwrfmodel -DGRIB1 -DINTIO -DKEEP_INT_AROUND -DLIMIT_ARGS -DBUILD_RRTMG_FAST=0 -DBUILD_RRTMK=0 -DBUILD_SBM_FAST=1 -DSHOW_ALL_VARS_USED=0 -DCONFIG_BUF_LEN=65536 -DMAX_DOMAINS_F=21 -DMAX_HISTORY=25 -DNMM_NEST=0  -I. -traditional-cpp -DUSE_NETCDF4_FEATURES -DWRFIO_NCD_LARGE_FILE_SUPPORT   module_sfs_driver.G  > module_sfs_driver.bb
/global/scratch/users/adamwise/compiling/WRFv4.4-DRM_real_GAD_slices_CPM/tools/standard.exe module_sfs_driver.bb | /lib/cpp -P -nostdinc -traditional-cpp -DUSE_NETCDF4_FEATURES -DWRFIO_NCD_LARGE_FILE_SUPPORT > module_sfs_driver.f90
rm -f module_sfs_driver.G module_sfs_driver.bb
time mpif90 -f90=ifort -o module_sfs_driver.o -c -O3 -ip -fp-model precise -w -ftz -align all -fno-alias -FR -convert big_endian    -I../dyn_em  -I/global/scratch/users/adamwise/compiling/WRFv4.4-DRM_real_GAD_slices_CPM/external/esmf_time_f90  -I/global/scratch/users/adamwise/compiling/WRFv4.4-DRM_real_GAD_slices_CPM/main -I/global/scratch/users/adamwise/compiling/WRFv4.4-DRM_real_GAD_slices_CPM/external/io_netcdf -I/global/scratch/users/adamwise/compiling/WRFv4.4-DRM_real_GAD_slices_CPM/external/io_int -I/global/scratch/users/adamwise/compiling/WRFv4.4-DRM_real_GAD_slices_CPM/frame -I/global/scratch/users/adamwise/compiling/WRFv4.4-DRM_real_GAD_slices_CPM/share -I/global/scratch/users/adamwise/compiling/WRFv4.4-DRM_real_GAD_slices_CPM/phys -I/global/scratch/users/adamwise/compiling/WRFv4.4-DRM_real_GAD_slices_CPM/wrftladj -I/global/scratch/users/adamwise/compiling/WRFv4.4-DRM_real_GAD_slices_CPM/chem -I/global/scratch/users/adamwise/compiling/WRFv4.4-DRM_real_GAD_slices_CPM/inc -I/global/software/sl-7.x86_64/modules/intel/2016.4.072/netcdf/4.4.1.1-intel-s/include  -real-size `expr 8 \* 4` -i4  module_sfs_driver.f90

real	3m7.244s
user	3m2.647s
sys	0m4.126s
rm -f module_first_rk_step_part1.o
sed -e "s/^\!.*'.*//" -e "s/^ *\!.*'.*//" module_first_rk_step_part1.F > module_first_rk_step_part1.G
/lib/cpp -P -nostdinc -I/global/scratch/users/adamwise/compiling/WRFv4.4-DRM_real_GAD_slices_CPM/inc -DEM_CORE=1 -DNMM_CORE=0 -DNMM_MAX_DIM=2600 -DDA_CORE=0 -DWRFPLUS=0 -DIWORDSIZE=4 -DDWORDSIZE=8 -DRWORDSIZE=4 -DLWORDSIZE=4 -DNONSTANDARD_SYSTEM_FUNC  -DWRF_USE_CLM -DUSE_NETCDF4_FEATURES -DWRFIO_NCD_LARGE_FILE_SUPPORT  -DDM_PARALLEL -DNETCDF -DLANDREAD_STUB=1 -DUSE_ALLOCATABLES -Dwrfmodel -DGRIB1 -DINTIO -DKEEP_INT_AROUND -DLIMIT_ARGS -DBUILD_RRTMG_FAST=0 -DBUILD_RRTMK=0 -DBUILD_SBM_FAST=1 -DSHOW_ALL_VARS_USED=0 -DCONFIG_BUF_LEN=65536 -DMAX_DOMAINS_F=21 -DMAX_HISTORY=25 -DNMM_NEST=0  -I. -traditional-cpp -DUSE_NETCDF4_FEATURES -DWRFIO_NCD_LARGE_FILE_SUPPORT   module_first_rk_step_part1.G  > module_first_rk_step_part1.bb
/global/scratch/users/adamwise/compiling/WRFv4.4-DRM_real_GAD_slices_CPM/tools/standard.exe module_first_rk_step_part1.bb | /lib/cpp -P -nostdinc -traditional-cpp -DUSE_NETCDF4_FEATURES -DWRFIO_NCD_LARGE_FILE_SUPPORT > module_first_rk_step_part1.f90
rm -f module_first_rk_step_part1.G module_first_rk_step_part1.bb
time mpif90 -f90=ifort -o module_first_rk_step_part1.o -c -O3 -ip -fp-model precise -w -ftz -align all -fno-alias -FR -convert big_endian    -I../dyn_em  -I/global/scratch/users/adamwise/compiling/WRFv4.4-DRM_real_GAD_slices_CPM/external/esmf_time_f90  -I/global/scratch/users/adamwise/compiling/WRFv4.4-DRM_real_GAD_slices_CPM/main -I/global/scratch/users/adamwise/compiling/WRFv4.4-DRM_real_GAD_slices_CPM/external/io_netcdf -I/global/scratch/users/adamwise/compiling/WRFv4.4-DRM_real_GAD_slices_CPM/external/io_int -I/global/scratch/users/adamwise/compiling/WRFv4.4-DRM_real_GAD_slices_CPM/frame -I/global/scratch/users/adamwise/compiling/WRFv4.4-DRM_real_GAD_slices_CPM/share -I/global/scratch/users/adamwise/compiling/WRFv4.4-DRM_real_GAD_slices_CPM/phys -I/global/scratch/users/adamwise/compiling/WRFv4.4-DRM_real_GAD_slices_CPM/wrftladj -I/global/scratch/users/adamwise/compiling/WRFv4.4-DRM_real_GAD_slices_CPM/chem -I/global/scratch/users/adamwise/compiling/WRFv4.4-DRM_real_GAD_slices_CPM/inc -I/global/software/sl-7.x86_64/modules/intel/2016.4.072/netcdf/4.4.1.1-intel-s/include  -real-size `expr 8 \* 4` -i4  module_first_rk_step_part1.f90

real	2m27.018s
user	2m24.358s
sys	0m2.196s
rm -f module_first_rk_step_part2.o
sed -e "s/^\!.*'.*//" -e "s/^ *\!.*'.*//" module_first_rk_step_part2.F > module_first_rk_step_part2.G
/lib/cpp -P -nostdinc -I/global/scratch/users/adamwise/compiling/WRFv4.4-DRM_real_GAD_slices_CPM/inc -DEM_CORE=1 -DNMM_CORE=0 -DNMM_MAX_DIM=2600 -DDA_CORE=0 -DWRFPLUS=0 -DIWORDSIZE=4 -DDWORDSIZE=8 -DRWORDSIZE=4 -DLWORDSIZE=4 -DNONSTANDARD_SYSTEM_FUNC  -DWRF_USE_CLM -DUSE_NETCDF4_FEATURES -DWRFIO_NCD_LARGE_FILE_SUPPORT  -DDM_PARALLEL -DNETCDF -DLANDREAD_STUB=1 -DUSE_ALLOCATABLES -Dwrfmodel -DGRIB1 -DINTIO -DKEEP_INT_AROUND -DLIMIT_ARGS -DBUILD_RRTMG_FAST=0 -DBUILD_RRTMK=0 -DBUILD_SBM_FAST=1 -DSHOW_ALL_VARS_USED=0 -DCONFIG_BUF_LEN=65536 -DMAX_DOMAINS_F=21 -DMAX_HISTORY=25 -DNMM_NEST=0  -I. -traditional-cpp -DUSE_NETCDF4_FEATURES -DWRFIO_NCD_LARGE_FILE_SUPPORT   module_first_rk_step_part2.G  > module_first_rk_step_part2.bb
/global/scratch/users/adamwise/compiling/WRFv4.4-DRM_real_GAD_slices_CPM/tools/standard.exe module_first_rk_step_part2.bb | /lib/cpp -P -nostdinc -traditional-cpp -DUSE_NETCDF4_FEATURES -DWRFIO_NCD_LARGE_FILE_SUPPORT > module_first_rk_step_part2.f90
rm -f module_first_rk_step_part2.G module_first_rk_step_part2.bb
time mpif90 -f90=ifort -o module_first_rk_step_part2.o -c -O3 -ip -fp-model precise -w -ftz -align all -fno-alias -FR -convert big_endian    -I../dyn_em  -I/global/scratch/users/adamwise/compiling/WRFv4.4-DRM_real_GAD_slices_CPM/external/esmf_time_f90  -I/global/scratch/users/adamwise/compiling/WRFv4.4-DRM_real_GAD_slices_CPM/main -I/global/scratch/users/adamwise/compiling/WRFv4.4-DRM_real_GAD_slices_CPM/external/io_netcdf -I/global/scratch/users/adamwise/compiling/WRFv4.4-DRM_real_GAD_slices_CPM/external/io_int -I/global/scratch/users/adamwise/compiling/WRFv4.4-DRM_real_GAD_slices_CPM/frame -I/global/scratch/users/adamwise/compiling/WRFv4.4-DRM_real_GAD_slices_CPM/share -I/global/scratch/users/adamwise/compiling/WRFv4.4-DRM_real_GAD_slices_CPM/phys -I/global/scratch/users/adamwise/compiling/WRFv4.4-DRM_real_GAD_slices_CPM/wrftladj -I/global/scratch/users/adamwise/compiling/WRFv4.4-DRM_real_GAD_slices_CPM/chem -I/global/scratch/users/adamwise/compiling/WRFv4.4-DRM_real_GAD_slices_CPM/inc -I/global/software/sl-7.x86_64/modules/intel/2016.4.072/netcdf/4.4.1.1-intel-s/include  -real-size `expr 8 \* 4` -i4  module_first_rk_step_part2.f90

real	0m9.954s
user	0m8.634s
sys	0m1.030s

real	9m32.080s
user	9m27.022s
sys	0m4.143s
rm -f solve_em.o
sed -e "s/^\!.*'.*//" -e "s/^ *\!.*'.*//" solve_em.F > solve_em.G
/lib/cpp -P -nostdinc -I/global/scratch/users/adamwise/compiling/WRFv4.4-DRM_real_GAD_slices_CPM/inc -DEM_CORE=1 -DNMM_CORE=0 -DNMM_MAX_DIM=2600 -DDA_CORE=0 -DWRFPLUS=0 -DIWORDSIZE=4 -DDWORDSIZE=8 -DRWORDSIZE=4 -DLWORDSIZE=4 -DNONSTANDARD_SYSTEM_FUNC  -DWRF_USE_CLM -DUSE_NETCDF4_FEATURES -DWRFIO_NCD_LARGE_FILE_SUPPORT  -DDM_PARALLEL -DNETCDF -DLANDREAD_STUB=1 -DUSE_ALLOCATABLES -Dwrfmodel -DGRIB1 -DINTIO -DKEEP_INT_AROUND -DLIMIT_ARGS -DBUILD_RRTMG_FAST=0 -DBUILD_RRTMK=0 -DBUILD_SBM_FAST=1 -DSHOW_ALL_VARS_USED=0 -DCONFIG_BUF_LEN=65536 -DMAX_DOMAINS_F=21 -DMAX_HISTORY=25 -DNMM_NEST=0  -I. -traditional-cpp -DUSE_NETCDF4_FEATURES -DWRFIO_NCD_LARGE_FILE_SUPPORT   solve_em.G  > solve_em.bb
/global/scratch/users/adamwise/compiling/WRFv4.4-DRM_real_GAD_slices_CPM/tools/standard.exe solve_em.bb | /lib/cpp -P -nostdinc -traditional-cpp -DUSE_NETCDF4_FEATURES -DWRFIO_NCD_LARGE_FILE_SUPPORT > solve_em.f90
rm -f solve_em.G solve_em.bb
time mpif90 -f90=ifort -o solve_em.o -c -O3 -ip -fp-model precise -w -ftz -align all -fno-alias -FR -convert big_endian    -I../dyn_em  -I/global/scratch/users/adamwise/compiling/WRFv4.4-DRM_real_GAD_slices_CPM/external/esmf_time_f90  -I/global/scratch/users/adamwise/compiling/WRFv4.4-DRM_real_GAD_slices_CPM/main -I/global/scratch/users/adamwise/compiling/WRFv4.4-DRM_real_GAD_slices_CPM/external/io_netcdf -I/global/scratch/users/adamwise/compiling/WRFv4.4-DRM_real_GAD_slices_CPM/external/io_int -I/global/scratch/users/adamwise/compiling/WRFv4.4-DRM_real_GAD_slices_CPM/frame -I/global/scratch/users/adamwise/compiling/WRFv4.4-DRM_real_GAD_slices_CPM/share -I/global/scratch/users/adamwise/compiling/WRFv4.4-DRM_real_GAD_slices_CPM/phys -I/global/scratch/users/adamwise/compiling/WRFv4.4-DRM_real_GAD_slices_CPM/wrftladj -I/global/scratch/users/adamwise/compiling/WRFv4.4-DRM_real_GAD_slices_CPM/chem -I/global/scratch/users/adamwise/compiling/WRFv4.4-DRM_real_GAD_slices_CPM/inc -I/global/software/sl-7.x86_64/modules/intel/2016.4.072/netcdf/4.4.1.1-intel-s/include  -real-size `expr 8 \* 4` -i4  solve_em.f90

real	0m58.794s
user	0m55.499s
sys	0m2.231s
ar ru ../main/libwrflib.a module_advect_em.o module_ieva_em.o module_diffusion_em.o module_small_step_em.o module_big_step_utilities_em.o module_em.o module_solvedebug_em.o module_bc_em.o module_init_utilities.o module_wps_io_arw.o module_damping_em.o module_polarfft.o module_force_scm.o module_first_rk_step_part1.o module_first_rk_step_part2.o module_avgflx_em.o module_sfs_nba.o module_sfs_drm.o module_sfs_rsfs.o module_stoch_les_inflow_perts.o module_convtrans_prep.o module_sfs_driver.o module_stoch.o module_after_all_rk_steps.o module_horizontal_slices.o  init_modules_em.o solve_em.o start_em.o shift_domain_em.o couple_or_uncouple_em.o nest_init_utils.o adapt_timestep_em.o interp_domain_em.o
make[2]: Leaving directory `/global/scratch/users/adamwise/compiling/WRFv4.4-DRM_real_GAD_slices_CPM/dyn_em'
make[1]: Leaving directory `/global/scratch/users/adamwise/compiling/WRFv4.4-DRM_real_GAD_slices_CPM'
if [ 0 -eq 1 ]   ; then make -i -r MODULE_DIRS="-I../dyn_em  -I/global/scratch/users/adamwise/compiling/WRFv4.4-DRM_real_GAD_slices_CPM/external/esmf_time_f90  -I/global/scratch/users/adamwise/compiling/WRFv4.4-DRM_real_GAD_slices_CPM/main -I/global/scratch/users/adamwise/compiling/WRFv4.4-DRM_real_GAD_slices_CPM/external/io_netcdf -I/global/scratch/users/adamwise/compiling/WRFv4.4-DRM_real_GAD_slices_CPM/external/io_int -I/global/scratch/users/adamwise/compiling/WRFv4.4-DRM_real_GAD_slices_CPM/frame -I/global/scratch/users/adamwise/compiling/WRFv4.4-DRM_real_GAD_slices_CPM/share -I/global/scratch/users/adamwise/compiling/WRFv4.4-DRM_real_GAD_slices_CPM/phys -I/global/scratch/users/adamwise/compiling/WRFv4.4-DRM_real_GAD_slices_CPM/wrftladj -I/global/scratch/users/adamwise/compiling/WRFv4.4-DRM_real_GAD_slices_CPM/chem -I/global/scratch/users/adamwise/compiling/WRFv4.4-DRM_real_GAD_slices_CPM/inc -I/global/software/sl-7.x86_64/modules/intel/2016.4.072/netcdf/4.4.1.1-intel-s/include " wrf_hydro ; fi
( cd main ; make -i -r RLFLAGS="" MODULE_DIRS="-I../dyn_em  -I/global/scratch/users/adamwise/compiling/WRFv4.4-DRM_real_GAD_slices_CPM/external/esmf_time_f90  -I/global/scratch/users/adamwise/compiling/WRFv4.4-DRM_real_GAD_slices_CPM/main -I/global/scratch/users/adamwise/compiling/WRFv4.4-DRM_real_GAD_slices_CPM/external/io_netcdf -I/global/scratch/users/adamwise/compiling/WRFv4.4-DRM_real_GAD_slices_CPM/external/io_int -I/global/scratch/users/adamwise/compiling/WRFv4.4-DRM_real_GAD_slices_CPM/frame -I/global/scratch/users/adamwise/compiling/WRFv4.4-DRM_real_GAD_slices_CPM/share -I/global/scratch/users/adamwise/compiling/WRFv4.4-DRM_real_GAD_slices_CPM/phys -I/global/scratch/users/adamwise/compiling/WRFv4.4-DRM_real_GAD_slices_CPM/wrftladj -I/global/scratch/users/adamwise/compiling/WRFv4.4-DRM_real_GAD_slices_CPM/chem -I/global/scratch/users/adamwise/compiling/WRFv4.4-DRM_real_GAD_slices_CPM/inc -I/global/software/sl-7.x86_64/modules/intel/2016.4.072/netcdf/4.4.1.1-intel-s/include " SOLVER=em em_wrf )
make[1]: Entering directory `/global/scratch/users/adamwise/compiling/WRFv4.4-DRM_real_GAD_slices_CPM/main'
rm -f ../main/module_wrf_top.o
sed -e "s/^\!.*'.*//" -e "s/^ *\!.*'.*//" ../main/module_wrf_top.F > ../main/module_wrf_top.G
/lib/cpp -P -nostdinc -I/global/scratch/users/adamwise/compiling/WRFv4.4-DRM_real_GAD_slices_CPM/inc -DEM_CORE=1 -DNMM_CORE=0 -DNMM_MAX_DIM=2600 -DDA_CORE=0 -DWRFPLUS=0 -DIWORDSIZE=4 -DDWORDSIZE=8 -DRWORDSIZE=4 -DLWORDSIZE=4 -DNONSTANDARD_SYSTEM_FUNC  -DWRF_USE_CLM -DUSE_NETCDF4_FEATURES -DWRFIO_NCD_LARGE_FILE_SUPPORT  -DDM_PARALLEL -DNETCDF -DLANDREAD_STUB=1 -DUSE_ALLOCATABLES -Dwrfmodel -DGRIB1 -DINTIO -DKEEP_INT_AROUND -DLIMIT_ARGS -DBUILD_RRTMG_FAST=0 -DBUILD_RRTMK=0 -DBUILD_SBM_FAST=1 -DSHOW_ALL_VARS_USED=0 -DCONFIG_BUF_LEN=65536 -DMAX_DOMAINS_F=21 -DMAX_HISTORY=25 -DNMM_NEST=0  -I. -traditional-cpp -DUSE_NETCDF4_FEATURES -DWRFIO_NCD_LARGE_FILE_SUPPORT   ../main/module_wrf_top.G  > ../main/module_wrf_top.bb
/global/scratch/users/adamwise/compiling/WRFv4.4-DRM_real_GAD_slices_CPM/tools/standard.exe ../main/module_wrf_top.bb | /lib/cpp -P -nostdinc -traditional-cpp -DUSE_NETCDF4_FEATURES -DWRFIO_NCD_LARGE_FILE_SUPPORT > ../main/module_wrf_top.f90
rm -f ../main/module_wrf_top.G ../main/module_wrf_top.bb
time mpif90 -f90=ifort -o ../main/module_wrf_top.o -c -O3 -ip -fp-model precise -w -ftz -align all -fno-alias -FR -convert big_endian    -I../dyn_em  -I/global/scratch/users/adamwise/compiling/WRFv4.4-DRM_real_GAD_slices_CPM/external/esmf_time_f90  -I/global/scratch/users/adamwise/compiling/WRFv4.4-DRM_real_GAD_slices_CPM/main -I/global/scratch/users/adamwise/compiling/WRFv4.4-DRM_real_GAD_slices_CPM/external/io_netcdf -I/global/scratch/users/adamwise/compiling/WRFv4.4-DRM_real_GAD_slices_CPM/external/io_int -I/global/scratch/users/adamwise/compiling/WRFv4.4-DRM_real_GAD_slices_CPM/frame -I/global/scratch/users/adamwise/compiling/WRFv4.4-DRM_real_GAD_slices_CPM/share -I/global/scratch/users/adamwise/compiling/WRFv4.4-DRM_real_GAD_slices_CPM/phys -I/global/scratch/users/adamwise/compiling/WRFv4.4-DRM_real_GAD_slices_CPM/wrftladj -I/global/scratch/users/adamwise/compiling/WRFv4.4-DRM_real_GAD_slices_CPM/chem -I/global/scratch/users/adamwise/compiling/WRFv4.4-DRM_real_GAD_slices_CPM/inc -I/global/software/sl-7.x86_64/modules/intel/2016.4.072/netcdf/4.4.1.1-intel-s/include  -real-size `expr 8 \* 4` -i4  ../main/module_wrf_top.f90

real	0m6.198s
user	0m5.502s
sys	0m0.291s
rm -f wrf.o
sed -e "s/^\!.*'.*//" -e "s/^ *\!.*'.*//" wrf.F > wrf.G
/lib/cpp -P -nostdinc -I/global/scratch/users/adamwise/compiling/WRFv4.4-DRM_real_GAD_slices_CPM/inc -DEM_CORE=1 -DNMM_CORE=0 -DNMM_MAX_DIM=2600 -DDA_CORE=0 -DWRFPLUS=0 -DIWORDSIZE=4 -DDWORDSIZE=8 -DRWORDSIZE=4 -DLWORDSIZE=4 -DNONSTANDARD_SYSTEM_FUNC  -DWRF_USE_CLM -DUSE_NETCDF4_FEATURES -DWRFIO_NCD_LARGE_FILE_SUPPORT  -DDM_PARALLEL -DNETCDF -DLANDREAD_STUB=1 -DUSE_ALLOCATABLES -Dwrfmodel -DGRIB1 -DINTIO -DKEEP_INT_AROUND -DLIMIT_ARGS -DBUILD_RRTMG_FAST=0 -DBUILD_RRTMK=0 -DBUILD_SBM_FAST=1 -DSHOW_ALL_VARS_USED=0 -DCONFIG_BUF_LEN=65536 -DMAX_DOMAINS_F=21 -DMAX_HISTORY=25 -DNMM_NEST=0  -I. -traditional-cpp -DUSE_NETCDF4_FEATURES -DWRFIO_NCD_LARGE_FILE_SUPPORT   wrf.G  > wrf.bb
/global/scratch/users/adamwise/compiling/WRFv4.4-DRM_real_GAD_slices_CPM/tools/standard.exe wrf.bb | /lib/cpp -P -nostdinc -traditional-cpp -DUSE_NETCDF4_FEATURES -DWRFIO_NCD_LARGE_FILE_SUPPORT > wrf.f90
rm -f wrf.G wrf.bb
time mpif90 -f90=ifort -o wrf.o -c -O3 -ip -fp-model precise -w -ftz -align all -fno-alias -FR -convert big_endian    -I../dyn_em  -I/global/scratch/users/adamwise/compiling/WRFv4.4-DRM_real_GAD_slices_CPM/external/esmf_time_f90  -I/global/scratch/users/adamwise/compiling/WRFv4.4-DRM_real_GAD_slices_CPM/main -I/global/scratch/users/adamwise/compiling/WRFv4.4-DRM_real_GAD_slices_CPM/external/io_netcdf -I/global/scratch/users/adamwise/compiling/WRFv4.4-DRM_real_GAD_slices_CPM/external/io_int -I/global/scratch/users/adamwise/compiling/WRFv4.4-DRM_real_GAD_slices_CPM/frame -I/global/scratch/users/adamwise/compiling/WRFv4.4-DRM_real_GAD_slices_CPM/share -I/global/scratch/users/adamwise/compiling/WRFv4.4-DRM_real_GAD_slices_CPM/phys -I/global/scratch/users/adamwise/compiling/WRFv4.4-DRM_real_GAD_slices_CPM/wrftladj -I/global/scratch/users/adamwise/compiling/WRFv4.4-DRM_real_GAD_slices_CPM/chem -I/global/scratch/users/adamwise/compiling/WRFv4.4-DRM_real_GAD_slices_CPM/inc -I/global/software/sl-7.x86_64/modules/intel/2016.4.072/netcdf/4.4.1.1-intel-s/include  -real-size `expr 8 \* 4` -i4  wrf.f90

real	0m0.686s
user	0m0.129s
sys	0m0.180s
ranlib  libwrflib.a
time mpif90 -f90=ifort -o wrf.exe  -O3 -ip -fp-model precise -w -ftz -align all -fno-alias -FR -convert big_endian   -ip   wrf.o ../main/module_wrf_top.o libwrflib.a  /global/scratch/users/adamwise/compiling/WRFv4.4-DRM_real_GAD_slices_CPM/external/fftpack/fftpack5/libfftpack.a /global/scratch/users/adamwise/compiling/WRFv4.4-DRM_real_GAD_slices_CPM/external/io_grib1/libio_grib1.a /global/scratch/users/adamwise/compiling/WRFv4.4-DRM_real_GAD_slices_CPM/external/io_grib_share/libio_grib_share.a /global/scratch/users/adamwise/compiling/WRFv4.4-DRM_real_GAD_slices_CPM/external/io_int/libwrfio_int.a -L/global/scratch/users/adamwise/compiling/WRFv4.4-DRM_real_GAD_slices_CPM/external/esmf_time_f90 -lesmf_time /global/scratch/users/adamwise/compiling/WRFv4.4-DRM_real_GAD_slices_CPM/external/RSL_LITE/librsl_lite.a /global/scratch/users/adamwise/compiling/WRFv4.4-DRM_real_GAD_slices_CPM/frame/module_internal_header_util.o /global/scratch/users/adamwise/compiling/WRFv4.4-DRM_real_GAD_slices_CPM/frame/pack_utils.o -L/global/scratch/users/adamwise/compiling/WRFv4.4-DRM_real_GAD_slices_CPM/external/io_netcdf -lwrfio_nf -L/global/software/sl-7.x86_64/modules/intel/2016.4.072/netcdf/4.4.1.1-intel-s/lib -lnetcdff -lnetcdf               
0.69user 0.55system 0:02.70elapsed 46%CPU (0avgtext+0avgdata 181212maxresident)k
117056inputs+118984outputs (0major+76647minor)pagefaults 0swaps
make[1]: Leaving directory `/global/scratch/users/adamwise/compiling/WRFv4.4-DRM_real_GAD_slices_CPM/main'
( cd run ; /bin/rm -f wrf.exe ; ln -s ../main/wrf.exe . )
if [ 0 -eq 1 ] ; then \
  ( cd main ; make -i -r RLFLAGS="" MODULE_DIRS="-I../dyn_em  -I/global/scratch/users/adamwise/compiling/WRFv4.4-DRM_real_GAD_slices_CPM/external/esmf_time_f90  -I/global/scratch/users/adamwise/compiling/WRFv4.4-DRM_real_GAD_slices_CPM/main -I/global/scratch/users/adamwise/compiling/WRFv4.4-DRM_real_GAD_slices_CPM/external/io_netcdf -I/global/scratch/users/adamwise/compiling/WRFv4.4-DRM_real_GAD_slices_CPM/external/io_int -I/global/scratch/users/adamwise/compiling/WRFv4.4-DRM_real_GAD_slices_CPM/frame -I/global/scratch/users/adamwise/compiling/WRFv4.4-DRM_real_GAD_slices_CPM/share -I/global/scratch/users/adamwise/compiling/WRFv4.4-DRM_real_GAD_slices_CPM/phys -I/global/scratch/users/adamwise/compiling/WRFv4.4-DRM_real_GAD_slices_CPM/wrftladj -I/global/scratch/users/adamwise/compiling/WRFv4.4-DRM_real_GAD_slices_CPM/chem -I/global/scratch/users/adamwise/compiling/WRFv4.4-DRM_real_GAD_slices_CPM/inc -I/global/software/sl-7.x86_64/modules/intel/2016.4.072/netcdf/4.4.1.1-intel-s/include " SOLVER=em em_wrf_SST_ESMF ) ; \
fi
build started:   Fri May 26 15:18:33 PDT 2023
build completed: Fri May 26 16:24:55 PDT 2023
--------------------------------------
( cd main ; make -i -r RLFLAGS="" MODULE_DIRS="-I../dyn_em  -I/global/scratch/users/adamwise/compiling/WRFv4.4-DRM_real_GAD_slices_CPM/external/esmf_time_f90  -I/global/scratch/users/adamwise/compiling/WRFv4.4-DRM_real_GAD_slices_CPM/main -I/global/scratch/users/adamwise/compiling/WRFv4.4-DRM_real_GAD_slices_CPM/external/io_netcdf -I/global/scratch/users/adamwise/compiling/WRFv4.4-DRM_real_GAD_slices_CPM/external/io_int -I/global/scratch/users/adamwise/compiling/WRFv4.4-DRM_real_GAD_slices_CPM/frame -I/global/scratch/users/adamwise/compiling/WRFv4.4-DRM_real_GAD_slices_CPM/share -I/global/scratch/users/adamwise/compiling/WRFv4.4-DRM_real_GAD_slices_CPM/phys -I/global/scratch/users/adamwise/compiling/WRFv4.4-DRM_real_GAD_slices_CPM/wrftladj -I/global/scratch/users/adamwise/compiling/WRFv4.4-DRM_real_GAD_slices_CPM/chem -I/global/scratch/users/adamwise/compiling/WRFv4.4-DRM_real_GAD_slices_CPM/inc -I/global/software/sl-7.x86_64/modules/intel/2016.4.072/netcdf/4.4.1.1-intel-s/include " SOLVER=em IDEAL_CASE=real em_real )
make[1]: Entering directory `/global/scratch/users/adamwise/compiling/WRFv4.4-DRM_real_GAD_slices_CPM/main'
rm -f ../dyn_em/module_initialize_real.o
sed -e "s/^\!.*'.*//" -e "s/^ *\!.*'.*//" ../dyn_em/module_initialize_real.F > ../dyn_em/module_initialize_real.G
/lib/cpp -P -nostdinc -I/global/scratch/users/adamwise/compiling/WRFv4.4-DRM_real_GAD_slices_CPM/inc -DEM_CORE=1 -DNMM_CORE=0 -DNMM_MAX_DIM=2600 -DDA_CORE=0 -DWRFPLUS=0 -DIWORDSIZE=4 -DDWORDSIZE=8 -DRWORDSIZE=4 -DLWORDSIZE=4 -DNONSTANDARD_SYSTEM_FUNC  -DWRF_USE_CLM -DUSE_NETCDF4_FEATURES -DWRFIO_NCD_LARGE_FILE_SUPPORT  -DDM_PARALLEL -DNETCDF -DLANDREAD_STUB=1 -DUSE_ALLOCATABLES -Dwrfmodel -DGRIB1 -DINTIO -DKEEP_INT_AROUND -DLIMIT_ARGS -DBUILD_RRTMG_FAST=0 -DBUILD_RRTMK=0 -DBUILD_SBM_FAST=1 -DSHOW_ALL_VARS_USED=0 -DCONFIG_BUF_LEN=65536 -DMAX_DOMAINS_F=21 -DMAX_HISTORY=25 -DNMM_NEST=0  -I. -traditional-cpp -DUSE_NETCDF4_FEATURES -DWRFIO_NCD_LARGE_FILE_SUPPORT   ../dyn_em/module_initialize_real.G  > ../dyn_em/module_initialize_real.bb
/global/scratch/users/adamwise/compiling/WRFv4.4-DRM_real_GAD_slices_CPM/tools/standard.exe ../dyn_em/module_initialize_real.bb | /lib/cpp -P -nostdinc -traditional-cpp -DUSE_NETCDF4_FEATURES -DWRFIO_NCD_LARGE_FILE_SUPPORT > ../dyn_em/module_initialize_real.f90
rm -f ../dyn_em/module_initialize_real.G ../dyn_em/module_initialize_real.bb
time mpif90 -f90=ifort -o ../dyn_em/module_initialize_real.o -c -O3 -ip -fp-model precise -w -ftz -align all -fno-alias -FR -convert big_endian    -I../dyn_em  -I/global/scratch/users/adamwise/compiling/WRFv4.4-DRM_real_GAD_slices_CPM/external/esmf_time_f90  -I/global/scratch/users/adamwise/compiling/WRFv4.4-DRM_real_GAD_slices_CPM/main -I/global/scratch/users/adamwise/compiling/WRFv4.4-DRM_real_GAD_slices_CPM/external/io_netcdf -I/global/scratch/users/adamwise/compiling/WRFv4.4-DRM_real_GAD_slices_CPM/external/io_int -I/global/scratch/users/adamwise/compiling/WRFv4.4-DRM_real_GAD_slices_CPM/frame -I/global/scratch/users/adamwise/compiling/WRFv4.4-DRM_real_GAD_slices_CPM/share -I/global/scratch/users/adamwise/compiling/WRFv4.4-DRM_real_GAD_slices_CPM/phys -I/global/scratch/users/adamwise/compiling/WRFv4.4-DRM_real_GAD_slices_CPM/wrftladj -I/global/scratch/users/adamwise/compiling/WRFv4.4-DRM_real_GAD_slices_CPM/chem -I/global/scratch/users/adamwise/compiling/WRFv4.4-DRM_real_GAD_slices_CPM/inc -I/global/software/sl-7.x86_64/modules/intel/2016.4.072/netcdf/4.4.1.1-intel-s/include  -real-size `expr 8 \* 4` -i4  ../dyn_em/module_initialize_real.f90

real	0m42.830s
user	0m40.796s
sys	0m1.397s
rm -f ndown_em.o
sed -e "s/^\!.*'.*//" -e "s/^ *\!.*'.*//" ndown_em.F > ndown_em.G
/lib/cpp -P -nostdinc -I/global/scratch/users/adamwise/compiling/WRFv4.4-DRM_real_GAD_slices_CPM/inc -DEM_CORE=1 -DNMM_CORE=0 -DNMM_MAX_DIM=2600 -DDA_CORE=0 -DWRFPLUS=0 -DIWORDSIZE=4 -DDWORDSIZE=8 -DRWORDSIZE=4 -DLWORDSIZE=4 -DNONSTANDARD_SYSTEM_FUNC  -DWRF_USE_CLM -DUSE_NETCDF4_FEATURES -DWRFIO_NCD_LARGE_FILE_SUPPORT  -DDM_PARALLEL -DNETCDF -DLANDREAD_STUB=1 -DUSE_ALLOCATABLES -Dwrfmodel -DGRIB1 -DINTIO -DKEEP_INT_AROUND -DLIMIT_ARGS -DBUILD_RRTMG_FAST=0 -DBUILD_RRTMK=0 -DBUILD_SBM_FAST=1 -DSHOW_ALL_VARS_USED=0 -DCONFIG_BUF_LEN=65536 -DMAX_DOMAINS_F=21 -DMAX_HISTORY=25 -DNMM_NEST=0  -I. -traditional-cpp -DUSE_NETCDF4_FEATURES -DWRFIO_NCD_LARGE_FILE_SUPPORT   ndown_em.G  > ndown_em.bb
/global/scratch/users/adamwise/compiling/WRFv4.4-DRM_real_GAD_slices_CPM/tools/standard.exe ndown_em.bb | /lib/cpp -P -nostdinc -traditional-cpp -DUSE_NETCDF4_FEATURES -DWRFIO_NCD_LARGE_FILE_SUPPORT > ndown_em.f90
rm -f ndown_em.G ndown_em.bb
time mpif90 -f90=ifort -o ndown_em.o -c -O3 -ip -fp-model precise -w -ftz -align all -fno-alias -FR -convert big_endian    -I../dyn_em  -I/global/scratch/users/adamwise/compiling/WRFv4.4-DRM_real_GAD_slices_CPM/external/esmf_time_f90  -I/global/scratch/users/adamwise/compiling/WRFv4.4-DRM_real_GAD_slices_CPM/main -I/global/scratch/users/adamwise/compiling/WRFv4.4-DRM_real_GAD_slices_CPM/external/io_netcdf -I/global/scratch/users/adamwise/compiling/WRFv4.4-DRM_real_GAD_slices_CPM/external/io_int -I/global/scratch/users/adamwise/compiling/WRFv4.4-DRM_real_GAD_slices_CPM/frame -I/global/scratch/users/adamwise/compiling/WRFv4.4-DRM_real_GAD_slices_CPM/share -I/global/scratch/users/adamwise/compiling/WRFv4.4-DRM_real_GAD_slices_CPM/phys -I/global/scratch/users/adamwise/compiling/WRFv4.4-DRM_real_GAD_slices_CPM/wrftladj -I/global/scratch/users/adamwise/compiling/WRFv4.4-DRM_real_GAD_slices_CPM/chem -I/global/scratch/users/adamwise/compiling/WRFv4.4-DRM_real_GAD_slices_CPM/inc -I/global/software/sl-7.x86_64/modules/intel/2016.4.072/netcdf/4.4.1.1-intel-s/include  -real-size `expr 8 \* 4` -i4  ndown_em.f90

real	0m18.498s
user	0m17.118s
sys	0m0.900s
rm -f tc_em.o
sed -e "s/^\!.*'.*//" -e "s/^ *\!.*'.*//" tc_em.F > tc_em.G
/lib/cpp -P -nostdinc -I/global/scratch/users/adamwise/compiling/WRFv4.4-DRM_real_GAD_slices_CPM/inc -DEM_CORE=1 -DNMM_CORE=0 -DNMM_MAX_DIM=2600 -DDA_CORE=0 -DWRFPLUS=0 -DIWORDSIZE=4 -DDWORDSIZE=8 -DRWORDSIZE=4 -DLWORDSIZE=4 -DNONSTANDARD_SYSTEM_FUNC  -DWRF_USE_CLM -DUSE_NETCDF4_FEATURES -DWRFIO_NCD_LARGE_FILE_SUPPORT  -DDM_PARALLEL -DNETCDF -DLANDREAD_STUB=1 -DUSE_ALLOCATABLES -Dwrfmodel -DGRIB1 -DINTIO -DKEEP_INT_AROUND -DLIMIT_ARGS -DBUILD_RRTMG_FAST=0 -DBUILD_RRTMK=0 -DBUILD_SBM_FAST=1 -DSHOW_ALL_VARS_USED=0 -DCONFIG_BUF_LEN=65536 -DMAX_DOMAINS_F=21 -DMAX_HISTORY=25 -DNMM_NEST=0  -I. -traditional-cpp -DUSE_NETCDF4_FEATURES -DWRFIO_NCD_LARGE_FILE_SUPPORT   tc_em.G  > tc_em.bb
/global/scratch/users/adamwise/compiling/WRFv4.4-DRM_real_GAD_slices_CPM/tools/standard.exe tc_em.bb | /lib/cpp -P -nostdinc -traditional-cpp -DUSE_NETCDF4_FEATURES -DWRFIO_NCD_LARGE_FILE_SUPPORT > tc_em.f90
rm -f tc_em.G tc_em.bb
time mpif90 -f90=ifort -o tc_em.o -c -O3 -ip -fp-model precise -w -ftz -align all -fno-alias -FR -convert big_endian    -I../dyn_em  -I/global/scratch/users/adamwise/compiling/WRFv4.4-DRM_real_GAD_slices_CPM/external/esmf_time_f90  -I/global/scratch/users/adamwise/compiling/WRFv4.4-DRM_real_GAD_slices_CPM/main -I/global/scratch/users/adamwise/compiling/WRFv4.4-DRM_real_GAD_slices_CPM/external/io_netcdf -I/global/scratch/users/adamwise/compiling/WRFv4.4-DRM_real_GAD_slices_CPM/external/io_int -I/global/scratch/users/adamwise/compiling/WRFv4.4-DRM_real_GAD_slices_CPM/frame -I/global/scratch/users/adamwise/compiling/WRFv4.4-DRM_real_GAD_slices_CPM/share -I/global/scratch/users/adamwise/compiling/WRFv4.4-DRM_real_GAD_slices_CPM/phys -I/global/scratch/users/adamwise/compiling/WRFv4.4-DRM_real_GAD_slices_CPM/wrftladj -I/global/scratch/users/adamwise/compiling/WRFv4.4-DRM_real_GAD_slices_CPM/chem -I/global/scratch/users/adamwise/compiling/WRFv4.4-DRM_real_GAD_slices_CPM/inc -I/global/software/sl-7.x86_64/modules/intel/2016.4.072/netcdf/4.4.1.1-intel-s/include  -real-size `expr 8 \* 4` -i4  tc_em.f90

real	0m13.055s
user	0m11.793s
sys	0m0.724s
rm -f real_em.o
sed -e "s/^\!.*'.*//" -e "s/^ *\!.*'.*//" real_em.F > real_em.G
/lib/cpp -P -nostdinc -I/global/scratch/users/adamwise/compiling/WRFv4.4-DRM_real_GAD_slices_CPM/inc -DEM_CORE=1 -DNMM_CORE=0 -DNMM_MAX_DIM=2600 -DDA_CORE=0 -DWRFPLUS=0 -DIWORDSIZE=4 -DDWORDSIZE=8 -DRWORDSIZE=4 -DLWORDSIZE=4 -DNONSTANDARD_SYSTEM_FUNC  -DWRF_USE_CLM -DUSE_NETCDF4_FEATURES -DWRFIO_NCD_LARGE_FILE_SUPPORT  -DDM_PARALLEL -DNETCDF -DLANDREAD_STUB=1 -DUSE_ALLOCATABLES -Dwrfmodel -DGRIB1 -DINTIO -DKEEP_INT_AROUND -DLIMIT_ARGS -DBUILD_RRTMG_FAST=0 -DBUILD_RRTMK=0 -DBUILD_SBM_FAST=1 -DSHOW_ALL_VARS_USED=0 -DCONFIG_BUF_LEN=65536 -DMAX_DOMAINS_F=21 -DMAX_HISTORY=25 -DNMM_NEST=0  -I. -traditional-cpp -DUSE_NETCDF4_FEATURES -DWRFIO_NCD_LARGE_FILE_SUPPORT   real_em.G  > real_em.bb
/global/scratch/users/adamwise/compiling/WRFv4.4-DRM_real_GAD_slices_CPM/tools/standard.exe real_em.bb | /lib/cpp -P -nostdinc -traditional-cpp -DUSE_NETCDF4_FEATURES -DWRFIO_NCD_LARGE_FILE_SUPPORT > real_em.f90
rm -f real_em.G real_em.bb
time mpif90 -f90=ifort -o real_em.o -c -O3 -ip -fp-model precise -w -ftz -align all -fno-alias -FR -convert big_endian    -I../dyn_em  -I/global/scratch/users/adamwise/compiling/WRFv4.4-DRM_real_GAD_slices_CPM/external/esmf_time_f90  -I/global/scratch/users/adamwise/compiling/WRFv4.4-DRM_real_GAD_slices_CPM/main -I/global/scratch/users/adamwise/compiling/WRFv4.4-DRM_real_GAD_slices_CPM/external/io_netcdf -I/global/scratch/users/adamwise/compiling/WRFv4.4-DRM_real_GAD_slices_CPM/external/io_int -I/global/scratch/users/adamwise/compiling/WRFv4.4-DRM_real_GAD_slices_CPM/frame -I/global/scratch/users/adamwise/compiling/WRFv4.4-DRM_real_GAD_slices_CPM/share -I/global/scratch/users/adamwise/compiling/WRFv4.4-DRM_real_GAD_slices_CPM/phys -I/global/scratch/users/adamwise/compiling/WRFv4.4-DRM_real_GAD_slices_CPM/wrftladj -I/global/scratch/users/adamwise/compiling/WRFv4.4-DRM_real_GAD_slices_CPM/chem -I/global/scratch/users/adamwise/compiling/WRFv4.4-DRM_real_GAD_slices_CPM/inc -I/global/software/sl-7.x86_64/modules/intel/2016.4.072/netcdf/4.4.1.1-intel-s/include  -real-size `expr 8 \* 4` -i4  real_em.f90

real	0m16.328s
user	0m15.179s
sys	0m0.740s
ranlib  libwrflib.a
time mpif90 -f90=ifort -o ndown.exe  -O3 -ip -fp-model precise -w -ftz -align all -fno-alias -FR -convert big_endian   -ip   ndown_em.o  ../dyn_em/module_initialize_real.o libwrflib.a /global/scratch/users/adamwise/compiling/WRFv4.4-DRM_real_GAD_slices_CPM/external/fftpack/fftpack5/libfftpack.a /global/scratch/users/adamwise/compiling/WRFv4.4-DRM_real_GAD_slices_CPM/external/io_grib1/libio_grib1.a /global/scratch/users/adamwise/compiling/WRFv4.4-DRM_real_GAD_slices_CPM/external/io_grib_share/libio_grib_share.a /global/scratch/users/adamwise/compiling/WRFv4.4-DRM_real_GAD_slices_CPM/external/io_int/libwrfio_int.a -L/global/scratch/users/adamwise/compiling/WRFv4.4-DRM_real_GAD_slices_CPM/external/esmf_time_f90 -lesmf_time /global/scratch/users/adamwise/compiling/WRFv4.4-DRM_real_GAD_slices_CPM/external/RSL_LITE/librsl_lite.a /global/scratch/users/adamwise/compiling/WRFv4.4-DRM_real_GAD_slices_CPM/frame/module_internal_header_util.o /global/scratch/users/adamwise/compiling/WRFv4.4-DRM_real_GAD_slices_CPM/frame/pack_utils.o -L/global/scratch/users/adamwise/compiling/WRFv4.4-DRM_real_GAD_slices_CPM/external/io_netcdf -lwrfio_nf -L/global/software/sl-7.x86_64/modules/intel/2016.4.072/netcdf/4.4.1.1-intel-s/lib -lnetcdff -lnetcdf              
0.77user 0.55system 0:02.26elapsed 58%CPU (0avgtext+0avgdata 167468maxresident)k
97808inputs+106672outputs (0major+54882minor)pagefaults 0swaps
time mpif90 -f90=ifort -o tc.exe  -O3 -ip -fp-model precise -w -ftz -align all -fno-alias -FR -convert big_endian   -ip   tc_em.o  ../dyn_em/module_initialize_real.o libwrflib.a /global/scratch/users/adamwise/compiling/WRFv4.4-DRM_real_GAD_slices_CPM/external/fftpack/fftpack5/libfftpack.a /global/scratch/users/adamwise/compiling/WRFv4.4-DRM_real_GAD_slices_CPM/external/io_grib1/libio_grib1.a /global/scratch/users/adamwise/compiling/WRFv4.4-DRM_real_GAD_slices_CPM/external/io_grib_share/libio_grib_share.a /global/scratch/users/adamwise/compiling/WRFv4.4-DRM_real_GAD_slices_CPM/external/io_int/libwrfio_int.a -L/global/scratch/users/adamwise/compiling/WRFv4.4-DRM_real_GAD_slices_CPM/external/esmf_time_f90 -lesmf_time /global/scratch/users/adamwise/compiling/WRFv4.4-DRM_real_GAD_slices_CPM/external/RSL_LITE/librsl_lite.a /global/scratch/users/adamwise/compiling/WRFv4.4-DRM_real_GAD_slices_CPM/frame/module_internal_header_util.o /global/scratch/users/adamwise/compiling/WRFv4.4-DRM_real_GAD_slices_CPM/frame/pack_utils.o -L/global/scratch/users/adamwise/compiling/WRFv4.4-DRM_real_GAD_slices_CPM/external/io_netcdf -lwrfio_nf -L/global/software/sl-7.x86_64/modules/intel/2016.4.072/netcdf/4.4.1.1-intel-s/lib -lnetcdff -lnetcdf              
0.76user 0.53system 0:02.20elapsed 58%CPU (0avgtext+0avgdata 167812maxresident)k
95904inputs+105280outputs (0major+54599minor)pagefaults 0swaps
time mpif90 -f90=ifort -o real.exe  -O3 -ip -fp-model precise -w -ftz -align all -fno-alias -FR -convert big_endian   -ip   real_em.o ../dyn_em/module_initialize_real.o libwrflib.a /global/scratch/users/adamwise/compiling/WRFv4.4-DRM_real_GAD_slices_CPM/external/fftpack/fftpack5/libfftpack.a /global/scratch/users/adamwise/compiling/WRFv4.4-DRM_real_GAD_slices_CPM/external/io_grib1/libio_grib1.a /global/scratch/users/adamwise/compiling/WRFv4.4-DRM_real_GAD_slices_CPM/external/io_grib_share/libio_grib_share.a /global/scratch/users/adamwise/compiling/WRFv4.4-DRM_real_GAD_slices_CPM/external/io_int/libwrfio_int.a -L/global/scratch/users/adamwise/compiling/WRFv4.4-DRM_real_GAD_slices_CPM/external/esmf_time_f90 -lesmf_time /global/scratch/users/adamwise/compiling/WRFv4.4-DRM_real_GAD_slices_CPM/external/RSL_LITE/librsl_lite.a /global/scratch/users/adamwise/compiling/WRFv4.4-DRM_real_GAD_slices_CPM/frame/module_internal_header_util.o /global/scratch/users/adamwise/compiling/WRFv4.4-DRM_real_GAD_slices_CPM/frame/pack_utils.o -L/global/scratch/users/adamwise/compiling/WRFv4.4-DRM_real_GAD_slices_CPM/external/io_netcdf -lwrfio_nf -L/global/software/sl-7.x86_64/modules/intel/2016.4.072/netcdf/4.4.1.1-intel-s/lib -lnetcdff -lnetcdf              
0.73user 0.51system 0:02.13elapsed 58%CPU (0avgtext+0avgdata 168968maxresident)k
97512inputs+106952outputs (0major+55572minor)pagefaults 0swaps
make[1]: Leaving directory `/global/scratch/users/adamwise/compiling/WRFv4.4-DRM_real_GAD_slices_CPM/main'
( cd test/em_real ; /bin/rm -f wrf.exe ; ln -s ../../main/wrf.exe . )
if [ 0 -eq 1 ] ; then \
  ( cd main ; make -i -r RLFLAGS="" MODULE_DIRS="-I../dyn_em  -I/global/scratch/users/adamwise/compiling/WRFv4.4-DRM_real_GAD_slices_CPM/external/esmf_time_f90  -I/global/scratch/users/adamwise/compiling/WRFv4.4-DRM_real_GAD_slices_CPM/main -I/global/scratch/users/adamwise/compiling/WRFv4.4-DRM_real_GAD_slices_CPM/external/io_netcdf -I/global/scratch/users/adamwise/compiling/WRFv4.4-DRM_real_GAD_slices_CPM/external/io_int -I/global/scratch/users/adamwise/compiling/WRFv4.4-DRM_real_GAD_slices_CPM/frame -I/global/scratch/users/adamwise/compiling/WRFv4.4-DRM_real_GAD_slices_CPM/share -I/global/scratch/users/adamwise/compiling/WRFv4.4-DRM_real_GAD_slices_CPM/phys -I/global/scratch/users/adamwise/compiling/WRFv4.4-DRM_real_GAD_slices_CPM/wrftladj -I/global/scratch/users/adamwise/compiling/WRFv4.4-DRM_real_GAD_slices_CPM/chem -I/global/scratch/users/adamwise/compiling/WRFv4.4-DRM_real_GAD_slices_CPM/inc -I/global/software/sl-7.x86_64/modules/intel/2016.4.072/netcdf/4.4.1.1-intel-s/include " SOLVER=em IDEAL_CASE=real em_wrf_SST_ESMF ) ; \
  ( cd test/em_esmf_exp ; /bin/rm -f wrf.exe ; ln -s ../../main/wrf.exe . ) ; \
  ( cd test/em_esmf_exp ; /bin/rm -f wrf_SST_ESMF.exe ; ln -s ../../main/wrf_SST_ESMF.exe . ) ; \
  ( cd test/em_esmf_exp ; /bin/rm -f real.exe ; ln -s ../../main/real.exe . ) ; \
  ( cd test/em_esmf_exp ; /bin/rm -f README.namelist ; ln -s ../../run/README.namelist . ) ; \
  ( cd test/em_esmf_exp ; /bin/rm -f ETAMPNEW_DATA.expanded_rain ETAMPNEW_DATA RRTM_DATA RRTMG_LW_DATA RRTMG_SW_DATA ; \
               ln -sf ../../run/ETAMPNEW_DATA . ;                      \
               ln -sf ../../run/ETAMPNEW_DATA.expanded_rain . ;        \
               ln -sf ../../run/RRTM_DATA . ;                          \
               ln -sf ../../run/RRTMG_LW_DATA . ;                      \
               ln -sf ../../run/RRTMG_SW_DATA . ;                      \
               ln -sf ../../run/CAM_ABS_DATA . ;                       \
               ln -sf ../../run/CAM_AEROPT_DATA . ;                    \
               ln -sf ../../run/CAMtr_volume_mixing_ratio.RCP4.5 . ;   \
               ln -sf ../../run/CAMtr_volume_mixing_ratio.RCP6   . ;   \
               ln -sf ../../run/CAMtr_volume_mixing_ratio.RCP8.5 . ;   \
               ln -sf ../../run/CAMtr_volume_mixing_ratio.A1B    . ;   \
               ln -sf ../../run/CAMtr_volume_mixing_ratio.A2     . ;   \
               ln -sf ../../run/CAMtr_volume_mixing_ratio.SSP119 . ;   \
               ln -sf ../../run/CAMtr_volume_mixing_ratio.SSP126 . ;   \
               ln -sf ../../run/CAMtr_volume_mixing_ratio.SSP245 . ;   \
               ln -sf ../../run/CAMtr_volume_mixing_ratio.SSP245 CAMtr_volume_mixing_ratio ;   \
               ln -sf ../../run/CAMtr_volume_mixing_ratio.SSP370 . ;   \
               ln -sf ../../run/CAMtr_volume_mixing_ratio.SSP585 . ;   \
               ln -sf ../../run/CLM_ALB_ICE_DFS_DATA . ;               \
               ln -sf ../../run/CLM_ALB_ICE_DRC_DATA . ;               \
               ln -sf ../../run/CLM_ASM_ICE_DFS_DATA . ;               \
               ln -sf ../../run/CLM_ASM_ICE_DRC_DATA . ;               \
               ln -sf ../../run/CLM_DRDSDT0_DATA . ;                   \
               ln -sf ../../run/CLM_EXT_ICE_DFS_DATA . ;               \
               ln -sf ../../run/CLM_EXT_ICE_DRC_DATA . ;               \
               ln -sf ../../run/CLM_KAPPA_DATA . ;                     \
               ln -sf ../../run/CLM_TAU_DATA . ;                       \
               ln -sf ../../run/ozone.formatted . ;                    \
               ln -sf ../../run/ozone_lat.formatted . ;                \
               ln -sf ../../run/ozone_plev.formatted . ;               \
               ln -sf ../../run/aerosol.formatted . ;                  \
               ln -sf ../../run/aerosol_lat.formatted . ;              \
               ln -sf ../../run/aerosol_lon.formatted . ;              \
               ln -sf ../../run/aerosol_plev.formatted . ;             \
               ln -sf ../../run/eclipse_besselian_elements.dat . ;     \
               ln -sf ../../run/CCN_ACTIVATE.BIN . ;                   \
               ln -sf ../../run/p3_lookupTable_1.dat-5.3-2momI . ;     \
               ln -sf ../../run/p3_lookupTable_1.dat-3momI_v5.1.7 . ;     \
               ln -sf ../../run/p3_lookupTable_2.dat-2momI_v5.2.3 . ;  \
               ln -sf ../../run/HLC.TBL . ;                            \
               ln -sf ../../run/wind-turbine-1.tbl . ;                 \
               ln -sf ../../run/ishmael-gamma-tab.bin . ;              \
               ln -sf ../../run/ishmael-qi-qc.bin . ;                  \
               ln -sf ../../run/ishmael-qi-qr.bin . ;                  \
               ln -sf ../../run/BROADBAND_CLOUD_GODDARD.bin . ;        \
               ln -sf ../../run/STOCHPERT.TBL . ;                      \
               if [ 4 -eq 8 ] ; then                        \
                  ln -sf ../../run/ETAMPNEW_DATA_DBL ETAMPNEW_DATA ;   \
                  ln -sf ../../run/ETAMPNEW_DATA.expanded_rain_DBL ETAMPNEW_DATA.expanded_rain ;   \
                  ln -sf ../../run/RRTM_DATA_DBL RRTM_DATA         ;   \
                  ln -sf ../../run/RRTMG_LW_DATA_DBL RRTMG_LW_DATA ;   \
                  ln -sf ../../run/RRTMG_SW_DATA_DBL RRTMG_SW_DATA ;   \
               fi ) ; \
  ( cd test/em_esmf_exp ; /bin/rm -f GENPARM.TBL ; ln -s ../../run/GENPARM.TBL . ) ; \
  ( cd test/em_esmf_exp ; /bin/rm -f LANDUSE.TBL ; ln -s ../../run/LANDUSE.TBL . ) ; \
  ( cd test/em_esmf_exp ; /bin/rm -f SOILPARM.TBL ; ln -s ../../run/SOILPARM.TBL . ) ; \
  ( cd test/em_esmf_exp ; /bin/rm -f URBPARM.TBL ; ln -s ../../run/URBPARM.TBL . ) ; \
  ( cd test/em_esmf_exp ; /bin/rm -f URBPARM_LCZ.TBL ; ln -s ../../run/URBPARM_LCZ.TBL . ) ; \
  ( cd test/em_esmf_exp ; /bin/rm -f VEGPARM.TBL ; ln -s ../../run/VEGPARM.TBL . ) ; \
  ( cd test/em_esmf_exp ; /bin/rm -f MPTABLE.TBL ; ln -s ../../run/MPTABLE.TBL . ) ; \
  ( cd test/em_esmf_exp ; /bin/rm -f tr49t67 ; ln -s ../../run/tr49t67 . ) ; \
  ( cd test/em_esmf_exp ; /bin/rm -f tr49t85 ; ln -s ../../run/tr49t85 . ) ; \
  ( cd test/em_esmf_exp ; /bin/rm -f tr67t85 ; ln -s ../../run/tr67t85 . ) ; \
  ( cd test/em_esmf_exp ; /bin/rm -f gribmap.txt ; ln -s ../../run/gribmap.txt . ) ; \
  ( cd test/em_esmf_exp ; /bin/rm -f grib2map.tbl ; ln -s ../../run/grib2map.tbl . ) ; \
fi
( cd test/em_real ; /bin/rm -f real.exe ; ln -s ../../main/real.exe . )
( cd test/em_real ; /bin/rm -f tc.exe ; ln -s ../../main/tc.exe . )
( cd test/em_real ; /bin/rm -f ndown.exe ; ln -s ../../main/ndown.exe . )
( cd test/em_real ; /bin/rm -f README.namelist ; ln -s ../../run/README.namelist . )
( cd test/em_real ; /bin/rm -f README.physics_files ; ln -s ../../run/README.physics_files . )
( cd test/em_real ; /bin/rm -f ETAMPNEW_DATA.expanded_rain ETAMPNEW_DATA RRTM_DATA RRTMG_LW_DATA RRTMG_SW_DATA ;    \
             ln -sf ../../run/ETAMPNEW_DATA . ;                     \
             ln -sf ../../run/ETAMPNEW_DATA.expanded_rain . ;       \
             ln -sf ../../run/RRTM_DATA . ;                         \
             ln -sf ../../run/RRTMG_LW_DATA . ;                     \
             ln -sf ../../run/RRTMG_SW_DATA . ;                     \
             ln -sf ../../run/CAM_ABS_DATA . ;                      \
             ln -sf ../../run/CAM_AEROPT_DATA . ;                   \
             ln -sf ../../run/CAMtr_volume_mixing_ratio.RCP4.5 . ;  \
             ln -sf ../../run/CAMtr_volume_mixing_ratio.RCP6   . ;  \
             ln -sf ../../run/CAMtr_volume_mixing_ratio.RCP8.5 . ;  \
             ln -sf ../../run/CAMtr_volume_mixing_ratio.A1B    . ;  \
             ln -sf ../../run/CAMtr_volume_mixing_ratio.A2     . ;  \
             ln -sf ../../run/CAMtr_volume_mixing_ratio.SSP119 . ;  \
             ln -sf ../../run/CAMtr_volume_mixing_ratio.SSP126 . ;  \
             ln -sf ../../run/CAMtr_volume_mixing_ratio.SSP245 . ;  \
             ln -sf ../../run/CAMtr_volume_mixing_ratio.SSP245 CAMtr_volume_mixing_ratio ;   \
             ln -sf ../../run/CAMtr_volume_mixing_ratio.SSP370 . ;  \
             ln -sf ../../run/CAMtr_volume_mixing_ratio.SSP585 . ;  \
             ln -sf ../../run/CLM_ALB_ICE_DFS_DATA . ;              \
             ln -sf ../../run/CLM_ALB_ICE_DRC_DATA . ;              \
             ln -sf ../../run/CLM_ASM_ICE_DFS_DATA . ;              \
             ln -sf ../../run/CLM_ASM_ICE_DRC_DATA . ;              \
             ln -sf ../../run/CLM_DRDSDT0_DATA . ;                  \
             ln -sf ../../run/CLM_EXT_ICE_DFS_DATA . ;              \
             ln -sf ../../run/CLM_EXT_ICE_DRC_DATA . ;              \
             ln -sf ../../run/CLM_KAPPA_DATA . ;                    \
             ln -sf ../../run/CLM_TAU_DATA . ;                      \
             ln -sf ../../run/ozone.formatted . ;                   \
             ln -sf ../../run/ozone_lat.formatted . ;               \
             ln -sf ../../run/ozone_plev.formatted . ;              \
             ln -sf ../../run/aerosol.formatted . ;                 \
             ln -sf ../../run/aerosol_lat.formatted . ;             \
             ln -sf ../../run/aerosol_lon.formatted . ;             \
             ln -sf ../../run/aerosol_plev.formatted . ;            \
             ln -sf ../../run/eclipse_besselian_elements.dat . ;    \
             ln -sf ../../run/capacity.asc . ;                      \
             ln -sf ../../run/coeff_p.asc . ;                       \
             ln -sf ../../run/coeff_q.asc . ;                       \
             ln -sf ../../run/constants.asc . ;                     \
             ln -sf ../../run/masses.asc . ;                        \
             ln -sf ../../run/termvels.asc . ;                      \
             ln -sf ../../run/kernels.asc_s_0_03_0_9 . ;            \
             ln -sf ../../run/kernels_z.asc . ;                     \
             ln -sf ../../run/bulkdens.asc_s_0_03_0_9 . ;           \
             ln -sf ../../run/bulkradii.asc_s_0_03_0_9 . ;          \
             ln -sf ../../run/CCN_ACTIVATE.BIN . ;                  \
             ln -sf ../../run/p3_lookupTable_1.dat-5.3-2momI . ;    \
             ln -sf ../../run/p3_lookupTable_1.dat-3momI_v5.1.7 . ;    \
             ln -sf ../../run/p3_lookupTable_2.dat-2momI_v5.2.3 . ; \
             ln -sf ../../run/HLC.TBL . ;                           \
             ln -sf ../../run/wind-turbine-1.tbl . ;                \
             ln -sf ../../run/ishmael-gamma-tab.bin . ;             \
             ln -sf ../../run/ishmael-qi-qc.bin . ;                 \
             ln -sf ../../run/ishmael-qi-qr.bin . ;                 \
             ln -sf ../../run/BROADBAND_CLOUD_GODDARD.bin . ;       \
             ln -sf ../../run/STOCHPERT.TBL . ;                     \
             if [ 4 -eq 8 ] ; then                       \
                ln -sf ../../run/ETAMPNEW_DATA_DBL ETAMPNEW_DATA ;  \
                ln -sf ../../run/ETAMPNEW_DATA.expanded_rain_DBL ETAMPNEW_DATA.expanded_rain ;   \
                ln -sf ../../run/RRTM_DATA_DBL RRTM_DATA ;          \
                ln -sf ../../run/RRTMG_LW_DATA_DBL RRTMG_LW_DATA ;  \
                ln -sf ../../run/RRTMG_SW_DATA_DBL RRTMG_SW_DATA ;  \
             fi )
( cd test/em_real ; if test -d ../../run/SBM_input_33 ; then				\
             ln -sf ../../run/SBM_input_33 . ;						\
             ln -sf ../../run/scattering_tables_2layer_high_quad_1dT_1%fw_110 . ;	\
             fi )
( cd test/em_real ; /bin/rm -f GENPARM.TBL ; ln -s ../../run/GENPARM.TBL . )
( cd test/em_real ; /bin/rm -f LANDUSE.TBL ; ln -s ../../run/LANDUSE.TBL . )
( cd test/em_real ; /bin/rm -f SOILPARM.TBL ; ln -s ../../run/SOILPARM.TBL . )
( cd test/em_real ; /bin/rm -f URBPARM.TBL ; ln -s ../../run/URBPARM.TBL . )
( cd test/em_real ; /bin/rm -f URBPARM_LCZ.TBL ; ln -s ../../run/URBPARM_LCZ.TBL . )
( cd test/em_real ; /bin/rm -f VEGPARM.TBL ; ln -s ../../run/VEGPARM.TBL . )
( cd test/em_real ; /bin/rm -f MPTABLE.TBL ; ln -s ../../run/MPTABLE.TBL . )
( cd test/em_real ; /bin/rm -f tr49t67 ; ln -s ../../run/tr49t67 . )
( cd test/em_real ; /bin/rm -f tr49t85 ; ln -s ../../run/tr49t85 . )
( cd test/em_real ; /bin/rm -f tr67t85 ; ln -s ../../run/tr67t85 . )
( cd test/em_real ; /bin/rm -f gribmap.txt ; ln -s ../../run/gribmap.txt . )
( cd test/em_real ; /bin/rm -f grib2map.tbl ; ln -s ../../run/grib2map.tbl . )
( cd run ; /bin/rm -f real.exe ; ln -s ../main/real.exe . )
( cd run ; /bin/rm -f tc.exe ; ln -s ../main/tc.exe . )
( cd run ; /bin/rm -f ndown.exe ; ln -s ../main/ndown.exe . )
( cd run ; if test -f namelist.input ; then \
	/bin/cp -f namelist.input namelist.input.backup.`date +%Y-%m-%d_%H_%M_%S` ; fi ; \
	/bin/rm -f namelist.input ; cp ../test/em_real/namelist.input . )
 
==========================================================================
build started:   Fri May 26 15:18:33 PDT 2023
build completed: Fri May 26 16:26:34 PDT 2023
 
--->                  Executables successfully built                  <---
 
-rwxr-xr-x 1 adamwise ucb 54519928 May 26 16:26 main/ndown.exe
-rwxr-xr-x 1 adamwise ucb 54663536 May 26 16:26 main/real.exe
-rwxr-xr-x 1 adamwise ucb 53805912 May 26 16:26 main/tc.exe
-rwxr-xr-x 1 adamwise ucb 60824584 May 26 16:24 main/wrf.exe
 
==========================================================================
 
